FORM 5.0.0-beta.1 (Jan 15 2026, v5.0.0-beta.1-292-g4341c63)  Run: Thu Mar  5 16:57:06 2026
    #-

   d1l177amp =

       + Den(p4,0,M2)*Den(q2 + q3,xiw,M3)^2*Den( - p4 + q2 + q3,xiw,M3)^2 * (
          + 1/4*g_(1,6_,nu14)*FT2(g6)*Vec(nu14,q2)*p4.p4*ufoGC58*ufoGC107*
         ufoGC90*ufoGC56
          - 1/4*g_(1,6_,nu14)*FT2(g6)*Vec(nu14,q2)*Vec(nu13,q2)^2*ufoGC58*
         ufoGC107*ufoGC90*ufoGC56
          - 1/2*g_(1,6_,nu14)*FT2(g6)*Vec(nu14,q2)*Vec(nu13,q2)*Vec(nu13,q3)*
         ufoGC58*ufoGC107*ufoGC90*ufoGC56
          - 1/4*g_(1,6_,nu14)*FT2(g6)*Vec(nu14,q2)*Vec(nu13,q3)^2*ufoGC58*
         ufoGC107*ufoGC90*ufoGC56
          + 1/4*g_(1,6_,nu14)*FT2(g6)*Vec(nu14,q3)*p4.p4*ufoGC58*ufoGC107*
         ufoGC90*ufoGC56
          - 1/4*g_(1,6_,nu14)*FT2(g6)*Vec(nu14,q3)*Vec(nu13,q2)^2*ufoGC58*
         ufoGC107*ufoGC90*ufoGC56
          - 1/2*g_(1,6_,nu14)*FT2(g6)*Vec(nu14,q3)*Vec(nu13,q2)*Vec(nu13,q3)*
         ufoGC58*ufoGC107*ufoGC90*ufoGC56
          - 1/4*g_(1,6_,nu14)*FT2(g6)*Vec(nu14,q3)*Vec(nu13,q3)^2*ufoGC58*
         ufoGC107*ufoGC90*ufoGC56
          )

       + Den(p4,0,M2)*Den(q2 + q3,xiw,M3)^2*Den( - p4 + q2 + q3,xiw,M3) * (
          + 1/4*g_(1,6_,nu13)*FT2(g6)*Vec(nu13,q2)*ufoGC58*ufoGC107*ufoGC90*
         ufoGC56
          + 1/4*g_(1,6_,nu13)*FT2(g6)*Vec(nu13,q3)*ufoGC58*ufoGC107*ufoGC90*
         ufoGC56
          )

       + Den(p4,0,M2)*Den(q2 + q3,xiw,M3)^3*Den( - p4 + q2 + q3,xiw,M3)^2 * (
          - 1/4*g_(1,6_,nu10)*FT2(g6)*Vec(nu10,q2)*Vec(nu14,q2)^2*p4.p4*
         ufoGC58*ufoGC107*ufoGC90*ufoGC56
          + 1/4*g_(1,6_,nu10)*FT2(g6)*Vec(nu10,q2)*Vec(nu14,q2)^2*Vec(nu13,q2)
         ^2*ufoGC58*ufoGC107*ufoGC90*ufoGC56
          + 1/2*g_(1,6_,nu10)*FT2(g6)*Vec(nu10,q2)*Vec(nu14,q2)^2*Vec(nu13,q2)
         *Vec(nu13,q3)*ufoGC58*ufoGC107*ufoGC90*ufoGC56
          + 1/4*g_(1,6_,nu10)*FT2(g6)*Vec(nu10,q2)*Vec(nu14,q2)^2*Vec(nu13,q3)
         ^2*ufoGC58*ufoGC107*ufoGC90*ufoGC56
          - 1/2*g_(1,6_,nu10)*FT2(g6)*Vec(nu10,q2)*Vec(nu14,q2)*Vec(nu14,q3)*
         p4.p4*ufoGC58*ufoGC107*ufoGC90*ufoGC56
          + 1/2*g_(1,6_,nu10)*FT2(g6)*Vec(nu10,q2)*Vec(nu14,q2)*Vec(nu14,q3)*
         Vec(nu13,q2)^2*ufoGC58*ufoGC107*ufoGC90*ufoGC56
          + g_(1,6_,nu10)*FT2(g6)*Vec(nu10,q2)*Vec(nu14,q2)*Vec(nu14,q3)*Vec(
         nu13,q2)*Vec(nu13,q3)*ufoGC58*ufoGC107*ufoGC90*ufoGC56
          + 1/2*g_(1,6_,nu10)*FT2(g6)*Vec(nu10,q2)*Vec(nu14,q2)*Vec(nu14,q3)*
         Vec(nu13,q3)^2*ufoGC58*ufoGC107*ufoGC90*ufoGC56
          - 1/4*g_(1,6_,nu10)*FT2(g6)*Vec(nu10,q2)*Vec(nu14,q3)^2*p4.p4*
         ufoGC58*ufoGC107*ufoGC90*ufoGC56
          + 1/4*g_(1,6_,nu10)*FT2(g6)*Vec(nu10,q2)*Vec(nu14,q3)^2*Vec(nu13,q2)
         ^2*ufoGC58*ufoGC107*ufoGC90*ufoGC56
          + 1/2*g_(1,6_,nu10)*FT2(g6)*Vec(nu10,q2)*Vec(nu14,q3)^2*Vec(nu13,q2)
         *Vec(nu13,q3)*ufoGC58*ufoGC107*ufoGC90*ufoGC56
          + 1/4*g_(1,6_,nu10)*FT2(g6)*Vec(nu10,q2)*Vec(nu14,q3)^2*Vec(nu13,q3)
         ^2*ufoGC58*ufoGC107*ufoGC90*ufoGC56
          - 1/4*g_(1,6_,nu10)*FT2(g6)*Vec(nu10,q3)*Vec(nu14,q2)^2*p4.p4*
         ufoGC58*ufoGC107*ufoGC90*ufoGC56
          + 1/4*g_(1,6_,nu10)*FT2(g6)*Vec(nu10,q3)*Vec(nu14,q2)^2*Vec(nu13,q2)
         ^2*ufoGC58*ufoGC107*ufoGC90*ufoGC56
          + 1/2*g_(1,6_,nu10)*FT2(g6)*Vec(nu10,q3)*Vec(nu14,q2)^2*Vec(nu13,q2)
         *Vec(nu13,q3)*ufoGC58*ufoGC107*ufoGC90*ufoGC56
          + 1/4*g_(1,6_,nu10)*FT2(g6)*Vec(nu10,q3)*Vec(nu14,q2)^2*Vec(nu13,q3)
         ^2*ufoGC58*ufoGC107*ufoGC90*ufoGC56
          - 1/2*g_(1,6_,nu10)*FT2(g6)*Vec(nu10,q3)*Vec(nu14,q2)*Vec(nu14,q3)*
         p4.p4*ufoGC58*ufoGC107*ufoGC90*ufoGC56
          + 1/2*g_(1,6_,nu10)*FT2(g6)*Vec(nu10,q3)*Vec(nu14,q2)*Vec(nu14,q3)*
         Vec(nu13,q2)^2*ufoGC58*ufoGC107*ufoGC90*ufoGC56
          + g_(1,6_,nu10)*FT2(g6)*Vec(nu10,q3)*Vec(nu14,q2)*Vec(nu14,q3)*Vec(
         nu13,q2)*Vec(nu13,q3)*ufoGC58*ufoGC107*ufoGC90*ufoGC56
          + 1/2*g_(1,6_,nu10)*FT2(g6)*Vec(nu10,q3)*Vec(nu14,q2)*Vec(nu14,q3)*
         Vec(nu13,q3)^2*ufoGC58*ufoGC107*ufoGC90*ufoGC56
          - 1/4*g_(1,6_,nu10)*FT2(g6)*Vec(nu10,q3)*Vec(nu14,q3)^2*p4.p4*
         ufoGC58*ufoGC107*ufoGC90*ufoGC56
          + 1/4*g_(1,6_,nu10)*FT2(g6)*Vec(nu10,q3)*Vec(nu14,q3)^2*Vec(nu13,q2)
         ^2*ufoGC58*ufoGC107*ufoGC90*ufoGC56
          + 1/2*g_(1,6_,nu10)*FT2(g6)*Vec(nu10,q3)*Vec(nu14,q3)^2*Vec(nu13,q2)
         *Vec(nu13,q3)*ufoGC58*ufoGC107*ufoGC90*ufoGC56
          + 1/4*g_(1,6_,nu10)*FT2(g6)*Vec(nu10,q3)*Vec(nu14,q3)^2*Vec(nu13,q3)
         ^2*ufoGC58*ufoGC107*ufoGC90*ufoGC56
          )

       + Den(p4,0,M2)*Den(q2 + q3,xiw,M3)^3*Den( - p4 + q2 + q3,xiw,M3) * (
          - 1/4*g_(1,6_,nu10)*FT2(g6)*Vec(nu10,q2)*Vec(nu13,q2)^2*ufoGC58*
         ufoGC107*ufoGC90*ufoGC56
          - 1/2*g_(1,6_,nu10)*FT2(g6)*Vec(nu10,q2)*Vec(nu13,q2)*Vec(nu13,q3)*
         ufoGC58*ufoGC107*ufoGC90*ufoGC56
          - 1/4*g_(1,6_,nu10)*FT2(g6)*Vec(nu10,q2)*Vec(nu13,q3)^2*ufoGC58*
         ufoGC107*ufoGC90*ufoGC56
          - 1/4*g_(1,6_,nu10)*FT2(g6)*Vec(nu10,q3)*Vec(nu13,q2)^2*ufoGC58*
         ufoGC107*ufoGC90*ufoGC56
          - 1/2*g_(1,6_,nu10)*FT2(g6)*Vec(nu10,q3)*Vec(nu13,q2)*Vec(nu13,q3)*
         ufoGC58*ufoGC107*ufoGC90*ufoGC56
          - 1/4*g_(1,6_,nu10)*FT2(g6)*Vec(nu10,q3)*Vec(nu13,q3)^2*ufoGC58*
         ufoGC107*ufoGC90*ufoGC56
          );

  0.00 sec out of 0.00 sec
