FORM 5.0.0-beta.1 (Jan 15 2026, v5.0.0-beta.1-292-g4341c63)  Run: Thu Mar  5 11:47:21 2026
    #-

   d1l184amp =

       + Den(p4,xiw,M3)*Den(xiw,M3)^3 * (
          + 1/4*g_(1,6_,nu10)*FT2(g6)*Vec(nu10,q2)*Vec(nu9,q2)^2*DH( - p4 + q2
          + q3)*ufoGC58*ufoGC107*ufoGC56*ufoGC86
          + 1/2*g_(1,6_,nu10)*FT2(g6)*Vec(nu10,q2)*Vec(nu9,q2)*Vec(nu9,q3)*DH(
          - p4 + q2 + q3)*ufoGC58*ufoGC107*ufoGC56*ufoGC86
          + 1/4*g_(1,6_,nu10)*FT2(g6)*Vec(nu10,q2)*Vec(nu9,q3)^2*DH( - p4 + q2
          + q3)*ufoGC58*ufoGC107*ufoGC56*ufoGC86
          + 1/4*g_(1,6_,nu10)*FT2(g6)*Vec(nu10,q3)*Vec(nu9,q2)^2*DH( - p4 + q2
          + q3)*ufoGC58*ufoGC107*ufoGC56*ufoGC86
          + 1/2*g_(1,6_,nu10)*FT2(g6)*Vec(nu10,q3)*Vec(nu9,q2)*Vec(nu9,q3)*DH(
          - p4 + q2 + q3)*ufoGC58*ufoGC107*ufoGC56*ufoGC86
          + 1/4*g_(1,6_,nu10)*FT2(g6)*Vec(nu10,q3)*Vec(nu9,q3)^2*DH( - p4 + q2
          + q3)*ufoGC58*ufoGC107*ufoGC56*ufoGC86
          )

       + Den(p4,xiw,M3)*Den(xiw,M3)^2 * (
          - 1/4*g_(1,6_,nu9)*FT2(g6)*Vec(nu9,q2)*DH( - p4 + q2 + q3)*ufoGC58*
         ufoGC107*ufoGC56*ufoGC86
          - 1/4*g_(1,6_,nu9)*FT2(g6)*Vec(nu9,q3)*DH( - p4 + q2 + q3)*ufoGC58*
         ufoGC107*ufoGC56*ufoGC86
          );

  0.00 sec out of 0.00 sec
