FORM 5.0.0-beta.1 (Jan 15 2026, v5.0.0-beta.1-292-g4341c63)  Run: Thu Mar  5 16:57:06 2026
    #-

   d1l146amp =

       + Den(p4,xiw,M3)*Den(q2 + q3,xiw,M3)^2*Den( - p4 + q2 + q3,xiz,M4)^2
       * (
          + 1/4*g_(1,6_,nu14)*g_(2,6_,nu11)*Vec(nu11,q2)*Vec(nu14,q2)*
         ufoGC58^2*ufoGC85^2
          + 1/4*g_(1,6_,nu14)*g_(2,6_,nu11)*Vec(nu11,q2)*Vec(nu14,q3)*
         ufoGC58^2*ufoGC85^2
          + 1/4*g_(1,6_,nu14)*g_(2,6_,nu11)*Vec(nu11,q3)*Vec(nu14,q2)*
         ufoGC58^2*ufoGC85^2
          + 1/4*g_(1,6_,nu14)*g_(2,6_,nu11)*Vec(nu11,q3)*Vec(nu14,q3)*
         ufoGC58^2*ufoGC85^2
          + 1/4*g_(1,6_,nu14)*g_(2,6_,nu14)*p4.p4*d^-1*ufoGC58^2*ufoGC85^2
          )

       + Den(p4,xiw,M3)*Den(q2 + q3,xiw,M3)^2*Den( - p4 + q2 + q3,xiz,M4) * (
          - 1/4*g_(1,6_,nu11)*g_(2,6_,nu11)*ufoGC58^2*ufoGC85^2
          )

       + Den(p4,xiw,M3)*Den(q2 + q3,xiw,M3)^3*Den( - p4 + q2 + q3,xiz,M4)^2
       * (
          - 1/4*g_(1,6_,nu10)*g_(2,6_,nu11)*Vec(nu10,q2)*Vec(nu11,q2)*Vec(nu14
         ,q2)^2*ufoGC58^2*ufoGC85^2
          - 1/2*g_(1,6_,nu10)*g_(2,6_,nu11)*Vec(nu10,q2)*Vec(nu11,q2)*Vec(nu14
         ,q2)*Vec(nu14,q3)*ufoGC58^2*ufoGC85^2
          - 1/4*g_(1,6_,nu10)*g_(2,6_,nu11)*Vec(nu10,q2)*Vec(nu11,q2)*Vec(nu14
         ,q3)^2*ufoGC58^2*ufoGC85^2
          - 1/4*g_(1,6_,nu10)*g_(2,6_,nu11)*Vec(nu10,q2)*Vec(nu11,q3)*Vec(nu14
         ,q2)^2*ufoGC58^2*ufoGC85^2
          - 1/2*g_(1,6_,nu10)*g_(2,6_,nu11)*Vec(nu10,q2)*Vec(nu11,q3)*Vec(nu14
         ,q2)*Vec(nu14,q3)*ufoGC58^2*ufoGC85^2
          - 1/4*g_(1,6_,nu10)*g_(2,6_,nu11)*Vec(nu10,q2)*Vec(nu11,q3)*Vec(nu14
         ,q3)^2*ufoGC58^2*ufoGC85^2
          - 1/4*g_(1,6_,nu10)*g_(2,6_,nu11)*Vec(nu10,q3)*Vec(nu11,q2)*Vec(nu14
         ,q2)^2*ufoGC58^2*ufoGC85^2
          - 1/2*g_(1,6_,nu10)*g_(2,6_,nu11)*Vec(nu10,q3)*Vec(nu11,q2)*Vec(nu14
         ,q2)*Vec(nu14,q3)*ufoGC58^2*ufoGC85^2
          - 1/4*g_(1,6_,nu10)*g_(2,6_,nu11)*Vec(nu10,q3)*Vec(nu11,q2)*Vec(nu14
         ,q3)^2*ufoGC58^2*ufoGC85^2
          - 1/4*g_(1,6_,nu10)*g_(2,6_,nu11)*Vec(nu10,q3)*Vec(nu11,q3)*Vec(nu14
         ,q2)^2*ufoGC58^2*ufoGC85^2
          - 1/2*g_(1,6_,nu10)*g_(2,6_,nu11)*Vec(nu10,q3)*Vec(nu11,q3)*Vec(nu14
         ,q2)*Vec(nu14,q3)*ufoGC58^2*ufoGC85^2
          - 1/4*g_(1,6_,nu10)*g_(2,6_,nu11)*Vec(nu10,q3)*Vec(nu11,q3)*Vec(nu14
         ,q3)^2*ufoGC58^2*ufoGC85^2
          - 1/4*g_(1,6_,nu10)*g_(2,6_,nu14)*Vec(nu10,q2)*Vec(nu14,q2)*p4.p4*
         d^-1*ufoGC58^2*ufoGC85^2
          - 1/4*g_(1,6_,nu10)*g_(2,6_,nu14)*Vec(nu10,q2)*Vec(nu14,q3)*p4.p4*
         d^-1*ufoGC58^2*ufoGC85^2
          - 1/4*g_(1,6_,nu10)*g_(2,6_,nu14)*Vec(nu10,q3)*Vec(nu14,q2)*p4.p4*
         d^-1*ufoGC58^2*ufoGC85^2
          - 1/4*g_(1,6_,nu10)*g_(2,6_,nu14)*Vec(nu10,q3)*Vec(nu14,q3)*p4.p4*
         d^-1*ufoGC58^2*ufoGC85^2
          - 1/4*g_(1,6_,nu14)*g_(2,6_,nu11)*Vec(nu11,q2)*Vec(nu13,q2)^2*Vec(
         nu14,q2)*ufoGC58^2*ufoGC85^2
          - 1/4*g_(1,6_,nu14)*g_(2,6_,nu11)*Vec(nu11,q2)*Vec(nu13,q2)^2*Vec(
         nu14,q3)*ufoGC58^2*ufoGC85^2
          - 1/2*g_(1,6_,nu14)*g_(2,6_,nu11)*Vec(nu11,q2)*Vec(nu13,q2)*Vec(nu13
         ,q3)*Vec(nu14,q2)*ufoGC58^2*ufoGC85^2
          - 1/2*g_(1,6_,nu14)*g_(2,6_,nu11)*Vec(nu11,q2)*Vec(nu13,q2)*Vec(nu13
         ,q3)*Vec(nu14,q3)*ufoGC58^2*ufoGC85^2
          - 1/4*g_(1,6_,nu14)*g_(2,6_,nu11)*Vec(nu11,q2)*Vec(nu13,q3)^2*Vec(
         nu14,q2)*ufoGC58^2*ufoGC85^2
          - 1/4*g_(1,6_,nu14)*g_(2,6_,nu11)*Vec(nu11,q2)*Vec(nu13,q3)^2*Vec(
         nu14,q3)*ufoGC58^2*ufoGC85^2
          - 1/4*g_(1,6_,nu14)*g_(2,6_,nu11)*Vec(nu11,q2)*Vec(nu14,q2)*p4.p4*
         d^-1*ufoGC58^2*ufoGC85^2
          - 1/4*g_(1,6_,nu14)*g_(2,6_,nu11)*Vec(nu11,q2)*Vec(nu14,q3)*p4.p4*
         d^-1*ufoGC58^2*ufoGC85^2
          - 1/4*g_(1,6_,nu14)*g_(2,6_,nu11)*Vec(nu11,q3)*Vec(nu13,q2)^2*Vec(
         nu14,q2)*ufoGC58^2*ufoGC85^2
          - 1/4*g_(1,6_,nu14)*g_(2,6_,nu11)*Vec(nu11,q3)*Vec(nu13,q2)^2*Vec(
         nu14,q3)*ufoGC58^2*ufoGC85^2
          - 1/2*g_(1,6_,nu14)*g_(2,6_,nu11)*Vec(nu11,q3)*Vec(nu13,q2)*Vec(nu13
         ,q3)*Vec(nu14,q2)*ufoGC58^2*ufoGC85^2
          - 1/2*g_(1,6_,nu14)*g_(2,6_,nu11)*Vec(nu11,q3)*Vec(nu13,q2)*Vec(nu13
         ,q3)*Vec(nu14,q3)*ufoGC58^2*ufoGC85^2
          - 1/4*g_(1,6_,nu14)*g_(2,6_,nu11)*Vec(nu11,q3)*Vec(nu13,q3)^2*Vec(
         nu14,q2)*ufoGC58^2*ufoGC85^2
          - 1/4*g_(1,6_,nu14)*g_(2,6_,nu11)*Vec(nu11,q3)*Vec(nu13,q3)^2*Vec(
         nu14,q3)*ufoGC58^2*ufoGC85^2
          - 1/4*g_(1,6_,nu14)*g_(2,6_,nu11)*Vec(nu11,q3)*Vec(nu14,q2)*p4.p4*
         d^-1*ufoGC58^2*ufoGC85^2
          - 1/4*g_(1,6_,nu14)*g_(2,6_,nu11)*Vec(nu11,q3)*Vec(nu14,q3)*p4.p4*
         d^-1*ufoGC58^2*ufoGC85^2
          )

       + Den(p4,xiw,M3)*Den(q2 + q3,xiw,M3)^3*Den( - p4 + q2 + q3,xiz,M4) * (
          + 1/4*g_(1,6_,nu10)*g_(2,6_,nu11)*Vec(nu10,q2)*Vec(nu11,q2)*
         ufoGC58^2*ufoGC85^2
          + 1/4*g_(1,6_,nu10)*g_(2,6_,nu11)*Vec(nu10,q2)*Vec(nu11,q3)*
         ufoGC58^2*ufoGC85^2
          + 1/4*g_(1,6_,nu10)*g_(2,6_,nu11)*Vec(nu10,q3)*Vec(nu11,q2)*
         ufoGC58^2*ufoGC85^2
          + 1/4*g_(1,6_,nu10)*g_(2,6_,nu11)*Vec(nu10,q3)*Vec(nu11,q3)*
         ufoGC58^2*ufoGC85^2
          + 1/4*g_(1,6_,nu13)*g_(2,6_,nu11)*Vec(nu11,q2)*Vec(nu13,q2)*
         ufoGC58^2*ufoGC85^2
          + 1/4*g_(1,6_,nu13)*g_(2,6_,nu11)*Vec(nu11,q2)*Vec(nu13,q3)*
         ufoGC58^2*ufoGC85^2
          + 1/4*g_(1,6_,nu13)*g_(2,6_,nu11)*Vec(nu11,q3)*Vec(nu13,q2)*
         ufoGC58^2*ufoGC85^2
          + 1/4*g_(1,6_,nu13)*g_(2,6_,nu11)*Vec(nu11,q3)*Vec(nu13,q3)*
         ufoGC58^2*ufoGC85^2
          )

       + Den(p4,xiw,M3)*Den(q2 + q3,xiw,M3)^4*Den( - p4 + q2 + q3,xiz,M4)^2
       * (
          + 1/4*g_(1,6_,nu10)*g_(2,6_,nu11)*Vec(nu10,q2)*Vec(nu11,q2)*Vec(nu13
         ,q2)^2*Vec(nu14,q2)^2*ufoGC58^2*ufoGC85^2
          + 1/2*g_(1,6_,nu10)*g_(2,6_,nu11)*Vec(nu10,q2)*Vec(nu11,q2)*Vec(nu13
         ,q2)^2*Vec(nu14,q2)*Vec(nu14,q3)*ufoGC58^2*ufoGC85^2
          + 1/4*g_(1,6_,nu10)*g_(2,6_,nu11)*Vec(nu10,q2)*Vec(nu11,q2)*Vec(nu13
         ,q2)^2*Vec(nu14,q3)^2*ufoGC58^2*ufoGC85^2
          + 1/2*g_(1,6_,nu10)*g_(2,6_,nu11)*Vec(nu10,q2)*Vec(nu11,q2)*Vec(nu13
         ,q2)*Vec(nu13,q3)*Vec(nu14,q2)^2*ufoGC58^2*ufoGC85^2
          + g_(1,6_,nu10)*g_(2,6_,nu11)*Vec(nu10,q2)*Vec(nu11,q2)*Vec(nu13,q2)
         *Vec(nu13,q3)*Vec(nu14,q2)*Vec(nu14,q3)*ufoGC58^2*ufoGC85^2
          + 1/2*g_(1,6_,nu10)*g_(2,6_,nu11)*Vec(nu10,q2)*Vec(nu11,q2)*Vec(nu13
         ,q2)*Vec(nu13,q3)*Vec(nu14,q3)^2*ufoGC58^2*ufoGC85^2
          + 1/4*g_(1,6_,nu10)*g_(2,6_,nu11)*Vec(nu10,q2)*Vec(nu11,q2)*Vec(nu13
         ,q3)^2*Vec(nu14,q2)^2*ufoGC58^2*ufoGC85^2
          + 1/2*g_(1,6_,nu10)*g_(2,6_,nu11)*Vec(nu10,q2)*Vec(nu11,q2)*Vec(nu13
         ,q3)^2*Vec(nu14,q2)*Vec(nu14,q3)*ufoGC58^2*ufoGC85^2
          + 1/4*g_(1,6_,nu10)*g_(2,6_,nu11)*Vec(nu10,q2)*Vec(nu11,q2)*Vec(nu13
         ,q3)^2*Vec(nu14,q3)^2*ufoGC58^2*ufoGC85^2
          + 1/4*g_(1,6_,nu10)*g_(2,6_,nu11)*Vec(nu10,q2)*Vec(nu11,q2)*Vec(nu14
         ,q2)^2*p4.p4*d^-1*ufoGC58^2*ufoGC85^2
          + 1/2*g_(1,6_,nu10)*g_(2,6_,nu11)*Vec(nu10,q2)*Vec(nu11,q2)*Vec(nu14
         ,q2)*Vec(nu14,q3)*p4.p4*d^-1*ufoGC58^2*ufoGC85^2
          + 1/4*g_(1,6_,nu10)*g_(2,6_,nu11)*Vec(nu10,q2)*Vec(nu11,q2)*Vec(nu14
         ,q3)^2*p4.p4*d^-1*ufoGC58^2*ufoGC85^2
          + 1/4*g_(1,6_,nu10)*g_(2,6_,nu11)*Vec(nu10,q2)*Vec(nu11,q3)*Vec(nu13
         ,q2)^2*Vec(nu14,q2)^2*ufoGC58^2*ufoGC85^2
          + 1/2*g_(1,6_,nu10)*g_(2,6_,nu11)*Vec(nu10,q2)*Vec(nu11,q3)*Vec(nu13
         ,q2)^2*Vec(nu14,q2)*Vec(nu14,q3)*ufoGC58^2*ufoGC85^2
          + 1/4*g_(1,6_,nu10)*g_(2,6_,nu11)*Vec(nu10,q2)*Vec(nu11,q3)*Vec(nu13
         ,q2)^2*Vec(nu14,q3)^2*ufoGC58^2*ufoGC85^2
          + 1/2*g_(1,6_,nu10)*g_(2,6_,nu11)*Vec(nu10,q2)*Vec(nu11,q3)*Vec(nu13
         ,q2)*Vec(nu13,q3)*Vec(nu14,q2)^2*ufoGC58^2*ufoGC85^2
          + g_(1,6_,nu10)*g_(2,6_,nu11)*Vec(nu10,q2)*Vec(nu11,q3)*Vec(nu13,q2)
         *Vec(nu13,q3)*Vec(nu14,q2)*Vec(nu14,q3)*ufoGC58^2*ufoGC85^2
          + 1/2*g_(1,6_,nu10)*g_(2,6_,nu11)*Vec(nu10,q2)*Vec(nu11,q3)*Vec(nu13
         ,q2)*Vec(nu13,q3)*Vec(nu14,q3)^2*ufoGC58^2*ufoGC85^2
          + 1/4*g_(1,6_,nu10)*g_(2,6_,nu11)*Vec(nu10,q2)*Vec(nu11,q3)*Vec(nu13
         ,q3)^2*Vec(nu14,q2)^2*ufoGC58^2*ufoGC85^2
          + 1/2*g_(1,6_,nu10)*g_(2,6_,nu11)*Vec(nu10,q2)*Vec(nu11,q3)*Vec(nu13
         ,q3)^2*Vec(nu14,q2)*Vec(nu14,q3)*ufoGC58^2*ufoGC85^2
          + 1/4*g_(1,6_,nu10)*g_(2,6_,nu11)*Vec(nu10,q2)*Vec(nu11,q3)*Vec(nu13
         ,q3)^2*Vec(nu14,q3)^2*ufoGC58^2*ufoGC85^2
          + 1/4*g_(1,6_,nu10)*g_(2,6_,nu11)*Vec(nu10,q2)*Vec(nu11,q3)*Vec(nu14
         ,q2)^2*p4.p4*d^-1*ufoGC58^2*ufoGC85^2
          + 1/2*g_(1,6_,nu10)*g_(2,6_,nu11)*Vec(nu10,q2)*Vec(nu11,q3)*Vec(nu14
         ,q2)*Vec(nu14,q3)*p4.p4*d^-1*ufoGC58^2*ufoGC85^2
          + 1/4*g_(1,6_,nu10)*g_(2,6_,nu11)*Vec(nu10,q2)*Vec(nu11,q3)*Vec(nu14
         ,q3)^2*p4.p4*d^-1*ufoGC58^2*ufoGC85^2
          + 1/4*g_(1,6_,nu10)*g_(2,6_,nu11)*Vec(nu10,q3)*Vec(nu11,q2)*Vec(nu13
         ,q2)^2*Vec(nu14,q2)^2*ufoGC58^2*ufoGC85^2
          + 1/2*g_(1,6_,nu10)*g_(2,6_,nu11)*Vec(nu10,q3)*Vec(nu11,q2)*Vec(nu13
         ,q2)^2*Vec(nu14,q2)*Vec(nu14,q3)*ufoGC58^2*ufoGC85^2
          + 1/4*g_(1,6_,nu10)*g_(2,6_,nu11)*Vec(nu10,q3)*Vec(nu11,q2)*Vec(nu13
         ,q2)^2*Vec(nu14,q3)^2*ufoGC58^2*ufoGC85^2
          + 1/2*g_(1,6_,nu10)*g_(2,6_,nu11)*Vec(nu10,q3)*Vec(nu11,q2)*Vec(nu13
         ,q2)*Vec(nu13,q3)*Vec(nu14,q2)^2*ufoGC58^2*ufoGC85^2
          + g_(1,6_,nu10)*g_(2,6_,nu11)*Vec(nu10,q3)*Vec(nu11,q2)*Vec(nu13,q2)
         *Vec(nu13,q3)*Vec(nu14,q2)*Vec(nu14,q3)*ufoGC58^2*ufoGC85^2
          + 1/2*g_(1,6_,nu10)*g_(2,6_,nu11)*Vec(nu10,q3)*Vec(nu11,q2)*Vec(nu13
         ,q2)*Vec(nu13,q3)*Vec(nu14,q3)^2*ufoGC58^2*ufoGC85^2
          + 1/4*g_(1,6_,nu10)*g_(2,6_,nu11)*Vec(nu10,q3)*Vec(nu11,q2)*Vec(nu13
         ,q3)^2*Vec(nu14,q2)^2*ufoGC58^2*ufoGC85^2
          + 1/2*g_(1,6_,nu10)*g_(2,6_,nu11)*Vec(nu10,q3)*Vec(nu11,q2)*Vec(nu13
         ,q3)^2*Vec(nu14,q2)*Vec(nu14,q3)*ufoGC58^2*ufoGC85^2
          + 1/4*g_(1,6_,nu10)*g_(2,6_,nu11)*Vec(nu10,q3)*Vec(nu11,q2)*Vec(nu13
         ,q3)^2*Vec(nu14,q3)^2*ufoGC58^2*ufoGC85^2
          + 1/4*g_(1,6_,nu10)*g_(2,6_,nu11)*Vec(nu10,q3)*Vec(nu11,q2)*Vec(nu14
         ,q2)^2*p4.p4*d^-1*ufoGC58^2*ufoGC85^2
          + 1/2*g_(1,6_,nu10)*g_(2,6_,nu11)*Vec(nu10,q3)*Vec(nu11,q2)*Vec(nu14
         ,q2)*Vec(nu14,q3)*p4.p4*d^-1*ufoGC58^2*ufoGC85^2
          + 1/4*g_(1,6_,nu10)*g_(2,6_,nu11)*Vec(nu10,q3)*Vec(nu11,q2)*Vec(nu14
         ,q3)^2*p4.p4*d^-1*ufoGC58^2*ufoGC85^2
          + 1/4*g_(1,6_,nu10)*g_(2,6_,nu11)*Vec(nu10,q3)*Vec(nu11,q3)*Vec(nu13
         ,q2)^2*Vec(nu14,q2)^2*ufoGC58^2*ufoGC85^2
          + 1/2*g_(1,6_,nu10)*g_(2,6_,nu11)*Vec(nu10,q3)*Vec(nu11,q3)*Vec(nu13
         ,q2)^2*Vec(nu14,q2)*Vec(nu14,q3)*ufoGC58^2*ufoGC85^2
          + 1/4*g_(1,6_,nu10)*g_(2,6_,nu11)*Vec(nu10,q3)*Vec(nu11,q3)*Vec(nu13
         ,q2)^2*Vec(nu14,q3)^2*ufoGC58^2*ufoGC85^2
          + 1/2*g_(1,6_,nu10)*g_(2,6_,nu11)*Vec(nu10,q3)*Vec(nu11,q3)*Vec(nu13
         ,q2)*Vec(nu13,q3)*Vec(nu14,q2)^2*ufoGC58^2*ufoGC85^2
          + g_(1,6_,nu10)*g_(2,6_,nu11)*Vec(nu10,q3)*Vec(nu11,q3)*Vec(nu13,q2)
         *Vec(nu13,q3)*Vec(nu14,q2)*Vec(nu14,q3)*ufoGC58^2*ufoGC85^2
          + 1/2*g_(1,6_,nu10)*g_(2,6_,nu11)*Vec(nu10,q3)*Vec(nu11,q3)*Vec(nu13
         ,q2)*Vec(nu13,q3)*Vec(nu14,q3)^2*ufoGC58^2*ufoGC85^2
          + 1/4*g_(1,6_,nu10)*g_(2,6_,nu11)*Vec(nu10,q3)*Vec(nu11,q3)*Vec(nu13
         ,q3)^2*Vec(nu14,q2)^2*ufoGC58^2*ufoGC85^2
          + 1/2*g_(1,6_,nu10)*g_(2,6_,nu11)*Vec(nu10,q3)*Vec(nu11,q3)*Vec(nu13
         ,q3)^2*Vec(nu14,q2)*Vec(nu14,q3)*ufoGC58^2*ufoGC85^2
          + 1/4*g_(1,6_,nu10)*g_(2,6_,nu11)*Vec(nu10,q3)*Vec(nu11,q3)*Vec(nu13
         ,q3)^2*Vec(nu14,q3)^2*ufoGC58^2*ufoGC85^2
          + 1/4*g_(1,6_,nu10)*g_(2,6_,nu11)*Vec(nu10,q3)*Vec(nu11,q3)*Vec(nu14
         ,q2)^2*p4.p4*d^-1*ufoGC58^2*ufoGC85^2
          + 1/2*g_(1,6_,nu10)*g_(2,6_,nu11)*Vec(nu10,q3)*Vec(nu11,q3)*Vec(nu14
         ,q2)*Vec(nu14,q3)*p4.p4*d^-1*ufoGC58^2*ufoGC85^2
          + 1/4*g_(1,6_,nu10)*g_(2,6_,nu11)*Vec(nu10,q3)*Vec(nu11,q3)*Vec(nu14
         ,q3)^2*p4.p4*d^-1*ufoGC58^2*ufoGC85^2
          )

       + Den(p4,xiw,M3)*Den(q2 + q3,xiw,M3)^4*Den( - p4 + q2 + q3,xiz,M4) * (
          - 1/4*g_(1,6_,nu10)*g_(2,6_,nu11)*Vec(nu10,q2)*Vec(nu11,q2)*Vec(nu14
         ,q2)^2*ufoGC58^2*ufoGC85^2
          - 1/2*g_(1,6_,nu10)*g_(2,6_,nu11)*Vec(nu10,q2)*Vec(nu11,q2)*Vec(nu14
         ,q2)*Vec(nu14,q3)*ufoGC58^2*ufoGC85^2
          - 1/4*g_(1,6_,nu10)*g_(2,6_,nu11)*Vec(nu10,q2)*Vec(nu11,q2)*Vec(nu14
         ,q3)^2*ufoGC58^2*ufoGC85^2
          - 1/4*g_(1,6_,nu10)*g_(2,6_,nu11)*Vec(nu10,q2)*Vec(nu11,q3)*Vec(nu14
         ,q2)^2*ufoGC58^2*ufoGC85^2
          - 1/2*g_(1,6_,nu10)*g_(2,6_,nu11)*Vec(nu10,q2)*Vec(nu11,q3)*Vec(nu14
         ,q2)*Vec(nu14,q3)*ufoGC58^2*ufoGC85^2
          - 1/4*g_(1,6_,nu10)*g_(2,6_,nu11)*Vec(nu10,q2)*Vec(nu11,q3)*Vec(nu14
         ,q3)^2*ufoGC58^2*ufoGC85^2
          - 1/4*g_(1,6_,nu10)*g_(2,6_,nu11)*Vec(nu10,q3)*Vec(nu11,q2)*Vec(nu14
         ,q2)^2*ufoGC58^2*ufoGC85^2
          - 1/2*g_(1,6_,nu10)*g_(2,6_,nu11)*Vec(nu10,q3)*Vec(nu11,q2)*Vec(nu14
         ,q2)*Vec(nu14,q3)*ufoGC58^2*ufoGC85^2
          - 1/4*g_(1,6_,nu10)*g_(2,6_,nu11)*Vec(nu10,q3)*Vec(nu11,q2)*Vec(nu14
         ,q3)^2*ufoGC58^2*ufoGC85^2
          - 1/4*g_(1,6_,nu10)*g_(2,6_,nu11)*Vec(nu10,q3)*Vec(nu11,q3)*Vec(nu14
         ,q2)^2*ufoGC58^2*ufoGC85^2
          - 1/2*g_(1,6_,nu10)*g_(2,6_,nu11)*Vec(nu10,q3)*Vec(nu11,q3)*Vec(nu14
         ,q2)*Vec(nu14,q3)*ufoGC58^2*ufoGC85^2
          - 1/4*g_(1,6_,nu10)*g_(2,6_,nu11)*Vec(nu10,q3)*Vec(nu11,q3)*Vec(nu14
         ,q3)^2*ufoGC58^2*ufoGC85^2
          );

  0.00 sec out of 0.00 sec
