FORM 5.0.0-beta.1 (Jan 15 2026, v5.0.0-beta.1-292-g4341c63)  Run: Fri Feb 27 12:21:32 2026
    #-

   d1l169amp =
       + 1/4*g_(1,6_,nu10)*FT2(g6)*Vec(nu10,q2)*Vec(nu9,q2)^2*Vec(nu13,q2)*
      Vecr(nu13,p4)*Den( - p4 + q2 + q3)^2*Deng(p4,xiw,0)*Deng(q2 + q3,xiw,0)*
      Deng(q2 + q3,xiw,M3)^2*xia*ufoGC58*ufoGC107*ufoGC93*ufoGC3
       - 1/4*g_(1,6_,nu10)*FT2(g6)*Vec(nu10,q2)*Vec(nu9,q2)^2*Vec(nu13,q2)*
      Vecr(nu13,p4)*Den( - p4 + q2 + q3)^2*Deng(p4,xiw,0)*Deng(q2 + q3,xiw,0)*
      Deng(q2 + q3,xiw,M3)^2*ufoGC58*ufoGC107*ufoGC93*ufoGC3
       + 1/4*g_(1,6_,nu10)*FT2(g6)*Vec(nu10,q2)*Vec(nu9,q2)^2*Vec(nu13,q3)*
      Vecr(nu13,p4)*Den( - p4 + q2 + q3)^2*Deng(p4,xiw,0)*Deng(q2 + q3,xiw,0)*
      Deng(q2 + q3,xiw,M3)^2*xia*ufoGC58*ufoGC107*ufoGC93*ufoGC3
       - 1/4*g_(1,6_,nu10)*FT2(g6)*Vec(nu10,q2)*Vec(nu9,q2)^2*Vec(nu13,q3)*
      Vecr(nu13,p4)*Den( - p4 + q2 + q3)^2*Deng(p4,xiw,0)*Deng(q2 + q3,xiw,0)*
      Deng(q2 + q3,xiw,M3)^2*ufoGC58*ufoGC107*ufoGC93*ufoGC3
       - 1/4*g_(1,6_,nu10)*FT2(g6)*Vec(nu10,q2)*Vec(nu9,q2)^2*Vec(nu13,-p4)*
      Vec(nu13,-q2)*Den( - p4 + q2 + q3)^2*Deng(p4,xiw,0)*Deng(q2 + q3,xiw,0)*
      Deng(q2 + q3,xiw,M3)^2*xia*ufoGC58*ufoGC107*ufoGC93*ufoGC3
       + 1/4*g_(1,6_,nu10)*FT2(g6)*Vec(nu10,q2)*Vec(nu9,q2)^2*Vec(nu13,-p4)*
      Vec(nu13,-q2)*Den( - p4 + q2 + q3)^2*Deng(p4,xiw,0)*Deng(q2 + q3,xiw,0)*
      Deng(q2 + q3,xiw,M3)^2*ufoGC58*ufoGC107*ufoGC93*ufoGC3
       - 1/4*g_(1,6_,nu10)*FT2(g6)*Vec(nu10,q2)*Vec(nu9,q2)^2*Vec(nu13,-p4)*
      Vec(nu13,-q3)*Den( - p4 + q2 + q3)^2*Deng(p4,xiw,0)*Deng(q2 + q3,xiw,0)*
      Deng(q2 + q3,xiw,M3)^2*xia*ufoGC58*ufoGC107*ufoGC93*ufoGC3
       + 1/4*g_(1,6_,nu10)*FT2(g6)*Vec(nu10,q2)*Vec(nu9,q2)^2*Vec(nu13,-p4)*
      Vec(nu13,-q3)*Den( - p4 + q2 + q3)^2*Deng(p4,xiw,0)*Deng(q2 + q3,xiw,0)*
      Deng(q2 + q3,xiw,M3)^2*ufoGC58*ufoGC107*ufoGC93*ufoGC3
       + 1/4*g_(1,6_,nu10)*FT2(g6)*Vec(nu10,q2)*Vec(nu9,q2)^2*Vec(nu13,-p4)*
      Vecr(nu13,p4)*Den( - p4 + q2 + q3)^2*Deng(p4,xiw,0)*Deng(q2 + q3,xiw,0)*
      Deng(q2 + q3,xiw,M3)^2*xia*ufoGC58*ufoGC107*ufoGC93*ufoGC3
       - 1/4*g_(1,6_,nu10)*FT2(g6)*Vec(nu10,q2)*Vec(nu9,q2)^2*Vec(nu13,-p4)*
      Vecr(nu13,p4)*Den( - p4 + q2 + q3)^2*Deng(p4,xiw,0)*Deng(q2 + q3,xiw,0)*
      Deng(q2 + q3,xiw,M3)^2*ufoGC58*ufoGC107*ufoGC93*ufoGC3
       - 1/4*g_(1,6_,nu10)*FT2(g6)*Vec(nu10,q2)*Vec(nu9,q2)^2*Vec(nu13,-q2)*
      Vec(nu13,q2)*Den( - p4 + q2 + q3)^2*Deng(p4,xiw,0)*Deng(q2 + q3,xiw,0)*
      Deng(q2 + q3,xiw,M3)^2*xia*ufoGC58*ufoGC107*ufoGC93*ufoGC3
       + 1/4*g_(1,6_,nu10)*FT2(g6)*Vec(nu10,q2)*Vec(nu9,q2)^2*Vec(nu13,-q2)*
      Vec(nu13,q2)*Den( - p4 + q2 + q3)^2*Deng(p4,xiw,0)*Deng(q2 + q3,xiw,0)*
      Deng(q2 + q3,xiw,M3)^2*ufoGC58*ufoGC107*ufoGC93*ufoGC3
       - 1/4*g_(1,6_,nu10)*FT2(g6)*Vec(nu10,q2)*Vec(nu9,q2)^2*Vec(nu13,-q2)*
      Vec(nu13,q3)*Den( - p4 + q2 + q3)^2*Deng(p4,xiw,0)*Deng(q2 + q3,xiw,0)*
      Deng(q2 + q3,xiw,M3)^2*xia*ufoGC58*ufoGC107*ufoGC93*ufoGC3
       + 1/4*g_(1,6_,nu10)*FT2(g6)*Vec(nu10,q2)*Vec(nu9,q2)^2*Vec(nu13,-q2)*
      Vec(nu13,q3)*Den( - p4 + q2 + q3)^2*Deng(p4,xiw,0)*Deng(q2 + q3,xiw,0)*
      Deng(q2 + q3,xiw,M3)^2*ufoGC58*ufoGC107*ufoGC93*ufoGC3
       - 1/4*g_(1,6_,nu10)*FT2(g6)*Vec(nu10,q2)*Vec(nu9,q2)^2*Vec(nu13,-q3)*
      Vec(nu13,q2)*Den( - p4 + q2 + q3)^2*Deng(p4,xiw,0)*Deng(q2 + q3,xiw,0)*
      Deng(q2 + q3,xiw,M3)^2*xia*ufoGC58*ufoGC107*ufoGC93*ufoGC3
       + 1/4*g_(1,6_,nu10)*FT2(g6)*Vec(nu10,q2)*Vec(nu9,q2)^2*Vec(nu13,-q3)*
      Vec(nu13,q2)*Den( - p4 + q2 + q3)^2*Deng(p4,xiw,0)*Deng(q2 + q3,xiw,0)*
      Deng(q2 + q3,xiw,M3)^2*ufoGC58*ufoGC107*ufoGC93*ufoGC3
       - 1/4*g_(1,6_,nu10)*FT2(g6)*Vec(nu10,q2)*Vec(nu9,q2)^2*Vec(nu13,-q3)*
      Vec(nu13,q3)*Den( - p4 + q2 + q3)^2*Deng(p4,xiw,0)*Deng(q2 + q3,xiw,0)*
      Deng(q2 + q3,xiw,M3)^2*xia*ufoGC58*ufoGC107*ufoGC93*ufoGC3
       + 1/4*g_(1,6_,nu10)*FT2(g6)*Vec(nu10,q2)*Vec(nu9,q2)^2*Vec(nu13,-q3)*
      Vec(nu13,q3)*Den( - p4 + q2 + q3)^2*Deng(p4,xiw,0)*Deng(q2 + q3,xiw,0)*
      Deng(q2 + q3,xiw,M3)^2*ufoGC58*ufoGC107*ufoGC93*ufoGC3
       + 1/2*g_(1,6_,nu10)*FT2(g6)*Vec(nu10,q2)*Vec(nu9,q2)*Vec(nu9,q3)*Vec(
      nu13,q2)*Vecr(nu13,p4)*Den( - p4 + q2 + q3)^2*Deng(p4,xiw,0)*Deng(q2 + 
      q3,xiw,0)*Deng(q2 + q3,xiw,M3)^2*xia*ufoGC58*ufoGC107*ufoGC93*ufoGC3
       - 1/2*g_(1,6_,nu10)*FT2(g6)*Vec(nu10,q2)*Vec(nu9,q2)*Vec(nu9,q3)*Vec(
      nu13,q2)*Vecr(nu13,p4)*Den( - p4 + q2 + q3)^2*Deng(p4,xiw,0)*Deng(q2 + 
      q3,xiw,0)*Deng(q2 + q3,xiw,M3)^2*ufoGC58*ufoGC107*ufoGC93*ufoGC3
       + 1/2*g_(1,6_,nu10)*FT2(g6)*Vec(nu10,q2)*Vec(nu9,q2)*Vec(nu9,q3)*Vec(
      nu13,q3)*Vecr(nu13,p4)*Den( - p4 + q2 + q3)^2*Deng(p4,xiw,0)*Deng(q2 + 
      q3,xiw,0)*Deng(q2 + q3,xiw,M3)^2*xia*ufoGC58*ufoGC107*ufoGC93*ufoGC3
       - 1/2*g_(1,6_,nu10)*FT2(g6)*Vec(nu10,q2)*Vec(nu9,q2)*Vec(nu9,q3)*Vec(
      nu13,q3)*Vecr(nu13,p4)*Den( - p4 + q2 + q3)^2*Deng(p4,xiw,0)*Deng(q2 + 
      q3,xiw,0)*Deng(q2 + q3,xiw,M3)^2*ufoGC58*ufoGC107*ufoGC93*ufoGC3
       - 1/2*g_(1,6_,nu10)*FT2(g6)*Vec(nu10,q2)*Vec(nu9,q2)*Vec(nu9,q3)*Vec(
      nu13,-p4)*Vec(nu13,-q2)*Den( - p4 + q2 + q3)^2*Deng(p4,xiw,0)*Deng(q2 + 
      q3,xiw,0)*Deng(q2 + q3,xiw,M3)^2*xia*ufoGC58*ufoGC107*ufoGC93*ufoGC3
       + 1/2*g_(1,6_,nu10)*FT2(g6)*Vec(nu10,q2)*Vec(nu9,q2)*Vec(nu9,q3)*Vec(
      nu13,-p4)*Vec(nu13,-q2)*Den( - p4 + q2 + q3)^2*Deng(p4,xiw,0)*Deng(q2 + 
      q3,xiw,0)*Deng(q2 + q3,xiw,M3)^2*ufoGC58*ufoGC107*ufoGC93*ufoGC3
       - 1/2*g_(1,6_,nu10)*FT2(g6)*Vec(nu10,q2)*Vec(nu9,q2)*Vec(nu9,q3)*Vec(
      nu13,-p4)*Vec(nu13,-q3)*Den( - p4 + q2 + q3)^2*Deng(p4,xiw,0)*Deng(q2 + 
      q3,xiw,0)*Deng(q2 + q3,xiw,M3)^2*xia*ufoGC58*ufoGC107*ufoGC93*ufoGC3
       + 1/2*g_(1,6_,nu10)*FT2(g6)*Vec(nu10,q2)*Vec(nu9,q2)*Vec(nu9,q3)*Vec(
      nu13,-p4)*Vec(nu13,-q3)*Den( - p4 + q2 + q3)^2*Deng(p4,xiw,0)*Deng(q2 + 
      q3,xiw,0)*Deng(q2 + q3,xiw,M3)^2*ufoGC58*ufoGC107*ufoGC93*ufoGC3
       + 1/2*g_(1,6_,nu10)*FT2(g6)*Vec(nu10,q2)*Vec(nu9,q2)*Vec(nu9,q3)*Vec(
      nu13,-p4)*Vecr(nu13,p4)*Den( - p4 + q2 + q3)^2*Deng(p4,xiw,0)*Deng(q2 + 
      q3,xiw,0)*Deng(q2 + q3,xiw,M3)^2*xia*ufoGC58*ufoGC107*ufoGC93*ufoGC3
       - 1/2*g_(1,6_,nu10)*FT2(g6)*Vec(nu10,q2)*Vec(nu9,q2)*Vec(nu9,q3)*Vec(
      nu13,-p4)*Vecr(nu13,p4)*Den( - p4 + q2 + q3)^2*Deng(p4,xiw,0)*Deng(q2 + 
      q3,xiw,0)*Deng(q2 + q3,xiw,M3)^2*ufoGC58*ufoGC107*ufoGC93*ufoGC3
       - 1/2*g_(1,6_,nu10)*FT2(g6)*Vec(nu10,q2)*Vec(nu9,q2)*Vec(nu9,q3)*Vec(
      nu13,-q2)*Vec(nu13,q2)*Den( - p4 + q2 + q3)^2*Deng(p4,xiw,0)*Deng(q2 + 
      q3,xiw,0)*Deng(q2 + q3,xiw,M3)^2*xia*ufoGC58*ufoGC107*ufoGC93*ufoGC3
       + 1/2*g_(1,6_,nu10)*FT2(g6)*Vec(nu10,q2)*Vec(nu9,q2)*Vec(nu9,q3)*Vec(
      nu13,-q2)*Vec(nu13,q2)*Den( - p4 + q2 + q3)^2*Deng(p4,xiw,0)*Deng(q2 + 
      q3,xiw,0)*Deng(q2 + q3,xiw,M3)^2*ufoGC58*ufoGC107*ufoGC93*ufoGC3
       - 1/2*g_(1,6_,nu10)*FT2(g6)*Vec(nu10,q2)*Vec(nu9,q2)*Vec(nu9,q3)*Vec(
      nu13,-q2)*Vec(nu13,q3)*Den( - p4 + q2 + q3)^2*Deng(p4,xiw,0)*Deng(q2 + 
      q3,xiw,0)*Deng(q2 + q3,xiw,M3)^2*xia*ufoGC58*ufoGC107*ufoGC93*ufoGC3
       + 1/2*g_(1,6_,nu10)*FT2(g6)*Vec(nu10,q2)*Vec(nu9,q2)*Vec(nu9,q3)*Vec(
      nu13,-q2)*Vec(nu13,q3)*Den( - p4 + q2 + q3)^2*Deng(p4,xiw,0)*Deng(q2 + 
      q3,xiw,0)*Deng(q2 + q3,xiw,M3)^2*ufoGC58*ufoGC107*ufoGC93*ufoGC3
       - 1/2*g_(1,6_,nu10)*FT2(g6)*Vec(nu10,q2)*Vec(nu9,q2)*Vec(nu9,q3)*Vec(
      nu13,-q3)*Vec(nu13,q2)*Den( - p4 + q2 + q3)^2*Deng(p4,xiw,0)*Deng(q2 + 
      q3,xiw,0)*Deng(q2 + q3,xiw,M3)^2*xia*ufoGC58*ufoGC107*ufoGC93*ufoGC3
       + 1/2*g_(1,6_,nu10)*FT2(g6)*Vec(nu10,q2)*Vec(nu9,q2)*Vec(nu9,q3)*Vec(
      nu13,-q3)*Vec(nu13,q2)*Den( - p4 + q2 + q3)^2*Deng(p4,xiw,0)*Deng(q2 + 
      q3,xiw,0)*Deng(q2 + q3,xiw,M3)^2*ufoGC58*ufoGC107*ufoGC93*ufoGC3
       - 1/2*g_(1,6_,nu10)*FT2(g6)*Vec(nu10,q2)*Vec(nu9,q2)*Vec(nu9,q3)*Vec(
      nu13,-q3)*Vec(nu13,q3)*Den( - p4 + q2 + q3)^2*Deng(p4,xiw,0)*Deng(q2 + 
      q3,xiw,0)*Deng(q2 + q3,xiw,M3)^2*xia*ufoGC58*ufoGC107*ufoGC93*ufoGC3
       + 1/2*g_(1,6_,nu10)*FT2(g6)*Vec(nu10,q2)*Vec(nu9,q2)*Vec(nu9,q3)*Vec(
      nu13,-q3)*Vec(nu13,q3)*Den( - p4 + q2 + q3)^2*Deng(p4,xiw,0)*Deng(q2 + 
      q3,xiw,0)*Deng(q2 + q3,xiw,M3)^2*ufoGC58*ufoGC107*ufoGC93*ufoGC3
       + 1/4*g_(1,6_,nu10)*FT2(g6)*Vec(nu10,q2)*Vec(nu9,q3)^2*Vec(nu13,q2)*
      Vecr(nu13,p4)*Den( - p4 + q2 + q3)^2*Deng(p4,xiw,0)*Deng(q2 + q3,xiw,0)*
      Deng(q2 + q3,xiw,M3)^2*xia*ufoGC58*ufoGC107*ufoGC93*ufoGC3
       - 1/4*g_(1,6_,nu10)*FT2(g6)*Vec(nu10,q2)*Vec(nu9,q3)^2*Vec(nu13,q2)*
      Vecr(nu13,p4)*Den( - p4 + q2 + q3)^2*Deng(p4,xiw,0)*Deng(q2 + q3,xiw,0)*
      Deng(q2 + q3,xiw,M3)^2*ufoGC58*ufoGC107*ufoGC93*ufoGC3
       + 1/4*g_(1,6_,nu10)*FT2(g6)*Vec(nu10,q2)*Vec(nu9,q3)^2*Vec(nu13,q3)*
      Vecr(nu13,p4)*Den( - p4 + q2 + q3)^2*Deng(p4,xiw,0)*Deng(q2 + q3,xiw,0)*
      Deng(q2 + q3,xiw,M3)^2*xia*ufoGC58*ufoGC107*ufoGC93*ufoGC3
       - 1/4*g_(1,6_,nu10)*FT2(g6)*Vec(nu10,q2)*Vec(nu9,q3)^2*Vec(nu13,q3)*
      Vecr(nu13,p4)*Den( - p4 + q2 + q3)^2*Deng(p4,xiw,0)*Deng(q2 + q3,xiw,0)*
      Deng(q2 + q3,xiw,M3)^2*ufoGC58*ufoGC107*ufoGC93*ufoGC3
       - 1/4*g_(1,6_,nu10)*FT2(g6)*Vec(nu10,q2)*Vec(nu9,q3)^2*Vec(nu13,-p4)*
      Vec(nu13,-q2)*Den( - p4 + q2 + q3)^2*Deng(p4,xiw,0)*Deng(q2 + q3,xiw,0)*
      Deng(q2 + q3,xiw,M3)^2*xia*ufoGC58*ufoGC107*ufoGC93*ufoGC3
       + 1/4*g_(1,6_,nu10)*FT2(g6)*Vec(nu10,q2)*Vec(nu9,q3)^2*Vec(nu13,-p4)*
      Vec(nu13,-q2)*Den( - p4 + q2 + q3)^2*Deng(p4,xiw,0)*Deng(q2 + q3,xiw,0)*
      Deng(q2 + q3,xiw,M3)^2*ufoGC58*ufoGC107*ufoGC93*ufoGC3
       - 1/4*g_(1,6_,nu10)*FT2(g6)*Vec(nu10,q2)*Vec(nu9,q3)^2*Vec(nu13,-p4)*
      Vec(nu13,-q3)*Den( - p4 + q2 + q3)^2*Deng(p4,xiw,0)*Deng(q2 + q3,xiw,0)*
      Deng(q2 + q3,xiw,M3)^2*xia*ufoGC58*ufoGC107*ufoGC93*ufoGC3
       + 1/4*g_(1,6_,nu10)*FT2(g6)*Vec(nu10,q2)*Vec(nu9,q3)^2*Vec(nu13,-p4)*
      Vec(nu13,-q3)*Den( - p4 + q2 + q3)^2*Deng(p4,xiw,0)*Deng(q2 + q3,xiw,0)*
      Deng(q2 + q3,xiw,M3)^2*ufoGC58*ufoGC107*ufoGC93*ufoGC3
       + 1/4*g_(1,6_,nu10)*FT2(g6)*Vec(nu10,q2)*Vec(nu9,q3)^2*Vec(nu13,-p4)*
      Vecr(nu13,p4)*Den( - p4 + q2 + q3)^2*Deng(p4,xiw,0)*Deng(q2 + q3,xiw,0)*
      Deng(q2 + q3,xiw,M3)^2*xia*ufoGC58*ufoGC107*ufoGC93*ufoGC3
       - 1/4*g_(1,6_,nu10)*FT2(g6)*Vec(nu10,q2)*Vec(nu9,q3)^2*Vec(nu13,-p4)*
      Vecr(nu13,p4)*Den( - p4 + q2 + q3)^2*Deng(p4,xiw,0)*Deng(q2 + q3,xiw,0)*
      Deng(q2 + q3,xiw,M3)^2*ufoGC58*ufoGC107*ufoGC93*ufoGC3
       - 1/4*g_(1,6_,nu10)*FT2(g6)*Vec(nu10,q2)*Vec(nu9,q3)^2*Vec(nu13,-q2)*
      Vec(nu13,q2)*Den( - p4 + q2 + q3)^2*Deng(p4,xiw,0)*Deng(q2 + q3,xiw,0)*
      Deng(q2 + q3,xiw,M3)^2*xia*ufoGC58*ufoGC107*ufoGC93*ufoGC3
       + 1/4*g_(1,6_,nu10)*FT2(g6)*Vec(nu10,q2)*Vec(nu9,q3)^2*Vec(nu13,-q2)*
      Vec(nu13,q2)*Den( - p4 + q2 + q3)^2*Deng(p4,xiw,0)*Deng(q2 + q3,xiw,0)*
      Deng(q2 + q3,xiw,M3)^2*ufoGC58*ufoGC107*ufoGC93*ufoGC3
       - 1/4*g_(1,6_,nu10)*FT2(g6)*Vec(nu10,q2)*Vec(nu9,q3)^2*Vec(nu13,-q2)*
      Vec(nu13,q3)*Den( - p4 + q2 + q3)^2*Deng(p4,xiw,0)*Deng(q2 + q3,xiw,0)*
      Deng(q2 + q3,xiw,M3)^2*xia*ufoGC58*ufoGC107*ufoGC93*ufoGC3
       + 1/4*g_(1,6_,nu10)*FT2(g6)*Vec(nu10,q2)*Vec(nu9,q3)^2*Vec(nu13,-q2)*
      Vec(nu13,q3)*Den( - p4 + q2 + q3)^2*Deng(p4,xiw,0)*Deng(q2 + q3,xiw,0)*
      Deng(q2 + q3,xiw,M3)^2*ufoGC58*ufoGC107*ufoGC93*ufoGC3
       - 1/4*g_(1,6_,nu10)*FT2(g6)*Vec(nu10,q2)*Vec(nu9,q3)^2*Vec(nu13,-q3)*
      Vec(nu13,q2)*Den( - p4 + q2 + q3)^2*Deng(p4,xiw,0)*Deng(q2 + q3,xiw,0)*
      Deng(q2 + q3,xiw,M3)^2*xia*ufoGC58*ufoGC107*ufoGC93*ufoGC3
       + 1/4*g_(1,6_,nu10)*FT2(g6)*Vec(nu10,q2)*Vec(nu9,q3)^2*Vec(nu13,-q3)*
      Vec(nu13,q2)*Den( - p4 + q2 + q3)^2*Deng(p4,xiw,0)*Deng(q2 + q3,xiw,0)*
      Deng(q2 + q3,xiw,M3)^2*ufoGC58*ufoGC107*ufoGC93*ufoGC3
       - 1/4*g_(1,6_,nu10)*FT2(g6)*Vec(nu10,q2)*Vec(nu9,q3)^2*Vec(nu13,-q3)*
      Vec(nu13,q3)*Den( - p4 + q2 + q3)^2*Deng(p4,xiw,0)*Deng(q2 + q3,xiw,0)*
      Deng(q2 + q3,xiw,M3)^2*xia*ufoGC58*ufoGC107*ufoGC93*ufoGC3
       + 1/4*g_(1,6_,nu10)*FT2(g6)*Vec(nu10,q2)*Vec(nu9,q3)^2*Vec(nu13,-q3)*
      Vec(nu13,q3)*Den( - p4 + q2 + q3)^2*Deng(p4,xiw,0)*Deng(q2 + q3,xiw,0)*
      Deng(q2 + q3,xiw,M3)^2*ufoGC58*ufoGC107*ufoGC93*ufoGC3
       + 1/4*g_(1,6_,nu10)*FT2(g6)*Vec(nu10,q2)*Vec(nu9,-p4)*Vec(nu9,q2)*Vec(
      nu13,q2)*Vecr(nu13,p4)*Den( - p4 + q2 + q3)^2*Deng(p4,xiw,0)*Deng(q2 + 
      q3,xiw,0)*Deng(q2 + q3,xiw,M3)^2*xia*ufoGC58*ufoGC107*ufoGC93*ufoGC3
       - 1/4*g_(1,6_,nu10)*FT2(g6)*Vec(nu10,q2)*Vec(nu9,-p4)*Vec(nu9,q2)*Vec(
      nu13,q2)*Vecr(nu13,p4)*Den( - p4 + q2 + q3)^2*Deng(p4,xiw,0)*Deng(q2 + 
      q3,xiw,0)*Deng(q2 + q3,xiw,M3)^2*ufoGC58*ufoGC107*ufoGC93*ufoGC3
       + 1/4*g_(1,6_,nu10)*FT2(g6)*Vec(nu10,q2)*Vec(nu9,-p4)*Vec(nu9,q2)*Vec(
      nu13,q3)*Vecr(nu13,p4)*Den( - p4 + q2 + q3)^2*Deng(p4,xiw,0)*Deng(q2 + 
      q3,xiw,0)*Deng(q2 + q3,xiw,M3)^2*xia*ufoGC58*ufoGC107*ufoGC93*ufoGC3
       - 1/4*g_(1,6_,nu10)*FT2(g6)*Vec(nu10,q2)*Vec(nu9,-p4)*Vec(nu9,q2)*Vec(
      nu13,q3)*Vecr(nu13,p4)*Den( - p4 + q2 + q3)^2*Deng(p4,xiw,0)*Deng(q2 + 
      q3,xiw,0)*Deng(q2 + q3,xiw,M3)^2*ufoGC58*ufoGC107*ufoGC93*ufoGC3
       - 1/4*g_(1,6_,nu10)*FT2(g6)*Vec(nu10,q2)*Vec(nu9,-p4)*Vec(nu9,q2)*Vec(
      nu13,-p4)*Vec(nu13,-q2)*Den( - p4 + q2 + q3)^2*Deng(p4,xiw,0)*Deng(q2 + 
      q3,xiw,0)*Deng(q2 + q3,xiw,M3)^2*xia*ufoGC58*ufoGC107*ufoGC93*ufoGC3
       + 1/4*g_(1,6_,nu10)*FT2(g6)*Vec(nu10,q2)*Vec(nu9,-p4)*Vec(nu9,q2)*Vec(
      nu13,-p4)*Vec(nu13,-q2)*Den( - p4 + q2 + q3)^2*Deng(p4,xiw,0)*Deng(q2 + 
      q3,xiw,0)*Deng(q2 + q3,xiw,M3)^2*ufoGC58*ufoGC107*ufoGC93*ufoGC3
       - 1/4*g_(1,6_,nu10)*FT2(g6)*Vec(nu10,q2)*Vec(nu9,-p4)*Vec(nu9,q2)*Vec(
      nu13,-p4)*Vec(nu13,-q3)*Den( - p4 + q2 + q3)^2*Deng(p4,xiw,0)*Deng(q2 + 
      q3,xiw,0)*Deng(q2 + q3,xiw,M3)^2*xia*ufoGC58*ufoGC107*ufoGC93*ufoGC3
       + 1/4*g_(1,6_,nu10)*FT2(g6)*Vec(nu10,q2)*Vec(nu9,-p4)*Vec(nu9,q2)*Vec(
      nu13,-p4)*Vec(nu13,-q3)*Den( - p4 + q2 + q3)^2*Deng(p4,xiw,0)*Deng(q2 + 
      q3,xiw,0)*Deng(q2 + q3,xiw,M3)^2*ufoGC58*ufoGC107*ufoGC93*ufoGC3
       + 1/4*g_(1,6_,nu10)*FT2(g6)*Vec(nu10,q2)*Vec(nu9,-p4)*Vec(nu9,q2)*Vec(
      nu13,-p4)*Vecr(nu13,p4)*Den( - p4 + q2 + q3)^2*Deng(p4,xiw,0)*Deng(q2 + 
      q3,xiw,0)*Deng(q2 + q3,xiw,M3)^2*xia*ufoGC58*ufoGC107*ufoGC93*ufoGC3
       - 1/4*g_(1,6_,nu10)*FT2(g6)*Vec(nu10,q2)*Vec(nu9,-p4)*Vec(nu9,q2)*Vec(
      nu13,-p4)*Vecr(nu13,p4)*Den( - p4 + q2 + q3)^2*Deng(p4,xiw,0)*Deng(q2 + 
      q3,xiw,0)*Deng(q2 + q3,xiw,M3)^2*ufoGC58*ufoGC107*ufoGC93*ufoGC3
       - 1/4*g_(1,6_,nu10)*FT2(g6)*Vec(nu10,q2)*Vec(nu9,-p4)*Vec(nu9,q2)*Vec(
      nu13,-q2)*Vec(nu13,q2)*Den( - p4 + q2 + q3)^2*Deng(p4,xiw,0)*Deng(q2 + 
      q3,xiw,0)*Deng(q2 + q3,xiw,M3)^2*xia*ufoGC58*ufoGC107*ufoGC93*ufoGC3
       + 1/4*g_(1,6_,nu10)*FT2(g6)*Vec(nu10,q2)*Vec(nu9,-p4)*Vec(nu9,q2)*Vec(
      nu13,-q2)*Vec(nu13,q2)*Den( - p4 + q2 + q3)^2*Deng(p4,xiw,0)*Deng(q2 + 
      q3,xiw,0)*Deng(q2 + q3,xiw,M3)^2*ufoGC58*ufoGC107*ufoGC93*ufoGC3
       - 1/4*g_(1,6_,nu10)*FT2(g6)*Vec(nu10,q2)*Vec(nu9,-p4)*Vec(nu9,q2)*Vec(
      nu13,-q2)*Vec(nu13,q3)*Den( - p4 + q2 + q3)^2*Deng(p4,xiw,0)*Deng(q2 + 
      q3,xiw,0)*Deng(q2 + q3,xiw,M3)^2*xia*ufoGC58*ufoGC107*ufoGC93*ufoGC3
       + 1/4*g_(1,6_,nu10)*FT2(g6)*Vec(nu10,q2)*Vec(nu9,-p4)*Vec(nu9,q2)*Vec(
      nu13,-q2)*Vec(nu13,q3)*Den( - p4 + q2 + q3)^2*Deng(p4,xiw,0)*Deng(q2 + 
      q3,xiw,0)*Deng(q2 + q3,xiw,M3)^2*ufoGC58*ufoGC107*ufoGC93*ufoGC3
       - 1/4*g_(1,6_,nu10)*FT2(g6)*Vec(nu10,q2)*Vec(nu9,-p4)*Vec(nu9,q2)*Vec(
      nu13,-q3)*Vec(nu13,q2)*Den( - p4 + q2 + q3)^2*Deng(p4,xiw,0)*Deng(q2 + 
      q3,xiw,0)*Deng(q2 + q3,xiw,M3)^2*xia*ufoGC58*ufoGC107*ufoGC93*ufoGC3
       + 1/4*g_(1,6_,nu10)*FT2(g6)*Vec(nu10,q2)*Vec(nu9,-p4)*Vec(nu9,q2)*Vec(
      nu13,-q3)*Vec(nu13,q2)*Den( - p4 + q2 + q3)^2*Deng(p4,xiw,0)*Deng(q2 + 
      q3,xiw,0)*Deng(q2 + q3,xiw,M3)^2*ufoGC58*ufoGC107*ufoGC93*ufoGC3
       - 1/4*g_(1,6_,nu10)*FT2(g6)*Vec(nu10,q2)*Vec(nu9,-p4)*Vec(nu9,q2)*Vec(
      nu13,-q3)*Vec(nu13,q3)*Den( - p4 + q2 + q3)^2*Deng(p4,xiw,0)*Deng(q2 + 
      q3,xiw,0)*Deng(q2 + q3,xiw,M3)^2*xia*ufoGC58*ufoGC107*ufoGC93*ufoGC3
       + 1/4*g_(1,6_,nu10)*FT2(g6)*Vec(nu10,q2)*Vec(nu9,-p4)*Vec(nu9,q2)*Vec(
      nu13,-q3)*Vec(nu13,q3)*Den( - p4 + q2 + q3)^2*Deng(p4,xiw,0)*Deng(q2 + 
      q3,xiw,0)*Deng(q2 + q3,xiw,M3)^2*ufoGC58*ufoGC107*ufoGC93*ufoGC3
       + 1/4*g_(1,6_,nu10)*FT2(g6)*Vec(nu10,q2)*Vec(nu9,-p4)*Vec(nu9,q3)*Vec(
      nu13,q2)*Vecr(nu13,p4)*Den( - p4 + q2 + q3)^2*Deng(p4,xiw,0)*Deng(q2 + 
      q3,xiw,0)*Deng(q2 + q3,xiw,M3)^2*xia*ufoGC58*ufoGC107*ufoGC93*ufoGC3
       - 1/4*g_(1,6_,nu10)*FT2(g6)*Vec(nu10,q2)*Vec(nu9,-p4)*Vec(nu9,q3)*Vec(
      nu13,q2)*Vecr(nu13,p4)*Den( - p4 + q2 + q3)^2*Deng(p4,xiw,0)*Deng(q2 + 
      q3,xiw,0)*Deng(q2 + q3,xiw,M3)^2*ufoGC58*ufoGC107*ufoGC93*ufoGC3
       + 1/4*g_(1,6_,nu10)*FT2(g6)*Vec(nu10,q2)*Vec(nu9,-p4)*Vec(nu9,q3)*Vec(
      nu13,q3)*Vecr(nu13,p4)*Den( - p4 + q2 + q3)^2*Deng(p4,xiw,0)*Deng(q2 + 
      q3,xiw,0)*Deng(q2 + q3,xiw,M3)^2*xia*ufoGC58*ufoGC107*ufoGC93*ufoGC3
       - 1/4*g_(1,6_,nu10)*FT2(g6)*Vec(nu10,q2)*Vec(nu9,-p4)*Vec(nu9,q3)*Vec(
      nu13,q3)*Vecr(nu13,p4)*Den( - p4 + q2 + q3)^2*Deng(p4,xiw,0)*Deng(q2 + 
      q3,xiw,0)*Deng(q2 + q3,xiw,M3)^2*ufoGC58*ufoGC107*ufoGC93*ufoGC3
       - 1/4*g_(1,6_,nu10)*FT2(g6)*Vec(nu10,q2)*Vec(nu9,-p4)*Vec(nu9,q3)*Vec(
      nu13,-p4)*Vec(nu13,-q2)*Den( - p4 + q2 + q3)^2*Deng(p4,xiw,0)*Deng(q2 + 
      q3,xiw,0)*Deng(q2 + q3,xiw,M3)^2*xia*ufoGC58*ufoGC107*ufoGC93*ufoGC3
       + 1/4*g_(1,6_,nu10)*FT2(g6)*Vec(nu10,q2)*Vec(nu9,-p4)*Vec(nu9,q3)*Vec(
      nu13,-p4)*Vec(nu13,-q2)*Den( - p4 + q2 + q3)^2*Deng(p4,xiw,0)*Deng(q2 + 
      q3,xiw,0)*Deng(q2 + q3,xiw,M3)^2*ufoGC58*ufoGC107*ufoGC93*ufoGC3
       - 1/4*g_(1,6_,nu10)*FT2(g6)*Vec(nu10,q2)*Vec(nu9,-p4)*Vec(nu9,q3)*Vec(
      nu13,-p4)*Vec(nu13,-q3)*Den( - p4 + q2 + q3)^2*Deng(p4,xiw,0)*Deng(q2 + 
      q3,xiw,0)*Deng(q2 + q3,xiw,M3)^2*xia*ufoGC58*ufoGC107*ufoGC93*ufoGC3
       + 1/4*g_(1,6_,nu10)*FT2(g6)*Vec(nu10,q2)*Vec(nu9,-p4)*Vec(nu9,q3)*Vec(
      nu13,-p4)*Vec(nu13,-q3)*Den( - p4 + q2 + q3)^2*Deng(p4,xiw,0)*Deng(q2 + 
      q3,xiw,0)*Deng(q2 + q3,xiw,M3)^2*ufoGC58*ufoGC107*ufoGC93*ufoGC3
       + 1/4*g_(1,6_,nu10)*FT2(g6)*Vec(nu10,q2)*Vec(nu9,-p4)*Vec(nu9,q3)*Vec(
      nu13,-p4)*Vecr(nu13,p4)*Den( - p4 + q2 + q3)^2*Deng(p4,xiw,0)*Deng(q2 + 
      q3,xiw,0)*Deng(q2 + q3,xiw,M3)^2*xia*ufoGC58*ufoGC107*ufoGC93*ufoGC3
       - 1/4*g_(1,6_,nu10)*FT2(g6)*Vec(nu10,q2)*Vec(nu9,-p4)*Vec(nu9,q3)*Vec(
      nu13,-p4)*Vecr(nu13,p4)*Den( - p4 + q2 + q3)^2*Deng(p4,xiw,0)*Deng(q2 + 
      q3,xiw,0)*Deng(q2 + q3,xiw,M3)^2*ufoGC58*ufoGC107*ufoGC93*ufoGC3
       - 1/4*g_(1,6_,nu10)*FT2(g6)*Vec(nu10,q2)*Vec(nu9,-p4)*Vec(nu9,q3)*Vec(
      nu13,-q2)*Vec(nu13,q2)*Den( - p4 + q2 + q3)^2*Deng(p4,xiw,0)*Deng(q2 + 
      q3,xiw,0)*Deng(q2 + q3,xiw,M3)^2*xia*ufoGC58*ufoGC107*ufoGC93*ufoGC3
       + 1/4*g_(1,6_,nu10)*FT2(g6)*Vec(nu10,q2)*Vec(nu9,-p4)*Vec(nu9,q3)*Vec(
      nu13,-q2)*Vec(nu13,q2)*Den( - p4 + q2 + q3)^2*Deng(p4,xiw,0)*Deng(q2 + 
      q3,xiw,0)*Deng(q2 + q3,xiw,M3)^2*ufoGC58*ufoGC107*ufoGC93*ufoGC3
       - 1/4*g_(1,6_,nu10)*FT2(g6)*Vec(nu10,q2)*Vec(nu9,-p4)*Vec(nu9,q3)*Vec(
      nu13,-q2)*Vec(nu13,q3)*Den( - p4 + q2 + q3)^2*Deng(p4,xiw,0)*Deng(q2 + 
      q3,xiw,0)*Deng(q2 + q3,xiw,M3)^2*xia*ufoGC58*ufoGC107*ufoGC93*ufoGC3
       + 1/4*g_(1,6_,nu10)*FT2(g6)*Vec(nu10,q2)*Vec(nu9,-p4)*Vec(nu9,q3)*Vec(
      nu13,-q2)*Vec(nu13,q3)*Den( - p4 + q2 + q3)^2*Deng(p4,xiw,0)*Deng(q2 + 
      q3,xiw,0)*Deng(q2 + q3,xiw,M3)^2*ufoGC58*ufoGC107*ufoGC93*ufoGC3
       - 1/4*g_(1,6_,nu10)*FT2(g6)*Vec(nu10,q2)*Vec(nu9,-p4)*Vec(nu9,q3)*Vec(
      nu13,-q3)*Vec(nu13,q2)*Den( - p4 + q2 + q3)^2*Deng(p4,xiw,0)*Deng(q2 + 
      q3,xiw,0)*Deng(q2 + q3,xiw,M3)^2*xia*ufoGC58*ufoGC107*ufoGC93*ufoGC3
       + 1/4*g_(1,6_,nu10)*FT2(g6)*Vec(nu10,q2)*Vec(nu9,-p4)*Vec(nu9,q3)*Vec(
      nu13,-q3)*Vec(nu13,q2)*Den( - p4 + q2 + q3)^2*Deng(p4,xiw,0)*Deng(q2 + 
      q3,xiw,0)*Deng(q2 + q3,xiw,M3)^2*ufoGC58*ufoGC107*ufoGC93*ufoGC3
       - 1/4*g_(1,6_,nu10)*FT2(g6)*Vec(nu10,q2)*Vec(nu9,-p4)*Vec(nu9,q3)*Vec(
      nu13,-q3)*Vec(nu13,q3)*Den( - p4 + q2 + q3)^2*Deng(p4,xiw,0)*Deng(q2 + 
      q3,xiw,0)*Deng(q2 + q3,xiw,M3)^2*xia*ufoGC58*ufoGC107*ufoGC93*ufoGC3
       + 1/4*g_(1,6_,nu10)*FT2(g6)*Vec(nu10,q2)*Vec(nu9,-p4)*Vec(nu9,q3)*Vec(
      nu13,-q3)*Vec(nu13,q3)*Den( - p4 + q2 + q3)^2*Deng(p4,xiw,0)*Deng(q2 + 
      q3,xiw,0)*Deng(q2 + q3,xiw,M3)^2*ufoGC58*ufoGC107*ufoGC93*ufoGC3
       + 1/4*g_(1,6_,nu10)*FT2(g6)*Vec(nu10,q2)*Vec(nu13,q2)*Vecr(nu13,p4)*
      Den( - p4 + q2 + q3)*Deng(p4,xiw,0)*Deng(q2 + q3,xiw,0)*Deng(q2 + q3,xiw
      ,M3)^2*ufoGC58*ufoGC107*ufoGC93*ufoGC3
       + 1/4*g_(1,6_,nu10)*FT2(g6)*Vec(nu10,q2)*Vec(nu13,q3)*Vecr(nu13,p4)*
      Den( - p4 + q2 + q3)*Deng(p4,xiw,0)*Deng(q2 + q3,xiw,0)*Deng(q2 + q3,xiw
      ,M3)^2*ufoGC58*ufoGC107*ufoGC93*ufoGC3
       - 1/4*g_(1,6_,nu10)*FT2(g6)*Vec(nu10,q2)*Vec(nu13,-q2)*Vec(nu13,q2)*
      Den( - p4 + q2 + q3)*Deng(p4,xiw,0)*Deng(q2 + q3,xiw,0)*Deng(q2 + q3,xiw
      ,M3)^2*ufoGC58*ufoGC107*ufoGC93*ufoGC3
       - 1/4*g_(1,6_,nu10)*FT2(g6)*Vec(nu10,q2)*Vec(nu13,-q2)*Vec(nu13,q3)*
      Den( - p4 + q2 + q3)*Deng(p4,xiw,0)*Deng(q2 + q3,xiw,0)*Deng(q2 + q3,xiw
      ,M3)^2*ufoGC58*ufoGC107*ufoGC93*ufoGC3
       - 1/4*g_(1,6_,nu10)*FT2(g6)*Vec(nu10,q2)*Vec(nu13,-q3)*Vec(nu13,q2)*
      Den( - p4 + q2 + q3)*Deng(p4,xiw,0)*Deng(q2 + q3,xiw,0)*Deng(q2 + q3,xiw
      ,M3)^2*ufoGC58*ufoGC107*ufoGC93*ufoGC3
       - 1/4*g_(1,6_,nu10)*FT2(g6)*Vec(nu10,q2)*Vec(nu13,-q3)*Vec(nu13,q3)*
      Den( - p4 + q2 + q3)*Deng(p4,xiw,0)*Deng(q2 + q3,xiw,0)*Deng(q2 + q3,xiw
      ,M3)^2*ufoGC58*ufoGC107*ufoGC93*ufoGC3
       + 1/4*g_(1,6_,nu10)*FT2(g6)*Vec(nu10,q3)*Vec(nu9,q2)^2*Vec(nu13,q2)*
      Vecr(nu13,p4)*Den( - p4 + q2 + q3)^2*Deng(p4,xiw,0)*Deng(q2 + q3,xiw,0)*
      Deng(q2 + q3,xiw,M3)^2*xia*ufoGC58*ufoGC107*ufoGC93*ufoGC3
       - 1/4*g_(1,6_,nu10)*FT2(g6)*Vec(nu10,q3)*Vec(nu9,q2)^2*Vec(nu13,q2)*
      Vecr(nu13,p4)*Den( - p4 + q2 + q3)^2*Deng(p4,xiw,0)*Deng(q2 + q3,xiw,0)*
      Deng(q2 + q3,xiw,M3)^2*ufoGC58*ufoGC107*ufoGC93*ufoGC3
       + 1/4*g_(1,6_,nu10)*FT2(g6)*Vec(nu10,q3)*Vec(nu9,q2)^2*Vec(nu13,q3)*
      Vecr(nu13,p4)*Den( - p4 + q2 + q3)^2*Deng(p4,xiw,0)*Deng(q2 + q3,xiw,0)*
      Deng(q2 + q3,xiw,M3)^2*xia*ufoGC58*ufoGC107*ufoGC93*ufoGC3
       - 1/4*g_(1,6_,nu10)*FT2(g6)*Vec(nu10,q3)*Vec(nu9,q2)^2*Vec(nu13,q3)*
      Vecr(nu13,p4)*Den( - p4 + q2 + q3)^2*Deng(p4,xiw,0)*Deng(q2 + q3,xiw,0)*
      Deng(q2 + q3,xiw,M3)^2*ufoGC58*ufoGC107*ufoGC93*ufoGC3
       - 1/4*g_(1,6_,nu10)*FT2(g6)*Vec(nu10,q3)*Vec(nu9,q2)^2*Vec(nu13,-p4)*
      Vec(nu13,-q2)*Den( - p4 + q2 + q3)^2*Deng(p4,xiw,0)*Deng(q2 + q3,xiw,0)*
      Deng(q2 + q3,xiw,M3)^2*xia*ufoGC58*ufoGC107*ufoGC93*ufoGC3
       + 1/4*g_(1,6_,nu10)*FT2(g6)*Vec(nu10,q3)*Vec(nu9,q2)^2*Vec(nu13,-p4)*
      Vec(nu13,-q2)*Den( - p4 + q2 + q3)^2*Deng(p4,xiw,0)*Deng(q2 + q3,xiw,0)*
      Deng(q2 + q3,xiw,M3)^2*ufoGC58*ufoGC107*ufoGC93*ufoGC3
       - 1/4*g_(1,6_,nu10)*FT2(g6)*Vec(nu10,q3)*Vec(nu9,q2)^2*Vec(nu13,-p4)*
      Vec(nu13,-q3)*Den( - p4 + q2 + q3)^2*Deng(p4,xiw,0)*Deng(q2 + q3,xiw,0)*
      Deng(q2 + q3,xiw,M3)^2*xia*ufoGC58*ufoGC107*ufoGC93*ufoGC3
       + 1/4*g_(1,6_,nu10)*FT2(g6)*Vec(nu10,q3)*Vec(nu9,q2)^2*Vec(nu13,-p4)*
      Vec(nu13,-q3)*Den( - p4 + q2 + q3)^2*Deng(p4,xiw,0)*Deng(q2 + q3,xiw,0)*
      Deng(q2 + q3,xiw,M3)^2*ufoGC58*ufoGC107*ufoGC93*ufoGC3
       + 1/4*g_(1,6_,nu10)*FT2(g6)*Vec(nu10,q3)*Vec(nu9,q2)^2*Vec(nu13,-p4)*
      Vecr(nu13,p4)*Den( - p4 + q2 + q3)^2*Deng(p4,xiw,0)*Deng(q2 + q3,xiw,0)*
      Deng(q2 + q3,xiw,M3)^2*xia*ufoGC58*ufoGC107*ufoGC93*ufoGC3
       - 1/4*g_(1,6_,nu10)*FT2(g6)*Vec(nu10,q3)*Vec(nu9,q2)^2*Vec(nu13,-p4)*
      Vecr(nu13,p4)*Den( - p4 + q2 + q3)^2*Deng(p4,xiw,0)*Deng(q2 + q3,xiw,0)*
      Deng(q2 + q3,xiw,M3)^2*ufoGC58*ufoGC107*ufoGC93*ufoGC3
       - 1/4*g_(1,6_,nu10)*FT2(g6)*Vec(nu10,q3)*Vec(nu9,q2)^2*Vec(nu13,-q2)*
      Vec(nu13,q2)*Den( - p4 + q2 + q3)^2*Deng(p4,xiw,0)*Deng(q2 + q3,xiw,0)*
      Deng(q2 + q3,xiw,M3)^2*xia*ufoGC58*ufoGC107*ufoGC93*ufoGC3
       + 1/4*g_(1,6_,nu10)*FT2(g6)*Vec(nu10,q3)*Vec(nu9,q2)^2*Vec(nu13,-q2)*
      Vec(nu13,q2)*Den( - p4 + q2 + q3)^2*Deng(p4,xiw,0)*Deng(q2 + q3,xiw,0)*
      Deng(q2 + q3,xiw,M3)^2*ufoGC58*ufoGC107*ufoGC93*ufoGC3
       - 1/4*g_(1,6_,nu10)*FT2(g6)*Vec(nu10,q3)*Vec(nu9,q2)^2*Vec(nu13,-q2)*
      Vec(nu13,q3)*Den( - p4 + q2 + q3)^2*Deng(p4,xiw,0)*Deng(q2 + q3,xiw,0)*
      Deng(q2 + q3,xiw,M3)^2*xia*ufoGC58*ufoGC107*ufoGC93*ufoGC3
       + 1/4*g_(1,6_,nu10)*FT2(g6)*Vec(nu10,q3)*Vec(nu9,q2)^2*Vec(nu13,-q2)*
      Vec(nu13,q3)*Den( - p4 + q2 + q3)^2*Deng(p4,xiw,0)*Deng(q2 + q3,xiw,0)*
      Deng(q2 + q3,xiw,M3)^2*ufoGC58*ufoGC107*ufoGC93*ufoGC3
       - 1/4*g_(1,6_,nu10)*FT2(g6)*Vec(nu10,q3)*Vec(nu9,q2)^2*Vec(nu13,-q3)*
      Vec(nu13,q2)*Den( - p4 + q2 + q3)^2*Deng(p4,xiw,0)*Deng(q2 + q3,xiw,0)*
      Deng(q2 + q3,xiw,M3)^2*xia*ufoGC58*ufoGC107*ufoGC93*ufoGC3
       + 1/4*g_(1,6_,nu10)*FT2(g6)*Vec(nu10,q3)*Vec(nu9,q2)^2*Vec(nu13,-q3)*
      Vec(nu13,q2)*Den( - p4 + q2 + q3)^2*Deng(p4,xiw,0)*Deng(q2 + q3,xiw,0)*
      Deng(q2 + q3,xiw,M3)^2*ufoGC58*ufoGC107*ufoGC93*ufoGC3
       - 1/4*g_(1,6_,nu10)*FT2(g6)*Vec(nu10,q3)*Vec(nu9,q2)^2*Vec(nu13,-q3)*
      Vec(nu13,q3)*Den( - p4 + q2 + q3)^2*Deng(p4,xiw,0)*Deng(q2 + q3,xiw,0)*
      Deng(q2 + q3,xiw,M3)^2*xia*ufoGC58*ufoGC107*ufoGC93*ufoGC3
       + 1/4*g_(1,6_,nu10)*FT2(g6)*Vec(nu10,q3)*Vec(nu9,q2)^2*Vec(nu13,-q3)*
      Vec(nu13,q3)*Den( - p4 + q2 + q3)^2*Deng(p4,xiw,0)*Deng(q2 + q3,xiw,0)*
      Deng(q2 + q3,xiw,M3)^2*ufoGC58*ufoGC107*ufoGC93*ufoGC3
       + 1/2*g_(1,6_,nu10)*FT2(g6)*Vec(nu10,q3)*Vec(nu9,q2)*Vec(nu9,q3)*Vec(
      nu13,q2)*Vecr(nu13,p4)*Den( - p4 + q2 + q3)^2*Deng(p4,xiw,0)*Deng(q2 + 
      q3,xiw,0)*Deng(q2 + q3,xiw,M3)^2*xia*ufoGC58*ufoGC107*ufoGC93*ufoGC3
       - 1/2*g_(1,6_,nu10)*FT2(g6)*Vec(nu10,q3)*Vec(nu9,q2)*Vec(nu9,q3)*Vec(
      nu13,q2)*Vecr(nu13,p4)*Den( - p4 + q2 + q3)^2*Deng(p4,xiw,0)*Deng(q2 + 
      q3,xiw,0)*Deng(q2 + q3,xiw,M3)^2*ufoGC58*ufoGC107*ufoGC93*ufoGC3
       + 1/2*g_(1,6_,nu10)*FT2(g6)*Vec(nu10,q3)*Vec(nu9,q2)*Vec(nu9,q3)*Vec(
      nu13,q3)*Vecr(nu13,p4)*Den( - p4 + q2 + q3)^2*Deng(p4,xiw,0)*Deng(q2 + 
      q3,xiw,0)*Deng(q2 + q3,xiw,M3)^2*xia*ufoGC58*ufoGC107*ufoGC93*ufoGC3
       - 1/2*g_(1,6_,nu10)*FT2(g6)*Vec(nu10,q3)*Vec(nu9,q2)*Vec(nu9,q3)*Vec(
      nu13,q3)*Vecr(nu13,p4)*Den( - p4 + q2 + q3)^2*Deng(p4,xiw,0)*Deng(q2 + 
      q3,xiw,0)*Deng(q2 + q3,xiw,M3)^2*ufoGC58*ufoGC107*ufoGC93*ufoGC3
       - 1/2*g_(1,6_,nu10)*FT2(g6)*Vec(nu10,q3)*Vec(nu9,q2)*Vec(nu9,q3)*Vec(
      nu13,-p4)*Vec(nu13,-q2)*Den( - p4 + q2 + q3)^2*Deng(p4,xiw,0)*Deng(q2 + 
      q3,xiw,0)*Deng(q2 + q3,xiw,M3)^2*xia*ufoGC58*ufoGC107*ufoGC93*ufoGC3
       + 1/2*g_(1,6_,nu10)*FT2(g6)*Vec(nu10,q3)*Vec(nu9,q2)*Vec(nu9,q3)*Vec(
      nu13,-p4)*Vec(nu13,-q2)*Den( - p4 + q2 + q3)^2*Deng(p4,xiw,0)*Deng(q2 + 
      q3,xiw,0)*Deng(q2 + q3,xiw,M3)^2*ufoGC58*ufoGC107*ufoGC93*ufoGC3
       - 1/2*g_(1,6_,nu10)*FT2(g6)*Vec(nu10,q3)*Vec(nu9,q2)*Vec(nu9,q3)*Vec(
      nu13,-p4)*Vec(nu13,-q3)*Den( - p4 + q2 + q3)^2*Deng(p4,xiw,0)*Deng(q2 + 
      q3,xiw,0)*Deng(q2 + q3,xiw,M3)^2*xia*ufoGC58*ufoGC107*ufoGC93*ufoGC3
       + 1/2*g_(1,6_,nu10)*FT2(g6)*Vec(nu10,q3)*Vec(nu9,q2)*Vec(nu9,q3)*Vec(
      nu13,-p4)*Vec(nu13,-q3)*Den( - p4 + q2 + q3)^2*Deng(p4,xiw,0)*Deng(q2 + 
      q3,xiw,0)*Deng(q2 + q3,xiw,M3)^2*ufoGC58*ufoGC107*ufoGC93*ufoGC3
       + 1/2*g_(1,6_,nu10)*FT2(g6)*Vec(nu10,q3)*Vec(nu9,q2)*Vec(nu9,q3)*Vec(
      nu13,-p4)*Vecr(nu13,p4)*Den( - p4 + q2 + q3)^2*Deng(p4,xiw,0)*Deng(q2 + 
      q3,xiw,0)*Deng(q2 + q3,xiw,M3)^2*xia*ufoGC58*ufoGC107*ufoGC93*ufoGC3
       - 1/2*g_(1,6_,nu10)*FT2(g6)*Vec(nu10,q3)*Vec(nu9,q2)*Vec(nu9,q3)*Vec(
      nu13,-p4)*Vecr(nu13,p4)*Den( - p4 + q2 + q3)^2*Deng(p4,xiw,0)*Deng(q2 + 
      q3,xiw,0)*Deng(q2 + q3,xiw,M3)^2*ufoGC58*ufoGC107*ufoGC93*ufoGC3
       - 1/2*g_(1,6_,nu10)*FT2(g6)*Vec(nu10,q3)*Vec(nu9,q2)*Vec(nu9,q3)*Vec(
      nu13,-q2)*Vec(nu13,q2)*Den( - p4 + q2 + q3)^2*Deng(p4,xiw,0)*Deng(q2 + 
      q3,xiw,0)*Deng(q2 + q3,xiw,M3)^2*xia*ufoGC58*ufoGC107*ufoGC93*ufoGC3
       + 1/2*g_(1,6_,nu10)*FT2(g6)*Vec(nu10,q3)*Vec(nu9,q2)*Vec(nu9,q3)*Vec(
      nu13,-q2)*Vec(nu13,q2)*Den( - p4 + q2 + q3)^2*Deng(p4,xiw,0)*Deng(q2 + 
      q3,xiw,0)*Deng(q2 + q3,xiw,M3)^2*ufoGC58*ufoGC107*ufoGC93*ufoGC3
       - 1/2*g_(1,6_,nu10)*FT2(g6)*Vec(nu10,q3)*Vec(nu9,q2)*Vec(nu9,q3)*Vec(
      nu13,-q2)*Vec(nu13,q3)*Den( - p4 + q2 + q3)^2*Deng(p4,xiw,0)*Deng(q2 + 
      q3,xiw,0)*Deng(q2 + q3,xiw,M3)^2*xia*ufoGC58*ufoGC107*ufoGC93*ufoGC3
       + 1/2*g_(1,6_,nu10)*FT2(g6)*Vec(nu10,q3)*Vec(nu9,q2)*Vec(nu9,q3)*Vec(
      nu13,-q2)*Vec(nu13,q3)*Den( - p4 + q2 + q3)^2*Deng(p4,xiw,0)*Deng(q2 + 
      q3,xiw,0)*Deng(q2 + q3,xiw,M3)^2*ufoGC58*ufoGC107*ufoGC93*ufoGC3
       - 1/2*g_(1,6_,nu10)*FT2(g6)*Vec(nu10,q3)*Vec(nu9,q2)*Vec(nu9,q3)*Vec(
      nu13,-q3)*Vec(nu13,q2)*Den( - p4 + q2 + q3)^2*Deng(p4,xiw,0)*Deng(q2 + 
      q3,xiw,0)*Deng(q2 + q3,xiw,M3)^2*xia*ufoGC58*ufoGC107*ufoGC93*ufoGC3
       + 1/2*g_(1,6_,nu10)*FT2(g6)*Vec(nu10,q3)*Vec(nu9,q2)*Vec(nu9,q3)*Vec(
      nu13,-q3)*Vec(nu13,q2)*Den( - p4 + q2 + q3)^2*Deng(p4,xiw,0)*Deng(q2 + 
      q3,xiw,0)*Deng(q2 + q3,xiw,M3)^2*ufoGC58*ufoGC107*ufoGC93*ufoGC3
       - 1/2*g_(1,6_,nu10)*FT2(g6)*Vec(nu10,q3)*Vec(nu9,q2)*Vec(nu9,q3)*Vec(
      nu13,-q3)*Vec(nu13,q3)*Den( - p4 + q2 + q3)^2*Deng(p4,xiw,0)*Deng(q2 + 
      q3,xiw,0)*Deng(q2 + q3,xiw,M3)^2*xia*ufoGC58*ufoGC107*ufoGC93*ufoGC3
       + 1/2*g_(1,6_,nu10)*FT2(g6)*Vec(nu10,q3)*Vec(nu9,q2)*Vec(nu9,q3)*Vec(
      nu13,-q3)*Vec(nu13,q3)*Den( - p4 + q2 + q3)^2*Deng(p4,xiw,0)*Deng(q2 + 
      q3,xiw,0)*Deng(q2 + q3,xiw,M3)^2*ufoGC58*ufoGC107*ufoGC93*ufoGC3
       + 1/4*g_(1,6_,nu10)*FT2(g6)*Vec(nu10,q3)*Vec(nu9,q3)^2*Vec(nu13,q2)*
      Vecr(nu13,p4)*Den( - p4 + q2 + q3)^2*Deng(p4,xiw,0)*Deng(q2 + q3,xiw,0)*
      Deng(q2 + q3,xiw,M3)^2*xia*ufoGC58*ufoGC107*ufoGC93*ufoGC3
       - 1/4*g_(1,6_,nu10)*FT2(g6)*Vec(nu10,q3)*Vec(nu9,q3)^2*Vec(nu13,q2)*
      Vecr(nu13,p4)*Den( - p4 + q2 + q3)^2*Deng(p4,xiw,0)*Deng(q2 + q3,xiw,0)*
      Deng(q2 + q3,xiw,M3)^2*ufoGC58*ufoGC107*ufoGC93*ufoGC3
       + 1/4*g_(1,6_,nu10)*FT2(g6)*Vec(nu10,q3)*Vec(nu9,q3)^2*Vec(nu13,q3)*
      Vecr(nu13,p4)*Den( - p4 + q2 + q3)^2*Deng(p4,xiw,0)*Deng(q2 + q3,xiw,0)*
      Deng(q2 + q3,xiw,M3)^2*xia*ufoGC58*ufoGC107*ufoGC93*ufoGC3
       - 1/4*g_(1,6_,nu10)*FT2(g6)*Vec(nu10,q3)*Vec(nu9,q3)^2*Vec(nu13,q3)*
      Vecr(nu13,p4)*Den( - p4 + q2 + q3)^2*Deng(p4,xiw,0)*Deng(q2 + q3,xiw,0)*
      Deng(q2 + q3,xiw,M3)^2*ufoGC58*ufoGC107*ufoGC93*ufoGC3
       - 1/4*g_(1,6_,nu10)*FT2(g6)*Vec(nu10,q3)*Vec(nu9,q3)^2*Vec(nu13,-p4)*
      Vec(nu13,-q2)*Den( - p4 + q2 + q3)^2*Deng(p4,xiw,0)*Deng(q2 + q3,xiw,0)*
      Deng(q2 + q3,xiw,M3)^2*xia*ufoGC58*ufoGC107*ufoGC93*ufoGC3
       + 1/4*g_(1,6_,nu10)*FT2(g6)*Vec(nu10,q3)*Vec(nu9,q3)^2*Vec(nu13,-p4)*
      Vec(nu13,-q2)*Den( - p4 + q2 + q3)^2*Deng(p4,xiw,0)*Deng(q2 + q3,xiw,0)*
      Deng(q2 + q3,xiw,M3)^2*ufoGC58*ufoGC107*ufoGC93*ufoGC3
       - 1/4*g_(1,6_,nu10)*FT2(g6)*Vec(nu10,q3)*Vec(nu9,q3)^2*Vec(nu13,-p4)*
      Vec(nu13,-q3)*Den( - p4 + q2 + q3)^2*Deng(p4,xiw,0)*Deng(q2 + q3,xiw,0)*
      Deng(q2 + q3,xiw,M3)^2*xia*ufoGC58*ufoGC107*ufoGC93*ufoGC3
       + 1/4*g_(1,6_,nu10)*FT2(g6)*Vec(nu10,q3)*Vec(nu9,q3)^2*Vec(nu13,-p4)*
      Vec(nu13,-q3)*Den( - p4 + q2 + q3)^2*Deng(p4,xiw,0)*Deng(q2 + q3,xiw,0)*
      Deng(q2 + q3,xiw,M3)^2*ufoGC58*ufoGC107*ufoGC93*ufoGC3
       + 1/4*g_(1,6_,nu10)*FT2(g6)*Vec(nu10,q3)*Vec(nu9,q3)^2*Vec(nu13,-p4)*
      Vecr(nu13,p4)*Den( - p4 + q2 + q3)^2*Deng(p4,xiw,0)*Deng(q2 + q3,xiw,0)*
      Deng(q2 + q3,xiw,M3)^2*xia*ufoGC58*ufoGC107*ufoGC93*ufoGC3
       - 1/4*g_(1,6_,nu10)*FT2(g6)*Vec(nu10,q3)*Vec(nu9,q3)^2*Vec(nu13,-p4)*
      Vecr(nu13,p4)*Den( - p4 + q2 + q3)^2*Deng(p4,xiw,0)*Deng(q2 + q3,xiw,0)*
      Deng(q2 + q3,xiw,M3)^2*ufoGC58*ufoGC107*ufoGC93*ufoGC3
       - 1/4*g_(1,6_,nu10)*FT2(g6)*Vec(nu10,q3)*Vec(nu9,q3)^2*Vec(nu13,-q2)*
      Vec(nu13,q2)*Den( - p4 + q2 + q3)^2*Deng(p4,xiw,0)*Deng(q2 + q3,xiw,0)*
      Deng(q2 + q3,xiw,M3)^2*xia*ufoGC58*ufoGC107*ufoGC93*ufoGC3
       + 1/4*g_(1,6_,nu10)*FT2(g6)*Vec(nu10,q3)*Vec(nu9,q3)^2*Vec(nu13,-q2)*
      Vec(nu13,q2)*Den( - p4 + q2 + q3)^2*Deng(p4,xiw,0)*Deng(q2 + q3,xiw,0)*
      Deng(q2 + q3,xiw,M3)^2*ufoGC58*ufoGC107*ufoGC93*ufoGC3
       - 1/4*g_(1,6_,nu10)*FT2(g6)*Vec(nu10,q3)*Vec(nu9,q3)^2*Vec(nu13,-q2)*
      Vec(nu13,q3)*Den( - p4 + q2 + q3)^2*Deng(p4,xiw,0)*Deng(q2 + q3,xiw,0)*
      Deng(q2 + q3,xiw,M3)^2*xia*ufoGC58*ufoGC107*ufoGC93*ufoGC3
       + 1/4*g_(1,6_,nu10)*FT2(g6)*Vec(nu10,q3)*Vec(nu9,q3)^2*Vec(nu13,-q2)*
      Vec(nu13,q3)*Den( - p4 + q2 + q3)^2*Deng(p4,xiw,0)*Deng(q2 + q3,xiw,0)*
      Deng(q2 + q3,xiw,M3)^2*ufoGC58*ufoGC107*ufoGC93*ufoGC3
       - 1/4*g_(1,6_,nu10)*FT2(g6)*Vec(nu10,q3)*Vec(nu9,q3)^2*Vec(nu13,-q3)*
      Vec(nu13,q2)*Den( - p4 + q2 + q3)^2*Deng(p4,xiw,0)*Deng(q2 + q3,xiw,0)*
      Deng(q2 + q3,xiw,M3)^2*xia*ufoGC58*ufoGC107*ufoGC93*ufoGC3
       + 1/4*g_(1,6_,nu10)*FT2(g6)*Vec(nu10,q3)*Vec(nu9,q3)^2*Vec(nu13,-q3)*
      Vec(nu13,q2)*Den( - p4 + q2 + q3)^2*Deng(p4,xiw,0)*Deng(q2 + q3,xiw,0)*
      Deng(q2 + q3,xiw,M3)^2*ufoGC58*ufoGC107*ufoGC93*ufoGC3
       - 1/4*g_(1,6_,nu10)*FT2(g6)*Vec(nu10,q3)*Vec(nu9,q3)^2*Vec(nu13,-q3)*
      Vec(nu13,q3)*Den( - p4 + q2 + q3)^2*Deng(p4,xiw,0)*Deng(q2 + q3,xiw,0)*
      Deng(q2 + q3,xiw,M3)^2*xia*ufoGC58*ufoGC107*ufoGC93*ufoGC3
       + 1/4*g_(1,6_,nu10)*FT2(g6)*Vec(nu10,q3)*Vec(nu9,q3)^2*Vec(nu13,-q3)*
      Vec(nu13,q3)*Den( - p4 + q2 + q3)^2*Deng(p4,xiw,0)*Deng(q2 + q3,xiw,0)*
      Deng(q2 + q3,xiw,M3)^2*ufoGC58*ufoGC107*ufoGC93*ufoGC3
       + 1/4*g_(1,6_,nu10)*FT2(g6)*Vec(nu10,q3)*Vec(nu9,-p4)*Vec(nu9,q2)*Vec(
      nu13,q2)*Vecr(nu13,p4)*Den( - p4 + q2 + q3)^2*Deng(p4,xiw,0)*Deng(q2 + 
      q3,xiw,0)*Deng(q2 + q3,xiw,M3)^2*xia*ufoGC58*ufoGC107*ufoGC93*ufoGC3
       - 1/4*g_(1,6_,nu10)*FT2(g6)*Vec(nu10,q3)*Vec(nu9,-p4)*Vec(nu9,q2)*Vec(
      nu13,q2)*Vecr(nu13,p4)*Den( - p4 + q2 + q3)^2*Deng(p4,xiw,0)*Deng(q2 + 
      q3,xiw,0)*Deng(q2 + q3,xiw,M3)^2*ufoGC58*ufoGC107*ufoGC93*ufoGC3
       + 1/4*g_(1,6_,nu10)*FT2(g6)*Vec(nu10,q3)*Vec(nu9,-p4)*Vec(nu9,q2)*Vec(
      nu13,q3)*Vecr(nu13,p4)*Den( - p4 + q2 + q3)^2*Deng(p4,xiw,0)*Deng(q2 + 
      q3,xiw,0)*Deng(q2 + q3,xiw,M3)^2*xia*ufoGC58*ufoGC107*ufoGC93*ufoGC3
       - 1/4*g_(1,6_,nu10)*FT2(g6)*Vec(nu10,q3)*Vec(nu9,-p4)*Vec(nu9,q2)*Vec(
      nu13,q3)*Vecr(nu13,p4)*Den( - p4 + q2 + q3)^2*Deng(p4,xiw,0)*Deng(q2 + 
      q3,xiw,0)*Deng(q2 + q3,xiw,M3)^2*ufoGC58*ufoGC107*ufoGC93*ufoGC3
       - 1/4*g_(1,6_,nu10)*FT2(g6)*Vec(nu10,q3)*Vec(nu9,-p4)*Vec(nu9,q2)*Vec(
      nu13,-p4)*Vec(nu13,-q2)*Den( - p4 + q2 + q3)^2*Deng(p4,xiw,0)*Deng(q2 + 
      q3,xiw,0)*Deng(q2 + q3,xiw,M3)^2*xia*ufoGC58*ufoGC107*ufoGC93*ufoGC3
       + 1/4*g_(1,6_,nu10)*FT2(g6)*Vec(nu10,q3)*Vec(nu9,-p4)*Vec(nu9,q2)*Vec(
      nu13,-p4)*Vec(nu13,-q2)*Den( - p4 + q2 + q3)^2*Deng(p4,xiw,0)*Deng(q2 + 
      q3,xiw,0)*Deng(q2 + q3,xiw,M3)^2*ufoGC58*ufoGC107*ufoGC93*ufoGC3
       - 1/4*g_(1,6_,nu10)*FT2(g6)*Vec(nu10,q3)*Vec(nu9,-p4)*Vec(nu9,q2)*Vec(
      nu13,-p4)*Vec(nu13,-q3)*Den( - p4 + q2 + q3)^2*Deng(p4,xiw,0)*Deng(q2 + 
      q3,xiw,0)*Deng(q2 + q3,xiw,M3)^2*xia*ufoGC58*ufoGC107*ufoGC93*ufoGC3
       + 1/4*g_(1,6_,nu10)*FT2(g6)*Vec(nu10,q3)*Vec(nu9,-p4)*Vec(nu9,q2)*Vec(
      nu13,-p4)*Vec(nu13,-q3)*Den( - p4 + q2 + q3)^2*Deng(p4,xiw,0)*Deng(q2 + 
      q3,xiw,0)*Deng(q2 + q3,xiw,M3)^2*ufoGC58*ufoGC107*ufoGC93*ufoGC3
       + 1/4*g_(1,6_,nu10)*FT2(g6)*Vec(nu10,q3)*Vec(nu9,-p4)*Vec(nu9,q2)*Vec(
      nu13,-p4)*Vecr(nu13,p4)*Den( - p4 + q2 + q3)^2*Deng(p4,xiw,0)*Deng(q2 + 
      q3,xiw,0)*Deng(q2 + q3,xiw,M3)^2*xia*ufoGC58*ufoGC107*ufoGC93*ufoGC3
       - 1/4*g_(1,6_,nu10)*FT2(g6)*Vec(nu10,q3)*Vec(nu9,-p4)*Vec(nu9,q2)*Vec(
      nu13,-p4)*Vecr(nu13,p4)*Den( - p4 + q2 + q3)^2*Deng(p4,xiw,0)*Deng(q2 + 
      q3,xiw,0)*Deng(q2 + q3,xiw,M3)^2*ufoGC58*ufoGC107*ufoGC93*ufoGC3
       - 1/4*g_(1,6_,nu10)*FT2(g6)*Vec(nu10,q3)*Vec(nu9,-p4)*Vec(nu9,q2)*Vec(
      nu13,-q2)*Vec(nu13,q2)*Den( - p4 + q2 + q3)^2*Deng(p4,xiw,0)*Deng(q2 + 
      q3,xiw,0)*Deng(q2 + q3,xiw,M3)^2*xia*ufoGC58*ufoGC107*ufoGC93*ufoGC3
       + 1/4*g_(1,6_,nu10)*FT2(g6)*Vec(nu10,q3)*Vec(nu9,-p4)*Vec(nu9,q2)*Vec(
      nu13,-q2)*Vec(nu13,q2)*Den( - p4 + q2 + q3)^2*Deng(p4,xiw,0)*Deng(q2 + 
      q3,xiw,0)*Deng(q2 + q3,xiw,M3)^2*ufoGC58*ufoGC107*ufoGC93*ufoGC3
       - 1/4*g_(1,6_,nu10)*FT2(g6)*Vec(nu10,q3)*Vec(nu9,-p4)*Vec(nu9,q2)*Vec(
      nu13,-q2)*Vec(nu13,q3)*Den( - p4 + q2 + q3)^2*Deng(p4,xiw,0)*Deng(q2 + 
      q3,xiw,0)*Deng(q2 + q3,xiw,M3)^2*xia*ufoGC58*ufoGC107*ufoGC93*ufoGC3
       + 1/4*g_(1,6_,nu10)*FT2(g6)*Vec(nu10,q3)*Vec(nu9,-p4)*Vec(nu9,q2)*Vec(
      nu13,-q2)*Vec(nu13,q3)*Den( - p4 + q2 + q3)^2*Deng(p4,xiw,0)*Deng(q2 + 
      q3,xiw,0)*Deng(q2 + q3,xiw,M3)^2*ufoGC58*ufoGC107*ufoGC93*ufoGC3
       - 1/4*g_(1,6_,nu10)*FT2(g6)*Vec(nu10,q3)*Vec(nu9,-p4)*Vec(nu9,q2)*Vec(
      nu13,-q3)*Vec(nu13,q2)*Den( - p4 + q2 + q3)^2*Deng(p4,xiw,0)*Deng(q2 + 
      q3,xiw,0)*Deng(q2 + q3,xiw,M3)^2*xia*ufoGC58*ufoGC107*ufoGC93*ufoGC3
       + 1/4*g_(1,6_,nu10)*FT2(g6)*Vec(nu10,q3)*Vec(nu9,-p4)*Vec(nu9,q2)*Vec(
      nu13,-q3)*Vec(nu13,q2)*Den( - p4 + q2 + q3)^2*Deng(p4,xiw,0)*Deng(q2 + 
      q3,xiw,0)*Deng(q2 + q3,xiw,M3)^2*ufoGC58*ufoGC107*ufoGC93*ufoGC3
       - 1/4*g_(1,6_,nu10)*FT2(g6)*Vec(nu10,q3)*Vec(nu9,-p4)*Vec(nu9,q2)*Vec(
      nu13,-q3)*Vec(nu13,q3)*Den( - p4 + q2 + q3)^2*Deng(p4,xiw,0)*Deng(q2 + 
      q3,xiw,0)*Deng(q2 + q3,xiw,M3)^2*xia*ufoGC58*ufoGC107*ufoGC93*ufoGC3
       + 1/4*g_(1,6_,nu10)*FT2(g6)*Vec(nu10,q3)*Vec(nu9,-p4)*Vec(nu9,q2)*Vec(
      nu13,-q3)*Vec(nu13,q3)*Den( - p4 + q2 + q3)^2*Deng(p4,xiw,0)*Deng(q2 + 
      q3,xiw,0)*Deng(q2 + q3,xiw,M3)^2*ufoGC58*ufoGC107*ufoGC93*ufoGC3
       + 1/4*g_(1,6_,nu10)*FT2(g6)*Vec(nu10,q3)*Vec(nu9,-p4)*Vec(nu9,q3)*Vec(
      nu13,q2)*Vecr(nu13,p4)*Den( - p4 + q2 + q3)^2*Deng(p4,xiw,0)*Deng(q2 + 
      q3,xiw,0)*Deng(q2 + q3,xiw,M3)^2*xia*ufoGC58*ufoGC107*ufoGC93*ufoGC3
       - 1/4*g_(1,6_,nu10)*FT2(g6)*Vec(nu10,q3)*Vec(nu9,-p4)*Vec(nu9,q3)*Vec(
      nu13,q2)*Vecr(nu13,p4)*Den( - p4 + q2 + q3)^2*Deng(p4,xiw,0)*Deng(q2 + 
      q3,xiw,0)*Deng(q2 + q3,xiw,M3)^2*ufoGC58*ufoGC107*ufoGC93*ufoGC3
       + 1/4*g_(1,6_,nu10)*FT2(g6)*Vec(nu10,q3)*Vec(nu9,-p4)*Vec(nu9,q3)*Vec(
      nu13,q3)*Vecr(nu13,p4)*Den( - p4 + q2 + q3)^2*Deng(p4,xiw,0)*Deng(q2 + 
      q3,xiw,0)*Deng(q2 + q3,xiw,M3)^2*xia*ufoGC58*ufoGC107*ufoGC93*ufoGC3
       - 1/4*g_(1,6_,nu10)*FT2(g6)*Vec(nu10,q3)*Vec(nu9,-p4)*Vec(nu9,q3)*Vec(
      nu13,q3)*Vecr(nu13,p4)*Den( - p4 + q2 + q3)^2*Deng(p4,xiw,0)*Deng(q2 + 
      q3,xiw,0)*Deng(q2 + q3,xiw,M3)^2*ufoGC58*ufoGC107*ufoGC93*ufoGC3
       - 1/4*g_(1,6_,nu10)*FT2(g6)*Vec(nu10,q3)*Vec(nu9,-p4)*Vec(nu9,q3)*Vec(
      nu13,-p4)*Vec(nu13,-q2)*Den( - p4 + q2 + q3)^2*Deng(p4,xiw,0)*Deng(q2 + 
      q3,xiw,0)*Deng(q2 + q3,xiw,M3)^2*xia*ufoGC58*ufoGC107*ufoGC93*ufoGC3
       + 1/4*g_(1,6_,nu10)*FT2(g6)*Vec(nu10,q3)*Vec(nu9,-p4)*Vec(nu9,q3)*Vec(
      nu13,-p4)*Vec(nu13,-q2)*Den( - p4 + q2 + q3)^2*Deng(p4,xiw,0)*Deng(q2 + 
      q3,xiw,0)*Deng(q2 + q3,xiw,M3)^2*ufoGC58*ufoGC107*ufoGC93*ufoGC3
       - 1/4*g_(1,6_,nu10)*FT2(g6)*Vec(nu10,q3)*Vec(nu9,-p4)*Vec(nu9,q3)*Vec(
      nu13,-p4)*Vec(nu13,-q3)*Den( - p4 + q2 + q3)^2*Deng(p4,xiw,0)*Deng(q2 + 
      q3,xiw,0)*Deng(q2 + q3,xiw,M3)^2*xia*ufoGC58*ufoGC107*ufoGC93*ufoGC3
       + 1/4*g_(1,6_,nu10)*FT2(g6)*Vec(nu10,q3)*Vec(nu9,-p4)*Vec(nu9,q3)*Vec(
      nu13,-p4)*Vec(nu13,-q3)*Den( - p4 + q2 + q3)^2*Deng(p4,xiw,0)*Deng(q2 + 
      q3,xiw,0)*Deng(q2 + q3,xiw,M3)^2*ufoGC58*ufoGC107*ufoGC93*ufoGC3
       + 1/4*g_(1,6_,nu10)*FT2(g6)*Vec(nu10,q3)*Vec(nu9,-p4)*Vec(nu9,q3)*Vec(
      nu13,-p4)*Vecr(nu13,p4)*Den( - p4 + q2 + q3)^2*Deng(p4,xiw,0)*Deng(q2 + 
      q3,xiw,0)*Deng(q2 + q3,xiw,M3)^2*xia*ufoGC58*ufoGC107*ufoGC93*ufoGC3
       - 1/4*g_(1,6_,nu10)*FT2(g6)*Vec(nu10,q3)*Vec(nu9,-p4)*Vec(nu9,q3)*Vec(
      nu13,-p4)*Vecr(nu13,p4)*Den( - p4 + q2 + q3)^2*Deng(p4,xiw,0)*Deng(q2 + 
      q3,xiw,0)*Deng(q2 + q3,xiw,M3)^2*ufoGC58*ufoGC107*ufoGC93*ufoGC3
       - 1/4*g_(1,6_,nu10)*FT2(g6)*Vec(nu10,q3)*Vec(nu9,-p4)*Vec(nu9,q3)*Vec(
      nu13,-q2)*Vec(nu13,q2)*Den( - p4 + q2 + q3)^2*Deng(p4,xiw,0)*Deng(q2 + 
      q3,xiw,0)*Deng(q2 + q3,xiw,M3)^2*xia*ufoGC58*ufoGC107*ufoGC93*ufoGC3
       + 1/4*g_(1,6_,nu10)*FT2(g6)*Vec(nu10,q3)*Vec(nu9,-p4)*Vec(nu9,q3)*Vec(
      nu13,-q2)*Vec(nu13,q2)*Den( - p4 + q2 + q3)^2*Deng(p4,xiw,0)*Deng(q2 + 
      q3,xiw,0)*Deng(q2 + q3,xiw,M3)^2*ufoGC58*ufoGC107*ufoGC93*ufoGC3
       - 1/4*g_(1,6_,nu10)*FT2(g6)*Vec(nu10,q3)*Vec(nu9,-p4)*Vec(nu9,q3)*Vec(
      nu13,-q2)*Vec(nu13,q3)*Den( - p4 + q2 + q3)^2*Deng(p4,xiw,0)*Deng(q2 + 
      q3,xiw,0)*Deng(q2 + q3,xiw,M3)^2*xia*ufoGC58*ufoGC107*ufoGC93*ufoGC3
       + 1/4*g_(1,6_,nu10)*FT2(g6)*Vec(nu10,q3)*Vec(nu9,-p4)*Vec(nu9,q3)*Vec(
      nu13,-q2)*Vec(nu13,q3)*Den( - p4 + q2 + q3)^2*Deng(p4,xiw,0)*Deng(q2 + 
      q3,xiw,0)*Deng(q2 + q3,xiw,M3)^2*ufoGC58*ufoGC107*ufoGC93*ufoGC3
       - 1/4*g_(1,6_,nu10)*FT2(g6)*Vec(nu10,q3)*Vec(nu9,-p4)*Vec(nu9,q3)*Vec(
      nu13,-q3)*Vec(nu13,q2)*Den( - p4 + q2 + q3)^2*Deng(p4,xiw,0)*Deng(q2 + 
      q3,xiw,0)*Deng(q2 + q3,xiw,M3)^2*xia*ufoGC58*ufoGC107*ufoGC93*ufoGC3
       + 1/4*g_(1,6_,nu10)*FT2(g6)*Vec(nu10,q3)*Vec(nu9,-p4)*Vec(nu9,q3)*Vec(
      nu13,-q3)*Vec(nu13,q2)*Den( - p4 + q2 + q3)^2*Deng(p4,xiw,0)*Deng(q2 + 
      q3,xiw,0)*Deng(q2 + q3,xiw,M3)^2*ufoGC58*ufoGC107*ufoGC93*ufoGC3
       - 1/4*g_(1,6_,nu10)*FT2(g6)*Vec(nu10,q3)*Vec(nu9,-p4)*Vec(nu9,q3)*Vec(
      nu13,-q3)*Vec(nu13,q3)*Den( - p4 + q2 + q3)^2*Deng(p4,xiw,0)*Deng(q2 + 
      q3,xiw,0)*Deng(q2 + q3,xiw,M3)^2*xia*ufoGC58*ufoGC107*ufoGC93*ufoGC3
       + 1/4*g_(1,6_,nu10)*FT2(g6)*Vec(nu10,q3)*Vec(nu9,-p4)*Vec(nu9,q3)*Vec(
      nu13,-q3)*Vec(nu13,q3)*Den( - p4 + q2 + q3)^2*Deng(p4,xiw,0)*Deng(q2 + 
      q3,xiw,0)*Deng(q2 + q3,xiw,M3)^2*ufoGC58*ufoGC107*ufoGC93*ufoGC3
       + 1/4*g_(1,6_,nu10)*FT2(g6)*Vec(nu10,q3)*Vec(nu13,q2)*Vecr(nu13,p4)*
      Den( - p4 + q2 + q3)*Deng(p4,xiw,0)*Deng(q2 + q3,xiw,0)*Deng(q2 + q3,xiw
      ,M3)^2*ufoGC58*ufoGC107*ufoGC93*ufoGC3
       + 1/4*g_(1,6_,nu10)*FT2(g6)*Vec(nu10,q3)*Vec(nu13,q3)*Vecr(nu13,p4)*
      Den( - p4 + q2 + q3)*Deng(p4,xiw,0)*Deng(q2 + q3,xiw,0)*Deng(q2 + q3,xiw
      ,M3)^2*ufoGC58*ufoGC107*ufoGC93*ufoGC3
       - 1/4*g_(1,6_,nu10)*FT2(g6)*Vec(nu10,q3)*Vec(nu13,-q2)*Vec(nu13,q2)*
      Den( - p4 + q2 + q3)*Deng(p4,xiw,0)*Deng(q2 + q3,xiw,0)*Deng(q2 + q3,xiw
      ,M3)^2*ufoGC58*ufoGC107*ufoGC93*ufoGC3
       - 1/4*g_(1,6_,nu10)*FT2(g6)*Vec(nu10,q3)*Vec(nu13,-q2)*Vec(nu13,q3)*
      Den( - p4 + q2 + q3)*Deng(p4,xiw,0)*Deng(q2 + q3,xiw,0)*Deng(q2 + q3,xiw
      ,M3)^2*ufoGC58*ufoGC107*ufoGC93*ufoGC3
       - 1/4*g_(1,6_,nu10)*FT2(g6)*Vec(nu10,q3)*Vec(nu13,-q3)*Vec(nu13,q2)*
      Den( - p4 + q2 + q3)*Deng(p4,xiw,0)*Deng(q2 + q3,xiw,0)*Deng(q2 + q3,xiw
      ,M3)^2*ufoGC58*ufoGC107*ufoGC93*ufoGC3
       - 1/4*g_(1,6_,nu10)*FT2(g6)*Vec(nu10,q3)*Vec(nu13,-q3)*Vec(nu13,q3)*
      Den( - p4 + q2 + q3)*Deng(p4,xiw,0)*Deng(q2 + q3,xiw,0)*Deng(q2 + q3,xiw
      ,M3)^2*ufoGC58*ufoGC107*ufoGC93*ufoGC3
       - 1/4*g_(1,6_,nu9)*FT2(g6)*Vec(nu9,q2)*Vec(nu13,q2)*Vecr(nu13,p4)*Den(
       - p4 + q2 + q3)^2*Deng(p4,xiw,0)*Deng(q2 + q3,xiw,0)*Deng(q2 + q3,xiw,
      M3)*xia*ufoGC58*ufoGC107*ufoGC93*ufoGC3
       + 1/4*g_(1,6_,nu9)*FT2(g6)*Vec(nu9,q2)*Vec(nu13,q2)*Vecr(nu13,p4)*Den(
       - p4 + q2 + q3)^2*Deng(p4,xiw,0)*Deng(q2 + q3,xiw,0)*Deng(q2 + q3,xiw,
      M3)*ufoGC58*ufoGC107*ufoGC93*ufoGC3
       - 1/4*g_(1,6_,nu9)*FT2(g6)*Vec(nu9,q2)*Vec(nu13,q3)*Vecr(nu13,p4)*Den(
       - p4 + q2 + q3)^2*Deng(p4,xiw,0)*Deng(q2 + q3,xiw,0)*Deng(q2 + q3,xiw,
      M3)*xia*ufoGC58*ufoGC107*ufoGC93*ufoGC3
       + 1/4*g_(1,6_,nu9)*FT2(g6)*Vec(nu9,q2)*Vec(nu13,q3)*Vecr(nu13,p4)*Den(
       - p4 + q2 + q3)^2*Deng(p4,xiw,0)*Deng(q2 + q3,xiw,0)*Deng(q2 + q3,xiw,
      M3)*ufoGC58*ufoGC107*ufoGC93*ufoGC3
       + 1/4*g_(1,6_,nu9)*FT2(g6)*Vec(nu9,q2)*Vec(nu13,-p4)*Vec(nu13,-q2)*Den(
       - p4 + q2 + q3)^2*Deng(p4,xiw,0)*Deng(q2 + q3,xiw,0)*Deng(q2 + q3,xiw,
      M3)*xia*ufoGC58*ufoGC107*ufoGC93*ufoGC3
       - 1/4*g_(1,6_,nu9)*FT2(g6)*Vec(nu9,q2)*Vec(nu13,-p4)*Vec(nu13,-q2)*Den(
       - p4 + q2 + q3)^2*Deng(p4,xiw,0)*Deng(q2 + q3,xiw,0)*Deng(q2 + q3,xiw,
      M3)*ufoGC58*ufoGC107*ufoGC93*ufoGC3
       + 1/4*g_(1,6_,nu9)*FT2(g6)*Vec(nu9,q2)*Vec(nu13,-p4)*Vec(nu13,-q3)*Den(
       - p4 + q2 + q3)^2*Deng(p4,xiw,0)*Deng(q2 + q3,xiw,0)*Deng(q2 + q3,xiw,
      M3)*xia*ufoGC58*ufoGC107*ufoGC93*ufoGC3
       - 1/4*g_(1,6_,nu9)*FT2(g6)*Vec(nu9,q2)*Vec(nu13,-p4)*Vec(nu13,-q3)*Den(
       - p4 + q2 + q3)^2*Deng(p4,xiw,0)*Deng(q2 + q3,xiw,0)*Deng(q2 + q3,xiw,
      M3)*ufoGC58*ufoGC107*ufoGC93*ufoGC3
       - 1/4*g_(1,6_,nu9)*FT2(g6)*Vec(nu9,q2)*Vec(nu13,-p4)*Vecr(nu13,p4)*Den(
       - p4 + q2 + q3)^2*Deng(p4,xiw,0)*Deng(q2 + q3,xiw,0)*Deng(q2 + q3,xiw,
      M3)*xia*ufoGC58*ufoGC107*ufoGC93*ufoGC3
       + 1/4*g_(1,6_,nu9)*FT2(g6)*Vec(nu9,q2)*Vec(nu13,-p4)*Vecr(nu13,p4)*Den(
       - p4 + q2 + q3)^2*Deng(p4,xiw,0)*Deng(q2 + q3,xiw,0)*Deng(q2 + q3,xiw,
      M3)*ufoGC58*ufoGC107*ufoGC93*ufoGC3
       + 1/4*g_(1,6_,nu9)*FT2(g6)*Vec(nu9,q2)*Vec(nu13,-q2)*Vec(nu13,q2)*Den(
       - p4 + q2 + q3)^2*Deng(p4,xiw,0)*Deng(q2 + q3,xiw,0)*Deng(q2 + q3,xiw,
      M3)*xia*ufoGC58*ufoGC107*ufoGC93*ufoGC3
       - 1/4*g_(1,6_,nu9)*FT2(g6)*Vec(nu9,q2)*Vec(nu13,-q2)*Vec(nu13,q2)*Den(
       - p4 + q2 + q3)^2*Deng(p4,xiw,0)*Deng(q2 + q3,xiw,0)*Deng(q2 + q3,xiw,
      M3)*ufoGC58*ufoGC107*ufoGC93*ufoGC3
       + 1/4*g_(1,6_,nu9)*FT2(g6)*Vec(nu9,q2)*Vec(nu13,-q2)*Vec(nu13,q3)*Den(
       - p4 + q2 + q3)^2*Deng(p4,xiw,0)*Deng(q2 + q3,xiw,0)*Deng(q2 + q3,xiw,
      M3)*xia*ufoGC58*ufoGC107*ufoGC93*ufoGC3
       - 1/4*g_(1,6_,nu9)*FT2(g6)*Vec(nu9,q2)*Vec(nu13,-q2)*Vec(nu13,q3)*Den(
       - p4 + q2 + q3)^2*Deng(p4,xiw,0)*Deng(q2 + q3,xiw,0)*Deng(q2 + q3,xiw,
      M3)*ufoGC58*ufoGC107*ufoGC93*ufoGC3
       + 1/4*g_(1,6_,nu9)*FT2(g6)*Vec(nu9,q2)*Vec(nu13,-q3)*Vec(nu13,q2)*Den(
       - p4 + q2 + q3)^2*Deng(p4,xiw,0)*Deng(q2 + q3,xiw,0)*Deng(q2 + q3,xiw,
      M3)*xia*ufoGC58*ufoGC107*ufoGC93*ufoGC3
       - 1/4*g_(1,6_,nu9)*FT2(g6)*Vec(nu9,q2)*Vec(nu13,-q3)*Vec(nu13,q2)*Den(
       - p4 + q2 + q3)^2*Deng(p4,xiw,0)*Deng(q2 + q3,xiw,0)*Deng(q2 + q3,xiw,
      M3)*ufoGC58*ufoGC107*ufoGC93*ufoGC3
       + 1/4*g_(1,6_,nu9)*FT2(g6)*Vec(nu9,q2)*Vec(nu13,-q3)*Vec(nu13,q3)*Den(
       - p4 + q2 + q3)^2*Deng(p4,xiw,0)*Deng(q2 + q3,xiw,0)*Deng(q2 + q3,xiw,
      M3)*xia*ufoGC58*ufoGC107*ufoGC93*ufoGC3
       - 1/4*g_(1,6_,nu9)*FT2(g6)*Vec(nu9,q2)*Vec(nu13,-q3)*Vec(nu13,q3)*Den(
       - p4 + q2 + q3)^2*Deng(p4,xiw,0)*Deng(q2 + q3,xiw,0)*Deng(q2 + q3,xiw,
      M3)*ufoGC58*ufoGC107*ufoGC93*ufoGC3
       - 1/4*g_(1,6_,nu9)*FT2(g6)*Vec(nu9,q3)*Vec(nu13,q2)*Vecr(nu13,p4)*Den(
       - p4 + q2 + q3)^2*Deng(p4,xiw,0)*Deng(q2 + q3,xiw,0)*Deng(q2 + q3,xiw,
      M3)*xia*ufoGC58*ufoGC107*ufoGC93*ufoGC3
       + 1/4*g_(1,6_,nu9)*FT2(g6)*Vec(nu9,q3)*Vec(nu13,q2)*Vecr(nu13,p4)*Den(
       - p4 + q2 + q3)^2*Deng(p4,xiw,0)*Deng(q2 + q3,xiw,0)*Deng(q2 + q3,xiw,
      M3)*ufoGC58*ufoGC107*ufoGC93*ufoGC3
       - 1/4*g_(1,6_,nu9)*FT2(g6)*Vec(nu9,q3)*Vec(nu13,q3)*Vecr(nu13,p4)*Den(
       - p4 + q2 + q3)^2*Deng(p4,xiw,0)*Deng(q2 + q3,xiw,0)*Deng(q2 + q3,xiw,
      M3)*xia*ufoGC58*ufoGC107*ufoGC93*ufoGC3
       + 1/4*g_(1,6_,nu9)*FT2(g6)*Vec(nu9,q3)*Vec(nu13,q3)*Vecr(nu13,p4)*Den(
       - p4 + q2 + q3)^2*Deng(p4,xiw,0)*Deng(q2 + q3,xiw,0)*Deng(q2 + q3,xiw,
      M3)*ufoGC58*ufoGC107*ufoGC93*ufoGC3
       + 1/4*g_(1,6_,nu9)*FT2(g6)*Vec(nu9,q3)*Vec(nu13,-p4)*Vec(nu13,-q2)*Den(
       - p4 + q2 + q3)^2*Deng(p4,xiw,0)*Deng(q2 + q3,xiw,0)*Deng(q2 + q3,xiw,
      M3)*xia*ufoGC58*ufoGC107*ufoGC93*ufoGC3
       - 1/4*g_(1,6_,nu9)*FT2(g6)*Vec(nu9,q3)*Vec(nu13,-p4)*Vec(nu13,-q2)*Den(
       - p4 + q2 + q3)^2*Deng(p4,xiw,0)*Deng(q2 + q3,xiw,0)*Deng(q2 + q3,xiw,
      M3)*ufoGC58*ufoGC107*ufoGC93*ufoGC3
       + 1/4*g_(1,6_,nu9)*FT2(g6)*Vec(nu9,q3)*Vec(nu13,-p4)*Vec(nu13,-q3)*Den(
       - p4 + q2 + q3)^2*Deng(p4,xiw,0)*Deng(q2 + q3,xiw,0)*Deng(q2 + q3,xiw,
      M3)*xia*ufoGC58*ufoGC107*ufoGC93*ufoGC3
       - 1/4*g_(1,6_,nu9)*FT2(g6)*Vec(nu9,q3)*Vec(nu13,-p4)*Vec(nu13,-q3)*Den(
       - p4 + q2 + q3)^2*Deng(p4,xiw,0)*Deng(q2 + q3,xiw,0)*Deng(q2 + q3,xiw,
      M3)*ufoGC58*ufoGC107*ufoGC93*ufoGC3
       - 1/4*g_(1,6_,nu9)*FT2(g6)*Vec(nu9,q3)*Vec(nu13,-p4)*Vecr(nu13,p4)*Den(
       - p4 + q2 + q3)^2*Deng(p4,xiw,0)*Deng(q2 + q3,xiw,0)*Deng(q2 + q3,xiw,
      M3)*xia*ufoGC58*ufoGC107*ufoGC93*ufoGC3
       + 1/4*g_(1,6_,nu9)*FT2(g6)*Vec(nu9,q3)*Vec(nu13,-p4)*Vecr(nu13,p4)*Den(
       - p4 + q2 + q3)^2*Deng(p4,xiw,0)*Deng(q2 + q3,xiw,0)*Deng(q2 + q3,xiw,
      M3)*ufoGC58*ufoGC107*ufoGC93*ufoGC3
       + 1/4*g_(1,6_,nu9)*FT2(g6)*Vec(nu9,q3)*Vec(nu13,-q2)*Vec(nu13,q2)*Den(
       - p4 + q2 + q3)^2*Deng(p4,xiw,0)*Deng(q2 + q3,xiw,0)*Deng(q2 + q3,xiw,
      M3)*xia*ufoGC58*ufoGC107*ufoGC93*ufoGC3
       - 1/4*g_(1,6_,nu9)*FT2(g6)*Vec(nu9,q3)*Vec(nu13,-q2)*Vec(nu13,q2)*Den(
       - p4 + q2 + q3)^2*Deng(p4,xiw,0)*Deng(q2 + q3,xiw,0)*Deng(q2 + q3,xiw,
      M3)*ufoGC58*ufoGC107*ufoGC93*ufoGC3
       + 1/4*g_(1,6_,nu9)*FT2(g6)*Vec(nu9,q3)*Vec(nu13,-q2)*Vec(nu13,q3)*Den(
       - p4 + q2 + q3)^2*Deng(p4,xiw,0)*Deng(q2 + q3,xiw,0)*Deng(q2 + q3,xiw,
      M3)*xia*ufoGC58*ufoGC107*ufoGC93*ufoGC3
       - 1/4*g_(1,6_,nu9)*FT2(g6)*Vec(nu9,q3)*Vec(nu13,-q2)*Vec(nu13,q3)*Den(
       - p4 + q2 + q3)^2*Deng(p4,xiw,0)*Deng(q2 + q3,xiw,0)*Deng(q2 + q3,xiw,
      M3)*ufoGC58*ufoGC107*ufoGC93*ufoGC3
       + 1/4*g_(1,6_,nu9)*FT2(g6)*Vec(nu9,q3)*Vec(nu13,-q3)*Vec(nu13,q2)*Den(
       - p4 + q2 + q3)^2*Deng(p4,xiw,0)*Deng(q2 + q3,xiw,0)*Deng(q2 + q3,xiw,
      M3)*xia*ufoGC58*ufoGC107*ufoGC93*ufoGC3
       - 1/4*g_(1,6_,nu9)*FT2(g6)*Vec(nu9,q3)*Vec(nu13,-q3)*Vec(nu13,q2)*Den(
       - p4 + q2 + q3)^2*Deng(p4,xiw,0)*Deng(q2 + q3,xiw,0)*Deng(q2 + q3,xiw,
      M3)*ufoGC58*ufoGC107*ufoGC93*ufoGC3
       + 1/4*g_(1,6_,nu9)*FT2(g6)*Vec(nu9,q3)*Vec(nu13,-q3)*Vec(nu13,q3)*Den(
       - p4 + q2 + q3)^2*Deng(p4,xiw,0)*Deng(q2 + q3,xiw,0)*Deng(q2 + q3,xiw,
      M3)*xia*ufoGC58*ufoGC107*ufoGC93*ufoGC3
       - 1/4*g_(1,6_,nu9)*FT2(g6)*Vec(nu9,q3)*Vec(nu13,-q3)*Vec(nu13,q3)*Den(
       - p4 + q2 + q3)^2*Deng(p4,xiw,0)*Deng(q2 + q3,xiw,0)*Deng(q2 + q3,xiw,
      M3)*ufoGC58*ufoGC107*ufoGC93*ufoGC3
       - 1/4*g_(1,6_,nu9)*FT2(g6)*Vec(nu9,-p4)*Vec(nu13,q2)*Vecr(nu13,p4)*Den(
       - p4 + q2 + q3)^2*Deng(p4,xiw,0)*Deng(q2 + q3,xiw,0)*Deng(q2 + q3,xiw,
      M3)*xia*ufoGC58*ufoGC107*ufoGC93*ufoGC3
       + 1/4*g_(1,6_,nu9)*FT2(g6)*Vec(nu9,-p4)*Vec(nu13,q2)*Vecr(nu13,p4)*Den(
       - p4 + q2 + q3)^2*Deng(p4,xiw,0)*Deng(q2 + q3,xiw,0)*Deng(q2 + q3,xiw,
      M3)*ufoGC58*ufoGC107*ufoGC93*ufoGC3
       - 1/4*g_(1,6_,nu9)*FT2(g6)*Vec(nu9,-p4)*Vec(nu13,q3)*Vecr(nu13,p4)*Den(
       - p4 + q2 + q3)^2*Deng(p4,xiw,0)*Deng(q2 + q3,xiw,0)*Deng(q2 + q3,xiw,
      M3)*xia*ufoGC58*ufoGC107*ufoGC93*ufoGC3
       + 1/4*g_(1,6_,nu9)*FT2(g6)*Vec(nu9,-p4)*Vec(nu13,q3)*Vecr(nu13,p4)*Den(
       - p4 + q2 + q3)^2*Deng(p4,xiw,0)*Deng(q2 + q3,xiw,0)*Deng(q2 + q3,xiw,
      M3)*ufoGC58*ufoGC107*ufoGC93*ufoGC3
       + 1/4*g_(1,6_,nu9)*FT2(g6)*Vec(nu9,-p4)*Vec(nu13,-p4)*Vec(nu13,-q2)*
      Den( - p4 + q2 + q3)^2*Deng(p4,xiw,0)*Deng(q2 + q3,xiw,0)*Deng(q2 + q3,
      xiw,M3)*xia*ufoGC58*ufoGC107*ufoGC93*ufoGC3
       - 1/4*g_(1,6_,nu9)*FT2(g6)*Vec(nu9,-p4)*Vec(nu13,-p4)*Vec(nu13,-q2)*
      Den( - p4 + q2 + q3)^2*Deng(p4,xiw,0)*Deng(q2 + q3,xiw,0)*Deng(q2 + q3,
      xiw,M3)*ufoGC58*ufoGC107*ufoGC93*ufoGC3
       + 1/4*g_(1,6_,nu9)*FT2(g6)*Vec(nu9,-p4)*Vec(nu13,-p4)*Vec(nu13,-q3)*
      Den( - p4 + q2 + q3)^2*Deng(p4,xiw,0)*Deng(q2 + q3,xiw,0)*Deng(q2 + q3,
      xiw,M3)*xia*ufoGC58*ufoGC107*ufoGC93*ufoGC3
       - 1/4*g_(1,6_,nu9)*FT2(g6)*Vec(nu9,-p4)*Vec(nu13,-p4)*Vec(nu13,-q3)*
      Den( - p4 + q2 + q3)^2*Deng(p4,xiw,0)*Deng(q2 + q3,xiw,0)*Deng(q2 + q3,
      xiw,M3)*ufoGC58*ufoGC107*ufoGC93*ufoGC3
       - 1/4*g_(1,6_,nu9)*FT2(g6)*Vec(nu9,-p4)*Vec(nu13,-p4)*Vecr(nu13,p4)*
      Den( - p4 + q2 + q3)^2*Deng(p4,xiw,0)*Deng(q2 + q3,xiw,0)*Deng(q2 + q3,
      xiw,M3)*xia*ufoGC58*ufoGC107*ufoGC93*ufoGC3
       + 1/4*g_(1,6_,nu9)*FT2(g6)*Vec(nu9,-p4)*Vec(nu13,-p4)*Vecr(nu13,p4)*
      Den( - p4 + q2 + q3)^2*Deng(p4,xiw,0)*Deng(q2 + q3,xiw,0)*Deng(q2 + q3,
      xiw,M3)*ufoGC58*ufoGC107*ufoGC93*ufoGC3
       + 1/4*g_(1,6_,nu9)*FT2(g6)*Vec(nu9,-p4)*Vec(nu13,-q2)*Vec(nu13,q2)*Den(
       - p4 + q2 + q3)^2*Deng(p4,xiw,0)*Deng(q2 + q3,xiw,0)*Deng(q2 + q3,xiw,
      M3)*xia*ufoGC58*ufoGC107*ufoGC93*ufoGC3
       - 1/4*g_(1,6_,nu9)*FT2(g6)*Vec(nu9,-p4)*Vec(nu13,-q2)*Vec(nu13,q2)*Den(
       - p4 + q2 + q3)^2*Deng(p4,xiw,0)*Deng(q2 + q3,xiw,0)*Deng(q2 + q3,xiw,
      M3)*ufoGC58*ufoGC107*ufoGC93*ufoGC3
       + 1/4*g_(1,6_,nu9)*FT2(g6)*Vec(nu9,-p4)*Vec(nu13,-q2)*Vec(nu13,q3)*Den(
       - p4 + q2 + q3)^2*Deng(p4,xiw,0)*Deng(q2 + q3,xiw,0)*Deng(q2 + q3,xiw,
      M3)*xia*ufoGC58*ufoGC107*ufoGC93*ufoGC3
       - 1/4*g_(1,6_,nu9)*FT2(g6)*Vec(nu9,-p4)*Vec(nu13,-q2)*Vec(nu13,q3)*Den(
       - p4 + q2 + q3)^2*Deng(p4,xiw,0)*Deng(q2 + q3,xiw,0)*Deng(q2 + q3,xiw,
      M3)*ufoGC58*ufoGC107*ufoGC93*ufoGC3
       + 1/4*g_(1,6_,nu9)*FT2(g6)*Vec(nu9,-p4)*Vec(nu13,-q3)*Vec(nu13,q2)*Den(
       - p4 + q2 + q3)^2*Deng(p4,xiw,0)*Deng(q2 + q3,xiw,0)*Deng(q2 + q3,xiw,
      M3)*xia*ufoGC58*ufoGC107*ufoGC93*ufoGC3
       - 1/4*g_(1,6_,nu9)*FT2(g6)*Vec(nu9,-p4)*Vec(nu13,-q3)*Vec(nu13,q2)*Den(
       - p4 + q2 + q3)^2*Deng(p4,xiw,0)*Deng(q2 + q3,xiw,0)*Deng(q2 + q3,xiw,
      M3)*ufoGC58*ufoGC107*ufoGC93*ufoGC3
       + 1/4*g_(1,6_,nu9)*FT2(g6)*Vec(nu9,-p4)*Vec(nu13,-q3)*Vec(nu13,q3)*Den(
       - p4 + q2 + q3)^2*Deng(p4,xiw,0)*Deng(q2 + q3,xiw,0)*Deng(q2 + q3,xiw,
      M3)*xia*ufoGC58*ufoGC107*ufoGC93*ufoGC3
       - 1/4*g_(1,6_,nu9)*FT2(g6)*Vec(nu9,-p4)*Vec(nu13,-q3)*Vec(nu13,q3)*Den(
       - p4 + q2 + q3)^2*Deng(p4,xiw,0)*Deng(q2 + q3,xiw,0)*Deng(q2 + q3,xiw,
      M3)*ufoGC58*ufoGC107*ufoGC93*ufoGC3
       + 1/4*g_(1,6_,nu13)*FT2(g6)*Vec(nu13,-q2)*Den( - p4 + q2 + q3)*Deng(p4,
      xiw,0)*Deng(q2 + q3,xiw,0)*Deng(q2 + q3,xiw,M3)*ufoGC58*ufoGC107*ufoGC93
      *ufoGC3
       + 1/4*g_(1,6_,nu13)*FT2(g6)*Vec(nu13,-q3)*Den( - p4 + q2 + q3)*Deng(p4,
      xiw,0)*Deng(q2 + q3,xiw,0)*Deng(q2 + q3,xiw,M3)*ufoGC58*ufoGC107*ufoGC93
      *ufoGC3
       - 1/4*g_(1,6_,nu13)*FT2(g6)*Vecr(nu13,p4)*Den( - p4 + q2 + q3)*Deng(p4,
      xiw,0)*Deng(q2 + q3,xiw,0)*Deng(q2 + q3,xiw,M3)*ufoGC58*ufoGC107*ufoGC93
      *ufoGC3
      ;

  0.00 sec out of 0.00 sec
