FORM 5.0.0-beta.1 (Jan 15 2026, v5.0.0-beta.1-292-g4341c63)  Run: Thu Mar  5 16:57:06 2026
    #-

   d1l180amp =

       + Den(-p3,xiz,0,0)*Den(q2 + q3,xiw,M3)^2*Den( - p3 + q2 + q3,xiw,0,0)
       * (
          + 1/4*g_(1,6_,nu9)*FT2(g6)*Vec(nu9,q2)*xiz*ufoGC58*ufoGC107*ufoGC69*
         ufoGC95
          + 1/4*g_(1,6_,nu9)*FT2(g6)*Vec(nu9,q3)*xiz*ufoGC58*ufoGC107*ufoGC69*
         ufoGC95
          )

       + Den(-p3,xiz,0,0)*Den(q2 + q3,xiw,M3)^3*Den( - p3 + q2 + q3,xiw,0,0)
       * (
          - 1/4*g_(1,6_,nu10)*FT2(g6)*Vec(nu10,q2)*Vec(nu9,q2)^2*xiz*ufoGC58*
         ufoGC107*ufoGC69*ufoGC95
          - 1/2*g_(1,6_,nu10)*FT2(g6)*Vec(nu10,q2)*Vec(nu9,q2)*Vec(nu9,q3)*xiz
         *ufoGC58*ufoGC107*ufoGC69*ufoGC95
          - 1/4*g_(1,6_,nu10)*FT2(g6)*Vec(nu10,q2)*Vec(nu9,q3)^2*xiz*ufoGC58*
         ufoGC107*ufoGC69*ufoGC95
          - 1/4*g_(1,6_,nu10)*FT2(g6)*Vec(nu10,q3)*Vec(nu9,q2)^2*xiz*ufoGC58*
         ufoGC107*ufoGC69*ufoGC95
          - 1/2*g_(1,6_,nu10)*FT2(g6)*Vec(nu10,q3)*Vec(nu9,q2)*Vec(nu9,q3)*xiz
         *ufoGC58*ufoGC107*ufoGC69*ufoGC95
          - 1/4*g_(1,6_,nu10)*FT2(g6)*Vec(nu10,q3)*Vec(nu9,q3)^2*xiz*ufoGC58*
         ufoGC107*ufoGC69*ufoGC95
          );

  0.00 sec out of 0.00 sec
