FORM 5.0.0-beta.1 (Jan 15 2026, v5.0.0-beta.1-292-g4341c63)  Run: Thu Mar  5 11:46:39 2026
    #-

   d1l14amp =

       + Den(xiw,M3)^4 * (
          + 1/8*g_(1,6_,nu10)*g_(2,6_,nu11)*Vec(nu10,q2)*Vec(nu11,q2)*Vec(nu12
         ,q2)^2*DH(p3)*xiw*ufoGC58^2*ufoGC52
          + 1/4*g_(1,6_,nu10)*g_(2,6_,nu11)*Vec(nu10,q2)*Vec(nu11,q2)*Vec(nu12
         ,q2)*Vec(nu12,q3)*DH(p3)*xiw*ufoGC58^2*ufoGC52
          + 1/8*g_(1,6_,nu10)*g_(2,6_,nu11)*Vec(nu10,q2)*Vec(nu11,q2)*Vec(nu12
         ,q3)^2*DH(p3)*xiw*ufoGC58^2*ufoGC52
          + 1/8*g_(1,6_,nu10)*g_(2,6_,nu11)*Vec(nu10,q2)*Vec(nu11,q3)*Vec(nu12
         ,q2)^2*DH(p3)*xiw*ufoGC58^2*ufoGC52
          + 1/4*g_(1,6_,nu10)*g_(2,6_,nu11)*Vec(nu10,q2)*Vec(nu11,q3)*Vec(nu12
         ,q2)*Vec(nu12,q3)*DH(p3)*xiw*ufoGC58^2*ufoGC52
          + 1/8*g_(1,6_,nu10)*g_(2,6_,nu11)*Vec(nu10,q2)*Vec(nu11,q3)*Vec(nu12
         ,q3)^2*DH(p3)*xiw*ufoGC58^2*ufoGC52
          + 1/8*g_(1,6_,nu10)*g_(2,6_,nu11)*Vec(nu10,q3)*Vec(nu11,q2)*Vec(nu12
         ,q2)^2*DH(p3)*xiw*ufoGC58^2*ufoGC52
          + 1/4*g_(1,6_,nu10)*g_(2,6_,nu11)*Vec(nu10,q3)*Vec(nu11,q2)*Vec(nu12
         ,q2)*Vec(nu12,q3)*DH(p3)*xiw*ufoGC58^2*ufoGC52
          + 1/8*g_(1,6_,nu10)*g_(2,6_,nu11)*Vec(nu10,q3)*Vec(nu11,q2)*Vec(nu12
         ,q3)^2*DH(p3)*xiw*ufoGC58^2*ufoGC52
          + 1/8*g_(1,6_,nu10)*g_(2,6_,nu11)*Vec(nu10,q3)*Vec(nu11,q3)*Vec(nu12
         ,q2)^2*DH(p3)*xiw*ufoGC58^2*ufoGC52
          + 1/4*g_(1,6_,nu10)*g_(2,6_,nu11)*Vec(nu10,q3)*Vec(nu11,q3)*Vec(nu12
         ,q2)*Vec(nu12,q3)*DH(p3)*xiw*ufoGC58^2*ufoGC52
          + 1/8*g_(1,6_,nu10)*g_(2,6_,nu11)*Vec(nu10,q3)*Vec(nu11,q3)*Vec(nu12
         ,q3)^2*DH(p3)*xiw*ufoGC58^2*ufoGC52
          )

       + Den(xiw,M3)^3 * (
          - 1/8*g_(1,6_,nu10)*g_(2,6_,nu11)*Vec(nu10,q2)*Vec(nu11,q2)*DH(p3)*
         xiw*ufoGC58^2*ufoGC52
          - 1/8*g_(1,6_,nu10)*g_(2,6_,nu11)*Vec(nu10,q2)*Vec(nu11,q3)*DH(p3)*
         xiw*ufoGC58^2*ufoGC52
          - 1/8*g_(1,6_,nu10)*g_(2,6_,nu11)*Vec(nu10,q3)*Vec(nu11,q2)*DH(p3)*
         xiw*ufoGC58^2*ufoGC52
          - 1/8*g_(1,6_,nu10)*g_(2,6_,nu11)*Vec(nu10,q3)*Vec(nu11,q3)*DH(p3)*
         xiw*ufoGC58^2*ufoGC52
          );

  0.00 sec out of 0.00 sec
