FORM 5.0.0-beta.1 (Jan 15 2026, v5.0.0-beta.1-292-g4341c63)  Run: Thu Mar  5 16:57:07 2026
    #-

   d1l199amp =

       + Den(p3,xiw,M3)*Den(q2 + q3,xiw,M3)^2*Den(p3 - q2 - q3,0,0)^2 * (
          - 1/4*g_(1,6_,nu10)*g_(2,nu16)*cFT(g6,XX,i2,j11)*flavourTag(fmu,j11,
         j12)*Vec(nu10,q2)*Vec(nu16,q2)*Vec(nu9,q2)^2*xia*xiw*ufoGC58*ufoGC3*
         ufoGC107*ufoGC93
          + 1/4*g_(1,6_,nu10)*g_(2,nu16)*cFT(g6,XX,i2,j11)*flavourTag(fmu,j11,
         j12)*Vec(nu10,q2)*Vec(nu16,q2)*Vec(nu9,q2)^2*xiw*ufoGC58*ufoGC3*
         ufoGC107*ufoGC93
          - 1/2*g_(1,6_,nu10)*g_(2,nu16)*cFT(g6,XX,i2,j11)*flavourTag(fmu,j11,
         j12)*Vec(nu10,q2)*Vec(nu16,q2)*Vec(nu9,q2)*Vec(nu9,q3)*xia*xiw*
         ufoGC58*ufoGC3*ufoGC107*ufoGC93
          + 1/2*g_(1,6_,nu10)*g_(2,nu16)*cFT(g6,XX,i2,j11)*flavourTag(fmu,j11,
         j12)*Vec(nu10,q2)*Vec(nu16,q2)*Vec(nu9,q2)*Vec(nu9,q3)*xiw*ufoGC58*
         ufoGC3*ufoGC107*ufoGC93
          - 1/4*g_(1,6_,nu10)*g_(2,nu16)*cFT(g6,XX,i2,j11)*flavourTag(fmu,j11,
         j12)*Vec(nu10,q2)*Vec(nu16,q2)*Vec(nu9,q3)^2*xia*xiw*ufoGC58*ufoGC3*
         ufoGC107*ufoGC93
          + 1/4*g_(1,6_,nu10)*g_(2,nu16)*cFT(g6,XX,i2,j11)*flavourTag(fmu,j11,
         j12)*Vec(nu10,q2)*Vec(nu16,q2)*Vec(nu9,q3)^2*xiw*ufoGC58*ufoGC3*
         ufoGC107*ufoGC93
          - 1/4*g_(1,6_,nu10)*g_(2,nu16)*cFT(g6,XX,i2,j11)*flavourTag(fmu,j11,
         j12)*Vec(nu10,q2)*Vec(nu16,q3)*Vec(nu9,q2)^2*xia*xiw*ufoGC58*ufoGC3*
         ufoGC107*ufoGC93
          + 1/4*g_(1,6_,nu10)*g_(2,nu16)*cFT(g6,XX,i2,j11)*flavourTag(fmu,j11,
         j12)*Vec(nu10,q2)*Vec(nu16,q3)*Vec(nu9,q2)^2*xiw*ufoGC58*ufoGC3*
         ufoGC107*ufoGC93
          - 1/2*g_(1,6_,nu10)*g_(2,nu16)*cFT(g6,XX,i2,j11)*flavourTag(fmu,j11,
         j12)*Vec(nu10,q2)*Vec(nu16,q3)*Vec(nu9,q2)*Vec(nu9,q3)*xia*xiw*
         ufoGC58*ufoGC3*ufoGC107*ufoGC93
          + 1/2*g_(1,6_,nu10)*g_(2,nu16)*cFT(g6,XX,i2,j11)*flavourTag(fmu,j11,
         j12)*Vec(nu10,q2)*Vec(nu16,q3)*Vec(nu9,q2)*Vec(nu9,q3)*xiw*ufoGC58*
         ufoGC3*ufoGC107*ufoGC93
          - 1/4*g_(1,6_,nu10)*g_(2,nu16)*cFT(g6,XX,i2,j11)*flavourTag(fmu,j11,
         j12)*Vec(nu10,q2)*Vec(nu16,q3)*Vec(nu9,q3)^2*xia*xiw*ufoGC58*ufoGC3*
         ufoGC107*ufoGC93
          + 1/4*g_(1,6_,nu10)*g_(2,nu16)*cFT(g6,XX,i2,j11)*flavourTag(fmu,j11,
         j12)*Vec(nu10,q2)*Vec(nu16,q3)*Vec(nu9,q3)^2*xiw*ufoGC58*ufoGC3*
         ufoGC107*ufoGC93
          - 1/4*g_(1,6_,nu10)*g_(2,nu16)*cFT(g6,XX,i2,j11)*flavourTag(fmu,j11,
         j12)*Vec(nu10,q3)*Vec(nu16,q2)*Vec(nu9,q2)^2*xia*xiw*ufoGC58*ufoGC3*
         ufoGC107*ufoGC93
          + 1/4*g_(1,6_,nu10)*g_(2,nu16)*cFT(g6,XX,i2,j11)*flavourTag(fmu,j11,
         j12)*Vec(nu10,q3)*Vec(nu16,q2)*Vec(nu9,q2)^2*xiw*ufoGC58*ufoGC3*
         ufoGC107*ufoGC93
          - 1/2*g_(1,6_,nu10)*g_(2,nu16)*cFT(g6,XX,i2,j11)*flavourTag(fmu,j11,
         j12)*Vec(nu10,q3)*Vec(nu16,q2)*Vec(nu9,q2)*Vec(nu9,q3)*xia*xiw*
         ufoGC58*ufoGC3*ufoGC107*ufoGC93
          + 1/2*g_(1,6_,nu10)*g_(2,nu16)*cFT(g6,XX,i2,j11)*flavourTag(fmu,j11,
         j12)*Vec(nu10,q3)*Vec(nu16,q2)*Vec(nu9,q2)*Vec(nu9,q3)*xiw*ufoGC58*
         ufoGC3*ufoGC107*ufoGC93
          - 1/4*g_(1,6_,nu10)*g_(2,nu16)*cFT(g6,XX,i2,j11)*flavourTag(fmu,j11,
         j12)*Vec(nu10,q3)*Vec(nu16,q2)*Vec(nu9,q3)^2*xia*xiw*ufoGC58*ufoGC3*
         ufoGC107*ufoGC93
          + 1/4*g_(1,6_,nu10)*g_(2,nu16)*cFT(g6,XX,i2,j11)*flavourTag(fmu,j11,
         j12)*Vec(nu10,q3)*Vec(nu16,q2)*Vec(nu9,q3)^2*xiw*ufoGC58*ufoGC3*
         ufoGC107*ufoGC93
          - 1/4*g_(1,6_,nu10)*g_(2,nu16)*cFT(g6,XX,i2,j11)*flavourTag(fmu,j11,
         j12)*Vec(nu10,q3)*Vec(nu16,q3)*Vec(nu9,q2)^2*xia*xiw*ufoGC58*ufoGC3*
         ufoGC107*ufoGC93
          + 1/4*g_(1,6_,nu10)*g_(2,nu16)*cFT(g6,XX,i2,j11)*flavourTag(fmu,j11,
         j12)*Vec(nu10,q3)*Vec(nu16,q3)*Vec(nu9,q2)^2*xiw*ufoGC58*ufoGC3*
         ufoGC107*ufoGC93
          - 1/2*g_(1,6_,nu10)*g_(2,nu16)*cFT(g6,XX,i2,j11)*flavourTag(fmu,j11,
         j12)*Vec(nu10,q3)*Vec(nu16,q3)*Vec(nu9,q2)*Vec(nu9,q3)*xia*xiw*
         ufoGC58*ufoGC3*ufoGC107*ufoGC93
          + 1/2*g_(1,6_,nu10)*g_(2,nu16)*cFT(g6,XX,i2,j11)*flavourTag(fmu,j11,
         j12)*Vec(nu10,q3)*Vec(nu16,q3)*Vec(nu9,q2)*Vec(nu9,q3)*xiw*ufoGC58*
         ufoGC3*ufoGC107*ufoGC93
          - 1/4*g_(1,6_,nu10)*g_(2,nu16)*cFT(g6,XX,i2,j11)*flavourTag(fmu,j11,
         j12)*Vec(nu10,q3)*Vec(nu16,q3)*Vec(nu9,q3)^2*xia*xiw*ufoGC58*ufoGC3*
         ufoGC107*ufoGC93
          + 1/4*g_(1,6_,nu10)*g_(2,nu16)*cFT(g6,XX,i2,j11)*flavourTag(fmu,j11,
         j12)*Vec(nu10,q3)*Vec(nu16,q3)*Vec(nu9,q3)^2*xiw*ufoGC58*ufoGC3*
         ufoGC107*ufoGC93
          - 1/4*g_(1,6_,nu10)*g_(2,nu9)*cFT(g6,XX,i2,j11)*flavourTag(fmu,j11,
         j12)*Vec(nu10,q2)*Vec(nu9,q2)*p3.p3*d^-1*xia*xiw*ufoGC58*ufoGC3*
         ufoGC107*ufoGC93
          + 1/4*g_(1,6_,nu10)*g_(2,nu9)*cFT(g6,XX,i2,j11)*flavourTag(fmu,j11,
         j12)*Vec(nu10,q2)*Vec(nu9,q2)*p3.p3*d^-1*xiw*ufoGC58*ufoGC3*ufoGC107*
         ufoGC93
          - 1/4*g_(1,6_,nu10)*g_(2,nu9)*cFT(g6,XX,i2,j11)*flavourTag(fmu,j11,
         j12)*Vec(nu10,q2)*Vec(nu9,q3)*p3.p3*d^-1*xia*xiw*ufoGC58*ufoGC3*
         ufoGC107*ufoGC93
          + 1/4*g_(1,6_,nu10)*g_(2,nu9)*cFT(g6,XX,i2,j11)*flavourTag(fmu,j11,
         j12)*Vec(nu10,q2)*Vec(nu9,q3)*p3.p3*d^-1*xiw*ufoGC58*ufoGC3*ufoGC107*
         ufoGC93
          - 1/4*g_(1,6_,nu10)*g_(2,nu9)*cFT(g6,XX,i2,j11)*flavourTag(fmu,j11,
         j12)*Vec(nu10,q3)*Vec(nu9,q2)*p3.p3*d^-1*xia*xiw*ufoGC58*ufoGC3*
         ufoGC107*ufoGC93
          + 1/4*g_(1,6_,nu10)*g_(2,nu9)*cFT(g6,XX,i2,j11)*flavourTag(fmu,j11,
         j12)*Vec(nu10,q3)*Vec(nu9,q2)*p3.p3*d^-1*xiw*ufoGC58*ufoGC3*ufoGC107*
         ufoGC93
          - 1/4*g_(1,6_,nu10)*g_(2,nu9)*cFT(g6,XX,i2,j11)*flavourTag(fmu,j11,
         j12)*Vec(nu10,q3)*Vec(nu9,q3)*p3.p3*d^-1*xia*xiw*ufoGC58*ufoGC3*
         ufoGC107*ufoGC93
          + 1/4*g_(1,6_,nu10)*g_(2,nu9)*cFT(g6,XX,i2,j11)*flavourTag(fmu,j11,
         j12)*Vec(nu10,q3)*Vec(nu9,q3)*p3.p3*d^-1*xiw*ufoGC58*ufoGC3*ufoGC107*
         ufoGC93
          )

       + Den(p3,xiw,M3)*Den(q2 + q3,xiw,M3)^2*Den(p3 - q2 - q3,0,0) * (
          - 1/4*g_(1,6_,nu10)*g_(2,nu9)*cFT(g6,XX,i2,j11)*flavourTag(fmu,j11,
         j12)*Vec(nu10,q2)*Vec(nu9,q2)*xiw*ufoGC58*ufoGC3*ufoGC107*ufoGC93
          - 1/4*g_(1,6_,nu10)*g_(2,nu9)*cFT(g6,XX,i2,j11)*flavourTag(fmu,j11,
         j12)*Vec(nu10,q2)*Vec(nu9,q3)*xiw*ufoGC58*ufoGC3*ufoGC107*ufoGC93
          - 1/4*g_(1,6_,nu10)*g_(2,nu9)*cFT(g6,XX,i2,j11)*flavourTag(fmu,j11,
         j12)*Vec(nu10,q3)*Vec(nu9,q2)*xiw*ufoGC58*ufoGC3*ufoGC107*ufoGC93
          - 1/4*g_(1,6_,nu10)*g_(2,nu9)*cFT(g6,XX,i2,j11)*flavourTag(fmu,j11,
         j12)*Vec(nu10,q3)*Vec(nu9,q3)*xiw*ufoGC58*ufoGC3*ufoGC107*ufoGC93
          );

  0.00 sec out of 0.00 sec
