FORM 5.0.0-beta.1 (Jan 15 2026, v5.0.0-beta.1-292-g4341c63)  Run: Thu Mar  5 11:47:20 2026
    #-

   d1l168amp =

       + Den(p4,0,0)*Den(p4,xiw,M3)*Den(xiw,M3)^3 * (
          + 1/4*g_(1,6_,nu10)*FT2(g6)*Vec(nu10,q2)*Vec(nu9,q2)^2*d*ufoGC58*
         ufoGC107*ufoGC4*ufoGC93
          + 1/2*g_(1,6_,nu10)*FT2(g6)*Vec(nu10,q2)*Vec(nu9,q2)*Vec(nu9,q3)*d*
         ufoGC58*ufoGC107*ufoGC4*ufoGC93
          + 1/4*g_(1,6_,nu10)*FT2(g6)*Vec(nu10,q2)*Vec(nu9,q3)^2*d*ufoGC58*
         ufoGC107*ufoGC4*ufoGC93
          - 1/4*g_(1,6_,nu10)*FT2(g6)*Vec(nu10,q2)*Vec(nu15,q2)^2*ufoGC58*
         ufoGC107*ufoGC4*ufoGC93
          - 1/2*g_(1,6_,nu10)*FT2(g6)*Vec(nu10,q2)*Vec(nu15,q2)*Vec(nu15,q3)*
         ufoGC58*ufoGC107*ufoGC4*ufoGC93
          - 1/4*g_(1,6_,nu10)*FT2(g6)*Vec(nu10,q2)*Vec(nu15,q3)^2*ufoGC58*
         ufoGC107*ufoGC4*ufoGC93
          + 1/4*g_(1,6_,nu10)*FT2(g6)*Vec(nu10,q3)*Vec(nu9,q2)^2*d*ufoGC58*
         ufoGC107*ufoGC4*ufoGC93
          + 1/2*g_(1,6_,nu10)*FT2(g6)*Vec(nu10,q3)*Vec(nu9,q2)*Vec(nu9,q3)*d*
         ufoGC58*ufoGC107*ufoGC4*ufoGC93
          + 1/4*g_(1,6_,nu10)*FT2(g6)*Vec(nu10,q3)*Vec(nu9,q3)^2*d*ufoGC58*
         ufoGC107*ufoGC4*ufoGC93
          - 1/4*g_(1,6_,nu10)*FT2(g6)*Vec(nu10,q3)*Vec(nu15,q2)^2*ufoGC58*
         ufoGC107*ufoGC4*ufoGC93
          - 1/2*g_(1,6_,nu10)*FT2(g6)*Vec(nu10,q3)*Vec(nu15,q2)*Vec(nu15,q3)*
         ufoGC58*ufoGC107*ufoGC4*ufoGC93
          - 1/4*g_(1,6_,nu10)*FT2(g6)*Vec(nu10,q3)*Vec(nu15,q3)^2*ufoGC58*
         ufoGC107*ufoGC4*ufoGC93
          )

       + Den(p4,0,0)*Den(p4,xiw,M3)*Den(xiw,M3)^2 * (
          - 1/4*g_(1,6_,nu9)*FT2(g6)*Vec(nu9,q2)*d*ufoGC58*ufoGC107*ufoGC4*
         ufoGC93
          - 1/4*g_(1,6_,nu9)*FT2(g6)*Vec(nu9,q3)*d*ufoGC58*ufoGC107*ufoGC4*
         ufoGC93
          + 1/2*g_(1,6_,nu16)*FT2(g6)*Vec(nu16,q2)*ufoGC58*ufoGC107*ufoGC4*
         ufoGC93
          + 1/2*g_(1,6_,nu16)*FT2(g6)*Vec(nu16,q3)*ufoGC58*ufoGC107*ufoGC4*
         ufoGC93
          - 1/4*g_(1,6_,nu15)*FT2(g6)*Vec(nu15,q2)*ufoGC58*ufoGC107*ufoGC4*
         ufoGC93
          - 1/4*g_(1,6_,nu15)*FT2(g6)*Vec(nu15,q3)*ufoGC58*ufoGC107*ufoGC4*
         ufoGC93
          )

       + Den(p4,0,0)*Den(p4,xiw,M3)^2*Den(xiw,M3)^3 * (
          - 1/4*g_(1,6_,nu10)*FT2(g6)*Vec(nu10,q2)*Vec(nu9,q2)^2*p4.p4*ufoGC58
         *ufoGC107*ufoGC4*ufoGC93
          - 1/2*g_(1,6_,nu10)*FT2(g6)*Vec(nu10,q2)*Vec(nu9,q2)*Vec(nu9,q3)*
         p4.p4*ufoGC58*ufoGC107*ufoGC4*ufoGC93
          - 1/4*g_(1,6_,nu10)*FT2(g6)*Vec(nu10,q2)*Vec(nu9,q3)^2*p4.p4*ufoGC58
         *ufoGC107*ufoGC4*ufoGC93
          + 1/4*g_(1,6_,nu10)*FT2(g6)*Vec(nu10,q2)*Vec(nu15,q2)^2*p4.p4*d^-1*
         ufoGC58*ufoGC107*ufoGC4*ufoGC93
          + 1/2*g_(1,6_,nu10)*FT2(g6)*Vec(nu10,q2)*Vec(nu15,q2)*Vec(nu15,q3)*
         p4.p4*d^-1*ufoGC58*ufoGC107*ufoGC4*ufoGC93
          + 1/4*g_(1,6_,nu10)*FT2(g6)*Vec(nu10,q2)*Vec(nu15,q3)^2*p4.p4*d^-1*
         ufoGC58*ufoGC107*ufoGC4*ufoGC93
          - 1/4*g_(1,6_,nu10)*FT2(g6)*Vec(nu10,q3)*Vec(nu9,q2)^2*p4.p4*ufoGC58
         *ufoGC107*ufoGC4*ufoGC93
          - 1/2*g_(1,6_,nu10)*FT2(g6)*Vec(nu10,q3)*Vec(nu9,q2)*Vec(nu9,q3)*
         p4.p4*ufoGC58*ufoGC107*ufoGC4*ufoGC93
          - 1/4*g_(1,6_,nu10)*FT2(g6)*Vec(nu10,q3)*Vec(nu9,q3)^2*p4.p4*ufoGC58
         *ufoGC107*ufoGC4*ufoGC93
          + 1/4*g_(1,6_,nu10)*FT2(g6)*Vec(nu10,q3)*Vec(nu15,q2)^2*p4.p4*d^-1*
         ufoGC58*ufoGC107*ufoGC4*ufoGC93
          + 1/2*g_(1,6_,nu10)*FT2(g6)*Vec(nu10,q3)*Vec(nu15,q2)*Vec(nu15,q3)*
         p4.p4*d^-1*ufoGC58*ufoGC107*ufoGC4*ufoGC93
          + 1/4*g_(1,6_,nu10)*FT2(g6)*Vec(nu10,q3)*Vec(nu15,q3)^2*p4.p4*d^-1*
         ufoGC58*ufoGC107*ufoGC4*ufoGC93
          )

       + Den(p4,0,0)*Den(p4,xiw,M3)^2*Den(xiw,M3)^2 * (
          + 1/4*g_(1,6_,nu9)*FT2(g6)*Vec(nu9,q2)*p4.p4*ufoGC58*ufoGC107*ufoGC4
         *ufoGC93
          + 1/4*g_(1,6_,nu9)*FT2(g6)*Vec(nu9,q3)*p4.p4*ufoGC58*ufoGC107*ufoGC4
         *ufoGC93
          - 1/4*g_(1,6_,nu15)*FT2(g6)*Vec(nu15,q2)*p4.p4*d^-1*ufoGC58*ufoGC107
         *ufoGC4*ufoGC93
          - 1/4*g_(1,6_,nu15)*FT2(g6)*Vec(nu15,q3)*p4.p4*d^-1*ufoGC58*ufoGC107
         *ufoGC4*ufoGC93
          )

       + Den(p4,0,0)^2*Den(p4,xiw,M3)*Den(xiw,M3)^3 * (
          - 1/4*g_(1,6_,nu10)*FT2(g6)*Vec(nu10,q2)*Vec(nu9,q2)^2*Vec(nu15,q2)^
         2*xia*ufoGC58*ufoGC107*ufoGC4*ufoGC93
          + 1/4*g_(1,6_,nu10)*FT2(g6)*Vec(nu10,q2)*Vec(nu9,q2)^2*Vec(nu15,q2)^
         2*ufoGC58*ufoGC107*ufoGC4*ufoGC93
          - 1/2*g_(1,6_,nu10)*FT2(g6)*Vec(nu10,q2)*Vec(nu9,q2)^2*Vec(nu15,q2)*
         Vec(nu15,q3)*xia*ufoGC58*ufoGC107*ufoGC4*ufoGC93
          + 1/2*g_(1,6_,nu10)*FT2(g6)*Vec(nu10,q2)*Vec(nu9,q2)^2*Vec(nu15,q2)*
         Vec(nu15,q3)*ufoGC58*ufoGC107*ufoGC4*ufoGC93
          - 1/4*g_(1,6_,nu10)*FT2(g6)*Vec(nu10,q2)*Vec(nu9,q2)^2*Vec(nu15,q3)^
         2*xia*ufoGC58*ufoGC107*ufoGC4*ufoGC93
          + 1/4*g_(1,6_,nu10)*FT2(g6)*Vec(nu10,q2)*Vec(nu9,q2)^2*Vec(nu15,q3)^
         2*ufoGC58*ufoGC107*ufoGC4*ufoGC93
          - 1/2*g_(1,6_,nu10)*FT2(g6)*Vec(nu10,q2)*Vec(nu9,q2)*Vec(nu9,q3)*
         Vec(nu15,q2)^2*xia*ufoGC58*ufoGC107*ufoGC4*ufoGC93
          + 1/2*g_(1,6_,nu10)*FT2(g6)*Vec(nu10,q2)*Vec(nu9,q2)*Vec(nu9,q3)*
         Vec(nu15,q2)^2*ufoGC58*ufoGC107*ufoGC4*ufoGC93
          - g_(1,6_,nu10)*FT2(g6)*Vec(nu10,q2)*Vec(nu9,q2)*Vec(nu9,q3)*Vec(
         nu15,q2)*Vec(nu15,q3)*xia*ufoGC58*ufoGC107*ufoGC4*ufoGC93
          + g_(1,6_,nu10)*FT2(g6)*Vec(nu10,q2)*Vec(nu9,q2)*Vec(nu9,q3)*Vec(
         nu15,q2)*Vec(nu15,q3)*ufoGC58*ufoGC107*ufoGC4*ufoGC93
          - 1/2*g_(1,6_,nu10)*FT2(g6)*Vec(nu10,q2)*Vec(nu9,q2)*Vec(nu9,q3)*
         Vec(nu15,q3)^2*xia*ufoGC58*ufoGC107*ufoGC4*ufoGC93
          + 1/2*g_(1,6_,nu10)*FT2(g6)*Vec(nu10,q2)*Vec(nu9,q2)*Vec(nu9,q3)*
         Vec(nu15,q3)^2*ufoGC58*ufoGC107*ufoGC4*ufoGC93
          - 1/4*g_(1,6_,nu10)*FT2(g6)*Vec(nu10,q2)*Vec(nu9,q3)^2*Vec(nu15,q2)^
         2*xia*ufoGC58*ufoGC107*ufoGC4*ufoGC93
          + 1/4*g_(1,6_,nu10)*FT2(g6)*Vec(nu10,q2)*Vec(nu9,q3)^2*Vec(nu15,q2)^
         2*ufoGC58*ufoGC107*ufoGC4*ufoGC93
          - 1/2*g_(1,6_,nu10)*FT2(g6)*Vec(nu10,q2)*Vec(nu9,q3)^2*Vec(nu15,q2)*
         Vec(nu15,q3)*xia*ufoGC58*ufoGC107*ufoGC4*ufoGC93
          + 1/2*g_(1,6_,nu10)*FT2(g6)*Vec(nu10,q2)*Vec(nu9,q3)^2*Vec(nu15,q2)*
         Vec(nu15,q3)*ufoGC58*ufoGC107*ufoGC4*ufoGC93
          - 1/4*g_(1,6_,nu10)*FT2(g6)*Vec(nu10,q2)*Vec(nu9,q3)^2*Vec(nu15,q3)^
         2*xia*ufoGC58*ufoGC107*ufoGC4*ufoGC93
          + 1/4*g_(1,6_,nu10)*FT2(g6)*Vec(nu10,q2)*Vec(nu9,q3)^2*Vec(nu15,q3)^
         2*ufoGC58*ufoGC107*ufoGC4*ufoGC93
          + 1/4*g_(1,6_,nu10)*FT2(g6)*Vec(nu10,q2)*Vec(nu14,q2)^2*Vec(nu15,q2)
         ^2*xia*ufoGC58*ufoGC107*ufoGC4*ufoGC93
          - 1/4*g_(1,6_,nu10)*FT2(g6)*Vec(nu10,q2)*Vec(nu14,q2)^2*Vec(nu15,q2)
         ^2*ufoGC58*ufoGC107*ufoGC4*ufoGC93
          + 1/2*g_(1,6_,nu10)*FT2(g6)*Vec(nu10,q2)*Vec(nu14,q2)^2*Vec(nu15,q2)
         *Vec(nu15,q3)*xia*ufoGC58*ufoGC107*ufoGC4*ufoGC93
          - 1/2*g_(1,6_,nu10)*FT2(g6)*Vec(nu10,q2)*Vec(nu14,q2)^2*Vec(nu15,q2)
         *Vec(nu15,q3)*ufoGC58*ufoGC107*ufoGC4*ufoGC93
          + 1/4*g_(1,6_,nu10)*FT2(g6)*Vec(nu10,q2)*Vec(nu14,q2)^2*Vec(nu15,q3)
         ^2*xia*ufoGC58*ufoGC107*ufoGC4*ufoGC93
          - 1/4*g_(1,6_,nu10)*FT2(g6)*Vec(nu10,q2)*Vec(nu14,q2)^2*Vec(nu15,q3)
         ^2*ufoGC58*ufoGC107*ufoGC4*ufoGC93
          + 1/2*g_(1,6_,nu10)*FT2(g6)*Vec(nu10,q2)*Vec(nu14,q2)*Vec(nu14,q3)*
         Vec(nu15,q2)^2*xia*ufoGC58*ufoGC107*ufoGC4*ufoGC93
          - 1/2*g_(1,6_,nu10)*FT2(g6)*Vec(nu10,q2)*Vec(nu14,q2)*Vec(nu14,q3)*
         Vec(nu15,q2)^2*ufoGC58*ufoGC107*ufoGC4*ufoGC93
          + g_(1,6_,nu10)*FT2(g6)*Vec(nu10,q2)*Vec(nu14,q2)*Vec(nu14,q3)*Vec(
         nu15,q2)*Vec(nu15,q3)*xia*ufoGC58*ufoGC107*ufoGC4*ufoGC93
          - g_(1,6_,nu10)*FT2(g6)*Vec(nu10,q2)*Vec(nu14,q2)*Vec(nu14,q3)*Vec(
         nu15,q2)*Vec(nu15,q3)*ufoGC58*ufoGC107*ufoGC4*ufoGC93
          + 1/2*g_(1,6_,nu10)*FT2(g6)*Vec(nu10,q2)*Vec(nu14,q2)*Vec(nu14,q3)*
         Vec(nu15,q3)^2*xia*ufoGC58*ufoGC107*ufoGC4*ufoGC93
          - 1/2*g_(1,6_,nu10)*FT2(g6)*Vec(nu10,q2)*Vec(nu14,q2)*Vec(nu14,q3)*
         Vec(nu15,q3)^2*ufoGC58*ufoGC107*ufoGC4*ufoGC93
          + 1/4*g_(1,6_,nu10)*FT2(g6)*Vec(nu10,q2)*Vec(nu14,q3)^2*Vec(nu15,q2)
         ^2*xia*ufoGC58*ufoGC107*ufoGC4*ufoGC93
          - 1/4*g_(1,6_,nu10)*FT2(g6)*Vec(nu10,q2)*Vec(nu14,q3)^2*Vec(nu15,q2)
         ^2*ufoGC58*ufoGC107*ufoGC4*ufoGC93
          + 1/2*g_(1,6_,nu10)*FT2(g6)*Vec(nu10,q2)*Vec(nu14,q3)^2*Vec(nu15,q2)
         *Vec(nu15,q3)*xia*ufoGC58*ufoGC107*ufoGC4*ufoGC93
          - 1/2*g_(1,6_,nu10)*FT2(g6)*Vec(nu10,q2)*Vec(nu14,q3)^2*Vec(nu15,q2)
         *Vec(nu15,q3)*ufoGC58*ufoGC107*ufoGC4*ufoGC93
          + 1/4*g_(1,6_,nu10)*FT2(g6)*Vec(nu10,q2)*Vec(nu14,q3)^2*Vec(nu15,q3)
         ^2*xia*ufoGC58*ufoGC107*ufoGC4*ufoGC93
          - 1/4*g_(1,6_,nu10)*FT2(g6)*Vec(nu10,q2)*Vec(nu14,q3)^2*Vec(nu15,q3)
         ^2*ufoGC58*ufoGC107*ufoGC4*ufoGC93
          - 1/4*g_(1,6_,nu10)*FT2(g6)*Vec(nu10,q2)*Vec(nu15,q2)^2*p4.p4*xia*
         ufoGC58*ufoGC107*ufoGC4*ufoGC93
          + 1/4*g_(1,6_,nu10)*FT2(g6)*Vec(nu10,q2)*Vec(nu15,q2)^2*p4.p4*
         ufoGC58*ufoGC107*ufoGC4*ufoGC93
          + 1/4*g_(1,6_,nu10)*FT2(g6)*Vec(nu10,q2)*Vec(nu15,q2)^2*p4.p4*d^-1*
         xia*ufoGC58*ufoGC107*ufoGC4*ufoGC93
          - 1/4*g_(1,6_,nu10)*FT2(g6)*Vec(nu10,q2)*Vec(nu15,q2)^2*p4.p4*d^-1*
         ufoGC58*ufoGC107*ufoGC4*ufoGC93
          - 1/2*g_(1,6_,nu10)*FT2(g6)*Vec(nu10,q2)*Vec(nu15,q2)*Vec(nu15,q3)*
         p4.p4*xia*ufoGC58*ufoGC107*ufoGC4*ufoGC93
          + 1/2*g_(1,6_,nu10)*FT2(g6)*Vec(nu10,q2)*Vec(nu15,q2)*Vec(nu15,q3)*
         p4.p4*ufoGC58*ufoGC107*ufoGC4*ufoGC93
          + 1/2*g_(1,6_,nu10)*FT2(g6)*Vec(nu10,q2)*Vec(nu15,q2)*Vec(nu15,q3)*
         p4.p4*d^-1*xia*ufoGC58*ufoGC107*ufoGC4*ufoGC93
          - 1/2*g_(1,6_,nu10)*FT2(g6)*Vec(nu10,q2)*Vec(nu15,q2)*Vec(nu15,q3)*
         p4.p4*d^-1*ufoGC58*ufoGC107*ufoGC4*ufoGC93
          - 1/4*g_(1,6_,nu10)*FT2(g6)*Vec(nu10,q2)*Vec(nu15,q3)^2*p4.p4*xia*
         ufoGC58*ufoGC107*ufoGC4*ufoGC93
          + 1/4*g_(1,6_,nu10)*FT2(g6)*Vec(nu10,q2)*Vec(nu15,q3)^2*p4.p4*
         ufoGC58*ufoGC107*ufoGC4*ufoGC93
          + 1/4*g_(1,6_,nu10)*FT2(g6)*Vec(nu10,q2)*Vec(nu15,q3)^2*p4.p4*d^-1*
         xia*ufoGC58*ufoGC107*ufoGC4*ufoGC93
          - 1/4*g_(1,6_,nu10)*FT2(g6)*Vec(nu10,q2)*Vec(nu15,q3)^2*p4.p4*d^-1*
         ufoGC58*ufoGC107*ufoGC4*ufoGC93
          - 1/4*g_(1,6_,nu10)*FT2(g6)*Vec(nu10,q3)*Vec(nu9,q2)^2*Vec(nu15,q2)^
         2*xia*ufoGC58*ufoGC107*ufoGC4*ufoGC93
          + 1/4*g_(1,6_,nu10)*FT2(g6)*Vec(nu10,q3)*Vec(nu9,q2)^2*Vec(nu15,q2)^
         2*ufoGC58*ufoGC107*ufoGC4*ufoGC93
          - 1/2*g_(1,6_,nu10)*FT2(g6)*Vec(nu10,q3)*Vec(nu9,q2)^2*Vec(nu15,q2)*
         Vec(nu15,q3)*xia*ufoGC58*ufoGC107*ufoGC4*ufoGC93
          + 1/2*g_(1,6_,nu10)*FT2(g6)*Vec(nu10,q3)*Vec(nu9,q2)^2*Vec(nu15,q2)*
         Vec(nu15,q3)*ufoGC58*ufoGC107*ufoGC4*ufoGC93
          - 1/4*g_(1,6_,nu10)*FT2(g6)*Vec(nu10,q3)*Vec(nu9,q2)^2*Vec(nu15,q3)^
         2*xia*ufoGC58*ufoGC107*ufoGC4*ufoGC93
          + 1/4*g_(1,6_,nu10)*FT2(g6)*Vec(nu10,q3)*Vec(nu9,q2)^2*Vec(nu15,q3)^
         2*ufoGC58*ufoGC107*ufoGC4*ufoGC93
          - 1/2*g_(1,6_,nu10)*FT2(g6)*Vec(nu10,q3)*Vec(nu9,q2)*Vec(nu9,q3)*
         Vec(nu15,q2)^2*xia*ufoGC58*ufoGC107*ufoGC4*ufoGC93
          + 1/2*g_(1,6_,nu10)*FT2(g6)*Vec(nu10,q3)*Vec(nu9,q2)*Vec(nu9,q3)*
         Vec(nu15,q2)^2*ufoGC58*ufoGC107*ufoGC4*ufoGC93
          - g_(1,6_,nu10)*FT2(g6)*Vec(nu10,q3)*Vec(nu9,q2)*Vec(nu9,q3)*Vec(
         nu15,q2)*Vec(nu15,q3)*xia*ufoGC58*ufoGC107*ufoGC4*ufoGC93
          + g_(1,6_,nu10)*FT2(g6)*Vec(nu10,q3)*Vec(nu9,q2)*Vec(nu9,q3)*Vec(
         nu15,q2)*Vec(nu15,q3)*ufoGC58*ufoGC107*ufoGC4*ufoGC93
          - 1/2*g_(1,6_,nu10)*FT2(g6)*Vec(nu10,q3)*Vec(nu9,q2)*Vec(nu9,q3)*
         Vec(nu15,q3)^2*xia*ufoGC58*ufoGC107*ufoGC4*ufoGC93
          + 1/2*g_(1,6_,nu10)*FT2(g6)*Vec(nu10,q3)*Vec(nu9,q2)*Vec(nu9,q3)*
         Vec(nu15,q3)^2*ufoGC58*ufoGC107*ufoGC4*ufoGC93
          - 1/4*g_(1,6_,nu10)*FT2(g6)*Vec(nu10,q3)*Vec(nu9,q3)^2*Vec(nu15,q2)^
         2*xia*ufoGC58*ufoGC107*ufoGC4*ufoGC93
          + 1/4*g_(1,6_,nu10)*FT2(g6)*Vec(nu10,q3)*Vec(nu9,q3)^2*Vec(nu15,q2)^
         2*ufoGC58*ufoGC107*ufoGC4*ufoGC93
          - 1/2*g_(1,6_,nu10)*FT2(g6)*Vec(nu10,q3)*Vec(nu9,q3)^2*Vec(nu15,q2)*
         Vec(nu15,q3)*xia*ufoGC58*ufoGC107*ufoGC4*ufoGC93
          + 1/2*g_(1,6_,nu10)*FT2(g6)*Vec(nu10,q3)*Vec(nu9,q3)^2*Vec(nu15,q2)*
         Vec(nu15,q3)*ufoGC58*ufoGC107*ufoGC4*ufoGC93
          - 1/4*g_(1,6_,nu10)*FT2(g6)*Vec(nu10,q3)*Vec(nu9,q3)^2*Vec(nu15,q3)^
         2*xia*ufoGC58*ufoGC107*ufoGC4*ufoGC93
          + 1/4*g_(1,6_,nu10)*FT2(g6)*Vec(nu10,q3)*Vec(nu9,q3)^2*Vec(nu15,q3)^
         2*ufoGC58*ufoGC107*ufoGC4*ufoGC93
          + 1/4*g_(1,6_,nu10)*FT2(g6)*Vec(nu10,q3)*Vec(nu14,q2)^2*Vec(nu15,q2)
         ^2*xia*ufoGC58*ufoGC107*ufoGC4*ufoGC93
          - 1/4*g_(1,6_,nu10)*FT2(g6)*Vec(nu10,q3)*Vec(nu14,q2)^2*Vec(nu15,q2)
         ^2*ufoGC58*ufoGC107*ufoGC4*ufoGC93
          + 1/2*g_(1,6_,nu10)*FT2(g6)*Vec(nu10,q3)*Vec(nu14,q2)^2*Vec(nu15,q2)
         *Vec(nu15,q3)*xia*ufoGC58*ufoGC107*ufoGC4*ufoGC93
          - 1/2*g_(1,6_,nu10)*FT2(g6)*Vec(nu10,q3)*Vec(nu14,q2)^2*Vec(nu15,q2)
         *Vec(nu15,q3)*ufoGC58*ufoGC107*ufoGC4*ufoGC93
          + 1/4*g_(1,6_,nu10)*FT2(g6)*Vec(nu10,q3)*Vec(nu14,q2)^2*Vec(nu15,q3)
         ^2*xia*ufoGC58*ufoGC107*ufoGC4*ufoGC93
          - 1/4*g_(1,6_,nu10)*FT2(g6)*Vec(nu10,q3)*Vec(nu14,q2)^2*Vec(nu15,q3)
         ^2*ufoGC58*ufoGC107*ufoGC4*ufoGC93
          + 1/2*g_(1,6_,nu10)*FT2(g6)*Vec(nu10,q3)*Vec(nu14,q2)*Vec(nu14,q3)*
         Vec(nu15,q2)^2*xia*ufoGC58*ufoGC107*ufoGC4*ufoGC93
          - 1/2*g_(1,6_,nu10)*FT2(g6)*Vec(nu10,q3)*Vec(nu14,q2)*Vec(nu14,q3)*
         Vec(nu15,q2)^2*ufoGC58*ufoGC107*ufoGC4*ufoGC93
          + g_(1,6_,nu10)*FT2(g6)*Vec(nu10,q3)*Vec(nu14,q2)*Vec(nu14,q3)*Vec(
         nu15,q2)*Vec(nu15,q3)*xia*ufoGC58*ufoGC107*ufoGC4*ufoGC93
          - g_(1,6_,nu10)*FT2(g6)*Vec(nu10,q3)*Vec(nu14,q2)*Vec(nu14,q3)*Vec(
         nu15,q2)*Vec(nu15,q3)*ufoGC58*ufoGC107*ufoGC4*ufoGC93
          + 1/2*g_(1,6_,nu10)*FT2(g6)*Vec(nu10,q3)*Vec(nu14,q2)*Vec(nu14,q3)*
         Vec(nu15,q3)^2*xia*ufoGC58*ufoGC107*ufoGC4*ufoGC93
          - 1/2*g_(1,6_,nu10)*FT2(g6)*Vec(nu10,q3)*Vec(nu14,q2)*Vec(nu14,q3)*
         Vec(nu15,q3)^2*ufoGC58*ufoGC107*ufoGC4*ufoGC93
          + 1/4*g_(1,6_,nu10)*FT2(g6)*Vec(nu10,q3)*Vec(nu14,q3)^2*Vec(nu15,q2)
         ^2*xia*ufoGC58*ufoGC107*ufoGC4*ufoGC93
          - 1/4*g_(1,6_,nu10)*FT2(g6)*Vec(nu10,q3)*Vec(nu14,q3)^2*Vec(nu15,q2)
         ^2*ufoGC58*ufoGC107*ufoGC4*ufoGC93
          + 1/2*g_(1,6_,nu10)*FT2(g6)*Vec(nu10,q3)*Vec(nu14,q3)^2*Vec(nu15,q2)
         *Vec(nu15,q3)*xia*ufoGC58*ufoGC107*ufoGC4*ufoGC93
          - 1/2*g_(1,6_,nu10)*FT2(g6)*Vec(nu10,q3)*Vec(nu14,q3)^2*Vec(nu15,q2)
         *Vec(nu15,q3)*ufoGC58*ufoGC107*ufoGC4*ufoGC93
          + 1/4*g_(1,6_,nu10)*FT2(g6)*Vec(nu10,q3)*Vec(nu14,q3)^2*Vec(nu15,q3)
         ^2*xia*ufoGC58*ufoGC107*ufoGC4*ufoGC93
          - 1/4*g_(1,6_,nu10)*FT2(g6)*Vec(nu10,q3)*Vec(nu14,q3)^2*Vec(nu15,q3)
         ^2*ufoGC58*ufoGC107*ufoGC4*ufoGC93
          - 1/4*g_(1,6_,nu10)*FT2(g6)*Vec(nu10,q3)*Vec(nu15,q2)^2*p4.p4*xia*
         ufoGC58*ufoGC107*ufoGC4*ufoGC93
          + 1/4*g_(1,6_,nu10)*FT2(g6)*Vec(nu10,q3)*Vec(nu15,q2)^2*p4.p4*
         ufoGC58*ufoGC107*ufoGC4*ufoGC93
          + 1/4*g_(1,6_,nu10)*FT2(g6)*Vec(nu10,q3)*Vec(nu15,q2)^2*p4.p4*d^-1*
         xia*ufoGC58*ufoGC107*ufoGC4*ufoGC93
          - 1/4*g_(1,6_,nu10)*FT2(g6)*Vec(nu10,q3)*Vec(nu15,q2)^2*p4.p4*d^-1*
         ufoGC58*ufoGC107*ufoGC4*ufoGC93
          - 1/2*g_(1,6_,nu10)*FT2(g6)*Vec(nu10,q3)*Vec(nu15,q2)*Vec(nu15,q3)*
         p4.p4*xia*ufoGC58*ufoGC107*ufoGC4*ufoGC93
          + 1/2*g_(1,6_,nu10)*FT2(g6)*Vec(nu10,q3)*Vec(nu15,q2)*Vec(nu15,q3)*
         p4.p4*ufoGC58*ufoGC107*ufoGC4*ufoGC93
          + 1/2*g_(1,6_,nu10)*FT2(g6)*Vec(nu10,q3)*Vec(nu15,q2)*Vec(nu15,q3)*
         p4.p4*d^-1*xia*ufoGC58*ufoGC107*ufoGC4*ufoGC93
          - 1/2*g_(1,6_,nu10)*FT2(g6)*Vec(nu10,q3)*Vec(nu15,q2)*Vec(nu15,q3)*
         p4.p4*d^-1*ufoGC58*ufoGC107*ufoGC4*ufoGC93
          - 1/4*g_(1,6_,nu10)*FT2(g6)*Vec(nu10,q3)*Vec(nu15,q3)^2*p4.p4*xia*
         ufoGC58*ufoGC107*ufoGC4*ufoGC93
          + 1/4*g_(1,6_,nu10)*FT2(g6)*Vec(nu10,q3)*Vec(nu15,q3)^2*p4.p4*
         ufoGC58*ufoGC107*ufoGC4*ufoGC93
          + 1/4*g_(1,6_,nu10)*FT2(g6)*Vec(nu10,q3)*Vec(nu15,q3)^2*p4.p4*d^-1*
         xia*ufoGC58*ufoGC107*ufoGC4*ufoGC93
          - 1/4*g_(1,6_,nu10)*FT2(g6)*Vec(nu10,q3)*Vec(nu15,q3)^2*p4.p4*d^-1*
         ufoGC58*ufoGC107*ufoGC4*ufoGC93
          )

       + Den(p4,0,0)^2*Den(p4,xiw,M3)*Den(xiw,M3)^2 * (
          + 1/4*g_(1,6_,nu9)*FT2(g6)*Vec(nu9,q2)*Vec(nu15,q2)^2*xia*ufoGC58*
         ufoGC107*ufoGC4*ufoGC93
          - 1/4*g_(1,6_,nu9)*FT2(g6)*Vec(nu9,q2)*Vec(nu15,q2)^2*ufoGC58*
         ufoGC107*ufoGC4*ufoGC93
          + 1/2*g_(1,6_,nu9)*FT2(g6)*Vec(nu9,q2)*Vec(nu15,q2)*Vec(nu15,q3)*xia
         *ufoGC58*ufoGC107*ufoGC4*ufoGC93
          - 1/2*g_(1,6_,nu9)*FT2(g6)*Vec(nu9,q2)*Vec(nu15,q2)*Vec(nu15,q3)*
         ufoGC58*ufoGC107*ufoGC4*ufoGC93
          + 1/4*g_(1,6_,nu9)*FT2(g6)*Vec(nu9,q2)*Vec(nu15,q3)^2*xia*ufoGC58*
         ufoGC107*ufoGC4*ufoGC93
          - 1/4*g_(1,6_,nu9)*FT2(g6)*Vec(nu9,q2)*Vec(nu15,q3)^2*ufoGC58*
         ufoGC107*ufoGC4*ufoGC93
          + 1/4*g_(1,6_,nu9)*FT2(g6)*Vec(nu9,q3)*Vec(nu15,q2)^2*xia*ufoGC58*
         ufoGC107*ufoGC4*ufoGC93
          - 1/4*g_(1,6_,nu9)*FT2(g6)*Vec(nu9,q3)*Vec(nu15,q2)^2*ufoGC58*
         ufoGC107*ufoGC4*ufoGC93
          + 1/2*g_(1,6_,nu9)*FT2(g6)*Vec(nu9,q3)*Vec(nu15,q2)*Vec(nu15,q3)*xia
         *ufoGC58*ufoGC107*ufoGC4*ufoGC93
          - 1/2*g_(1,6_,nu9)*FT2(g6)*Vec(nu9,q3)*Vec(nu15,q2)*Vec(nu15,q3)*
         ufoGC58*ufoGC107*ufoGC4*ufoGC93
          + 1/4*g_(1,6_,nu9)*FT2(g6)*Vec(nu9,q3)*Vec(nu15,q3)^2*xia*ufoGC58*
         ufoGC107*ufoGC4*ufoGC93
          - 1/4*g_(1,6_,nu9)*FT2(g6)*Vec(nu9,q3)*Vec(nu15,q3)^2*ufoGC58*
         ufoGC107*ufoGC4*ufoGC93
          - 1/4*g_(1,6_,nu15)*FT2(g6)*Vec(nu14,q2)^2*Vec(nu15,q2)*xia*ufoGC58*
         ufoGC107*ufoGC4*ufoGC93
          + 1/4*g_(1,6_,nu15)*FT2(g6)*Vec(nu14,q2)^2*Vec(nu15,q2)*ufoGC58*
         ufoGC107*ufoGC4*ufoGC93
          - 1/4*g_(1,6_,nu15)*FT2(g6)*Vec(nu14,q2)^2*Vec(nu15,q3)*xia*ufoGC58*
         ufoGC107*ufoGC4*ufoGC93
          + 1/4*g_(1,6_,nu15)*FT2(g6)*Vec(nu14,q2)^2*Vec(nu15,q3)*ufoGC58*
         ufoGC107*ufoGC4*ufoGC93
          - 1/2*g_(1,6_,nu15)*FT2(g6)*Vec(nu14,q2)*Vec(nu14,q3)*Vec(nu15,q2)*
         xia*ufoGC58*ufoGC107*ufoGC4*ufoGC93
          + 1/2*g_(1,6_,nu15)*FT2(g6)*Vec(nu14,q2)*Vec(nu14,q3)*Vec(nu15,q2)*
         ufoGC58*ufoGC107*ufoGC4*ufoGC93
          - 1/2*g_(1,6_,nu15)*FT2(g6)*Vec(nu14,q2)*Vec(nu14,q3)*Vec(nu15,q3)*
         xia*ufoGC58*ufoGC107*ufoGC4*ufoGC93
          + 1/2*g_(1,6_,nu15)*FT2(g6)*Vec(nu14,q2)*Vec(nu14,q3)*Vec(nu15,q3)*
         ufoGC58*ufoGC107*ufoGC4*ufoGC93
          - 1/4*g_(1,6_,nu15)*FT2(g6)*Vec(nu14,q3)^2*Vec(nu15,q2)*xia*ufoGC58*
         ufoGC107*ufoGC4*ufoGC93
          + 1/4*g_(1,6_,nu15)*FT2(g6)*Vec(nu14,q3)^2*Vec(nu15,q2)*ufoGC58*
         ufoGC107*ufoGC4*ufoGC93
          - 1/4*g_(1,6_,nu15)*FT2(g6)*Vec(nu14,q3)^2*Vec(nu15,q3)*xia*ufoGC58*
         ufoGC107*ufoGC4*ufoGC93
          + 1/4*g_(1,6_,nu15)*FT2(g6)*Vec(nu14,q3)^2*Vec(nu15,q3)*ufoGC58*
         ufoGC107*ufoGC4*ufoGC93
          + 1/4*g_(1,6_,nu15)*FT2(g6)*Vec(nu15,q2)*p4.p4*xia*ufoGC58*ufoGC107*
         ufoGC4*ufoGC93
          - 1/4*g_(1,6_,nu15)*FT2(g6)*Vec(nu15,q2)*p4.p4*ufoGC58*ufoGC107*
         ufoGC4*ufoGC93
          - 1/4*g_(1,6_,nu15)*FT2(g6)*Vec(nu15,q2)*p4.p4*d^-1*xia*ufoGC58*
         ufoGC107*ufoGC4*ufoGC93
          + 1/4*g_(1,6_,nu15)*FT2(g6)*Vec(nu15,q2)*p4.p4*d^-1*ufoGC58*ufoGC107
         *ufoGC4*ufoGC93
          + 1/4*g_(1,6_,nu15)*FT2(g6)*Vec(nu15,q3)*p4.p4*xia*ufoGC58*ufoGC107*
         ufoGC4*ufoGC93
          - 1/4*g_(1,6_,nu15)*FT2(g6)*Vec(nu15,q3)*p4.p4*ufoGC58*ufoGC107*
         ufoGC4*ufoGC93
          - 1/4*g_(1,6_,nu15)*FT2(g6)*Vec(nu15,q3)*p4.p4*d^-1*xia*ufoGC58*
         ufoGC107*ufoGC4*ufoGC93
          + 1/4*g_(1,6_,nu15)*FT2(g6)*Vec(nu15,q3)*p4.p4*d^-1*ufoGC58*ufoGC107
         *ufoGC4*ufoGC93
          )

       + Den(p4,0,0)^2*Den(p4,xiw,M3)^2*Den(xiw,M3)^3 * (
          + 1/4*g_(1,6_,nu10)*FT2(g6)*Vec(nu10,q2)*Vec(nu9,q2)^2*Vec(nu15,q2)^
         2*p4.p4*d^-1*xia*ufoGC58*ufoGC107*ufoGC4*ufoGC93
          - 1/4*g_(1,6_,nu10)*FT2(g6)*Vec(nu10,q2)*Vec(nu9,q2)^2*Vec(nu15,q2)^
         2*p4.p4*d^-1*ufoGC58*ufoGC107*ufoGC4*ufoGC93
          + 1/2*g_(1,6_,nu10)*FT2(g6)*Vec(nu10,q2)*Vec(nu9,q2)^2*Vec(nu15,q2)*
         Vec(nu15,q3)*p4.p4*d^-1*xia*ufoGC58*ufoGC107*ufoGC4*ufoGC93
          - 1/2*g_(1,6_,nu10)*FT2(g6)*Vec(nu10,q2)*Vec(nu9,q2)^2*Vec(nu15,q2)*
         Vec(nu15,q3)*p4.p4*d^-1*ufoGC58*ufoGC107*ufoGC4*ufoGC93
          + 1/4*g_(1,6_,nu10)*FT2(g6)*Vec(nu10,q2)*Vec(nu9,q2)^2*Vec(nu15,q3)^
         2*p4.p4*d^-1*xia*ufoGC58*ufoGC107*ufoGC4*ufoGC93
          - 1/4*g_(1,6_,nu10)*FT2(g6)*Vec(nu10,q2)*Vec(nu9,q2)^2*Vec(nu15,q3)^
         2*p4.p4*d^-1*ufoGC58*ufoGC107*ufoGC4*ufoGC93
          + 1/2*g_(1,6_,nu10)*FT2(g6)*Vec(nu10,q2)*Vec(nu9,q2)*Vec(nu9,q3)*
         Vec(nu15,q2)^2*p4.p4*d^-1*xia*ufoGC58*ufoGC107*ufoGC4*ufoGC93
          - 1/2*g_(1,6_,nu10)*FT2(g6)*Vec(nu10,q2)*Vec(nu9,q2)*Vec(nu9,q3)*
         Vec(nu15,q2)^2*p4.p4*d^-1*ufoGC58*ufoGC107*ufoGC4*ufoGC93
          + g_(1,6_,nu10)*FT2(g6)*Vec(nu10,q2)*Vec(nu9,q2)*Vec(nu9,q3)*Vec(
         nu15,q2)*Vec(nu15,q3)*p4.p4*d^-1*xia*ufoGC58*ufoGC107*ufoGC4*ufoGC93
          - g_(1,6_,nu10)*FT2(g6)*Vec(nu10,q2)*Vec(nu9,q2)*Vec(nu9,q3)*Vec(
         nu15,q2)*Vec(nu15,q3)*p4.p4*d^-1*ufoGC58*ufoGC107*ufoGC4*ufoGC93
          + 1/2*g_(1,6_,nu10)*FT2(g6)*Vec(nu10,q2)*Vec(nu9,q2)*Vec(nu9,q3)*
         Vec(nu15,q3)^2*p4.p4*d^-1*xia*ufoGC58*ufoGC107*ufoGC4*ufoGC93
          - 1/2*g_(1,6_,nu10)*FT2(g6)*Vec(nu10,q2)*Vec(nu9,q2)*Vec(nu9,q3)*
         Vec(nu15,q3)^2*p4.p4*d^-1*ufoGC58*ufoGC107*ufoGC4*ufoGC93
          + 1/4*g_(1,6_,nu10)*FT2(g6)*Vec(nu10,q2)*Vec(nu9,q3)^2*Vec(nu15,q2)^
         2*p4.p4*d^-1*xia*ufoGC58*ufoGC107*ufoGC4*ufoGC93
          - 1/4*g_(1,6_,nu10)*FT2(g6)*Vec(nu10,q2)*Vec(nu9,q3)^2*Vec(nu15,q2)^
         2*p4.p4*d^-1*ufoGC58*ufoGC107*ufoGC4*ufoGC93
          + 1/2*g_(1,6_,nu10)*FT2(g6)*Vec(nu10,q2)*Vec(nu9,q3)^2*Vec(nu15,q2)*
         Vec(nu15,q3)*p4.p4*d^-1*xia*ufoGC58*ufoGC107*ufoGC4*ufoGC93
          - 1/2*g_(1,6_,nu10)*FT2(g6)*Vec(nu10,q2)*Vec(nu9,q3)^2*Vec(nu15,q2)*
         Vec(nu15,q3)*p4.p4*d^-1*ufoGC58*ufoGC107*ufoGC4*ufoGC93
          + 1/4*g_(1,6_,nu10)*FT2(g6)*Vec(nu10,q2)*Vec(nu9,q3)^2*Vec(nu15,q3)^
         2*p4.p4*d^-1*xia*ufoGC58*ufoGC107*ufoGC4*ufoGC93
          - 1/4*g_(1,6_,nu10)*FT2(g6)*Vec(nu10,q2)*Vec(nu9,q3)^2*Vec(nu15,q3)^
         2*p4.p4*d^-1*ufoGC58*ufoGC107*ufoGC4*ufoGC93
          - 1/4*g_(1,6_,nu10)*FT2(g6)*Vec(nu10,q2)*Vec(nu14,q2)^2*Vec(nu15,q2)
         ^2*p4.p4*d^-1*xia*ufoGC58*ufoGC107*ufoGC4*ufoGC93
          + 1/4*g_(1,6_,nu10)*FT2(g6)*Vec(nu10,q2)*Vec(nu14,q2)^2*Vec(nu15,q2)
         ^2*p4.p4*d^-1*ufoGC58*ufoGC107*ufoGC4*ufoGC93
          - 1/2*g_(1,6_,nu10)*FT2(g6)*Vec(nu10,q2)*Vec(nu14,q2)^2*Vec(nu15,q2)
         *Vec(nu15,q3)*p4.p4*d^-1*xia*ufoGC58*ufoGC107*ufoGC4*ufoGC93
          + 1/2*g_(1,6_,nu10)*FT2(g6)*Vec(nu10,q2)*Vec(nu14,q2)^2*Vec(nu15,q2)
         *Vec(nu15,q3)*p4.p4*d^-1*ufoGC58*ufoGC107*ufoGC4*ufoGC93
          - 1/4*g_(1,6_,nu10)*FT2(g6)*Vec(nu10,q2)*Vec(nu14,q2)^2*Vec(nu15,q3)
         ^2*p4.p4*d^-1*xia*ufoGC58*ufoGC107*ufoGC4*ufoGC93
          + 1/4*g_(1,6_,nu10)*FT2(g6)*Vec(nu10,q2)*Vec(nu14,q2)^2*Vec(nu15,q3)
         ^2*p4.p4*d^-1*ufoGC58*ufoGC107*ufoGC4*ufoGC93
          - 1/2*g_(1,6_,nu10)*FT2(g6)*Vec(nu10,q2)*Vec(nu14,q2)*Vec(nu14,q3)*
         Vec(nu15,q2)^2*p4.p4*d^-1*xia*ufoGC58*ufoGC107*ufoGC4*ufoGC93
          + 1/2*g_(1,6_,nu10)*FT2(g6)*Vec(nu10,q2)*Vec(nu14,q2)*Vec(nu14,q3)*
         Vec(nu15,q2)^2*p4.p4*d^-1*ufoGC58*ufoGC107*ufoGC4*ufoGC93
          - g_(1,6_,nu10)*FT2(g6)*Vec(nu10,q2)*Vec(nu14,q2)*Vec(nu14,q3)*Vec(
         nu15,q2)*Vec(nu15,q3)*p4.p4*d^-1*xia*ufoGC58*ufoGC107*ufoGC4*ufoGC93
          + g_(1,6_,nu10)*FT2(g6)*Vec(nu10,q2)*Vec(nu14,q2)*Vec(nu14,q3)*Vec(
         nu15,q2)*Vec(nu15,q3)*p4.p4*d^-1*ufoGC58*ufoGC107*ufoGC4*ufoGC93
          - 1/2*g_(1,6_,nu10)*FT2(g6)*Vec(nu10,q2)*Vec(nu14,q2)*Vec(nu14,q3)*
         Vec(nu15,q3)^2*p4.p4*d^-1*xia*ufoGC58*ufoGC107*ufoGC4*ufoGC93
          + 1/2*g_(1,6_,nu10)*FT2(g6)*Vec(nu10,q2)*Vec(nu14,q2)*Vec(nu14,q3)*
         Vec(nu15,q3)^2*p4.p4*d^-1*ufoGC58*ufoGC107*ufoGC4*ufoGC93
          - 1/4*g_(1,6_,nu10)*FT2(g6)*Vec(nu10,q2)*Vec(nu14,q3)^2*Vec(nu15,q2)
         ^2*p4.p4*d^-1*xia*ufoGC58*ufoGC107*ufoGC4*ufoGC93
          + 1/4*g_(1,6_,nu10)*FT2(g6)*Vec(nu10,q2)*Vec(nu14,q3)^2*Vec(nu15,q2)
         ^2*p4.p4*d^-1*ufoGC58*ufoGC107*ufoGC4*ufoGC93
          - 1/2*g_(1,6_,nu10)*FT2(g6)*Vec(nu10,q2)*Vec(nu14,q3)^2*Vec(nu15,q2)
         *Vec(nu15,q3)*p4.p4*d^-1*xia*ufoGC58*ufoGC107*ufoGC4*ufoGC93
          + 1/2*g_(1,6_,nu10)*FT2(g6)*Vec(nu10,q2)*Vec(nu14,q3)^2*Vec(nu15,q2)
         *Vec(nu15,q3)*p4.p4*d^-1*ufoGC58*ufoGC107*ufoGC4*ufoGC93
          - 1/4*g_(1,6_,nu10)*FT2(g6)*Vec(nu10,q2)*Vec(nu14,q3)^2*Vec(nu15,q3)
         ^2*p4.p4*d^-1*xia*ufoGC58*ufoGC107*ufoGC4*ufoGC93
          + 1/4*g_(1,6_,nu10)*FT2(g6)*Vec(nu10,q2)*Vec(nu14,q3)^2*Vec(nu15,q3)
         ^2*p4.p4*d^-1*ufoGC58*ufoGC107*ufoGC4*ufoGC93
          + 1/4*g_(1,6_,nu10)*FT2(g6)*Vec(nu10,q3)*Vec(nu9,q2)^2*Vec(nu15,q2)^
         2*p4.p4*d^-1*xia*ufoGC58*ufoGC107*ufoGC4*ufoGC93
          - 1/4*g_(1,6_,nu10)*FT2(g6)*Vec(nu10,q3)*Vec(nu9,q2)^2*Vec(nu15,q2)^
         2*p4.p4*d^-1*ufoGC58*ufoGC107*ufoGC4*ufoGC93
          + 1/2*g_(1,6_,nu10)*FT2(g6)*Vec(nu10,q3)*Vec(nu9,q2)^2*Vec(nu15,q2)*
         Vec(nu15,q3)*p4.p4*d^-1*xia*ufoGC58*ufoGC107*ufoGC4*ufoGC93
          - 1/2*g_(1,6_,nu10)*FT2(g6)*Vec(nu10,q3)*Vec(nu9,q2)^2*Vec(nu15,q2)*
         Vec(nu15,q3)*p4.p4*d^-1*ufoGC58*ufoGC107*ufoGC4*ufoGC93
          + 1/4*g_(1,6_,nu10)*FT2(g6)*Vec(nu10,q3)*Vec(nu9,q2)^2*Vec(nu15,q3)^
         2*p4.p4*d^-1*xia*ufoGC58*ufoGC107*ufoGC4*ufoGC93
          - 1/4*g_(1,6_,nu10)*FT2(g6)*Vec(nu10,q3)*Vec(nu9,q2)^2*Vec(nu15,q3)^
         2*p4.p4*d^-1*ufoGC58*ufoGC107*ufoGC4*ufoGC93
          + 1/2*g_(1,6_,nu10)*FT2(g6)*Vec(nu10,q3)*Vec(nu9,q2)*Vec(nu9,q3)*
         Vec(nu15,q2)^2*p4.p4*d^-1*xia*ufoGC58*ufoGC107*ufoGC4*ufoGC93
          - 1/2*g_(1,6_,nu10)*FT2(g6)*Vec(nu10,q3)*Vec(nu9,q2)*Vec(nu9,q3)*
         Vec(nu15,q2)^2*p4.p4*d^-1*ufoGC58*ufoGC107*ufoGC4*ufoGC93
          + g_(1,6_,nu10)*FT2(g6)*Vec(nu10,q3)*Vec(nu9,q2)*Vec(nu9,q3)*Vec(
         nu15,q2)*Vec(nu15,q3)*p4.p4*d^-1*xia*ufoGC58*ufoGC107*ufoGC4*ufoGC93
          - g_(1,6_,nu10)*FT2(g6)*Vec(nu10,q3)*Vec(nu9,q2)*Vec(nu9,q3)*Vec(
         nu15,q2)*Vec(nu15,q3)*p4.p4*d^-1*ufoGC58*ufoGC107*ufoGC4*ufoGC93
          + 1/2*g_(1,6_,nu10)*FT2(g6)*Vec(nu10,q3)*Vec(nu9,q2)*Vec(nu9,q3)*
         Vec(nu15,q3)^2*p4.p4*d^-1*xia*ufoGC58*ufoGC107*ufoGC4*ufoGC93
          - 1/2*g_(1,6_,nu10)*FT2(g6)*Vec(nu10,q3)*Vec(nu9,q2)*Vec(nu9,q3)*
         Vec(nu15,q3)^2*p4.p4*d^-1*ufoGC58*ufoGC107*ufoGC4*ufoGC93
          + 1/4*g_(1,6_,nu10)*FT2(g6)*Vec(nu10,q3)*Vec(nu9,q3)^2*Vec(nu15,q2)^
         2*p4.p4*d^-1*xia*ufoGC58*ufoGC107*ufoGC4*ufoGC93
          - 1/4*g_(1,6_,nu10)*FT2(g6)*Vec(nu10,q3)*Vec(nu9,q3)^2*Vec(nu15,q2)^
         2*p4.p4*d^-1*ufoGC58*ufoGC107*ufoGC4*ufoGC93
          + 1/2*g_(1,6_,nu10)*FT2(g6)*Vec(nu10,q3)*Vec(nu9,q3)^2*Vec(nu15,q2)*
         Vec(nu15,q3)*p4.p4*d^-1*xia*ufoGC58*ufoGC107*ufoGC4*ufoGC93
          - 1/2*g_(1,6_,nu10)*FT2(g6)*Vec(nu10,q3)*Vec(nu9,q3)^2*Vec(nu15,q2)*
         Vec(nu15,q3)*p4.p4*d^-1*ufoGC58*ufoGC107*ufoGC4*ufoGC93
          + 1/4*g_(1,6_,nu10)*FT2(g6)*Vec(nu10,q3)*Vec(nu9,q3)^2*Vec(nu15,q3)^
         2*p4.p4*d^-1*xia*ufoGC58*ufoGC107*ufoGC4*ufoGC93
          - 1/4*g_(1,6_,nu10)*FT2(g6)*Vec(nu10,q3)*Vec(nu9,q3)^2*Vec(nu15,q3)^
         2*p4.p4*d^-1*ufoGC58*ufoGC107*ufoGC4*ufoGC93
          - 1/4*g_(1,6_,nu10)*FT2(g6)*Vec(nu10,q3)*Vec(nu14,q2)^2*Vec(nu15,q2)
         ^2*p4.p4*d^-1*xia*ufoGC58*ufoGC107*ufoGC4*ufoGC93
          + 1/4*g_(1,6_,nu10)*FT2(g6)*Vec(nu10,q3)*Vec(nu14,q2)^2*Vec(nu15,q2)
         ^2*p4.p4*d^-1*ufoGC58*ufoGC107*ufoGC4*ufoGC93
          - 1/2*g_(1,6_,nu10)*FT2(g6)*Vec(nu10,q3)*Vec(nu14,q2)^2*Vec(nu15,q2)
         *Vec(nu15,q3)*p4.p4*d^-1*xia*ufoGC58*ufoGC107*ufoGC4*ufoGC93
          + 1/2*g_(1,6_,nu10)*FT2(g6)*Vec(nu10,q3)*Vec(nu14,q2)^2*Vec(nu15,q2)
         *Vec(nu15,q3)*p4.p4*d^-1*ufoGC58*ufoGC107*ufoGC4*ufoGC93
          - 1/4*g_(1,6_,nu10)*FT2(g6)*Vec(nu10,q3)*Vec(nu14,q2)^2*Vec(nu15,q3)
         ^2*p4.p4*d^-1*xia*ufoGC58*ufoGC107*ufoGC4*ufoGC93
          + 1/4*g_(1,6_,nu10)*FT2(g6)*Vec(nu10,q3)*Vec(nu14,q2)^2*Vec(nu15,q3)
         ^2*p4.p4*d^-1*ufoGC58*ufoGC107*ufoGC4*ufoGC93
          - 1/2*g_(1,6_,nu10)*FT2(g6)*Vec(nu10,q3)*Vec(nu14,q2)*Vec(nu14,q3)*
         Vec(nu15,q2)^2*p4.p4*d^-1*xia*ufoGC58*ufoGC107*ufoGC4*ufoGC93
          + 1/2*g_(1,6_,nu10)*FT2(g6)*Vec(nu10,q3)*Vec(nu14,q2)*Vec(nu14,q3)*
         Vec(nu15,q2)^2*p4.p4*d^-1*ufoGC58*ufoGC107*ufoGC4*ufoGC93
          - g_(1,6_,nu10)*FT2(g6)*Vec(nu10,q3)*Vec(nu14,q2)*Vec(nu14,q3)*Vec(
         nu15,q2)*Vec(nu15,q3)*p4.p4*d^-1*xia*ufoGC58*ufoGC107*ufoGC4*ufoGC93
          + g_(1,6_,nu10)*FT2(g6)*Vec(nu10,q3)*Vec(nu14,q2)*Vec(nu14,q3)*Vec(
         nu15,q2)*Vec(nu15,q3)*p4.p4*d^-1*ufoGC58*ufoGC107*ufoGC4*ufoGC93
          - 1/2*g_(1,6_,nu10)*FT2(g6)*Vec(nu10,q3)*Vec(nu14,q2)*Vec(nu14,q3)*
         Vec(nu15,q3)^2*p4.p4*d^-1*xia*ufoGC58*ufoGC107*ufoGC4*ufoGC93
          + 1/2*g_(1,6_,nu10)*FT2(g6)*Vec(nu10,q3)*Vec(nu14,q2)*Vec(nu14,q3)*
         Vec(nu15,q3)^2*p4.p4*d^-1*ufoGC58*ufoGC107*ufoGC4*ufoGC93
          - 1/4*g_(1,6_,nu10)*FT2(g6)*Vec(nu10,q3)*Vec(nu14,q3)^2*Vec(nu15,q2)
         ^2*p4.p4*d^-1*xia*ufoGC58*ufoGC107*ufoGC4*ufoGC93
          + 1/4*g_(1,6_,nu10)*FT2(g6)*Vec(nu10,q3)*Vec(nu14,q3)^2*Vec(nu15,q2)
         ^2*p4.p4*d^-1*ufoGC58*ufoGC107*ufoGC4*ufoGC93
          - 1/2*g_(1,6_,nu10)*FT2(g6)*Vec(nu10,q3)*Vec(nu14,q3)^2*Vec(nu15,q2)
         *Vec(nu15,q3)*p4.p4*d^-1*xia*ufoGC58*ufoGC107*ufoGC4*ufoGC93
          + 1/2*g_(1,6_,nu10)*FT2(g6)*Vec(nu10,q3)*Vec(nu14,q3)^2*Vec(nu15,q2)
         *Vec(nu15,q3)*p4.p4*d^-1*ufoGC58*ufoGC107*ufoGC4*ufoGC93
          - 1/4*g_(1,6_,nu10)*FT2(g6)*Vec(nu10,q3)*Vec(nu14,q3)^2*Vec(nu15,q3)
         ^2*p4.p4*d^-1*xia*ufoGC58*ufoGC107*ufoGC4*ufoGC93
          + 1/4*g_(1,6_,nu10)*FT2(g6)*Vec(nu10,q3)*Vec(nu14,q3)^2*Vec(nu15,q3)
         ^2*p4.p4*d^-1*ufoGC58*ufoGC107*ufoGC4*ufoGC93
          )

       + Den(p4,0,0)^2*Den(p4,xiw,M3)^2*Den(xiw,M3)^2 * (
          - 1/4*g_(1,6_,nu9)*FT2(g6)*Vec(nu9,q2)*Vec(nu15,q2)^2*p4.p4*d^-1*xia
         *ufoGC58*ufoGC107*ufoGC4*ufoGC93
          + 1/4*g_(1,6_,nu9)*FT2(g6)*Vec(nu9,q2)*Vec(nu15,q2)^2*p4.p4*d^-1*
         ufoGC58*ufoGC107*ufoGC4*ufoGC93
          - 1/2*g_(1,6_,nu9)*FT2(g6)*Vec(nu9,q2)*Vec(nu15,q2)*Vec(nu15,q3)*
         p4.p4*d^-1*xia*ufoGC58*ufoGC107*ufoGC4*ufoGC93
          + 1/2*g_(1,6_,nu9)*FT2(g6)*Vec(nu9,q2)*Vec(nu15,q2)*Vec(nu15,q3)*
         p4.p4*d^-1*ufoGC58*ufoGC107*ufoGC4*ufoGC93
          - 1/4*g_(1,6_,nu9)*FT2(g6)*Vec(nu9,q2)*Vec(nu15,q3)^2*p4.p4*d^-1*xia
         *ufoGC58*ufoGC107*ufoGC4*ufoGC93
          + 1/4*g_(1,6_,nu9)*FT2(g6)*Vec(nu9,q2)*Vec(nu15,q3)^2*p4.p4*d^-1*
         ufoGC58*ufoGC107*ufoGC4*ufoGC93
          - 1/4*g_(1,6_,nu9)*FT2(g6)*Vec(nu9,q3)*Vec(nu15,q2)^2*p4.p4*d^-1*xia
         *ufoGC58*ufoGC107*ufoGC4*ufoGC93
          + 1/4*g_(1,6_,nu9)*FT2(g6)*Vec(nu9,q3)*Vec(nu15,q2)^2*p4.p4*d^-1*
         ufoGC58*ufoGC107*ufoGC4*ufoGC93
          - 1/2*g_(1,6_,nu9)*FT2(g6)*Vec(nu9,q3)*Vec(nu15,q2)*Vec(nu15,q3)*
         p4.p4*d^-1*xia*ufoGC58*ufoGC107*ufoGC4*ufoGC93
          + 1/2*g_(1,6_,nu9)*FT2(g6)*Vec(nu9,q3)*Vec(nu15,q2)*Vec(nu15,q3)*
         p4.p4*d^-1*ufoGC58*ufoGC107*ufoGC4*ufoGC93
          - 1/4*g_(1,6_,nu9)*FT2(g6)*Vec(nu9,q3)*Vec(nu15,q3)^2*p4.p4*d^-1*xia
         *ufoGC58*ufoGC107*ufoGC4*ufoGC93
          + 1/4*g_(1,6_,nu9)*FT2(g6)*Vec(nu9,q3)*Vec(nu15,q3)^2*p4.p4*d^-1*
         ufoGC58*ufoGC107*ufoGC4*ufoGC93
          + 1/4*g_(1,6_,nu15)*FT2(g6)*Vec(nu14,q2)^2*Vec(nu15,q2)*p4.p4*d^-1*
         xia*ufoGC58*ufoGC107*ufoGC4*ufoGC93
          - 1/4*g_(1,6_,nu15)*FT2(g6)*Vec(nu14,q2)^2*Vec(nu15,q2)*p4.p4*d^-1*
         ufoGC58*ufoGC107*ufoGC4*ufoGC93
          + 1/4*g_(1,6_,nu15)*FT2(g6)*Vec(nu14,q2)^2*Vec(nu15,q3)*p4.p4*d^-1*
         xia*ufoGC58*ufoGC107*ufoGC4*ufoGC93
          - 1/4*g_(1,6_,nu15)*FT2(g6)*Vec(nu14,q2)^2*Vec(nu15,q3)*p4.p4*d^-1*
         ufoGC58*ufoGC107*ufoGC4*ufoGC93
          + 1/2*g_(1,6_,nu15)*FT2(g6)*Vec(nu14,q2)*Vec(nu14,q3)*Vec(nu15,q2)*
         p4.p4*d^-1*xia*ufoGC58*ufoGC107*ufoGC4*ufoGC93
          - 1/2*g_(1,6_,nu15)*FT2(g6)*Vec(nu14,q2)*Vec(nu14,q3)*Vec(nu15,q2)*
         p4.p4*d^-1*ufoGC58*ufoGC107*ufoGC4*ufoGC93
          + 1/2*g_(1,6_,nu15)*FT2(g6)*Vec(nu14,q2)*Vec(nu14,q3)*Vec(nu15,q3)*
         p4.p4*d^-1*xia*ufoGC58*ufoGC107*ufoGC4*ufoGC93
          - 1/2*g_(1,6_,nu15)*FT2(g6)*Vec(nu14,q2)*Vec(nu14,q3)*Vec(nu15,q3)*
         p4.p4*d^-1*ufoGC58*ufoGC107*ufoGC4*ufoGC93
          + 1/4*g_(1,6_,nu15)*FT2(g6)*Vec(nu14,q3)^2*Vec(nu15,q2)*p4.p4*d^-1*
         xia*ufoGC58*ufoGC107*ufoGC4*ufoGC93
          - 1/4*g_(1,6_,nu15)*FT2(g6)*Vec(nu14,q3)^2*Vec(nu15,q2)*p4.p4*d^-1*
         ufoGC58*ufoGC107*ufoGC4*ufoGC93
          + 1/4*g_(1,6_,nu15)*FT2(g6)*Vec(nu14,q3)^2*Vec(nu15,q3)*p4.p4*d^-1*
         xia*ufoGC58*ufoGC107*ufoGC4*ufoGC93
          - 1/4*g_(1,6_,nu15)*FT2(g6)*Vec(nu14,q3)^2*Vec(nu15,q3)*p4.p4*d^-1*
         ufoGC58*ufoGC107*ufoGC4*ufoGC93
          );

  0.04 sec out of 0.04 sec
