FORM 5.0.0-beta.1 (Jan 15 2026, v5.0.0-beta.1-292-g4341c63)  Run: Thu Mar  5 16:57:06 2026
    #-

   d1l193amp =

       + Den(p3,xiw,M3)^2*Den(q2 + q3,xiw,M3)^2*Den(p3 - q2 - q3,0,0)^2 * (
          - 1/4*g_(1,6_,nu10)*g_(2,nu16)*cFT(nu9,XX,i2,iufo11)*cFT(g7,XX,
         iufo11,j11)*flavourTag(fmu,j11,j12)*Vec(nu10,q2)*Vec(nu16,q2)*Vec(nu9
         ,q2)*p3.p3^2*d^-1*xia*xiw^2*ufoGC58^2*ufoGC3*ufoGC4
          + 1/4*g_(1,6_,nu10)*g_(2,nu16)*cFT(nu9,XX,i2,iufo11)*cFT(g7,XX,
         iufo11,j11)*flavourTag(fmu,j11,j12)*Vec(nu10,q2)*Vec(nu16,q2)*Vec(nu9
         ,q2)*p3.p3^2*d^-1*xiw^2*ufoGC58^2*ufoGC3*ufoGC4
          - 1/4*g_(1,6_,nu10)*g_(2,nu16)*cFT(nu9,XX,i2,iufo11)*cFT(g7,XX,
         iufo11,j11)*flavourTag(fmu,j11,j12)*Vec(nu10,q2)*Vec(nu16,q2)*Vec(nu9
         ,q3)*p3.p3^2*d^-1*xia*xiw^2*ufoGC58^2*ufoGC3*ufoGC4
          + 1/4*g_(1,6_,nu10)*g_(2,nu16)*cFT(nu9,XX,i2,iufo11)*cFT(g7,XX,
         iufo11,j11)*flavourTag(fmu,j11,j12)*Vec(nu10,q2)*Vec(nu16,q2)*Vec(nu9
         ,q3)*p3.p3^2*d^-1*xiw^2*ufoGC58^2*ufoGC3*ufoGC4
          - 1/4*g_(1,6_,nu10)*g_(2,nu16)*cFT(nu9,XX,i2,iufo11)*cFT(g7,XX,
         iufo11,j11)*flavourTag(fmu,j11,j12)*Vec(nu10,q2)*Vec(nu16,q3)*Vec(nu9
         ,q2)*p3.p3^2*d^-1*xia*xiw^2*ufoGC58^2*ufoGC3*ufoGC4
          + 1/4*g_(1,6_,nu10)*g_(2,nu16)*cFT(nu9,XX,i2,iufo11)*cFT(g7,XX,
         iufo11,j11)*flavourTag(fmu,j11,j12)*Vec(nu10,q2)*Vec(nu16,q3)*Vec(nu9
         ,q2)*p3.p3^2*d^-1*xiw^2*ufoGC58^2*ufoGC3*ufoGC4
          - 1/4*g_(1,6_,nu10)*g_(2,nu16)*cFT(nu9,XX,i2,iufo11)*cFT(g7,XX,
         iufo11,j11)*flavourTag(fmu,j11,j12)*Vec(nu10,q2)*Vec(nu16,q3)*Vec(nu9
         ,q3)*p3.p3^2*d^-1*xia*xiw^2*ufoGC58^2*ufoGC3*ufoGC4
          + 1/4*g_(1,6_,nu10)*g_(2,nu16)*cFT(nu9,XX,i2,iufo11)*cFT(g7,XX,
         iufo11,j11)*flavourTag(fmu,j11,j12)*Vec(nu10,q2)*Vec(nu16,q3)*Vec(nu9
         ,q3)*p3.p3^2*d^-1*xiw^2*ufoGC58^2*ufoGC3*ufoGC4
          - 1/4*g_(1,6_,nu10)*g_(2,nu16)*cFT(nu9,XX,i2,iufo11)*cFT(g7,XX,
         iufo11,j11)*flavourTag(fmu,j11,j12)*Vec(nu10,q3)*Vec(nu16,q2)*Vec(nu9
         ,q2)*p3.p3^2*d^-1*xia*xiw^2*ufoGC58^2*ufoGC3*ufoGC4
          + 1/4*g_(1,6_,nu10)*g_(2,nu16)*cFT(nu9,XX,i2,iufo11)*cFT(g7,XX,
         iufo11,j11)*flavourTag(fmu,j11,j12)*Vec(nu10,q3)*Vec(nu16,q2)*Vec(nu9
         ,q2)*p3.p3^2*d^-1*xiw^2*ufoGC58^2*ufoGC3*ufoGC4
          - 1/4*g_(1,6_,nu10)*g_(2,nu16)*cFT(nu9,XX,i2,iufo11)*cFT(g7,XX,
         iufo11,j11)*flavourTag(fmu,j11,j12)*Vec(nu10,q3)*Vec(nu16,q2)*Vec(nu9
         ,q3)*p3.p3^2*d^-1*xia*xiw^2*ufoGC58^2*ufoGC3*ufoGC4
          + 1/4*g_(1,6_,nu10)*g_(2,nu16)*cFT(nu9,XX,i2,iufo11)*cFT(g7,XX,
         iufo11,j11)*flavourTag(fmu,j11,j12)*Vec(nu10,q3)*Vec(nu16,q2)*Vec(nu9
         ,q3)*p3.p3^2*d^-1*xiw^2*ufoGC58^2*ufoGC3*ufoGC4
          - 1/4*g_(1,6_,nu10)*g_(2,nu16)*cFT(nu9,XX,i2,iufo11)*cFT(g7,XX,
         iufo11,j11)*flavourTag(fmu,j11,j12)*Vec(nu10,q3)*Vec(nu16,q3)*Vec(nu9
         ,q2)*p3.p3^2*d^-1*xia*xiw^2*ufoGC58^2*ufoGC3*ufoGC4
          + 1/4*g_(1,6_,nu10)*g_(2,nu16)*cFT(nu9,XX,i2,iufo11)*cFT(g7,XX,
         iufo11,j11)*flavourTag(fmu,j11,j12)*Vec(nu10,q3)*Vec(nu16,q3)*Vec(nu9
         ,q2)*p3.p3^2*d^-1*xiw^2*ufoGC58^2*ufoGC3*ufoGC4
          - 1/4*g_(1,6_,nu10)*g_(2,nu16)*cFT(nu9,XX,i2,iufo11)*cFT(g7,XX,
         iufo11,j11)*flavourTag(fmu,j11,j12)*Vec(nu10,q3)*Vec(nu16,q3)*Vec(nu9
         ,q3)*p3.p3^2*d^-1*xia*xiw^2*ufoGC58^2*ufoGC3*ufoGC4
          + 1/4*g_(1,6_,nu10)*g_(2,nu16)*cFT(nu9,XX,i2,iufo11)*cFT(g7,XX,
         iufo11,j11)*flavourTag(fmu,j11,j12)*Vec(nu10,q3)*Vec(nu16,q3)*Vec(nu9
         ,q3)*p3.p3^2*d^-1*xiw^2*ufoGC58^2*ufoGC3*ufoGC4
          + 1/4*g_(1,6_,nu10)*g_(2,nu16)*cFT(nu14,XX,i2,iufo11)*cFT(g7,XX,
         iufo11,j11)*flavourTag(fmu,j11,j12)*Vec(nu10,q2)*Vec(nu16,q2)*Vec(nu9
         ,q2)^2*Vec(nu14,q2)*p3.p3*d^-1*xia*xiw^2*ufoGC58^2*ufoGC3*ufoGC4
          - 1/4*g_(1,6_,nu10)*g_(2,nu16)*cFT(nu14,XX,i2,iufo11)*cFT(g7,XX,
         iufo11,j11)*flavourTag(fmu,j11,j12)*Vec(nu10,q2)*Vec(nu16,q2)*Vec(nu9
         ,q2)^2*Vec(nu14,q2)*p3.p3*d^-1*xiw^2*ufoGC58^2*ufoGC3*ufoGC4
          + 1/4*g_(1,6_,nu10)*g_(2,nu16)*cFT(nu14,XX,i2,iufo11)*cFT(g7,XX,
         iufo11,j11)*flavourTag(fmu,j11,j12)*Vec(nu10,q2)*Vec(nu16,q2)*Vec(nu9
         ,q2)^2*Vec(nu14,q3)*p3.p3*d^-1*xia*xiw^2*ufoGC58^2*ufoGC3*ufoGC4
          - 1/4*g_(1,6_,nu10)*g_(2,nu16)*cFT(nu14,XX,i2,iufo11)*cFT(g7,XX,
         iufo11,j11)*flavourTag(fmu,j11,j12)*Vec(nu10,q2)*Vec(nu16,q2)*Vec(nu9
         ,q2)^2*Vec(nu14,q3)*p3.p3*d^-1*xiw^2*ufoGC58^2*ufoGC3*ufoGC4
          + 1/2*g_(1,6_,nu10)*g_(2,nu16)*cFT(nu14,XX,i2,iufo11)*cFT(g7,XX,
         iufo11,j11)*flavourTag(fmu,j11,j12)*Vec(nu10,q2)*Vec(nu16,q2)*Vec(nu9
         ,q2)*Vec(nu9,q3)*Vec(nu14,q2)*p3.p3*d^-1*xia*xiw^2*ufoGC58^2*ufoGC3*
         ufoGC4
          - 1/2*g_(1,6_,nu10)*g_(2,nu16)*cFT(nu14,XX,i2,iufo11)*cFT(g7,XX,
         iufo11,j11)*flavourTag(fmu,j11,j12)*Vec(nu10,q2)*Vec(nu16,q2)*Vec(nu9
         ,q2)*Vec(nu9,q3)*Vec(nu14,q2)*p3.p3*d^-1*xiw^2*ufoGC58^2*ufoGC3*
         ufoGC4
          + 1/2*g_(1,6_,nu10)*g_(2,nu16)*cFT(nu14,XX,i2,iufo11)*cFT(g7,XX,
         iufo11,j11)*flavourTag(fmu,j11,j12)*Vec(nu10,q2)*Vec(nu16,q2)*Vec(nu9
         ,q2)*Vec(nu9,q3)*Vec(nu14,q3)*p3.p3*d^-1*xia*xiw^2*ufoGC58^2*ufoGC3*
         ufoGC4
          - 1/2*g_(1,6_,nu10)*g_(2,nu16)*cFT(nu14,XX,i2,iufo11)*cFT(g7,XX,
         iufo11,j11)*flavourTag(fmu,j11,j12)*Vec(nu10,q2)*Vec(nu16,q2)*Vec(nu9
         ,q2)*Vec(nu9,q3)*Vec(nu14,q3)*p3.p3*d^-1*xiw^2*ufoGC58^2*ufoGC3*
         ufoGC4
          + 1/4*g_(1,6_,nu10)*g_(2,nu16)*cFT(nu14,XX,i2,iufo11)*cFT(g7,XX,
         iufo11,j11)*flavourTag(fmu,j11,j12)*Vec(nu10,q2)*Vec(nu16,q2)*Vec(nu9
         ,q3)^2*Vec(nu14,q2)*p3.p3*d^-1*xia*xiw^2*ufoGC58^2*ufoGC3*ufoGC4
          - 1/4*g_(1,6_,nu10)*g_(2,nu16)*cFT(nu14,XX,i2,iufo11)*cFT(g7,XX,
         iufo11,j11)*flavourTag(fmu,j11,j12)*Vec(nu10,q2)*Vec(nu16,q2)*Vec(nu9
         ,q3)^2*Vec(nu14,q2)*p3.p3*d^-1*xiw^2*ufoGC58^2*ufoGC3*ufoGC4
          + 1/4*g_(1,6_,nu10)*g_(2,nu16)*cFT(nu14,XX,i2,iufo11)*cFT(g7,XX,
         iufo11,j11)*flavourTag(fmu,j11,j12)*Vec(nu10,q2)*Vec(nu16,q2)*Vec(nu9
         ,q3)^2*Vec(nu14,q3)*p3.p3*d^-1*xia*xiw^2*ufoGC58^2*ufoGC3*ufoGC4
          - 1/4*g_(1,6_,nu10)*g_(2,nu16)*cFT(nu14,XX,i2,iufo11)*cFT(g7,XX,
         iufo11,j11)*flavourTag(fmu,j11,j12)*Vec(nu10,q2)*Vec(nu16,q2)*Vec(nu9
         ,q3)^2*Vec(nu14,q3)*p3.p3*d^-1*xiw^2*ufoGC58^2*ufoGC3*ufoGC4
          + 1/4*g_(1,6_,nu10)*g_(2,nu16)*cFT(nu14,XX,i2,iufo11)*cFT(g7,XX,
         iufo11,j11)*flavourTag(fmu,j11,j12)*Vec(nu10,q2)*Vec(nu16,q2)*Vec(
         nu14,q2)*p3.p3^2*d^-1*xia*xiw^2*ufoGC58^2*ufoGC3*ufoGC4
          - 1/4*g_(1,6_,nu10)*g_(2,nu16)*cFT(nu14,XX,i2,iufo11)*cFT(g7,XX,
         iufo11,j11)*flavourTag(fmu,j11,j12)*Vec(nu10,q2)*Vec(nu16,q2)*Vec(
         nu14,q2)*p3.p3^2*d^-1*xiw^2*ufoGC58^2*ufoGC3*ufoGC4
          - 1/4*g_(1,6_,nu10)*g_(2,nu16)*cFT(nu14,XX,i2,iufo11)*cFT(g7,XX,
         iufo11,j11)*flavourTag(fmu,j11,j12)*Vec(nu10,q2)*Vec(nu16,q2)*Vec(
         nu14,q2)*Vec(nu15,q2)^2*p3.p3*d^-1*xia*xiw^2*ufoGC58^2*ufoGC3*ufoGC4
          + 1/4*g_(1,6_,nu10)*g_(2,nu16)*cFT(nu14,XX,i2,iufo11)*cFT(g7,XX,
         iufo11,j11)*flavourTag(fmu,j11,j12)*Vec(nu10,q2)*Vec(nu16,q2)*Vec(
         nu14,q2)*Vec(nu15,q2)^2*p3.p3*d^-1*xiw^2*ufoGC58^2*ufoGC3*ufoGC4
          - 1/2*g_(1,6_,nu10)*g_(2,nu16)*cFT(nu14,XX,i2,iufo11)*cFT(g7,XX,
         iufo11,j11)*flavourTag(fmu,j11,j12)*Vec(nu10,q2)*Vec(nu16,q2)*Vec(
         nu14,q2)*Vec(nu15,q2)*Vec(nu15,q3)*p3.p3*d^-1*xia*xiw^2*ufoGC58^2*
         ufoGC3*ufoGC4
          + 1/2*g_(1,6_,nu10)*g_(2,nu16)*cFT(nu14,XX,i2,iufo11)*cFT(g7,XX,
         iufo11,j11)*flavourTag(fmu,j11,j12)*Vec(nu10,q2)*Vec(nu16,q2)*Vec(
         nu14,q2)*Vec(nu15,q2)*Vec(nu15,q3)*p3.p3*d^-1*xiw^2*ufoGC58^2*ufoGC3*
         ufoGC4
          - 1/4*g_(1,6_,nu10)*g_(2,nu16)*cFT(nu14,XX,i2,iufo11)*cFT(g7,XX,
         iufo11,j11)*flavourTag(fmu,j11,j12)*Vec(nu10,q2)*Vec(nu16,q2)*Vec(
         nu14,q2)*Vec(nu15,q3)^2*p3.p3*d^-1*xia*xiw^2*ufoGC58^2*ufoGC3*ufoGC4
          + 1/4*g_(1,6_,nu10)*g_(2,nu16)*cFT(nu14,XX,i2,iufo11)*cFT(g7,XX,
         iufo11,j11)*flavourTag(fmu,j11,j12)*Vec(nu10,q2)*Vec(nu16,q2)*Vec(
         nu14,q2)*Vec(nu15,q3)^2*p3.p3*d^-1*xiw^2*ufoGC58^2*ufoGC3*ufoGC4
          + 1/4*g_(1,6_,nu10)*g_(2,nu16)*cFT(nu14,XX,i2,iufo11)*cFT(g7,XX,
         iufo11,j11)*flavourTag(fmu,j11,j12)*Vec(nu10,q2)*Vec(nu16,q2)*Vec(
         nu14,q3)*p3.p3^2*d^-1*xia*xiw^2*ufoGC58^2*ufoGC3*ufoGC4
          - 1/4*g_(1,6_,nu10)*g_(2,nu16)*cFT(nu14,XX,i2,iufo11)*cFT(g7,XX,
         iufo11,j11)*flavourTag(fmu,j11,j12)*Vec(nu10,q2)*Vec(nu16,q2)*Vec(
         nu14,q3)*p3.p3^2*d^-1*xiw^2*ufoGC58^2*ufoGC3*ufoGC4
          - 1/4*g_(1,6_,nu10)*g_(2,nu16)*cFT(nu14,XX,i2,iufo11)*cFT(g7,XX,
         iufo11,j11)*flavourTag(fmu,j11,j12)*Vec(nu10,q2)*Vec(nu16,q2)*Vec(
         nu14,q3)*Vec(nu15,q2)^2*p3.p3*d^-1*xia*xiw^2*ufoGC58^2*ufoGC3*ufoGC4
          + 1/4*g_(1,6_,nu10)*g_(2,nu16)*cFT(nu14,XX,i2,iufo11)*cFT(g7,XX,
         iufo11,j11)*flavourTag(fmu,j11,j12)*Vec(nu10,q2)*Vec(nu16,q2)*Vec(
         nu14,q3)*Vec(nu15,q2)^2*p3.p3*d^-1*xiw^2*ufoGC58^2*ufoGC3*ufoGC4
          - 1/2*g_(1,6_,nu10)*g_(2,nu16)*cFT(nu14,XX,i2,iufo11)*cFT(g7,XX,
         iufo11,j11)*flavourTag(fmu,j11,j12)*Vec(nu10,q2)*Vec(nu16,q2)*Vec(
         nu14,q3)*Vec(nu15,q2)*Vec(nu15,q3)*p3.p3*d^-1*xia*xiw^2*ufoGC58^2*
         ufoGC3*ufoGC4
          + 1/2*g_(1,6_,nu10)*g_(2,nu16)*cFT(nu14,XX,i2,iufo11)*cFT(g7,XX,
         iufo11,j11)*flavourTag(fmu,j11,j12)*Vec(nu10,q2)*Vec(nu16,q2)*Vec(
         nu14,q3)*Vec(nu15,q2)*Vec(nu15,q3)*p3.p3*d^-1*xiw^2*ufoGC58^2*ufoGC3*
         ufoGC4
          - 1/4*g_(1,6_,nu10)*g_(2,nu16)*cFT(nu14,XX,i2,iufo11)*cFT(g7,XX,
         iufo11,j11)*flavourTag(fmu,j11,j12)*Vec(nu10,q2)*Vec(nu16,q2)*Vec(
         nu14,q3)*Vec(nu15,q3)^2*p3.p3*d^-1*xia*xiw^2*ufoGC58^2*ufoGC3*ufoGC4
          + 1/4*g_(1,6_,nu10)*g_(2,nu16)*cFT(nu14,XX,i2,iufo11)*cFT(g7,XX,
         iufo11,j11)*flavourTag(fmu,j11,j12)*Vec(nu10,q2)*Vec(nu16,q2)*Vec(
         nu14,q3)*Vec(nu15,q3)^2*p3.p3*d^-1*xiw^2*ufoGC58^2*ufoGC3*ufoGC4
          + 1/4*g_(1,6_,nu10)*g_(2,nu16)*cFT(nu14,XX,i2,iufo11)*cFT(g7,XX,
         iufo11,j11)*flavourTag(fmu,j11,j12)*Vec(nu10,q2)*Vec(nu16,q3)*Vec(nu9
         ,q2)^2*Vec(nu14,q2)*p3.p3*d^-1*xia*xiw^2*ufoGC58^2*ufoGC3*ufoGC4
          - 1/4*g_(1,6_,nu10)*g_(2,nu16)*cFT(nu14,XX,i2,iufo11)*cFT(g7,XX,
         iufo11,j11)*flavourTag(fmu,j11,j12)*Vec(nu10,q2)*Vec(nu16,q3)*Vec(nu9
         ,q2)^2*Vec(nu14,q2)*p3.p3*d^-1*xiw^2*ufoGC58^2*ufoGC3*ufoGC4
          + 1/4*g_(1,6_,nu10)*g_(2,nu16)*cFT(nu14,XX,i2,iufo11)*cFT(g7,XX,
         iufo11,j11)*flavourTag(fmu,j11,j12)*Vec(nu10,q2)*Vec(nu16,q3)*Vec(nu9
         ,q2)^2*Vec(nu14,q3)*p3.p3*d^-1*xia*xiw^2*ufoGC58^2*ufoGC3*ufoGC4
          - 1/4*g_(1,6_,nu10)*g_(2,nu16)*cFT(nu14,XX,i2,iufo11)*cFT(g7,XX,
         iufo11,j11)*flavourTag(fmu,j11,j12)*Vec(nu10,q2)*Vec(nu16,q3)*Vec(nu9
         ,q2)^2*Vec(nu14,q3)*p3.p3*d^-1*xiw^2*ufoGC58^2*ufoGC3*ufoGC4
          + 1/2*g_(1,6_,nu10)*g_(2,nu16)*cFT(nu14,XX,i2,iufo11)*cFT(g7,XX,
         iufo11,j11)*flavourTag(fmu,j11,j12)*Vec(nu10,q2)*Vec(nu16,q3)*Vec(nu9
         ,q2)*Vec(nu9,q3)*Vec(nu14,q2)*p3.p3*d^-1*xia*xiw^2*ufoGC58^2*ufoGC3*
         ufoGC4
          - 1/2*g_(1,6_,nu10)*g_(2,nu16)*cFT(nu14,XX,i2,iufo11)*cFT(g7,XX,
         iufo11,j11)*flavourTag(fmu,j11,j12)*Vec(nu10,q2)*Vec(nu16,q3)*Vec(nu9
         ,q2)*Vec(nu9,q3)*Vec(nu14,q2)*p3.p3*d^-1*xiw^2*ufoGC58^2*ufoGC3*
         ufoGC4
          + 1/2*g_(1,6_,nu10)*g_(2,nu16)*cFT(nu14,XX,i2,iufo11)*cFT(g7,XX,
         iufo11,j11)*flavourTag(fmu,j11,j12)*Vec(nu10,q2)*Vec(nu16,q3)*Vec(nu9
         ,q2)*Vec(nu9,q3)*Vec(nu14,q3)*p3.p3*d^-1*xia*xiw^2*ufoGC58^2*ufoGC3*
         ufoGC4
          - 1/2*g_(1,6_,nu10)*g_(2,nu16)*cFT(nu14,XX,i2,iufo11)*cFT(g7,XX,
         iufo11,j11)*flavourTag(fmu,j11,j12)*Vec(nu10,q2)*Vec(nu16,q3)*Vec(nu9
         ,q2)*Vec(nu9,q3)*Vec(nu14,q3)*p3.p3*d^-1*xiw^2*ufoGC58^2*ufoGC3*
         ufoGC4
          + 1/4*g_(1,6_,nu10)*g_(2,nu16)*cFT(nu14,XX,i2,iufo11)*cFT(g7,XX,
         iufo11,j11)*flavourTag(fmu,j11,j12)*Vec(nu10,q2)*Vec(nu16,q3)*Vec(nu9
         ,q3)^2*Vec(nu14,q2)*p3.p3*d^-1*xia*xiw^2*ufoGC58^2*ufoGC3*ufoGC4
          - 1/4*g_(1,6_,nu10)*g_(2,nu16)*cFT(nu14,XX,i2,iufo11)*cFT(g7,XX,
         iufo11,j11)*flavourTag(fmu,j11,j12)*Vec(nu10,q2)*Vec(nu16,q3)*Vec(nu9
         ,q3)^2*Vec(nu14,q2)*p3.p3*d^-1*xiw^2*ufoGC58^2*ufoGC3*ufoGC4
          + 1/4*g_(1,6_,nu10)*g_(2,nu16)*cFT(nu14,XX,i2,iufo11)*cFT(g7,XX,
         iufo11,j11)*flavourTag(fmu,j11,j12)*Vec(nu10,q2)*Vec(nu16,q3)*Vec(nu9
         ,q3)^2*Vec(nu14,q3)*p3.p3*d^-1*xia*xiw^2*ufoGC58^2*ufoGC3*ufoGC4
          - 1/4*g_(1,6_,nu10)*g_(2,nu16)*cFT(nu14,XX,i2,iufo11)*cFT(g7,XX,
         iufo11,j11)*flavourTag(fmu,j11,j12)*Vec(nu10,q2)*Vec(nu16,q3)*Vec(nu9
         ,q3)^2*Vec(nu14,q3)*p3.p3*d^-1*xiw^2*ufoGC58^2*ufoGC3*ufoGC4
          + 1/4*g_(1,6_,nu10)*g_(2,nu16)*cFT(nu14,XX,i2,iufo11)*cFT(g7,XX,
         iufo11,j11)*flavourTag(fmu,j11,j12)*Vec(nu10,q2)*Vec(nu16,q3)*Vec(
         nu14,q2)*p3.p3^2*d^-1*xia*xiw^2*ufoGC58^2*ufoGC3*ufoGC4
          - 1/4*g_(1,6_,nu10)*g_(2,nu16)*cFT(nu14,XX,i2,iufo11)*cFT(g7,XX,
         iufo11,j11)*flavourTag(fmu,j11,j12)*Vec(nu10,q2)*Vec(nu16,q3)*Vec(
         nu14,q2)*p3.p3^2*d^-1*xiw^2*ufoGC58^2*ufoGC3*ufoGC4
          - 1/4*g_(1,6_,nu10)*g_(2,nu16)*cFT(nu14,XX,i2,iufo11)*cFT(g7,XX,
         iufo11,j11)*flavourTag(fmu,j11,j12)*Vec(nu10,q2)*Vec(nu16,q3)*Vec(
         nu14,q2)*Vec(nu15,q2)^2*p3.p3*d^-1*xia*xiw^2*ufoGC58^2*ufoGC3*ufoGC4
          + 1/4*g_(1,6_,nu10)*g_(2,nu16)*cFT(nu14,XX,i2,iufo11)*cFT(g7,XX,
         iufo11,j11)*flavourTag(fmu,j11,j12)*Vec(nu10,q2)*Vec(nu16,q3)*Vec(
         nu14,q2)*Vec(nu15,q2)^2*p3.p3*d^-1*xiw^2*ufoGC58^2*ufoGC3*ufoGC4
          - 1/2*g_(1,6_,nu10)*g_(2,nu16)*cFT(nu14,XX,i2,iufo11)*cFT(g7,XX,
         iufo11,j11)*flavourTag(fmu,j11,j12)*Vec(nu10,q2)*Vec(nu16,q3)*Vec(
         nu14,q2)*Vec(nu15,q2)*Vec(nu15,q3)*p3.p3*d^-1*xia*xiw^2*ufoGC58^2*
         ufoGC3*ufoGC4
          + 1/2*g_(1,6_,nu10)*g_(2,nu16)*cFT(nu14,XX,i2,iufo11)*cFT(g7,XX,
         iufo11,j11)*flavourTag(fmu,j11,j12)*Vec(nu10,q2)*Vec(nu16,q3)*Vec(
         nu14,q2)*Vec(nu15,q2)*Vec(nu15,q3)*p3.p3*d^-1*xiw^2*ufoGC58^2*ufoGC3*
         ufoGC4
          - 1/4*g_(1,6_,nu10)*g_(2,nu16)*cFT(nu14,XX,i2,iufo11)*cFT(g7,XX,
         iufo11,j11)*flavourTag(fmu,j11,j12)*Vec(nu10,q2)*Vec(nu16,q3)*Vec(
         nu14,q2)*Vec(nu15,q3)^2*p3.p3*d^-1*xia*xiw^2*ufoGC58^2*ufoGC3*ufoGC4
          + 1/4*g_(1,6_,nu10)*g_(2,nu16)*cFT(nu14,XX,i2,iufo11)*cFT(g7,XX,
         iufo11,j11)*flavourTag(fmu,j11,j12)*Vec(nu10,q2)*Vec(nu16,q3)*Vec(
         nu14,q2)*Vec(nu15,q3)^2*p3.p3*d^-1*xiw^2*ufoGC58^2*ufoGC3*ufoGC4
          + 1/4*g_(1,6_,nu10)*g_(2,nu16)*cFT(nu14,XX,i2,iufo11)*cFT(g7,XX,
         iufo11,j11)*flavourTag(fmu,j11,j12)*Vec(nu10,q2)*Vec(nu16,q3)*Vec(
         nu14,q3)*p3.p3^2*d^-1*xia*xiw^2*ufoGC58^2*ufoGC3*ufoGC4
          - 1/4*g_(1,6_,nu10)*g_(2,nu16)*cFT(nu14,XX,i2,iufo11)*cFT(g7,XX,
         iufo11,j11)*flavourTag(fmu,j11,j12)*Vec(nu10,q2)*Vec(nu16,q3)*Vec(
         nu14,q3)*p3.p3^2*d^-1*xiw^2*ufoGC58^2*ufoGC3*ufoGC4
          - 1/4*g_(1,6_,nu10)*g_(2,nu16)*cFT(nu14,XX,i2,iufo11)*cFT(g7,XX,
         iufo11,j11)*flavourTag(fmu,j11,j12)*Vec(nu10,q2)*Vec(nu16,q3)*Vec(
         nu14,q3)*Vec(nu15,q2)^2*p3.p3*d^-1*xia*xiw^2*ufoGC58^2*ufoGC3*ufoGC4
          + 1/4*g_(1,6_,nu10)*g_(2,nu16)*cFT(nu14,XX,i2,iufo11)*cFT(g7,XX,
         iufo11,j11)*flavourTag(fmu,j11,j12)*Vec(nu10,q2)*Vec(nu16,q3)*Vec(
         nu14,q3)*Vec(nu15,q2)^2*p3.p3*d^-1*xiw^2*ufoGC58^2*ufoGC3*ufoGC4
          - 1/2*g_(1,6_,nu10)*g_(2,nu16)*cFT(nu14,XX,i2,iufo11)*cFT(g7,XX,
         iufo11,j11)*flavourTag(fmu,j11,j12)*Vec(nu10,q2)*Vec(nu16,q3)*Vec(
         nu14,q3)*Vec(nu15,q2)*Vec(nu15,q3)*p3.p3*d^-1*xia*xiw^2*ufoGC58^2*
         ufoGC3*ufoGC4
          + 1/2*g_(1,6_,nu10)*g_(2,nu16)*cFT(nu14,XX,i2,iufo11)*cFT(g7,XX,
         iufo11,j11)*flavourTag(fmu,j11,j12)*Vec(nu10,q2)*Vec(nu16,q3)*Vec(
         nu14,q3)*Vec(nu15,q2)*Vec(nu15,q3)*p3.p3*d^-1*xiw^2*ufoGC58^2*ufoGC3*
         ufoGC4
          - 1/4*g_(1,6_,nu10)*g_(2,nu16)*cFT(nu14,XX,i2,iufo11)*cFT(g7,XX,
         iufo11,j11)*flavourTag(fmu,j11,j12)*Vec(nu10,q2)*Vec(nu16,q3)*Vec(
         nu14,q3)*Vec(nu15,q3)^2*p3.p3*d^-1*xia*xiw^2*ufoGC58^2*ufoGC3*ufoGC4
          + 1/4*g_(1,6_,nu10)*g_(2,nu16)*cFT(nu14,XX,i2,iufo11)*cFT(g7,XX,
         iufo11,j11)*flavourTag(fmu,j11,j12)*Vec(nu10,q2)*Vec(nu16,q3)*Vec(
         nu14,q3)*Vec(nu15,q3)^2*p3.p3*d^-1*xiw^2*ufoGC58^2*ufoGC3*ufoGC4
          + 1/4*g_(1,6_,nu10)*g_(2,nu16)*cFT(nu14,XX,i2,iufo11)*cFT(g7,XX,
         iufo11,j11)*flavourTag(fmu,j11,j12)*Vec(nu10,q3)*Vec(nu16,q2)*Vec(nu9
         ,q2)^2*Vec(nu14,q2)*p3.p3*d^-1*xia*xiw^2*ufoGC58^2*ufoGC3*ufoGC4
          - 1/4*g_(1,6_,nu10)*g_(2,nu16)*cFT(nu14,XX,i2,iufo11)*cFT(g7,XX,
         iufo11,j11)*flavourTag(fmu,j11,j12)*Vec(nu10,q3)*Vec(nu16,q2)*Vec(nu9
         ,q2)^2*Vec(nu14,q2)*p3.p3*d^-1*xiw^2*ufoGC58^2*ufoGC3*ufoGC4
          + 1/4*g_(1,6_,nu10)*g_(2,nu16)*cFT(nu14,XX,i2,iufo11)*cFT(g7,XX,
         iufo11,j11)*flavourTag(fmu,j11,j12)*Vec(nu10,q3)*Vec(nu16,q2)*Vec(nu9
         ,q2)^2*Vec(nu14,q3)*p3.p3*d^-1*xia*xiw^2*ufoGC58^2*ufoGC3*ufoGC4
          - 1/4*g_(1,6_,nu10)*g_(2,nu16)*cFT(nu14,XX,i2,iufo11)*cFT(g7,XX,
         iufo11,j11)*flavourTag(fmu,j11,j12)*Vec(nu10,q3)*Vec(nu16,q2)*Vec(nu9
         ,q2)^2*Vec(nu14,q3)*p3.p3*d^-1*xiw^2*ufoGC58^2*ufoGC3*ufoGC4
          + 1/2*g_(1,6_,nu10)*g_(2,nu16)*cFT(nu14,XX,i2,iufo11)*cFT(g7,XX,
         iufo11,j11)*flavourTag(fmu,j11,j12)*Vec(nu10,q3)*Vec(nu16,q2)*Vec(nu9
         ,q2)*Vec(nu9,q3)*Vec(nu14,q2)*p3.p3*d^-1*xia*xiw^2*ufoGC58^2*ufoGC3*
         ufoGC4
          - 1/2*g_(1,6_,nu10)*g_(2,nu16)*cFT(nu14,XX,i2,iufo11)*cFT(g7,XX,
         iufo11,j11)*flavourTag(fmu,j11,j12)*Vec(nu10,q3)*Vec(nu16,q2)*Vec(nu9
         ,q2)*Vec(nu9,q3)*Vec(nu14,q2)*p3.p3*d^-1*xiw^2*ufoGC58^2*ufoGC3*
         ufoGC4
          + 1/2*g_(1,6_,nu10)*g_(2,nu16)*cFT(nu14,XX,i2,iufo11)*cFT(g7,XX,
         iufo11,j11)*flavourTag(fmu,j11,j12)*Vec(nu10,q3)*Vec(nu16,q2)*Vec(nu9
         ,q2)*Vec(nu9,q3)*Vec(nu14,q3)*p3.p3*d^-1*xia*xiw^2*ufoGC58^2*ufoGC3*
         ufoGC4
          - 1/2*g_(1,6_,nu10)*g_(2,nu16)*cFT(nu14,XX,i2,iufo11)*cFT(g7,XX,
         iufo11,j11)*flavourTag(fmu,j11,j12)*Vec(nu10,q3)*Vec(nu16,q2)*Vec(nu9
         ,q2)*Vec(nu9,q3)*Vec(nu14,q3)*p3.p3*d^-1*xiw^2*ufoGC58^2*ufoGC3*
         ufoGC4
          + 1/4*g_(1,6_,nu10)*g_(2,nu16)*cFT(nu14,XX,i2,iufo11)*cFT(g7,XX,
         iufo11,j11)*flavourTag(fmu,j11,j12)*Vec(nu10,q3)*Vec(nu16,q2)*Vec(nu9
         ,q3)^2*Vec(nu14,q2)*p3.p3*d^-1*xia*xiw^2*ufoGC58^2*ufoGC3*ufoGC4
          - 1/4*g_(1,6_,nu10)*g_(2,nu16)*cFT(nu14,XX,i2,iufo11)*cFT(g7,XX,
         iufo11,j11)*flavourTag(fmu,j11,j12)*Vec(nu10,q3)*Vec(nu16,q2)*Vec(nu9
         ,q3)^2*Vec(nu14,q2)*p3.p3*d^-1*xiw^2*ufoGC58^2*ufoGC3*ufoGC4
          + 1/4*g_(1,6_,nu10)*g_(2,nu16)*cFT(nu14,XX,i2,iufo11)*cFT(g7,XX,
         iufo11,j11)*flavourTag(fmu,j11,j12)*Vec(nu10,q3)*Vec(nu16,q2)*Vec(nu9
         ,q3)^2*Vec(nu14,q3)*p3.p3*d^-1*xia*xiw^2*ufoGC58^2*ufoGC3*ufoGC4
          - 1/4*g_(1,6_,nu10)*g_(2,nu16)*cFT(nu14,XX,i2,iufo11)*cFT(g7,XX,
         iufo11,j11)*flavourTag(fmu,j11,j12)*Vec(nu10,q3)*Vec(nu16,q2)*Vec(nu9
         ,q3)^2*Vec(nu14,q3)*p3.p3*d^-1*xiw^2*ufoGC58^2*ufoGC3*ufoGC4
          + 1/4*g_(1,6_,nu10)*g_(2,nu16)*cFT(nu14,XX,i2,iufo11)*cFT(g7,XX,
         iufo11,j11)*flavourTag(fmu,j11,j12)*Vec(nu10,q3)*Vec(nu16,q2)*Vec(
         nu14,q2)*p3.p3^2*d^-1*xia*xiw^2*ufoGC58^2*ufoGC3*ufoGC4
          - 1/4*g_(1,6_,nu10)*g_(2,nu16)*cFT(nu14,XX,i2,iufo11)*cFT(g7,XX,
         iufo11,j11)*flavourTag(fmu,j11,j12)*Vec(nu10,q3)*Vec(nu16,q2)*Vec(
         nu14,q2)*p3.p3^2*d^-1*xiw^2*ufoGC58^2*ufoGC3*ufoGC4
          - 1/4*g_(1,6_,nu10)*g_(2,nu16)*cFT(nu14,XX,i2,iufo11)*cFT(g7,XX,
         iufo11,j11)*flavourTag(fmu,j11,j12)*Vec(nu10,q3)*Vec(nu16,q2)*Vec(
         nu14,q2)*Vec(nu15,q2)^2*p3.p3*d^-1*xia*xiw^2*ufoGC58^2*ufoGC3*ufoGC4
          + 1/4*g_(1,6_,nu10)*g_(2,nu16)*cFT(nu14,XX,i2,iufo11)*cFT(g7,XX,
         iufo11,j11)*flavourTag(fmu,j11,j12)*Vec(nu10,q3)*Vec(nu16,q2)*Vec(
         nu14,q2)*Vec(nu15,q2)^2*p3.p3*d^-1*xiw^2*ufoGC58^2*ufoGC3*ufoGC4
          - 1/2*g_(1,6_,nu10)*g_(2,nu16)*cFT(nu14,XX,i2,iufo11)*cFT(g7,XX,
         iufo11,j11)*flavourTag(fmu,j11,j12)*Vec(nu10,q3)*Vec(nu16,q2)*Vec(
         nu14,q2)*Vec(nu15,q2)*Vec(nu15,q3)*p3.p3*d^-1*xia*xiw^2*ufoGC58^2*
         ufoGC3*ufoGC4
          + 1/2*g_(1,6_,nu10)*g_(2,nu16)*cFT(nu14,XX,i2,iufo11)*cFT(g7,XX,
         iufo11,j11)*flavourTag(fmu,j11,j12)*Vec(nu10,q3)*Vec(nu16,q2)*Vec(
         nu14,q2)*Vec(nu15,q2)*Vec(nu15,q3)*p3.p3*d^-1*xiw^2*ufoGC58^2*ufoGC3*
         ufoGC4
          - 1/4*g_(1,6_,nu10)*g_(2,nu16)*cFT(nu14,XX,i2,iufo11)*cFT(g7,XX,
         iufo11,j11)*flavourTag(fmu,j11,j12)*Vec(nu10,q3)*Vec(nu16,q2)*Vec(
         nu14,q2)*Vec(nu15,q3)^2*p3.p3*d^-1*xia*xiw^2*ufoGC58^2*ufoGC3*ufoGC4
          + 1/4*g_(1,6_,nu10)*g_(2,nu16)*cFT(nu14,XX,i2,iufo11)*cFT(g7,XX,
         iufo11,j11)*flavourTag(fmu,j11,j12)*Vec(nu10,q3)*Vec(nu16,q2)*Vec(
         nu14,q2)*Vec(nu15,q3)^2*p3.p3*d^-1*xiw^2*ufoGC58^2*ufoGC3*ufoGC4
          + 1/4*g_(1,6_,nu10)*g_(2,nu16)*cFT(nu14,XX,i2,iufo11)*cFT(g7,XX,
         iufo11,j11)*flavourTag(fmu,j11,j12)*Vec(nu10,q3)*Vec(nu16,q2)*Vec(
         nu14,q3)*p3.p3^2*d^-1*xia*xiw^2*ufoGC58^2*ufoGC3*ufoGC4
          - 1/4*g_(1,6_,nu10)*g_(2,nu16)*cFT(nu14,XX,i2,iufo11)*cFT(g7,XX,
         iufo11,j11)*flavourTag(fmu,j11,j12)*Vec(nu10,q3)*Vec(nu16,q2)*Vec(
         nu14,q3)*p3.p3^2*d^-1*xiw^2*ufoGC58^2*ufoGC3*ufoGC4
          - 1/4*g_(1,6_,nu10)*g_(2,nu16)*cFT(nu14,XX,i2,iufo11)*cFT(g7,XX,
         iufo11,j11)*flavourTag(fmu,j11,j12)*Vec(nu10,q3)*Vec(nu16,q2)*Vec(
         nu14,q3)*Vec(nu15,q2)^2*p3.p3*d^-1*xia*xiw^2*ufoGC58^2*ufoGC3*ufoGC4
          + 1/4*g_(1,6_,nu10)*g_(2,nu16)*cFT(nu14,XX,i2,iufo11)*cFT(g7,XX,
         iufo11,j11)*flavourTag(fmu,j11,j12)*Vec(nu10,q3)*Vec(nu16,q2)*Vec(
         nu14,q3)*Vec(nu15,q2)^2*p3.p3*d^-1*xiw^2*ufoGC58^2*ufoGC3*ufoGC4
          - 1/2*g_(1,6_,nu10)*g_(2,nu16)*cFT(nu14,XX,i2,iufo11)*cFT(g7,XX,
         iufo11,j11)*flavourTag(fmu,j11,j12)*Vec(nu10,q3)*Vec(nu16,q2)*Vec(
         nu14,q3)*Vec(nu15,q2)*Vec(nu15,q3)*p3.p3*d^-1*xia*xiw^2*ufoGC58^2*
         ufoGC3*ufoGC4
          + 1/2*g_(1,6_,nu10)*g_(2,nu16)*cFT(nu14,XX,i2,iufo11)*cFT(g7,XX,
         iufo11,j11)*flavourTag(fmu,j11,j12)*Vec(nu10,q3)*Vec(nu16,q2)*Vec(
         nu14,q3)*Vec(nu15,q2)*Vec(nu15,q3)*p3.p3*d^-1*xiw^2*ufoGC58^2*ufoGC3*
         ufoGC4
          - 1/4*g_(1,6_,nu10)*g_(2,nu16)*cFT(nu14,XX,i2,iufo11)*cFT(g7,XX,
         iufo11,j11)*flavourTag(fmu,j11,j12)*Vec(nu10,q3)*Vec(nu16,q2)*Vec(
         nu14,q3)*Vec(nu15,q3)^2*p3.p3*d^-1*xia*xiw^2*ufoGC58^2*ufoGC3*ufoGC4
          + 1/4*g_(1,6_,nu10)*g_(2,nu16)*cFT(nu14,XX,i2,iufo11)*cFT(g7,XX,
         iufo11,j11)*flavourTag(fmu,j11,j12)*Vec(nu10,q3)*Vec(nu16,q2)*Vec(
         nu14,q3)*Vec(nu15,q3)^2*p3.p3*d^-1*xiw^2*ufoGC58^2*ufoGC3*ufoGC4
          + 1/4*g_(1,6_,nu10)*g_(2,nu16)*cFT(nu14,XX,i2,iufo11)*cFT(g7,XX,
         iufo11,j11)*flavourTag(fmu,j11,j12)*Vec(nu10,q3)*Vec(nu16,q3)*Vec(nu9
         ,q2)^2*Vec(nu14,q2)*p3.p3*d^-1*xia*xiw^2*ufoGC58^2*ufoGC3*ufoGC4
          - 1/4*g_(1,6_,nu10)*g_(2,nu16)*cFT(nu14,XX,i2,iufo11)*cFT(g7,XX,
         iufo11,j11)*flavourTag(fmu,j11,j12)*Vec(nu10,q3)*Vec(nu16,q3)*Vec(nu9
         ,q2)^2*Vec(nu14,q2)*p3.p3*d^-1*xiw^2*ufoGC58^2*ufoGC3*ufoGC4
          + 1/4*g_(1,6_,nu10)*g_(2,nu16)*cFT(nu14,XX,i2,iufo11)*cFT(g7,XX,
         iufo11,j11)*flavourTag(fmu,j11,j12)*Vec(nu10,q3)*Vec(nu16,q3)*Vec(nu9
         ,q2)^2*Vec(nu14,q3)*p3.p3*d^-1*xia*xiw^2*ufoGC58^2*ufoGC3*ufoGC4
          - 1/4*g_(1,6_,nu10)*g_(2,nu16)*cFT(nu14,XX,i2,iufo11)*cFT(g7,XX,
         iufo11,j11)*flavourTag(fmu,j11,j12)*Vec(nu10,q3)*Vec(nu16,q3)*Vec(nu9
         ,q2)^2*Vec(nu14,q3)*p3.p3*d^-1*xiw^2*ufoGC58^2*ufoGC3*ufoGC4
          + 1/2*g_(1,6_,nu10)*g_(2,nu16)*cFT(nu14,XX,i2,iufo11)*cFT(g7,XX,
         iufo11,j11)*flavourTag(fmu,j11,j12)*Vec(nu10,q3)*Vec(nu16,q3)*Vec(nu9
         ,q2)*Vec(nu9,q3)*Vec(nu14,q2)*p3.p3*d^-1*xia*xiw^2*ufoGC58^2*ufoGC3*
         ufoGC4
          - 1/2*g_(1,6_,nu10)*g_(2,nu16)*cFT(nu14,XX,i2,iufo11)*cFT(g7,XX,
         iufo11,j11)*flavourTag(fmu,j11,j12)*Vec(nu10,q3)*Vec(nu16,q3)*Vec(nu9
         ,q2)*Vec(nu9,q3)*Vec(nu14,q2)*p3.p3*d^-1*xiw^2*ufoGC58^2*ufoGC3*
         ufoGC4
          + 1/2*g_(1,6_,nu10)*g_(2,nu16)*cFT(nu14,XX,i2,iufo11)*cFT(g7,XX,
         iufo11,j11)*flavourTag(fmu,j11,j12)*Vec(nu10,q3)*Vec(nu16,q3)*Vec(nu9
         ,q2)*Vec(nu9,q3)*Vec(nu14,q3)*p3.p3*d^-1*xia*xiw^2*ufoGC58^2*ufoGC3*
         ufoGC4
          - 1/2*g_(1,6_,nu10)*g_(2,nu16)*cFT(nu14,XX,i2,iufo11)*cFT(g7,XX,
         iufo11,j11)*flavourTag(fmu,j11,j12)*Vec(nu10,q3)*Vec(nu16,q3)*Vec(nu9
         ,q2)*Vec(nu9,q3)*Vec(nu14,q3)*p3.p3*d^-1*xiw^2*ufoGC58^2*ufoGC3*
         ufoGC4
          + 1/4*g_(1,6_,nu10)*g_(2,nu16)*cFT(nu14,XX,i2,iufo11)*cFT(g7,XX,
         iufo11,j11)*flavourTag(fmu,j11,j12)*Vec(nu10,q3)*Vec(nu16,q3)*Vec(nu9
         ,q3)^2*Vec(nu14,q2)*p3.p3*d^-1*xia*xiw^2*ufoGC58^2*ufoGC3*ufoGC4
          - 1/4*g_(1,6_,nu10)*g_(2,nu16)*cFT(nu14,XX,i2,iufo11)*cFT(g7,XX,
         iufo11,j11)*flavourTag(fmu,j11,j12)*Vec(nu10,q3)*Vec(nu16,q3)*Vec(nu9
         ,q3)^2*Vec(nu14,q2)*p3.p3*d^-1*xiw^2*ufoGC58^2*ufoGC3*ufoGC4
          + 1/4*g_(1,6_,nu10)*g_(2,nu16)*cFT(nu14,XX,i2,iufo11)*cFT(g7,XX,
         iufo11,j11)*flavourTag(fmu,j11,j12)*Vec(nu10,q3)*Vec(nu16,q3)*Vec(nu9
         ,q3)^2*Vec(nu14,q3)*p3.p3*d^-1*xia*xiw^2*ufoGC58^2*ufoGC3*ufoGC4
          - 1/4*g_(1,6_,nu10)*g_(2,nu16)*cFT(nu14,XX,i2,iufo11)*cFT(g7,XX,
         iufo11,j11)*flavourTag(fmu,j11,j12)*Vec(nu10,q3)*Vec(nu16,q3)*Vec(nu9
         ,q3)^2*Vec(nu14,q3)*p3.p3*d^-1*xiw^2*ufoGC58^2*ufoGC3*ufoGC4
          + 1/4*g_(1,6_,nu10)*g_(2,nu16)*cFT(nu14,XX,i2,iufo11)*cFT(g7,XX,
         iufo11,j11)*flavourTag(fmu,j11,j12)*Vec(nu10,q3)*Vec(nu16,q3)*Vec(
         nu14,q2)*p3.p3^2*d^-1*xia*xiw^2*ufoGC58^2*ufoGC3*ufoGC4
          - 1/4*g_(1,6_,nu10)*g_(2,nu16)*cFT(nu14,XX,i2,iufo11)*cFT(g7,XX,
         iufo11,j11)*flavourTag(fmu,j11,j12)*Vec(nu10,q3)*Vec(nu16,q3)*Vec(
         nu14,q2)*p3.p3^2*d^-1*xiw^2*ufoGC58^2*ufoGC3*ufoGC4
          - 1/4*g_(1,6_,nu10)*g_(2,nu16)*cFT(nu14,XX,i2,iufo11)*cFT(g7,XX,
         iufo11,j11)*flavourTag(fmu,j11,j12)*Vec(nu10,q3)*Vec(nu16,q3)*Vec(
         nu14,q2)*Vec(nu15,q2)^2*p3.p3*d^-1*xia*xiw^2*ufoGC58^2*ufoGC3*ufoGC4
          + 1/4*g_(1,6_,nu10)*g_(2,nu16)*cFT(nu14,XX,i2,iufo11)*cFT(g7,XX,
         iufo11,j11)*flavourTag(fmu,j11,j12)*Vec(nu10,q3)*Vec(nu16,q3)*Vec(
         nu14,q2)*Vec(nu15,q2)^2*p3.p3*d^-1*xiw^2*ufoGC58^2*ufoGC3*ufoGC4
          - 1/2*g_(1,6_,nu10)*g_(2,nu16)*cFT(nu14,XX,i2,iufo11)*cFT(g7,XX,
         iufo11,j11)*flavourTag(fmu,j11,j12)*Vec(nu10,q3)*Vec(nu16,q3)*Vec(
         nu14,q2)*Vec(nu15,q2)*Vec(nu15,q3)*p3.p3*d^-1*xia*xiw^2*ufoGC58^2*
         ufoGC3*ufoGC4
          + 1/2*g_(1,6_,nu10)*g_(2,nu16)*cFT(nu14,XX,i2,iufo11)*cFT(g7,XX,
         iufo11,j11)*flavourTag(fmu,j11,j12)*Vec(nu10,q3)*Vec(nu16,q3)*Vec(
         nu14,q2)*Vec(nu15,q2)*Vec(nu15,q3)*p3.p3*d^-1*xiw^2*ufoGC58^2*ufoGC3*
         ufoGC4
          - 1/4*g_(1,6_,nu10)*g_(2,nu16)*cFT(nu14,XX,i2,iufo11)*cFT(g7,XX,
         iufo11,j11)*flavourTag(fmu,j11,j12)*Vec(nu10,q3)*Vec(nu16,q3)*Vec(
         nu14,q2)*Vec(nu15,q3)^2*p3.p3*d^-1*xia*xiw^2*ufoGC58^2*ufoGC3*ufoGC4
          + 1/4*g_(1,6_,nu10)*g_(2,nu16)*cFT(nu14,XX,i2,iufo11)*cFT(g7,XX,
         iufo11,j11)*flavourTag(fmu,j11,j12)*Vec(nu10,q3)*Vec(nu16,q3)*Vec(
         nu14,q2)*Vec(nu15,q3)^2*p3.p3*d^-1*xiw^2*ufoGC58^2*ufoGC3*ufoGC4
          + 1/4*g_(1,6_,nu10)*g_(2,nu16)*cFT(nu14,XX,i2,iufo11)*cFT(g7,XX,
         iufo11,j11)*flavourTag(fmu,j11,j12)*Vec(nu10,q3)*Vec(nu16,q3)*Vec(
         nu14,q3)*p3.p3^2*d^-1*xia*xiw^2*ufoGC58^2*ufoGC3*ufoGC4
          - 1/4*g_(1,6_,nu10)*g_(2,nu16)*cFT(nu14,XX,i2,iufo11)*cFT(g7,XX,
         iufo11,j11)*flavourTag(fmu,j11,j12)*Vec(nu10,q3)*Vec(nu16,q3)*Vec(
         nu14,q3)*p3.p3^2*d^-1*xiw^2*ufoGC58^2*ufoGC3*ufoGC4
          - 1/4*g_(1,6_,nu10)*g_(2,nu16)*cFT(nu14,XX,i2,iufo11)*cFT(g7,XX,
         iufo11,j11)*flavourTag(fmu,j11,j12)*Vec(nu10,q3)*Vec(nu16,q3)*Vec(
         nu14,q3)*Vec(nu15,q2)^2*p3.p3*d^-1*xia*xiw^2*ufoGC58^2*ufoGC3*ufoGC4
          + 1/4*g_(1,6_,nu10)*g_(2,nu16)*cFT(nu14,XX,i2,iufo11)*cFT(g7,XX,
         iufo11,j11)*flavourTag(fmu,j11,j12)*Vec(nu10,q3)*Vec(nu16,q3)*Vec(
         nu14,q3)*Vec(nu15,q2)^2*p3.p3*d^-1*xiw^2*ufoGC58^2*ufoGC3*ufoGC4
          - 1/2*g_(1,6_,nu10)*g_(2,nu16)*cFT(nu14,XX,i2,iufo11)*cFT(g7,XX,
         iufo11,j11)*flavourTag(fmu,j11,j12)*Vec(nu10,q3)*Vec(nu16,q3)*Vec(
         nu14,q3)*Vec(nu15,q2)*Vec(nu15,q3)*p3.p3*d^-1*xia*xiw^2*ufoGC58^2*
         ufoGC3*ufoGC4
          + 1/2*g_(1,6_,nu10)*g_(2,nu16)*cFT(nu14,XX,i2,iufo11)*cFT(g7,XX,
         iufo11,j11)*flavourTag(fmu,j11,j12)*Vec(nu10,q3)*Vec(nu16,q3)*Vec(
         nu14,q3)*Vec(nu15,q2)*Vec(nu15,q3)*p3.p3*d^-1*xiw^2*ufoGC58^2*ufoGC3*
         ufoGC4
          - 1/4*g_(1,6_,nu10)*g_(2,nu16)*cFT(nu14,XX,i2,iufo11)*cFT(g7,XX,
         iufo11,j11)*flavourTag(fmu,j11,j12)*Vec(nu10,q3)*Vec(nu16,q3)*Vec(
         nu14,q3)*Vec(nu15,q3)^2*p3.p3*d^-1*xia*xiw^2*ufoGC58^2*ufoGC3*ufoGC4
          + 1/4*g_(1,6_,nu10)*g_(2,nu16)*cFT(nu14,XX,i2,iufo11)*cFT(g7,XX,
         iufo11,j11)*flavourTag(fmu,j11,j12)*Vec(nu10,q3)*Vec(nu16,q3)*Vec(
         nu14,q3)*Vec(nu15,q3)^2*p3.p3*d^-1*xiw^2*ufoGC58^2*ufoGC3*ufoGC4
          )

       + Den(p3,xiw,M3)^2*Den(q2 + q3,xiw,M3)^2*Den(p3 - q2 - q3,0,0) * (
          + 1/2*g_(1,6_,nu10)*g_(2,nu9)*cFT(nu14,XX,i2,iufo11)*cFT(g7,XX,
         iufo11,j11)*flavourTag(fmu,j11,j12)*Vec(nu10,q2)*Vec(nu9,q2)*Vec(nu14
         ,q2)*p3.p3*d^-1*xiw^2*ufoGC58^2*ufoGC3*ufoGC4
          + 1/2*g_(1,6_,nu10)*g_(2,nu9)*cFT(nu14,XX,i2,iufo11)*cFT(g7,XX,
         iufo11,j11)*flavourTag(fmu,j11,j12)*Vec(nu10,q2)*Vec(nu9,q2)*Vec(nu14
         ,q3)*p3.p3*d^-1*xiw^2*ufoGC58^2*ufoGC3*ufoGC4
          + 1/2*g_(1,6_,nu10)*g_(2,nu9)*cFT(nu14,XX,i2,iufo11)*cFT(g7,XX,
         iufo11,j11)*flavourTag(fmu,j11,j12)*Vec(nu10,q2)*Vec(nu9,q3)*Vec(nu14
         ,q2)*p3.p3*d^-1*xiw^2*ufoGC58^2*ufoGC3*ufoGC4
          + 1/2*g_(1,6_,nu10)*g_(2,nu9)*cFT(nu14,XX,i2,iufo11)*cFT(g7,XX,
         iufo11,j11)*flavourTag(fmu,j11,j12)*Vec(nu10,q2)*Vec(nu9,q3)*Vec(nu14
         ,q3)*p3.p3*d^-1*xiw^2*ufoGC58^2*ufoGC3*ufoGC4
          + 1/2*g_(1,6_,nu10)*g_(2,nu9)*cFT(nu14,XX,i2,iufo11)*cFT(g7,XX,
         iufo11,j11)*flavourTag(fmu,j11,j12)*Vec(nu10,q3)*Vec(nu9,q2)*Vec(nu14
         ,q2)*p3.p3*d^-1*xiw^2*ufoGC58^2*ufoGC3*ufoGC4
          + 1/2*g_(1,6_,nu10)*g_(2,nu9)*cFT(nu14,XX,i2,iufo11)*cFT(g7,XX,
         iufo11,j11)*flavourTag(fmu,j11,j12)*Vec(nu10,q3)*Vec(nu9,q2)*Vec(nu14
         ,q3)*p3.p3*d^-1*xiw^2*ufoGC58^2*ufoGC3*ufoGC4
          + 1/2*g_(1,6_,nu10)*g_(2,nu9)*cFT(nu14,XX,i2,iufo11)*cFT(g7,XX,
         iufo11,j11)*flavourTag(fmu,j11,j12)*Vec(nu10,q3)*Vec(nu9,q3)*Vec(nu14
         ,q2)*p3.p3*d^-1*xiw^2*ufoGC58^2*ufoGC3*ufoGC4
          + 1/2*g_(1,6_,nu10)*g_(2,nu9)*cFT(nu14,XX,i2,iufo11)*cFT(g7,XX,
         iufo11,j11)*flavourTag(fmu,j11,j12)*Vec(nu10,q3)*Vec(nu9,q3)*Vec(nu14
         ,q3)*p3.p3*d^-1*xiw^2*ufoGC58^2*ufoGC3*ufoGC4
          - 1/4*g_(1,6_,nu10)*g_(2,nu14)*cFT(nu14,XX,i2,iufo11)*cFT(g7,XX,
         iufo11,j11)*flavourTag(fmu,j11,j12)*Vec(nu10,q2)*Vec(nu9,q2)^2*p3.p3*
         d^-1*xiw^2*ufoGC58^2*ufoGC3*ufoGC4
          - 1/2*g_(1,6_,nu10)*g_(2,nu14)*cFT(nu14,XX,i2,iufo11)*cFT(g7,XX,
         iufo11,j11)*flavourTag(fmu,j11,j12)*Vec(nu10,q2)*Vec(nu9,q2)*Vec(nu9,
         q3)*p3.p3*d^-1*xiw^2*ufoGC58^2*ufoGC3*ufoGC4
          - 1/4*g_(1,6_,nu10)*g_(2,nu14)*cFT(nu14,XX,i2,iufo11)*cFT(g7,XX,
         iufo11,j11)*flavourTag(fmu,j11,j12)*Vec(nu10,q2)*Vec(nu9,q3)^2*p3.p3*
         d^-1*xiw^2*ufoGC58^2*ufoGC3*ufoGC4
          - 1/4*g_(1,6_,nu10)*g_(2,nu14)*cFT(nu14,XX,i2,iufo11)*cFT(g7,XX,
         iufo11,j11)*flavourTag(fmu,j11,j12)*Vec(nu10,q3)*Vec(nu9,q2)^2*p3.p3*
         d^-1*xiw^2*ufoGC58^2*ufoGC3*ufoGC4
          - 1/2*g_(1,6_,nu10)*g_(2,nu14)*cFT(nu14,XX,i2,iufo11)*cFT(g7,XX,
         iufo11,j11)*flavourTag(fmu,j11,j12)*Vec(nu10,q3)*Vec(nu9,q2)*Vec(nu9,
         q3)*p3.p3*d^-1*xiw^2*ufoGC58^2*ufoGC3*ufoGC4
          - 1/4*g_(1,6_,nu10)*g_(2,nu14)*cFT(nu14,XX,i2,iufo11)*cFT(g7,XX,
         iufo11,j11)*flavourTag(fmu,j11,j12)*Vec(nu10,q3)*Vec(nu9,q3)^2*p3.p3*
         d^-1*xiw^2*ufoGC58^2*ufoGC3*ufoGC4
          - 1/4*g_(1,6_,nu10)*g_(2,nu15)*cFT(nu14,XX,i2,iufo11)*cFT(g7,XX,
         iufo11,j11)*flavourTag(fmu,j11,j12)*Vec(nu10,q2)*Vec(nu14,q2)*Vec(
         nu15,q2)*p3.p3*d^-1*xiw^2*ufoGC58^2*ufoGC3*ufoGC4
          - 1/4*g_(1,6_,nu10)*g_(2,nu15)*cFT(nu14,XX,i2,iufo11)*cFT(g7,XX,
         iufo11,j11)*flavourTag(fmu,j11,j12)*Vec(nu10,q2)*Vec(nu14,q2)*Vec(
         nu15,q3)*p3.p3*d^-1*xiw^2*ufoGC58^2*ufoGC3*ufoGC4
          - 1/4*g_(1,6_,nu10)*g_(2,nu15)*cFT(nu14,XX,i2,iufo11)*cFT(g7,XX,
         iufo11,j11)*flavourTag(fmu,j11,j12)*Vec(nu10,q2)*Vec(nu14,q3)*Vec(
         nu15,q2)*p3.p3*d^-1*xiw^2*ufoGC58^2*ufoGC3*ufoGC4
          - 1/4*g_(1,6_,nu10)*g_(2,nu15)*cFT(nu14,XX,i2,iufo11)*cFT(g7,XX,
         iufo11,j11)*flavourTag(fmu,j11,j12)*Vec(nu10,q2)*Vec(nu14,q3)*Vec(
         nu15,q3)*p3.p3*d^-1*xiw^2*ufoGC58^2*ufoGC3*ufoGC4
          - 1/4*g_(1,6_,nu10)*g_(2,nu15)*cFT(nu14,XX,i2,iufo11)*cFT(g7,XX,
         iufo11,j11)*flavourTag(fmu,j11,j12)*Vec(nu10,q3)*Vec(nu14,q2)*Vec(
         nu15,q2)*p3.p3*d^-1*xiw^2*ufoGC58^2*ufoGC3*ufoGC4
          - 1/4*g_(1,6_,nu10)*g_(2,nu15)*cFT(nu14,XX,i2,iufo11)*cFT(g7,XX,
         iufo11,j11)*flavourTag(fmu,j11,j12)*Vec(nu10,q3)*Vec(nu14,q2)*Vec(
         nu15,q3)*p3.p3*d^-1*xiw^2*ufoGC58^2*ufoGC3*ufoGC4
          - 1/4*g_(1,6_,nu10)*g_(2,nu15)*cFT(nu14,XX,i2,iufo11)*cFT(g7,XX,
         iufo11,j11)*flavourTag(fmu,j11,j12)*Vec(nu10,q3)*Vec(nu14,q3)*Vec(
         nu15,q2)*p3.p3*d^-1*xiw^2*ufoGC58^2*ufoGC3*ufoGC4
          - 1/4*g_(1,6_,nu10)*g_(2,nu15)*cFT(nu14,XX,i2,iufo11)*cFT(g7,XX,
         iufo11,j11)*flavourTag(fmu,j11,j12)*Vec(nu10,q3)*Vec(nu14,q3)*Vec(
         nu15,q3)*p3.p3*d^-1*xiw^2*ufoGC58^2*ufoGC3*ufoGC4
          );

  0.02 sec out of 0.02 sec
