FORM 5.0.0-beta.1 (Jan 15 2026, v5.0.0-beta.1-292-g4341c63)  Run: Thu Mar 12 12:02:04 2026
    #-

   d1l182amp =
       + 1/8*g_(1,6_,nu9)*g_(2,7_,p3,nu9,p3)*g_(3,6_)*spinIndExt(1,i1,i4)*
         spinIndExt(3,i2,i3)*flavourTag(fs,j15,j16)*flavourTag(ft,j13,j14)*
         prf(1,M3^2*xiw)^2*ufoGC58*ufoGC104*ufoGC18*ufoGC66
          - 1/8*g_(1,6_,nu9)*g_(2,7_,p3,nu9,q2)*g_(3,6_)*spinIndExt(1,i1,i4)*
         spinIndExt(3,i2,i3)*flavourTag(fs,j15,j16)*flavourTag(ft,j13,j14)*
         prf(1,M3^2*xiw)^2*ufoGC58*ufoGC104*ufoGC18*ufoGC66
          - 1/8*g_(1,6_,nu9)*g_(2,7_,p3,nu9,q3)*g_(3,6_)*spinIndExt(1,i1,i4)*
         spinIndExt(3,i2,i3)*flavourTag(fs,j15,j16)*flavourTag(ft,j13,j14)*
         prf(1,M3^2*xiw)^2*ufoGC58*ufoGC104*ufoGC18*ufoGC66
          + 1/8*g_(1,6_,nu9)*g_(2,6_,nu9,p3)*g_(3,6_)*spinIndExt(1,i1,i4)*
         spinIndExt(3,i2,i3)*flavourTag(fs,j15,j16)*flavourTag(ft,j13,j14)*
         prf(1,M3^2*xiw)^2*M1*ufoGC58*ufoGC104*ufoGC27*ufoGC66
          - 1/8*g_(1,6_,nu9)*g_(2,6_,nu9,q2)*g_(3,6_)*spinIndExt(1,i1,i4)*
         spinIndExt(3,i2,i3)*flavourTag(fs,j15,j16)*flavourTag(ft,j13,j14)*
         prf(1,M3^2*xiw)^2*M1*ufoGC58*ufoGC104*ufoGC27*ufoGC66
          - 1/8*g_(1,6_,nu9)*g_(2,6_,nu9,q3)*g_(3,6_)*spinIndExt(1,i1,i4)*
         spinIndExt(3,i2,i3)*flavourTag(fs,j15,j16)*flavourTag(ft,j13,j14)*
         prf(1,M3^2*xiw)^2*M1*ufoGC58*ufoGC104*ufoGC27*ufoGC66
         ;

  0.00 sec out of 0.00 sec
