FORM 5.0.0-beta.1 (Jan 15 2026, v5.0.0-beta.1-292-g4341c63)  Run: Fri Feb 27 12:21:17 2026
    #-

   d1l17amp =
       + 1/8*g_(1,6_,nu10)*g_(2,6_,nu11)*Vec(nu10,q2)*Vec(nu11,q2)*Vec(nu9,q2)
      ^2*Den(p3)*Deng(q2 + q3,xiw,M3)^4*xiw*ufoGC58^2*ufoGC5
       + 1/4*g_(1,6_,nu10)*g_(2,6_,nu11)*Vec(nu10,q2)*Vec(nu11,q2)*Vec(nu9,q2)
      *Vec(nu9,q3)*Den(p3)*Deng(q2 + q3,xiw,M3)^4*xiw*ufoGC58^2*ufoGC5
       + 1/4*g_(1,6_,nu10)*g_(2,6_,nu11)*Vec(nu10,q2)*Vec(nu11,q2)*Vec(nu9,q2)
      *Vec(nu12,q2)*Vecr(nu9,p3)*Vecr(nu12,p3)*Den(p3)^2*Deng(q2 + q3,xiw,M3)^
      4*xia*xiw*ufoGC58^2*ufoGC5
       - 1/4*g_(1,6_,nu10)*g_(2,6_,nu11)*Vec(nu10,q2)*Vec(nu11,q2)*Vec(nu9,q2)
      *Vec(nu12,q2)*Vecr(nu9,p3)*Vecr(nu12,p3)*Den(p3)^2*Deng(q2 + q3,xiw,M3)^
      4*xiw*ufoGC58^2*ufoGC5
       + 1/4*g_(1,6_,nu10)*g_(2,6_,nu11)*Vec(nu10,q2)*Vec(nu11,q2)*Vec(nu9,q2)
      *Vec(nu12,q3)*Vecr(nu9,p3)*Vecr(nu12,p3)*Den(p3)^2*Deng(q2 + q3,xiw,M3)^
      4*xia*xiw*ufoGC58^2*ufoGC5
       - 1/4*g_(1,6_,nu10)*g_(2,6_,nu11)*Vec(nu10,q2)*Vec(nu11,q2)*Vec(nu9,q2)
      *Vec(nu12,q3)*Vecr(nu9,p3)*Vecr(nu12,p3)*Den(p3)^2*Deng(q2 + q3,xiw,M3)^
      4*xiw*ufoGC58^2*ufoGC5
       + 1/8*g_(1,6_,nu10)*g_(2,6_,nu11)*Vec(nu10,q2)*Vec(nu11,q2)*Vec(nu9,q3)
      ^2*Den(p3)*Deng(q2 + q3,xiw,M3)^4*xiw*ufoGC58^2*ufoGC5
       + 1/4*g_(1,6_,nu10)*g_(2,6_,nu11)*Vec(nu10,q2)*Vec(nu11,q2)*Vec(nu9,q3)
      *Vec(nu12,q2)*Vecr(nu9,p3)*Vecr(nu12,p3)*Den(p3)^2*Deng(q2 + q3,xiw,M3)^
      4*xia*xiw*ufoGC58^2*ufoGC5
       - 1/4*g_(1,6_,nu10)*g_(2,6_,nu11)*Vec(nu10,q2)*Vec(nu11,q2)*Vec(nu9,q3)
      *Vec(nu12,q2)*Vecr(nu9,p3)*Vecr(nu12,p3)*Den(p3)^2*Deng(q2 + q3,xiw,M3)^
      4*xiw*ufoGC58^2*ufoGC5
       + 1/4*g_(1,6_,nu10)*g_(2,6_,nu11)*Vec(nu10,q2)*Vec(nu11,q2)*Vec(nu9,q3)
      *Vec(nu12,q3)*Vecr(nu9,p3)*Vecr(nu12,p3)*Den(p3)^2*Deng(q2 + q3,xiw,M3)^
      4*xia*xiw*ufoGC58^2*ufoGC5
       - 1/4*g_(1,6_,nu10)*g_(2,6_,nu11)*Vec(nu10,q2)*Vec(nu11,q2)*Vec(nu9,q3)
      *Vec(nu12,q3)*Vecr(nu9,p3)*Vecr(nu12,p3)*Den(p3)^2*Deng(q2 + q3,xiw,M3)^
      4*xiw*ufoGC58^2*ufoGC5
       - 1/4*g_(1,6_,nu10)*g_(2,6_,nu11)*Vec(nu10,q2)*Vec(nu11,q2)*Vec(nu12,q2
      )^2*Den(p3)^2*Deng(q2 + q3,xiw,M3)^4*p3.p3*xia*xiw*ufoGC58^2*ufoGC5
       + 1/4*g_(1,6_,nu10)*g_(2,6_,nu11)*Vec(nu10,q2)*Vec(nu11,q2)*Vec(nu12,q2
      )^2*Den(p3)^2*Deng(q2 + q3,xiw,M3)^4*p3.p3*xiw*ufoGC58^2*ufoGC5
       - 1/4*g_(1,6_,nu10)*g_(2,6_,nu11)*Vec(nu10,q2)*Vec(nu11,q2)*Vec(nu12,q2
      )^2*Den(p3)*Deng(q2 + q3,xiw,M3)^4*d*xiw*ufoGC58^2*ufoGC5
       + 1/8*g_(1,6_,nu10)*g_(2,6_,nu11)*Vec(nu10,q2)*Vec(nu11,q2)*Vec(nu12,q2
      )^2*Den(p3)*Deng(q2 + q3,xiw,M3)^4*xiw*ufoGC58^2*ufoGC5
       - 1/2*g_(1,6_,nu10)*g_(2,6_,nu11)*Vec(nu10,q2)*Vec(nu11,q2)*Vec(nu12,q2
      )*Vec(nu12,q3)*Den(p3)^2*Deng(q2 + q3,xiw,M3)^4*p3.p3*xia*xiw*ufoGC58^2*
      ufoGC5
       + 1/2*g_(1,6_,nu10)*g_(2,6_,nu11)*Vec(nu10,q2)*Vec(nu11,q2)*Vec(nu12,q2
      )*Vec(nu12,q3)*Den(p3)^2*Deng(q2 + q3,xiw,M3)^4*p3.p3*xiw*ufoGC58^2*
      ufoGC5
       - 1/2*g_(1,6_,nu10)*g_(2,6_,nu11)*Vec(nu10,q2)*Vec(nu11,q2)*Vec(nu12,q2
      )*Vec(nu12,q3)*Den(p3)*Deng(q2 + q3,xiw,M3)^4*d*xiw*ufoGC58^2*ufoGC5
       + 1/4*g_(1,6_,nu10)*g_(2,6_,nu11)*Vec(nu10,q2)*Vec(nu11,q2)*Vec(nu12,q2
      )*Vec(nu12,q3)*Den(p3)*Deng(q2 + q3,xiw,M3)^4*xiw*ufoGC58^2*ufoGC5
       - 1/4*g_(1,6_,nu10)*g_(2,6_,nu11)*Vec(nu10,q2)*Vec(nu11,q2)*Vec(nu12,q3
      )^2*Den(p3)^2*Deng(q2 + q3,xiw,M3)^4*p3.p3*xia*xiw*ufoGC58^2*ufoGC5
       + 1/4*g_(1,6_,nu10)*g_(2,6_,nu11)*Vec(nu10,q2)*Vec(nu11,q2)*Vec(nu12,q3
      )^2*Den(p3)^2*Deng(q2 + q3,xiw,M3)^4*p3.p3*xiw*ufoGC58^2*ufoGC5
       - 1/4*g_(1,6_,nu10)*g_(2,6_,nu11)*Vec(nu10,q2)*Vec(nu11,q2)*Vec(nu12,q3
      )^2*Den(p3)*Deng(q2 + q3,xiw,M3)^4*d*xiw*ufoGC58^2*ufoGC5
       + 1/8*g_(1,6_,nu10)*g_(2,6_,nu11)*Vec(nu10,q2)*Vec(nu11,q2)*Vec(nu12,q3
      )^2*Den(p3)*Deng(q2 + q3,xiw,M3)^4*xiw*ufoGC58^2*ufoGC5
       + 1/8*g_(1,6_,nu10)*g_(2,6_,nu11)*Vec(nu10,q2)*Vec(nu11,q3)*Vec(nu9,q2)
      ^2*Den(p3)*Deng(q2 + q3,xiw,M3)^4*xiw*ufoGC58^2*ufoGC5
       + 1/4*g_(1,6_,nu10)*g_(2,6_,nu11)*Vec(nu10,q2)*Vec(nu11,q3)*Vec(nu9,q2)
      *Vec(nu9,q3)*Den(p3)*Deng(q2 + q3,xiw,M3)^4*xiw*ufoGC58^2*ufoGC5
       + 1/4*g_(1,6_,nu10)*g_(2,6_,nu11)*Vec(nu10,q2)*Vec(nu11,q3)*Vec(nu9,q2)
      *Vec(nu12,q2)*Vecr(nu9,p3)*Vecr(nu12,p3)*Den(p3)^2*Deng(q2 + q3,xiw,M3)^
      4*xia*xiw*ufoGC58^2*ufoGC5
       - 1/4*g_(1,6_,nu10)*g_(2,6_,nu11)*Vec(nu10,q2)*Vec(nu11,q3)*Vec(nu9,q2)
      *Vec(nu12,q2)*Vecr(nu9,p3)*Vecr(nu12,p3)*Den(p3)^2*Deng(q2 + q3,xiw,M3)^
      4*xiw*ufoGC58^2*ufoGC5
       + 1/4*g_(1,6_,nu10)*g_(2,6_,nu11)*Vec(nu10,q2)*Vec(nu11,q3)*Vec(nu9,q2)
      *Vec(nu12,q3)*Vecr(nu9,p3)*Vecr(nu12,p3)*Den(p3)^2*Deng(q2 + q3,xiw,M3)^
      4*xia*xiw*ufoGC58^2*ufoGC5
       - 1/4*g_(1,6_,nu10)*g_(2,6_,nu11)*Vec(nu10,q2)*Vec(nu11,q3)*Vec(nu9,q2)
      *Vec(nu12,q3)*Vecr(nu9,p3)*Vecr(nu12,p3)*Den(p3)^2*Deng(q2 + q3,xiw,M3)^
      4*xiw*ufoGC58^2*ufoGC5
       + 1/8*g_(1,6_,nu10)*g_(2,6_,nu11)*Vec(nu10,q2)*Vec(nu11,q3)*Vec(nu9,q3)
      ^2*Den(p3)*Deng(q2 + q3,xiw,M3)^4*xiw*ufoGC58^2*ufoGC5
       + 1/4*g_(1,6_,nu10)*g_(2,6_,nu11)*Vec(nu10,q2)*Vec(nu11,q3)*Vec(nu9,q3)
      *Vec(nu12,q2)*Vecr(nu9,p3)*Vecr(nu12,p3)*Den(p3)^2*Deng(q2 + q3,xiw,M3)^
      4*xia*xiw*ufoGC58^2*ufoGC5
       - 1/4*g_(1,6_,nu10)*g_(2,6_,nu11)*Vec(nu10,q2)*Vec(nu11,q3)*Vec(nu9,q3)
      *Vec(nu12,q2)*Vecr(nu9,p3)*Vecr(nu12,p3)*Den(p3)^2*Deng(q2 + q3,xiw,M3)^
      4*xiw*ufoGC58^2*ufoGC5
       + 1/4*g_(1,6_,nu10)*g_(2,6_,nu11)*Vec(nu10,q2)*Vec(nu11,q3)*Vec(nu9,q3)
      *Vec(nu12,q3)*Vecr(nu9,p3)*Vecr(nu12,p3)*Den(p3)^2*Deng(q2 + q3,xiw,M3)^
      4*xia*xiw*ufoGC58^2*ufoGC5
       - 1/4*g_(1,6_,nu10)*g_(2,6_,nu11)*Vec(nu10,q2)*Vec(nu11,q3)*Vec(nu9,q3)
      *Vec(nu12,q3)*Vecr(nu9,p3)*Vecr(nu12,p3)*Den(p3)^2*Deng(q2 + q3,xiw,M3)^
      4*xiw*ufoGC58^2*ufoGC5
       - 1/4*g_(1,6_,nu10)*g_(2,6_,nu11)*Vec(nu10,q2)*Vec(nu11,q3)*Vec(nu12,q2
      )^2*Den(p3)^2*Deng(q2 + q3,xiw,M3)^4*p3.p3*xia*xiw*ufoGC58^2*ufoGC5
       + 1/4*g_(1,6_,nu10)*g_(2,6_,nu11)*Vec(nu10,q2)*Vec(nu11,q3)*Vec(nu12,q2
      )^2*Den(p3)^2*Deng(q2 + q3,xiw,M3)^4*p3.p3*xiw*ufoGC58^2*ufoGC5
       - 1/4*g_(1,6_,nu10)*g_(2,6_,nu11)*Vec(nu10,q2)*Vec(nu11,q3)*Vec(nu12,q2
      )^2*Den(p3)*Deng(q2 + q3,xiw,M3)^4*d*xiw*ufoGC58^2*ufoGC5
       + 1/8*g_(1,6_,nu10)*g_(2,6_,nu11)*Vec(nu10,q2)*Vec(nu11,q3)*Vec(nu12,q2
      )^2*Den(p3)*Deng(q2 + q3,xiw,M3)^4*xiw*ufoGC58^2*ufoGC5
       - 1/2*g_(1,6_,nu10)*g_(2,6_,nu11)*Vec(nu10,q2)*Vec(nu11,q3)*Vec(nu12,q2
      )*Vec(nu12,q3)*Den(p3)^2*Deng(q2 + q3,xiw,M3)^4*p3.p3*xia*xiw*ufoGC58^2*
      ufoGC5
       + 1/2*g_(1,6_,nu10)*g_(2,6_,nu11)*Vec(nu10,q2)*Vec(nu11,q3)*Vec(nu12,q2
      )*Vec(nu12,q3)*Den(p3)^2*Deng(q2 + q3,xiw,M3)^4*p3.p3*xiw*ufoGC58^2*
      ufoGC5
       - 1/2*g_(1,6_,nu10)*g_(2,6_,nu11)*Vec(nu10,q2)*Vec(nu11,q3)*Vec(nu12,q2
      )*Vec(nu12,q3)*Den(p3)*Deng(q2 + q3,xiw,M3)^4*d*xiw*ufoGC58^2*ufoGC5
       + 1/4*g_(1,6_,nu10)*g_(2,6_,nu11)*Vec(nu10,q2)*Vec(nu11,q3)*Vec(nu12,q2
      )*Vec(nu12,q3)*Den(p3)*Deng(q2 + q3,xiw,M3)^4*xiw*ufoGC58^2*ufoGC5
       - 1/4*g_(1,6_,nu10)*g_(2,6_,nu11)*Vec(nu10,q2)*Vec(nu11,q3)*Vec(nu12,q3
      )^2*Den(p3)^2*Deng(q2 + q3,xiw,M3)^4*p3.p3*xia*xiw*ufoGC58^2*ufoGC5
       + 1/4*g_(1,6_,nu10)*g_(2,6_,nu11)*Vec(nu10,q2)*Vec(nu11,q3)*Vec(nu12,q3
      )^2*Den(p3)^2*Deng(q2 + q3,xiw,M3)^4*p3.p3*xiw*ufoGC58^2*ufoGC5
       - 1/4*g_(1,6_,nu10)*g_(2,6_,nu11)*Vec(nu10,q2)*Vec(nu11,q3)*Vec(nu12,q3
      )^2*Den(p3)*Deng(q2 + q3,xiw,M3)^4*d*xiw*ufoGC58^2*ufoGC5
       + 1/8*g_(1,6_,nu10)*g_(2,6_,nu11)*Vec(nu10,q2)*Vec(nu11,q3)*Vec(nu12,q3
      )^2*Den(p3)*Deng(q2 + q3,xiw,M3)^4*xiw*ufoGC58^2*ufoGC5
       + 1/8*g_(1,6_,nu10)*g_(2,6_,nu11)*Vec(nu10,q3)*Vec(nu11,q2)*Vec(nu9,q2)
      ^2*Den(p3)*Deng(q2 + q3,xiw,M3)^4*xiw*ufoGC58^2*ufoGC5
       + 1/4*g_(1,6_,nu10)*g_(2,6_,nu11)*Vec(nu10,q3)*Vec(nu11,q2)*Vec(nu9,q2)
      *Vec(nu9,q3)*Den(p3)*Deng(q2 + q3,xiw,M3)^4*xiw*ufoGC58^2*ufoGC5
       + 1/4*g_(1,6_,nu10)*g_(2,6_,nu11)*Vec(nu10,q3)*Vec(nu11,q2)*Vec(nu9,q2)
      *Vec(nu12,q2)*Vecr(nu9,p3)*Vecr(nu12,p3)*Den(p3)^2*Deng(q2 + q3,xiw,M3)^
      4*xia*xiw*ufoGC58^2*ufoGC5
       - 1/4*g_(1,6_,nu10)*g_(2,6_,nu11)*Vec(nu10,q3)*Vec(nu11,q2)*Vec(nu9,q2)
      *Vec(nu12,q2)*Vecr(nu9,p3)*Vecr(nu12,p3)*Den(p3)^2*Deng(q2 + q3,xiw,M3)^
      4*xiw*ufoGC58^2*ufoGC5
       + 1/4*g_(1,6_,nu10)*g_(2,6_,nu11)*Vec(nu10,q3)*Vec(nu11,q2)*Vec(nu9,q2)
      *Vec(nu12,q3)*Vecr(nu9,p3)*Vecr(nu12,p3)*Den(p3)^2*Deng(q2 + q3,xiw,M3)^
      4*xia*xiw*ufoGC58^2*ufoGC5
       - 1/4*g_(1,6_,nu10)*g_(2,6_,nu11)*Vec(nu10,q3)*Vec(nu11,q2)*Vec(nu9,q2)
      *Vec(nu12,q3)*Vecr(nu9,p3)*Vecr(nu12,p3)*Den(p3)^2*Deng(q2 + q3,xiw,M3)^
      4*xiw*ufoGC58^2*ufoGC5
       + 1/8*g_(1,6_,nu10)*g_(2,6_,nu11)*Vec(nu10,q3)*Vec(nu11,q2)*Vec(nu9,q3)
      ^2*Den(p3)*Deng(q2 + q3,xiw,M3)^4*xiw*ufoGC58^2*ufoGC5
       + 1/4*g_(1,6_,nu10)*g_(2,6_,nu11)*Vec(nu10,q3)*Vec(nu11,q2)*Vec(nu9,q3)
      *Vec(nu12,q2)*Vecr(nu9,p3)*Vecr(nu12,p3)*Den(p3)^2*Deng(q2 + q3,xiw,M3)^
      4*xia*xiw*ufoGC58^2*ufoGC5
       - 1/4*g_(1,6_,nu10)*g_(2,6_,nu11)*Vec(nu10,q3)*Vec(nu11,q2)*Vec(nu9,q3)
      *Vec(nu12,q2)*Vecr(nu9,p3)*Vecr(nu12,p3)*Den(p3)^2*Deng(q2 + q3,xiw,M3)^
      4*xiw*ufoGC58^2*ufoGC5
       + 1/4*g_(1,6_,nu10)*g_(2,6_,nu11)*Vec(nu10,q3)*Vec(nu11,q2)*Vec(nu9,q3)
      *Vec(nu12,q3)*Vecr(nu9,p3)*Vecr(nu12,p3)*Den(p3)^2*Deng(q2 + q3,xiw,M3)^
      4*xia*xiw*ufoGC58^2*ufoGC5
       - 1/4*g_(1,6_,nu10)*g_(2,6_,nu11)*Vec(nu10,q3)*Vec(nu11,q2)*Vec(nu9,q3)
      *Vec(nu12,q3)*Vecr(nu9,p3)*Vecr(nu12,p3)*Den(p3)^2*Deng(q2 + q3,xiw,M3)^
      4*xiw*ufoGC58^2*ufoGC5
       - 1/4*g_(1,6_,nu10)*g_(2,6_,nu11)*Vec(nu10,q3)*Vec(nu11,q2)*Vec(nu12,q2
      )^2*Den(p3)^2*Deng(q2 + q3,xiw,M3)^4*p3.p3*xia*xiw*ufoGC58^2*ufoGC5
       + 1/4*g_(1,6_,nu10)*g_(2,6_,nu11)*Vec(nu10,q3)*Vec(nu11,q2)*Vec(nu12,q2
      )^2*Den(p3)^2*Deng(q2 + q3,xiw,M3)^4*p3.p3*xiw*ufoGC58^2*ufoGC5
       - 1/4*g_(1,6_,nu10)*g_(2,6_,nu11)*Vec(nu10,q3)*Vec(nu11,q2)*Vec(nu12,q2
      )^2*Den(p3)*Deng(q2 + q3,xiw,M3)^4*d*xiw*ufoGC58^2*ufoGC5
       + 1/8*g_(1,6_,nu10)*g_(2,6_,nu11)*Vec(nu10,q3)*Vec(nu11,q2)*Vec(nu12,q2
      )^2*Den(p3)*Deng(q2 + q3,xiw,M3)^4*xiw*ufoGC58^2*ufoGC5
       - 1/2*g_(1,6_,nu10)*g_(2,6_,nu11)*Vec(nu10,q3)*Vec(nu11,q2)*Vec(nu12,q2
      )*Vec(nu12,q3)*Den(p3)^2*Deng(q2 + q3,xiw,M3)^4*p3.p3*xia*xiw*ufoGC58^2*
      ufoGC5
       + 1/2*g_(1,6_,nu10)*g_(2,6_,nu11)*Vec(nu10,q3)*Vec(nu11,q2)*Vec(nu12,q2
      )*Vec(nu12,q3)*Den(p3)^2*Deng(q2 + q3,xiw,M3)^4*p3.p3*xiw*ufoGC58^2*
      ufoGC5
       - 1/2*g_(1,6_,nu10)*g_(2,6_,nu11)*Vec(nu10,q3)*Vec(nu11,q2)*Vec(nu12,q2
      )*Vec(nu12,q3)*Den(p3)*Deng(q2 + q3,xiw,M3)^4*d*xiw*ufoGC58^2*ufoGC5
       + 1/4*g_(1,6_,nu10)*g_(2,6_,nu11)*Vec(nu10,q3)*Vec(nu11,q2)*Vec(nu12,q2
      )*Vec(nu12,q3)*Den(p3)*Deng(q2 + q3,xiw,M3)^4*xiw*ufoGC58^2*ufoGC5
       - 1/4*g_(1,6_,nu10)*g_(2,6_,nu11)*Vec(nu10,q3)*Vec(nu11,q2)*Vec(nu12,q3
      )^2*Den(p3)^2*Deng(q2 + q3,xiw,M3)^4*p3.p3*xia*xiw*ufoGC58^2*ufoGC5
       + 1/4*g_(1,6_,nu10)*g_(2,6_,nu11)*Vec(nu10,q3)*Vec(nu11,q2)*Vec(nu12,q3
      )^2*Den(p3)^2*Deng(q2 + q3,xiw,M3)^4*p3.p3*xiw*ufoGC58^2*ufoGC5
       - 1/4*g_(1,6_,nu10)*g_(2,6_,nu11)*Vec(nu10,q3)*Vec(nu11,q2)*Vec(nu12,q3
      )^2*Den(p3)*Deng(q2 + q3,xiw,M3)^4*d*xiw*ufoGC58^2*ufoGC5
       + 1/8*g_(1,6_,nu10)*g_(2,6_,nu11)*Vec(nu10,q3)*Vec(nu11,q2)*Vec(nu12,q3
      )^2*Den(p3)*Deng(q2 + q3,xiw,M3)^4*xiw*ufoGC58^2*ufoGC5
       + 1/8*g_(1,6_,nu10)*g_(2,6_,nu11)*Vec(nu10,q3)*Vec(nu11,q3)*Vec(nu9,q2)
      ^2*Den(p3)*Deng(q2 + q3,xiw,M3)^4*xiw*ufoGC58^2*ufoGC5
       + 1/4*g_(1,6_,nu10)*g_(2,6_,nu11)*Vec(nu10,q3)*Vec(nu11,q3)*Vec(nu9,q2)
      *Vec(nu9,q3)*Den(p3)*Deng(q2 + q3,xiw,M3)^4*xiw*ufoGC58^2*ufoGC5
       + 1/4*g_(1,6_,nu10)*g_(2,6_,nu11)*Vec(nu10,q3)*Vec(nu11,q3)*Vec(nu9,q2)
      *Vec(nu12,q2)*Vecr(nu9,p3)*Vecr(nu12,p3)*Den(p3)^2*Deng(q2 + q3,xiw,M3)^
      4*xia*xiw*ufoGC58^2*ufoGC5
       - 1/4*g_(1,6_,nu10)*g_(2,6_,nu11)*Vec(nu10,q3)*Vec(nu11,q3)*Vec(nu9,q2)
      *Vec(nu12,q2)*Vecr(nu9,p3)*Vecr(nu12,p3)*Den(p3)^2*Deng(q2 + q3,xiw,M3)^
      4*xiw*ufoGC58^2*ufoGC5
       + 1/4*g_(1,6_,nu10)*g_(2,6_,nu11)*Vec(nu10,q3)*Vec(nu11,q3)*Vec(nu9,q2)
      *Vec(nu12,q3)*Vecr(nu9,p3)*Vecr(nu12,p3)*Den(p3)^2*Deng(q2 + q3,xiw,M3)^
      4*xia*xiw*ufoGC58^2*ufoGC5
       - 1/4*g_(1,6_,nu10)*g_(2,6_,nu11)*Vec(nu10,q3)*Vec(nu11,q3)*Vec(nu9,q2)
      *Vec(nu12,q3)*Vecr(nu9,p3)*Vecr(nu12,p3)*Den(p3)^2*Deng(q2 + q3,xiw,M3)^
      4*xiw*ufoGC58^2*ufoGC5
       + 1/8*g_(1,6_,nu10)*g_(2,6_,nu11)*Vec(nu10,q3)*Vec(nu11,q3)*Vec(nu9,q3)
      ^2*Den(p3)*Deng(q2 + q3,xiw,M3)^4*xiw*ufoGC58^2*ufoGC5
       + 1/4*g_(1,6_,nu10)*g_(2,6_,nu11)*Vec(nu10,q3)*Vec(nu11,q3)*Vec(nu9,q3)
      *Vec(nu12,q2)*Vecr(nu9,p3)*Vecr(nu12,p3)*Den(p3)^2*Deng(q2 + q3,xiw,M3)^
      4*xia*xiw*ufoGC58^2*ufoGC5
       - 1/4*g_(1,6_,nu10)*g_(2,6_,nu11)*Vec(nu10,q3)*Vec(nu11,q3)*Vec(nu9,q3)
      *Vec(nu12,q2)*Vecr(nu9,p3)*Vecr(nu12,p3)*Den(p3)^2*Deng(q2 + q3,xiw,M3)^
      4*xiw*ufoGC58^2*ufoGC5
       + 1/4*g_(1,6_,nu10)*g_(2,6_,nu11)*Vec(nu10,q3)*Vec(nu11,q3)*Vec(nu9,q3)
      *Vec(nu12,q3)*Vecr(nu9,p3)*Vecr(nu12,p3)*Den(p3)^2*Deng(q2 + q3,xiw,M3)^
      4*xia*xiw*ufoGC58^2*ufoGC5
       - 1/4*g_(1,6_,nu10)*g_(2,6_,nu11)*Vec(nu10,q3)*Vec(nu11,q3)*Vec(nu9,q3)
      *Vec(nu12,q3)*Vecr(nu9,p3)*Vecr(nu12,p3)*Den(p3)^2*Deng(q2 + q3,xiw,M3)^
      4*xiw*ufoGC58^2*ufoGC5
       - 1/4*g_(1,6_,nu10)*g_(2,6_,nu11)*Vec(nu10,q3)*Vec(nu11,q3)*Vec(nu12,q2
      )^2*Den(p3)^2*Deng(q2 + q3,xiw,M3)^4*p3.p3*xia*xiw*ufoGC58^2*ufoGC5
       + 1/4*g_(1,6_,nu10)*g_(2,6_,nu11)*Vec(nu10,q3)*Vec(nu11,q3)*Vec(nu12,q2
      )^2*Den(p3)^2*Deng(q2 + q3,xiw,M3)^4*p3.p3*xiw*ufoGC58^2*ufoGC5
       - 1/4*g_(1,6_,nu10)*g_(2,6_,nu11)*Vec(nu10,q3)*Vec(nu11,q3)*Vec(nu12,q2
      )^2*Den(p3)*Deng(q2 + q3,xiw,M3)^4*d*xiw*ufoGC58^2*ufoGC5
       + 1/8*g_(1,6_,nu10)*g_(2,6_,nu11)*Vec(nu10,q3)*Vec(nu11,q3)*Vec(nu12,q2
      )^2*Den(p3)*Deng(q2 + q3,xiw,M3)^4*xiw*ufoGC58^2*ufoGC5
       - 1/2*g_(1,6_,nu10)*g_(2,6_,nu11)*Vec(nu10,q3)*Vec(nu11,q3)*Vec(nu12,q2
      )*Vec(nu12,q3)*Den(p3)^2*Deng(q2 + q3,xiw,M3)^4*p3.p3*xia*xiw*ufoGC58^2*
      ufoGC5
       + 1/2*g_(1,6_,nu10)*g_(2,6_,nu11)*Vec(nu10,q3)*Vec(nu11,q3)*Vec(nu12,q2
      )*Vec(nu12,q3)*Den(p3)^2*Deng(q2 + q3,xiw,M3)^4*p3.p3*xiw*ufoGC58^2*
      ufoGC5
       - 1/2*g_(1,6_,nu10)*g_(2,6_,nu11)*Vec(nu10,q3)*Vec(nu11,q3)*Vec(nu12,q2
      )*Vec(nu12,q3)*Den(p3)*Deng(q2 + q3,xiw,M3)^4*d*xiw*ufoGC58^2*ufoGC5
       + 1/4*g_(1,6_,nu10)*g_(2,6_,nu11)*Vec(nu10,q3)*Vec(nu11,q3)*Vec(nu12,q2
      )*Vec(nu12,q3)*Den(p3)*Deng(q2 + q3,xiw,M3)^4*xiw*ufoGC58^2*ufoGC5
       - 1/4*g_(1,6_,nu10)*g_(2,6_,nu11)*Vec(nu10,q3)*Vec(nu11,q3)*Vec(nu12,q3
      )^2*Den(p3)^2*Deng(q2 + q3,xiw,M3)^4*p3.p3*xia*xiw*ufoGC58^2*ufoGC5
       + 1/4*g_(1,6_,nu10)*g_(2,6_,nu11)*Vec(nu10,q3)*Vec(nu11,q3)*Vec(nu12,q3
      )^2*Den(p3)^2*Deng(q2 + q3,xiw,M3)^4*p3.p3*xiw*ufoGC58^2*ufoGC5
       - 1/4*g_(1,6_,nu10)*g_(2,6_,nu11)*Vec(nu10,q3)*Vec(nu11,q3)*Vec(nu12,q3
      )^2*Den(p3)*Deng(q2 + q3,xiw,M3)^4*d*xiw*ufoGC58^2*ufoGC5
       + 1/8*g_(1,6_,nu10)*g_(2,6_,nu11)*Vec(nu10,q3)*Vec(nu11,q3)*Vec(nu12,q3
      )^2*Den(p3)*Deng(q2 + q3,xiw,M3)^4*xiw*ufoGC58^2*ufoGC5
       - 1/8*g_(1,6_,nu9)*g_(2,6_,nu11)*Vec(nu11,q2)*Vec(nu9,q2)*Den(p3)*Deng(
      q2 + q3,xiw,M3)^3*xiw*ufoGC58^2*ufoGC5
       - 1/8*g_(1,6_,nu9)*g_(2,6_,nu11)*Vec(nu11,q2)*Vec(nu9,q3)*Den(p3)*Deng(
      q2 + q3,xiw,M3)^3*xiw*ufoGC58^2*ufoGC5
       - 1/4*g_(1,6_,nu9)*g_(2,6_,nu11)*Vec(nu11,q2)*Vec(nu12,q2)*Vecr(nu9,p3)
      *Vecr(nu12,p3)*Den(p3)^2*Deng(q2 + q3,xiw,M3)^3*xia*xiw*ufoGC58^2*ufoGC5
       + 1/4*g_(1,6_,nu9)*g_(2,6_,nu11)*Vec(nu11,q2)*Vec(nu12,q2)*Vecr(nu9,p3)
      *Vecr(nu12,p3)*Den(p3)^2*Deng(q2 + q3,xiw,M3)^3*xiw*ufoGC58^2*ufoGC5
       - 1/4*g_(1,6_,nu9)*g_(2,6_,nu11)*Vec(nu11,q2)*Vec(nu12,q3)*Vecr(nu9,p3)
      *Vecr(nu12,p3)*Den(p3)^2*Deng(q2 + q3,xiw,M3)^3*xia*xiw*ufoGC58^2*ufoGC5
       + 1/4*g_(1,6_,nu9)*g_(2,6_,nu11)*Vec(nu11,q2)*Vec(nu12,q3)*Vecr(nu9,p3)
      *Vecr(nu12,p3)*Den(p3)^2*Deng(q2 + q3,xiw,M3)^3*xiw*ufoGC58^2*ufoGC5
       - 1/8*g_(1,6_,nu9)*g_(2,6_,nu11)*Vec(nu11,q3)*Vec(nu9,q2)*Den(p3)*Deng(
      q2 + q3,xiw,M3)^3*xiw*ufoGC58^2*ufoGC5
       - 1/8*g_(1,6_,nu9)*g_(2,6_,nu11)*Vec(nu11,q3)*Vec(nu9,q3)*Den(p3)*Deng(
      q2 + q3,xiw,M3)^3*xiw*ufoGC58^2*ufoGC5
       - 1/4*g_(1,6_,nu9)*g_(2,6_,nu11)*Vec(nu11,q3)*Vec(nu12,q2)*Vecr(nu9,p3)
      *Vecr(nu12,p3)*Den(p3)^2*Deng(q2 + q3,xiw,M3)^3*xia*xiw*ufoGC58^2*ufoGC5
       + 1/4*g_(1,6_,nu9)*g_(2,6_,nu11)*Vec(nu11,q3)*Vec(nu12,q2)*Vecr(nu9,p3)
      *Vecr(nu12,p3)*Den(p3)^2*Deng(q2 + q3,xiw,M3)^3*xiw*ufoGC58^2*ufoGC5
       - 1/4*g_(1,6_,nu9)*g_(2,6_,nu11)*Vec(nu11,q3)*Vec(nu12,q3)*Vecr(nu9,p3)
      *Vecr(nu12,p3)*Den(p3)^2*Deng(q2 + q3,xiw,M3)^3*xia*xiw*ufoGC58^2*ufoGC5
       + 1/4*g_(1,6_,nu9)*g_(2,6_,nu11)*Vec(nu11,q3)*Vec(nu12,q3)*Vecr(nu9,p3)
      *Vecr(nu12,p3)*Den(p3)^2*Deng(q2 + q3,xiw,M3)^3*xiw*ufoGC58^2*ufoGC5
       + 1/4*g_(1,6_,nu12)*g_(2,6_,nu11)*Vec(nu11,q2)*Vec(nu12,q2)*Den(p3)^2*
      Deng(q2 + q3,xiw,M3)^3*p3.p3*xia*xiw*ufoGC58^2*ufoGC5
       - 1/4*g_(1,6_,nu12)*g_(2,6_,nu11)*Vec(nu11,q2)*Vec(nu12,q2)*Den(p3)^2*
      Deng(q2 + q3,xiw,M3)^3*p3.p3*xiw*ufoGC58^2*ufoGC5
       + 1/4*g_(1,6_,nu12)*g_(2,6_,nu11)*Vec(nu11,q2)*Vec(nu12,q2)*Den(p3)*
      Deng(q2 + q3,xiw,M3)^3*d*xiw*ufoGC58^2*ufoGC5
       - 1/8*g_(1,6_,nu12)*g_(2,6_,nu11)*Vec(nu11,q2)*Vec(nu12,q2)*Den(p3)*
      Deng(q2 + q3,xiw,M3)^3*xiw*ufoGC58^2*ufoGC5
       + 1/4*g_(1,6_,nu12)*g_(2,6_,nu11)*Vec(nu11,q2)*Vec(nu12,q3)*Den(p3)^2*
      Deng(q2 + q3,xiw,M3)^3*p3.p3*xia*xiw*ufoGC58^2*ufoGC5
       - 1/4*g_(1,6_,nu12)*g_(2,6_,nu11)*Vec(nu11,q2)*Vec(nu12,q3)*Den(p3)^2*
      Deng(q2 + q3,xiw,M3)^3*p3.p3*xiw*ufoGC58^2*ufoGC5
       + 1/4*g_(1,6_,nu12)*g_(2,6_,nu11)*Vec(nu11,q2)*Vec(nu12,q3)*Den(p3)*
      Deng(q2 + q3,xiw,M3)^3*d*xiw*ufoGC58^2*ufoGC5
       - 1/8*g_(1,6_,nu12)*g_(2,6_,nu11)*Vec(nu11,q2)*Vec(nu12,q3)*Den(p3)*
      Deng(q2 + q3,xiw,M3)^3*xiw*ufoGC58^2*ufoGC5
       + 1/4*g_(1,6_,nu12)*g_(2,6_,nu11)*Vec(nu11,q3)*Vec(nu12,q2)*Den(p3)^2*
      Deng(q2 + q3,xiw,M3)^3*p3.p3*xia*xiw*ufoGC58^2*ufoGC5
       - 1/4*g_(1,6_,nu12)*g_(2,6_,nu11)*Vec(nu11,q3)*Vec(nu12,q2)*Den(p3)^2*
      Deng(q2 + q3,xiw,M3)^3*p3.p3*xiw*ufoGC58^2*ufoGC5
       + 1/4*g_(1,6_,nu12)*g_(2,6_,nu11)*Vec(nu11,q3)*Vec(nu12,q2)*Den(p3)*
      Deng(q2 + q3,xiw,M3)^3*d*xiw*ufoGC58^2*ufoGC5
       - 1/8*g_(1,6_,nu12)*g_(2,6_,nu11)*Vec(nu11,q3)*Vec(nu12,q2)*Den(p3)*
      Deng(q2 + q3,xiw,M3)^3*xiw*ufoGC58^2*ufoGC5
       + 1/4*g_(1,6_,nu12)*g_(2,6_,nu11)*Vec(nu11,q3)*Vec(nu12,q3)*Den(p3)^2*
      Deng(q2 + q3,xiw,M3)^3*p3.p3*xia*xiw*ufoGC58^2*ufoGC5
       - 1/4*g_(1,6_,nu12)*g_(2,6_,nu11)*Vec(nu11,q3)*Vec(nu12,q3)*Den(p3)^2*
      Deng(q2 + q3,xiw,M3)^3*p3.p3*xiw*ufoGC58^2*ufoGC5
       + 1/4*g_(1,6_,nu12)*g_(2,6_,nu11)*Vec(nu11,q3)*Vec(nu12,q3)*Den(p3)*
      Deng(q2 + q3,xiw,M3)^3*d*xiw*ufoGC58^2*ufoGC5
       - 1/8*g_(1,6_,nu12)*g_(2,6_,nu11)*Vec(nu11,q3)*Vec(nu12,q3)*Den(p3)*
      Deng(q2 + q3,xiw,M3)^3*xiw*ufoGC58^2*ufoGC5
      ;

  0.00 sec out of 0.00 sec
