FORM 5.0.0-beta.1 (Jan 15 2026, v5.0.0-beta.1-292-g4341c63)  Run: Thu Mar  5 11:47:21 2026
    #-

   d1l190amp =

       + Den(p4,xiw,M3)^2*Den(p4,xiz,M4)*Den(xiw,M3)^2 * (
          + 1/8*g_(1,6_,nu10)*g_(2,6_,nu14)*FT2*g_(2,p4)*cFT(nu14,XX,i2,iufo11
         )*cFT(g7,XX,iufo11,j11)*flavourTag(fvm,j11,j12)*Vec(nu10,q2)*Vec(nu9,
         q2)^2*p4.p4*d^-1*xiw^2*ufoGC58^2*ufoGC81*ufoGC69
          + 1/4*g_(1,6_,nu10)*g_(2,6_,nu14)*FT2*g_(2,p4)*cFT(nu14,XX,i2,iufo11
         )*cFT(g7,XX,iufo11,j11)*flavourTag(fvm,j11,j12)*Vec(nu10,q2)*Vec(nu9,
         q2)*Vec(nu9,q3)*p4.p4*d^-1*xiw^2*ufoGC58^2*ufoGC81*ufoGC69
          + 1/8*g_(1,6_,nu10)*g_(2,6_,nu14)*FT2*g_(2,p4)*cFT(nu14,XX,i2,iufo11
         )*cFT(g7,XX,iufo11,j11)*flavourTag(fvm,j11,j12)*Vec(nu10,q2)*Vec(nu9,
         q3)^2*p4.p4*d^-1*xiw^2*ufoGC58^2*ufoGC81*ufoGC69
          + 1/8*g_(1,6_,nu10)*g_(2,6_,nu14)*FT2*g_(2,p4)*cFT(nu14,XX,i2,iufo11
         )*cFT(g7,XX,iufo11,j11)*flavourTag(fvm,j11,j12)*Vec(nu10,q3)*Vec(nu9,
         q2)^2*p4.p4*d^-1*xiw^2*ufoGC58^2*ufoGC81*ufoGC69
          + 1/4*g_(1,6_,nu10)*g_(2,6_,nu14)*FT2*g_(2,p4)*cFT(nu14,XX,i2,iufo11
         )*cFT(g7,XX,iufo11,j11)*flavourTag(fvm,j11,j12)*Vec(nu10,q3)*Vec(nu9,
         q2)*Vec(nu9,q3)*p4.p4*d^-1*xiw^2*ufoGC58^2*ufoGC81*ufoGC69
          + 1/8*g_(1,6_,nu10)*g_(2,6_,nu14)*FT2*g_(2,p4)*cFT(nu14,XX,i2,iufo11
         )*cFT(g7,XX,iufo11,j11)*flavourTag(fvm,j11,j12)*Vec(nu10,q3)*Vec(nu9,
         q3)^2*p4.p4*d^-1*xiw^2*ufoGC58^2*ufoGC81*ufoGC69
          - 1/8*g_(1,6_,nu10)*g_(2,6_,nu14)*FT2*g_(2,q3)*cFT(nu14,XX,i2,iufo11
         )*cFT(g7,XX,iufo11,j11)*flavourTag(fvm,j11,j12)*Vec(nu10,q2)*Vec(nu9,
         q2)^2*p4.p4*d^-1*xiw^2*ufoGC58^2*ufoGC81*ufoGC69
          - 1/4*g_(1,6_,nu10)*g_(2,6_,nu14)*FT2*g_(2,q3)*cFT(nu14,XX,i2,iufo11
         )*cFT(g7,XX,iufo11,j11)*flavourTag(fvm,j11,j12)*Vec(nu10,q2)*Vec(nu9,
         q2)*Vec(nu9,q3)*p4.p4*d^-1*xiw^2*ufoGC58^2*ufoGC81*ufoGC69
          - 1/8*g_(1,6_,nu10)*g_(2,6_,nu14)*FT2*g_(2,q3)*cFT(nu14,XX,i2,iufo11
         )*cFT(g7,XX,iufo11,j11)*flavourTag(fvm,j11,j12)*Vec(nu10,q2)*Vec(nu9,
         q3)^2*p4.p4*d^-1*xiw^2*ufoGC58^2*ufoGC81*ufoGC69
          - 1/8*g_(1,6_,nu10)*g_(2,6_,nu14)*FT2*g_(2,q3)*cFT(nu14,XX,i2,iufo11
         )*cFT(g7,XX,iufo11,j11)*flavourTag(fvm,j11,j12)*Vec(nu10,q3)*Vec(nu9,
         q2)^2*p4.p4*d^-1*xiw^2*ufoGC58^2*ufoGC81*ufoGC69
          - 1/4*g_(1,6_,nu10)*g_(2,6_,nu14)*FT2*g_(2,q3)*cFT(nu14,XX,i2,iufo11
         )*cFT(g7,XX,iufo11,j11)*flavourTag(fvm,j11,j12)*Vec(nu10,q3)*Vec(nu9,
         q2)*Vec(nu9,q3)*p4.p4*d^-1*xiw^2*ufoGC58^2*ufoGC81*ufoGC69
          - 1/8*g_(1,6_,nu10)*g_(2,6_,nu14)*FT2*g_(2,q3)*cFT(nu14,XX,i2,iufo11
         )*cFT(g7,XX,iufo11,j11)*flavourTag(fvm,j11,j12)*Vec(nu10,q3)*Vec(nu9,
         q3)^2*p4.p4*d^-1*xiw^2*ufoGC58^2*ufoGC81*ufoGC69
          - 1/8*g_(1,6_,nu10)*g_(2,6_,nu16)*FT2*g_(2,p4)*cFT(nu14,XX,i2,iufo11
         )*cFT(g7,XX,iufo11,j11)*flavourTag(fvm,j11,j12)*Vec(nu10,q2)*Vec(nu14
         ,q2)*Vec(nu16,q2)*p4.p4*d^-1*xiw^2*ufoGC58^2*ufoGC81*ufoGC69
          - 1/8*g_(1,6_,nu10)*g_(2,6_,nu16)*FT2*g_(2,p4)*cFT(nu14,XX,i2,iufo11
         )*cFT(g7,XX,iufo11,j11)*flavourTag(fvm,j11,j12)*Vec(nu10,q2)*Vec(nu14
         ,q2)*Vec(nu16,q3)*p4.p4*d^-1*xiw^2*ufoGC58^2*ufoGC81*ufoGC69
          - 1/8*g_(1,6_,nu10)*g_(2,6_,nu16)*FT2*g_(2,p4)*cFT(nu14,XX,i2,iufo11
         )*cFT(g7,XX,iufo11,j11)*flavourTag(fvm,j11,j12)*Vec(nu10,q2)*Vec(nu14
         ,q3)*Vec(nu16,q2)*p4.p4*d^-1*xiw^2*ufoGC58^2*ufoGC81*ufoGC69
          - 1/8*g_(1,6_,nu10)*g_(2,6_,nu16)*FT2*g_(2,p4)*cFT(nu14,XX,i2,iufo11
         )*cFT(g7,XX,iufo11,j11)*flavourTag(fvm,j11,j12)*Vec(nu10,q2)*Vec(nu14
         ,q3)*Vec(nu16,q3)*p4.p4*d^-1*xiw^2*ufoGC58^2*ufoGC81*ufoGC69
          - 1/8*g_(1,6_,nu10)*g_(2,6_,nu16)*FT2*g_(2,p4)*cFT(nu14,XX,i2,iufo11
         )*cFT(g7,XX,iufo11,j11)*flavourTag(fvm,j11,j12)*Vec(nu10,q3)*Vec(nu14
         ,q2)*Vec(nu16,q2)*p4.p4*d^-1*xiw^2*ufoGC58^2*ufoGC81*ufoGC69
          - 1/8*g_(1,6_,nu10)*g_(2,6_,nu16)*FT2*g_(2,p4)*cFT(nu14,XX,i2,iufo11
         )*cFT(g7,XX,iufo11,j11)*flavourTag(fvm,j11,j12)*Vec(nu10,q3)*Vec(nu14
         ,q2)*Vec(nu16,q3)*p4.p4*d^-1*xiw^2*ufoGC58^2*ufoGC81*ufoGC69
          - 1/8*g_(1,6_,nu10)*g_(2,6_,nu16)*FT2*g_(2,p4)*cFT(nu14,XX,i2,iufo11
         )*cFT(g7,XX,iufo11,j11)*flavourTag(fvm,j11,j12)*Vec(nu10,q3)*Vec(nu14
         ,q3)*Vec(nu16,q2)*p4.p4*d^-1*xiw^2*ufoGC58^2*ufoGC81*ufoGC69
          - 1/8*g_(1,6_,nu10)*g_(2,6_,nu16)*FT2*g_(2,p4)*cFT(nu14,XX,i2,iufo11
         )*cFT(g7,XX,iufo11,j11)*flavourTag(fvm,j11,j12)*Vec(nu10,q3)*Vec(nu14
         ,q3)*Vec(nu16,q3)*p4.p4*d^-1*xiw^2*ufoGC58^2*ufoGC81*ufoGC69
          + 1/8*g_(1,6_,nu10)*g_(2,6_,nu16)*FT2*g_(2,q3)*cFT(nu14,XX,i2,iufo11
         )*cFT(g7,XX,iufo11,j11)*flavourTag(fvm,j11,j12)*Vec(nu10,q2)*Vec(nu14
         ,q2)*Vec(nu16,q2)*p4.p4*d^-1*xiw^2*ufoGC58^2*ufoGC81*ufoGC69
          + 1/8*g_(1,6_,nu10)*g_(2,6_,nu16)*FT2*g_(2,q3)*cFT(nu14,XX,i2,iufo11
         )*cFT(g7,XX,iufo11,j11)*flavourTag(fvm,j11,j12)*Vec(nu10,q2)*Vec(nu14
         ,q2)*Vec(nu16,q3)*p4.p4*d^-1*xiw^2*ufoGC58^2*ufoGC81*ufoGC69
          + 1/8*g_(1,6_,nu10)*g_(2,6_,nu16)*FT2*g_(2,q3)*cFT(nu14,XX,i2,iufo11
         )*cFT(g7,XX,iufo11,j11)*flavourTag(fvm,j11,j12)*Vec(nu10,q2)*Vec(nu14
         ,q3)*Vec(nu16,q2)*p4.p4*d^-1*xiw^2*ufoGC58^2*ufoGC81*ufoGC69
          + 1/8*g_(1,6_,nu10)*g_(2,6_,nu16)*FT2*g_(2,q3)*cFT(nu14,XX,i2,iufo11
         )*cFT(g7,XX,iufo11,j11)*flavourTag(fvm,j11,j12)*Vec(nu10,q2)*Vec(nu14
         ,q3)*Vec(nu16,q3)*p4.p4*d^-1*xiw^2*ufoGC58^2*ufoGC81*ufoGC69
          + 1/8*g_(1,6_,nu10)*g_(2,6_,nu16)*FT2*g_(2,q3)*cFT(nu14,XX,i2,iufo11
         )*cFT(g7,XX,iufo11,j11)*flavourTag(fvm,j11,j12)*Vec(nu10,q3)*Vec(nu14
         ,q2)*Vec(nu16,q2)*p4.p4*d^-1*xiw^2*ufoGC58^2*ufoGC81*ufoGC69
          + 1/8*g_(1,6_,nu10)*g_(2,6_,nu16)*FT2*g_(2,q3)*cFT(nu14,XX,i2,iufo11
         )*cFT(g7,XX,iufo11,j11)*flavourTag(fvm,j11,j12)*Vec(nu10,q3)*Vec(nu14
         ,q2)*Vec(nu16,q3)*p4.p4*d^-1*xiw^2*ufoGC58^2*ufoGC81*ufoGC69
          + 1/8*g_(1,6_,nu10)*g_(2,6_,nu16)*FT2*g_(2,q3)*cFT(nu14,XX,i2,iufo11
         )*cFT(g7,XX,iufo11,j11)*flavourTag(fvm,j11,j12)*Vec(nu10,q3)*Vec(nu14
         ,q3)*Vec(nu16,q2)*p4.p4*d^-1*xiw^2*ufoGC58^2*ufoGC81*ufoGC69
          + 1/8*g_(1,6_,nu10)*g_(2,6_,nu16)*FT2*g_(2,q3)*cFT(nu14,XX,i2,iufo11
         )*cFT(g7,XX,iufo11,j11)*flavourTag(fvm,j11,j12)*Vec(nu10,q3)*Vec(nu14
         ,q3)*Vec(nu16,q3)*p4.p4*d^-1*xiw^2*ufoGC58^2*ufoGC81*ufoGC69
          )

       + Den(p4,xiw,M3)^2*Den(p4,xiz,M4)^2*Den(xiw,M3)^2 * (
          - 1/8*g_(1,6_,nu10)*g_(2,6_,nu14)*FT2*g_(2,p4)*cFT(nu14,XX,i2,iufo11
         )*cFT(g7,XX,iufo11,j11)*flavourTag(fvm,j11,j12)*Vec(nu10,q2)*Vec(nu9,
         q2)^2*p4.p4^2*d^-1*xiw^2*ufoGC58^2*ufoGC81*ufoGC69
          - 1/4*g_(1,6_,nu10)*g_(2,6_,nu14)*FT2*g_(2,p4)*cFT(nu14,XX,i2,iufo11
         )*cFT(g7,XX,iufo11,j11)*flavourTag(fvm,j11,j12)*Vec(nu10,q2)*Vec(nu9,
         q2)*Vec(nu9,q3)*p4.p4^2*d^-1*xiw^2*ufoGC58^2*ufoGC81*ufoGC69
          - 1/8*g_(1,6_,nu10)*g_(2,6_,nu14)*FT2*g_(2,p4)*cFT(nu14,XX,i2,iufo11
         )*cFT(g7,XX,iufo11,j11)*flavourTag(fvm,j11,j12)*Vec(nu10,q2)*Vec(nu9,
         q3)^2*p4.p4^2*d^-1*xiw^2*ufoGC58^2*ufoGC81*ufoGC69
          + 1/8*g_(1,6_,nu10)*g_(2,6_,nu14)*FT2*g_(2,p4)*cFT(nu14,XX,i2,iufo11
         )*cFT(g7,XX,iufo11,j11)*flavourTag(fvm,j11,j12)*Vec(nu10,q2)*Vec(nu13
         ,q2)^2*p4.p4^2*d^-1*xiw^2*ufoGC58^2*ufoGC81*ufoGC69
          + 1/4*g_(1,6_,nu10)*g_(2,6_,nu14)*FT2*g_(2,p4)*cFT(nu14,XX,i2,iufo11
         )*cFT(g7,XX,iufo11,j11)*flavourTag(fvm,j11,j12)*Vec(nu10,q2)*Vec(nu13
         ,q2)*Vec(nu13,q3)*p4.p4^2*d^-1*xiw^2*ufoGC58^2*ufoGC81*ufoGC69
          + 1/8*g_(1,6_,nu10)*g_(2,6_,nu14)*FT2*g_(2,p4)*cFT(nu14,XX,i2,iufo11
         )*cFT(g7,XX,iufo11,j11)*flavourTag(fvm,j11,j12)*Vec(nu10,q2)*Vec(nu13
         ,q3)^2*p4.p4^2*d^-1*xiw^2*ufoGC58^2*ufoGC81*ufoGC69
          - 1/8*g_(1,6_,nu10)*g_(2,6_,nu14)*FT2*g_(2,p4)*cFT(nu14,XX,i2,iufo11
         )*cFT(g7,XX,iufo11,j11)*flavourTag(fvm,j11,j12)*Vec(nu10,q3)*Vec(nu9,
         q2)^2*p4.p4^2*d^-1*xiw^2*ufoGC58^2*ufoGC81*ufoGC69
          - 1/4*g_(1,6_,nu10)*g_(2,6_,nu14)*FT2*g_(2,p4)*cFT(nu14,XX,i2,iufo11
         )*cFT(g7,XX,iufo11,j11)*flavourTag(fvm,j11,j12)*Vec(nu10,q3)*Vec(nu9,
         q2)*Vec(nu9,q3)*p4.p4^2*d^-1*xiw^2*ufoGC58^2*ufoGC81*ufoGC69
          - 1/8*g_(1,6_,nu10)*g_(2,6_,nu14)*FT2*g_(2,p4)*cFT(nu14,XX,i2,iufo11
         )*cFT(g7,XX,iufo11,j11)*flavourTag(fvm,j11,j12)*Vec(nu10,q3)*Vec(nu9,
         q3)^2*p4.p4^2*d^-1*xiw^2*ufoGC58^2*ufoGC81*ufoGC69
          + 1/8*g_(1,6_,nu10)*g_(2,6_,nu14)*FT2*g_(2,p4)*cFT(nu14,XX,i2,iufo11
         )*cFT(g7,XX,iufo11,j11)*flavourTag(fvm,j11,j12)*Vec(nu10,q3)*Vec(nu13
         ,q2)^2*p4.p4^2*d^-1*xiw^2*ufoGC58^2*ufoGC81*ufoGC69
          + 1/4*g_(1,6_,nu10)*g_(2,6_,nu14)*FT2*g_(2,p4)*cFT(nu14,XX,i2,iufo11
         )*cFT(g7,XX,iufo11,j11)*flavourTag(fvm,j11,j12)*Vec(nu10,q3)*Vec(nu13
         ,q2)*Vec(nu13,q3)*p4.p4^2*d^-1*xiw^2*ufoGC58^2*ufoGC81*ufoGC69
          + 1/8*g_(1,6_,nu10)*g_(2,6_,nu14)*FT2*g_(2,p4)*cFT(nu14,XX,i2,iufo11
         )*cFT(g7,XX,iufo11,j11)*flavourTag(fvm,j11,j12)*Vec(nu10,q3)*Vec(nu13
         ,q3)^2*p4.p4^2*d^-1*xiw^2*ufoGC58^2*ufoGC81*ufoGC69
          + 1/8*g_(1,6_,nu10)*g_(2,6_,nu14)*FT2*g_(2,q3)*cFT(nu14,XX,i2,iufo11
         )*cFT(g7,XX,iufo11,j11)*flavourTag(fvm,j11,j12)*Vec(nu10,q2)*Vec(nu9,
         q2)^2*p4.p4^2*d^-1*xiw^2*ufoGC58^2*ufoGC81*ufoGC69
          + 1/4*g_(1,6_,nu10)*g_(2,6_,nu14)*FT2*g_(2,q3)*cFT(nu14,XX,i2,iufo11
         )*cFT(g7,XX,iufo11,j11)*flavourTag(fvm,j11,j12)*Vec(nu10,q2)*Vec(nu9,
         q2)*Vec(nu9,q3)*p4.p4^2*d^-1*xiw^2*ufoGC58^2*ufoGC81*ufoGC69
          + 1/8*g_(1,6_,nu10)*g_(2,6_,nu14)*FT2*g_(2,q3)*cFT(nu14,XX,i2,iufo11
         )*cFT(g7,XX,iufo11,j11)*flavourTag(fvm,j11,j12)*Vec(nu10,q2)*Vec(nu9,
         q3)^2*p4.p4^2*d^-1*xiw^2*ufoGC58^2*ufoGC81*ufoGC69
          - 1/8*g_(1,6_,nu10)*g_(2,6_,nu14)*FT2*g_(2,q3)*cFT(nu14,XX,i2,iufo11
         )*cFT(g7,XX,iufo11,j11)*flavourTag(fvm,j11,j12)*Vec(nu10,q2)*Vec(nu13
         ,q2)^2*p4.p4^2*d^-1*xiw^2*ufoGC58^2*ufoGC81*ufoGC69
          - 1/4*g_(1,6_,nu10)*g_(2,6_,nu14)*FT2*g_(2,q3)*cFT(nu14,XX,i2,iufo11
         )*cFT(g7,XX,iufo11,j11)*flavourTag(fvm,j11,j12)*Vec(nu10,q2)*Vec(nu13
         ,q2)*Vec(nu13,q3)*p4.p4^2*d^-1*xiw^2*ufoGC58^2*ufoGC81*ufoGC69
          - 1/8*g_(1,6_,nu10)*g_(2,6_,nu14)*FT2*g_(2,q3)*cFT(nu14,XX,i2,iufo11
         )*cFT(g7,XX,iufo11,j11)*flavourTag(fvm,j11,j12)*Vec(nu10,q2)*Vec(nu13
         ,q3)^2*p4.p4^2*d^-1*xiw^2*ufoGC58^2*ufoGC81*ufoGC69
          + 1/8*g_(1,6_,nu10)*g_(2,6_,nu14)*FT2*g_(2,q3)*cFT(nu14,XX,i2,iufo11
         )*cFT(g7,XX,iufo11,j11)*flavourTag(fvm,j11,j12)*Vec(nu10,q3)*Vec(nu9,
         q2)^2*p4.p4^2*d^-1*xiw^2*ufoGC58^2*ufoGC81*ufoGC69
          + 1/4*g_(1,6_,nu10)*g_(2,6_,nu14)*FT2*g_(2,q3)*cFT(nu14,XX,i2,iufo11
         )*cFT(g7,XX,iufo11,j11)*flavourTag(fvm,j11,j12)*Vec(nu10,q3)*Vec(nu9,
         q2)*Vec(nu9,q3)*p4.p4^2*d^-1*xiw^2*ufoGC58^2*ufoGC81*ufoGC69
          + 1/8*g_(1,6_,nu10)*g_(2,6_,nu14)*FT2*g_(2,q3)*cFT(nu14,XX,i2,iufo11
         )*cFT(g7,XX,iufo11,j11)*flavourTag(fvm,j11,j12)*Vec(nu10,q3)*Vec(nu9,
         q3)^2*p4.p4^2*d^-1*xiw^2*ufoGC58^2*ufoGC81*ufoGC69
          - 1/8*g_(1,6_,nu10)*g_(2,6_,nu14)*FT2*g_(2,q3)*cFT(nu14,XX,i2,iufo11
         )*cFT(g7,XX,iufo11,j11)*flavourTag(fvm,j11,j12)*Vec(nu10,q3)*Vec(nu13
         ,q2)^2*p4.p4^2*d^-1*xiw^2*ufoGC58^2*ufoGC81*ufoGC69
          - 1/4*g_(1,6_,nu10)*g_(2,6_,nu14)*FT2*g_(2,q3)*cFT(nu14,XX,i2,iufo11
         )*cFT(g7,XX,iufo11,j11)*flavourTag(fvm,j11,j12)*Vec(nu10,q3)*Vec(nu13
         ,q2)*Vec(nu13,q3)*p4.p4^2*d^-1*xiw^2*ufoGC58^2*ufoGC81*ufoGC69
          - 1/8*g_(1,6_,nu10)*g_(2,6_,nu14)*FT2*g_(2,q3)*cFT(nu14,XX,i2,iufo11
         )*cFT(g7,XX,iufo11,j11)*flavourTag(fvm,j11,j12)*Vec(nu10,q3)*Vec(nu13
         ,q3)^2*p4.p4^2*d^-1*xiw^2*ufoGC58^2*ufoGC81*ufoGC69
          - 1/4*g_(1,6_,nu10)*g_(2,6_,nu9)*FT2*g_(2,p4)*cFT(nu14,XX,i2,iufo11)
         *cFT(g7,XX,iufo11,j11)*flavourTag(fvm,j11,j12)*Vec(nu10,q2)*Vec(nu14,
         q2)*Vec(nu9,q2)*p4.p4^2*d^-1*xiw^2*ufoGC58^2*ufoGC81*ufoGC69
          - 1/4*g_(1,6_,nu10)*g_(2,6_,nu9)*FT2*g_(2,p4)*cFT(nu14,XX,i2,iufo11)
         *cFT(g7,XX,iufo11,j11)*flavourTag(fvm,j11,j12)*Vec(nu10,q2)*Vec(nu14,
         q2)*Vec(nu9,q3)*p4.p4^2*d^-1*xiw^2*ufoGC58^2*ufoGC81*ufoGC69
          - 1/4*g_(1,6_,nu10)*g_(2,6_,nu9)*FT2*g_(2,p4)*cFT(nu14,XX,i2,iufo11)
         *cFT(g7,XX,iufo11,j11)*flavourTag(fvm,j11,j12)*Vec(nu10,q2)*Vec(nu14,
         q3)*Vec(nu9,q2)*p4.p4^2*d^-1*xiw^2*ufoGC58^2*ufoGC81*ufoGC69
          - 1/4*g_(1,6_,nu10)*g_(2,6_,nu9)*FT2*g_(2,p4)*cFT(nu14,XX,i2,iufo11)
         *cFT(g7,XX,iufo11,j11)*flavourTag(fvm,j11,j12)*Vec(nu10,q2)*Vec(nu14,
         q3)*Vec(nu9,q3)*p4.p4^2*d^-1*xiw^2*ufoGC58^2*ufoGC81*ufoGC69
          - 1/4*g_(1,6_,nu10)*g_(2,6_,nu9)*FT2*g_(2,p4)*cFT(nu14,XX,i2,iufo11)
         *cFT(g7,XX,iufo11,j11)*flavourTag(fvm,j11,j12)*Vec(nu10,q3)*Vec(nu14,
         q2)*Vec(nu9,q2)*p4.p4^2*d^-1*xiw^2*ufoGC58^2*ufoGC81*ufoGC69
          - 1/4*g_(1,6_,nu10)*g_(2,6_,nu9)*FT2*g_(2,p4)*cFT(nu14,XX,i2,iufo11)
         *cFT(g7,XX,iufo11,j11)*flavourTag(fvm,j11,j12)*Vec(nu10,q3)*Vec(nu14,
         q2)*Vec(nu9,q3)*p4.p4^2*d^-1*xiw^2*ufoGC58^2*ufoGC81*ufoGC69
          - 1/4*g_(1,6_,nu10)*g_(2,6_,nu9)*FT2*g_(2,p4)*cFT(nu14,XX,i2,iufo11)
         *cFT(g7,XX,iufo11,j11)*flavourTag(fvm,j11,j12)*Vec(nu10,q3)*Vec(nu14,
         q3)*Vec(nu9,q2)*p4.p4^2*d^-1*xiw^2*ufoGC58^2*ufoGC81*ufoGC69
          - 1/4*g_(1,6_,nu10)*g_(2,6_,nu9)*FT2*g_(2,p4)*cFT(nu14,XX,i2,iufo11)
         *cFT(g7,XX,iufo11,j11)*flavourTag(fvm,j11,j12)*Vec(nu10,q3)*Vec(nu14,
         q3)*Vec(nu9,q3)*p4.p4^2*d^-1*xiw^2*ufoGC58^2*ufoGC81*ufoGC69
          - 1/4*g_(1,6_,nu10)*g_(2,6_,nu9)*FT2*g_(2,p4)*cFT(nu13,XX,i2,iufo11)
         *cFT(g7,XX,iufo11,j11)/(d^3 + d^2 - 2*d)*flavourTag(fvm,j11,j12)*Vec(
         nu10,q2)*Vec(nu9,q2)*Vec(nu13,q2)*p4.p4^2*d*xiw^2*ufoGC58^2*ufoGC81*
         ufoGC69
          + 1/4*g_(1,6_,nu10)*g_(2,6_,nu9)*FT2*g_(2,p4)*cFT(nu13,XX,i2,iufo11)
         *cFT(g7,XX,iufo11,j11)/(d^3 + d^2 - 2*d)*flavourTag(fvm,j11,j12)*Vec(
         nu10,q2)*Vec(nu9,q2)*Vec(nu13,q2)*p4.p4^2*xiw^2*ufoGC58^2*ufoGC81*
         ufoGC69
          - 1/4*g_(1,6_,nu10)*g_(2,6_,nu9)*FT2*g_(2,p4)*cFT(nu13,XX,i2,iufo11)
         *cFT(g7,XX,iufo11,j11)/(d^3 + d^2 - 2*d)*flavourTag(fvm,j11,j12)*Vec(
         nu10,q2)*Vec(nu9,q2)*Vec(nu13,q3)*p4.p4^2*d*xiw^2*ufoGC58^2*ufoGC81*
         ufoGC69
          + 1/4*g_(1,6_,nu10)*g_(2,6_,nu9)*FT2*g_(2,p4)*cFT(nu13,XX,i2,iufo11)
         *cFT(g7,XX,iufo11,j11)/(d^3 + d^2 - 2*d)*flavourTag(fvm,j11,j12)*Vec(
         nu10,q2)*Vec(nu9,q2)*Vec(nu13,q3)*p4.p4^2*xiw^2*ufoGC58^2*ufoGC81*
         ufoGC69
          - 1/4*g_(1,6_,nu10)*g_(2,6_,nu9)*FT2*g_(2,p4)*cFT(nu13,XX,i2,iufo11)
         *cFT(g7,XX,iufo11,j11)/(d^3 + d^2 - 2*d)*flavourTag(fvm,j11,j12)*Vec(
         nu10,q2)*Vec(nu9,q3)*Vec(nu13,q2)*p4.p4^2*d*xiw^2*ufoGC58^2*ufoGC81*
         ufoGC69
          + 1/4*g_(1,6_,nu10)*g_(2,6_,nu9)*FT2*g_(2,p4)*cFT(nu13,XX,i2,iufo11)
         *cFT(g7,XX,iufo11,j11)/(d^3 + d^2 - 2*d)*flavourTag(fvm,j11,j12)*Vec(
         nu10,q2)*Vec(nu9,q3)*Vec(nu13,q2)*p4.p4^2*xiw^2*ufoGC58^2*ufoGC81*
         ufoGC69
          - 1/4*g_(1,6_,nu10)*g_(2,6_,nu9)*FT2*g_(2,p4)*cFT(nu13,XX,i2,iufo11)
         *cFT(g7,XX,iufo11,j11)/(d^3 + d^2 - 2*d)*flavourTag(fvm,j11,j12)*Vec(
         nu10,q2)*Vec(nu9,q3)*Vec(nu13,q3)*p4.p4^2*d*xiw^2*ufoGC58^2*ufoGC81*
         ufoGC69
          + 1/4*g_(1,6_,nu10)*g_(2,6_,nu9)*FT2*g_(2,p4)*cFT(nu13,XX,i2,iufo11)
         *cFT(g7,XX,iufo11,j11)/(d^3 + d^2 - 2*d)*flavourTag(fvm,j11,j12)*Vec(
         nu10,q2)*Vec(nu9,q3)*Vec(nu13,q3)*p4.p4^2*xiw^2*ufoGC58^2*ufoGC81*
         ufoGC69
          - 1/4*g_(1,6_,nu10)*g_(2,6_,nu9)*FT2*g_(2,p4)*cFT(nu13,XX,i2,iufo11)
         *cFT(g7,XX,iufo11,j11)/(d^3 + d^2 - 2*d)*flavourTag(fvm,j11,j12)*Vec(
         nu10,q3)*Vec(nu9,q2)*Vec(nu13,q2)*p4.p4^2*d*xiw^2*ufoGC58^2*ufoGC81*
         ufoGC69
          + 1/4*g_(1,6_,nu10)*g_(2,6_,nu9)*FT2*g_(2,p4)*cFT(nu13,XX,i2,iufo11)
         *cFT(g7,XX,iufo11,j11)/(d^3 + d^2 - 2*d)*flavourTag(fvm,j11,j12)*Vec(
         nu10,q3)*Vec(nu9,q2)*Vec(nu13,q2)*p4.p4^2*xiw^2*ufoGC58^2*ufoGC81*
         ufoGC69
          - 1/4*g_(1,6_,nu10)*g_(2,6_,nu9)*FT2*g_(2,p4)*cFT(nu13,XX,i2,iufo11)
         *cFT(g7,XX,iufo11,j11)/(d^3 + d^2 - 2*d)*flavourTag(fvm,j11,j12)*Vec(
         nu10,q3)*Vec(nu9,q2)*Vec(nu13,q3)*p4.p4^2*d*xiw^2*ufoGC58^2*ufoGC81*
         ufoGC69
          + 1/4*g_(1,6_,nu10)*g_(2,6_,nu9)*FT2*g_(2,p4)*cFT(nu13,XX,i2,iufo11)
         *cFT(g7,XX,iufo11,j11)/(d^3 + d^2 - 2*d)*flavourTag(fvm,j11,j12)*Vec(
         nu10,q3)*Vec(nu9,q2)*Vec(nu13,q3)*p4.p4^2*xiw^2*ufoGC58^2*ufoGC81*
         ufoGC69
          - 1/4*g_(1,6_,nu10)*g_(2,6_,nu9)*FT2*g_(2,p4)*cFT(nu13,XX,i2,iufo11)
         *cFT(g7,XX,iufo11,j11)/(d^3 + d^2 - 2*d)*flavourTag(fvm,j11,j12)*Vec(
         nu10,q3)*Vec(nu9,q3)*Vec(nu13,q2)*p4.p4^2*d*xiw^2*ufoGC58^2*ufoGC81*
         ufoGC69
          + 1/4*g_(1,6_,nu10)*g_(2,6_,nu9)*FT2*g_(2,p4)*cFT(nu13,XX,i2,iufo11)
         *cFT(g7,XX,iufo11,j11)/(d^3 + d^2 - 2*d)*flavourTag(fvm,j11,j12)*Vec(
         nu10,q3)*Vec(nu9,q3)*Vec(nu13,q2)*p4.p4^2*xiw^2*ufoGC58^2*ufoGC81*
         ufoGC69
          - 1/4*g_(1,6_,nu10)*g_(2,6_,nu9)*FT2*g_(2,p4)*cFT(nu13,XX,i2,iufo11)
         *cFT(g7,XX,iufo11,j11)/(d^3 + d^2 - 2*d)*flavourTag(fvm,j11,j12)*Vec(
         nu10,q3)*Vec(nu9,q3)*Vec(nu13,q3)*p4.p4^2*d*xiw^2*ufoGC58^2*ufoGC81*
         ufoGC69
          + 1/4*g_(1,6_,nu10)*g_(2,6_,nu9)*FT2*g_(2,p4)*cFT(nu13,XX,i2,iufo11)
         *cFT(g7,XX,iufo11,j11)/(d^3 + d^2 - 2*d)*flavourTag(fvm,j11,j12)*Vec(
         nu10,q3)*Vec(nu9,q3)*Vec(nu13,q3)*p4.p4^2*xiw^2*ufoGC58^2*ufoGC81*
         ufoGC69
          + 1/4*g_(1,6_,nu10)*g_(2,6_,nu9)*FT2*g_(2,q3)*cFT(nu14,XX,i2,iufo11)
         *cFT(g7,XX,iufo11,j11)*flavourTag(fvm,j11,j12)*Vec(nu10,q2)*Vec(nu14,
         q2)*Vec(nu9,q2)*p4.p4^2*d^-1*xiw^2*ufoGC58^2*ufoGC81*ufoGC69
          + 1/4*g_(1,6_,nu10)*g_(2,6_,nu9)*FT2*g_(2,q3)*cFT(nu14,XX,i2,iufo11)
         *cFT(g7,XX,iufo11,j11)*flavourTag(fvm,j11,j12)*Vec(nu10,q2)*Vec(nu14,
         q2)*Vec(nu9,q3)*p4.p4^2*d^-1*xiw^2*ufoGC58^2*ufoGC81*ufoGC69
          + 1/4*g_(1,6_,nu10)*g_(2,6_,nu9)*FT2*g_(2,q3)*cFT(nu14,XX,i2,iufo11)
         *cFT(g7,XX,iufo11,j11)*flavourTag(fvm,j11,j12)*Vec(nu10,q2)*Vec(nu14,
         q3)*Vec(nu9,q2)*p4.p4^2*d^-1*xiw^2*ufoGC58^2*ufoGC81*ufoGC69
          + 1/4*g_(1,6_,nu10)*g_(2,6_,nu9)*FT2*g_(2,q3)*cFT(nu14,XX,i2,iufo11)
         *cFT(g7,XX,iufo11,j11)*flavourTag(fvm,j11,j12)*Vec(nu10,q2)*Vec(nu14,
         q3)*Vec(nu9,q3)*p4.p4^2*d^-1*xiw^2*ufoGC58^2*ufoGC81*ufoGC69
          + 1/4*g_(1,6_,nu10)*g_(2,6_,nu9)*FT2*g_(2,q3)*cFT(nu14,XX,i2,iufo11)
         *cFT(g7,XX,iufo11,j11)*flavourTag(fvm,j11,j12)*Vec(nu10,q3)*Vec(nu14,
         q2)*Vec(nu9,q2)*p4.p4^2*d^-1*xiw^2*ufoGC58^2*ufoGC81*ufoGC69
          + 1/4*g_(1,6_,nu10)*g_(2,6_,nu9)*FT2*g_(2,q3)*cFT(nu14,XX,i2,iufo11)
         *cFT(g7,XX,iufo11,j11)*flavourTag(fvm,j11,j12)*Vec(nu10,q3)*Vec(nu14,
         q2)*Vec(nu9,q3)*p4.p4^2*d^-1*xiw^2*ufoGC58^2*ufoGC81*ufoGC69
          + 1/4*g_(1,6_,nu10)*g_(2,6_,nu9)*FT2*g_(2,q3)*cFT(nu14,XX,i2,iufo11)
         *cFT(g7,XX,iufo11,j11)*flavourTag(fvm,j11,j12)*Vec(nu10,q3)*Vec(nu14,
         q3)*Vec(nu9,q2)*p4.p4^2*d^-1*xiw^2*ufoGC58^2*ufoGC81*ufoGC69
          + 1/4*g_(1,6_,nu10)*g_(2,6_,nu9)*FT2*g_(2,q3)*cFT(nu14,XX,i2,iufo11)
         *cFT(g7,XX,iufo11,j11)*flavourTag(fvm,j11,j12)*Vec(nu10,q3)*Vec(nu14,
         q3)*Vec(nu9,q3)*p4.p4^2*d^-1*xiw^2*ufoGC58^2*ufoGC81*ufoGC69
          + 1/4*g_(1,6_,nu10)*g_(2,6_,nu9)*FT2*g_(2,q3)*cFT(nu13,XX,i2,iufo11)
         *cFT(g7,XX,iufo11,j11)/(d^3 + d^2 - 2*d)*flavourTag(fvm,j11,j12)*Vec(
         nu10,q2)*Vec(nu9,q2)*Vec(nu13,q2)*p4.p4^2*d*xiw^2*ufoGC58^2*ufoGC81*
         ufoGC69
          - 1/4*g_(1,6_,nu10)*g_(2,6_,nu9)*FT2*g_(2,q3)*cFT(nu13,XX,i2,iufo11)
         *cFT(g7,XX,iufo11,j11)/(d^3 + d^2 - 2*d)*flavourTag(fvm,j11,j12)*Vec(
         nu10,q2)*Vec(nu9,q2)*Vec(nu13,q2)*p4.p4^2*xiw^2*ufoGC58^2*ufoGC81*
         ufoGC69
          + 1/4*g_(1,6_,nu10)*g_(2,6_,nu9)*FT2*g_(2,q3)*cFT(nu13,XX,i2,iufo11)
         *cFT(g7,XX,iufo11,j11)/(d^3 + d^2 - 2*d)*flavourTag(fvm,j11,j12)*Vec(
         nu10,q2)*Vec(nu9,q2)*Vec(nu13,q3)*p4.p4^2*d*xiw^2*ufoGC58^2*ufoGC81*
         ufoGC69
          - 1/4*g_(1,6_,nu10)*g_(2,6_,nu9)*FT2*g_(2,q3)*cFT(nu13,XX,i2,iufo11)
         *cFT(g7,XX,iufo11,j11)/(d^3 + d^2 - 2*d)*flavourTag(fvm,j11,j12)*Vec(
         nu10,q2)*Vec(nu9,q2)*Vec(nu13,q3)*p4.p4^2*xiw^2*ufoGC58^2*ufoGC81*
         ufoGC69
          + 1/4*g_(1,6_,nu10)*g_(2,6_,nu9)*FT2*g_(2,q3)*cFT(nu13,XX,i2,iufo11)
         *cFT(g7,XX,iufo11,j11)/(d^3 + d^2 - 2*d)*flavourTag(fvm,j11,j12)*Vec(
         nu10,q2)*Vec(nu9,q3)*Vec(nu13,q2)*p4.p4^2*d*xiw^2*ufoGC58^2*ufoGC81*
         ufoGC69
          - 1/4*g_(1,6_,nu10)*g_(2,6_,nu9)*FT2*g_(2,q3)*cFT(nu13,XX,i2,iufo11)
         *cFT(g7,XX,iufo11,j11)/(d^3 + d^2 - 2*d)*flavourTag(fvm,j11,j12)*Vec(
         nu10,q2)*Vec(nu9,q3)*Vec(nu13,q2)*p4.p4^2*xiw^2*ufoGC58^2*ufoGC81*
         ufoGC69
          + 1/4*g_(1,6_,nu10)*g_(2,6_,nu9)*FT2*g_(2,q3)*cFT(nu13,XX,i2,iufo11)
         *cFT(g7,XX,iufo11,j11)/(d^3 + d^2 - 2*d)*flavourTag(fvm,j11,j12)*Vec(
         nu10,q2)*Vec(nu9,q3)*Vec(nu13,q3)*p4.p4^2*d*xiw^2*ufoGC58^2*ufoGC81*
         ufoGC69
          - 1/4*g_(1,6_,nu10)*g_(2,6_,nu9)*FT2*g_(2,q3)*cFT(nu13,XX,i2,iufo11)
         *cFT(g7,XX,iufo11,j11)/(d^3 + d^2 - 2*d)*flavourTag(fvm,j11,j12)*Vec(
         nu10,q2)*Vec(nu9,q3)*Vec(nu13,q3)*p4.p4^2*xiw^2*ufoGC58^2*ufoGC81*
         ufoGC69
          + 1/4*g_(1,6_,nu10)*g_(2,6_,nu9)*FT2*g_(2,q3)*cFT(nu13,XX,i2,iufo11)
         *cFT(g7,XX,iufo11,j11)/(d^3 + d^2 - 2*d)*flavourTag(fvm,j11,j12)*Vec(
         nu10,q3)*Vec(nu9,q2)*Vec(nu13,q2)*p4.p4^2*d*xiw^2*ufoGC58^2*ufoGC81*
         ufoGC69
          - 1/4*g_(1,6_,nu10)*g_(2,6_,nu9)*FT2*g_(2,q3)*cFT(nu13,XX,i2,iufo11)
         *cFT(g7,XX,iufo11,j11)/(d^3 + d^2 - 2*d)*flavourTag(fvm,j11,j12)*Vec(
         nu10,q3)*Vec(nu9,q2)*Vec(nu13,q2)*p4.p4^2*xiw^2*ufoGC58^2*ufoGC81*
         ufoGC69
          + 1/4*g_(1,6_,nu10)*g_(2,6_,nu9)*FT2*g_(2,q3)*cFT(nu13,XX,i2,iufo11)
         *cFT(g7,XX,iufo11,j11)/(d^3 + d^2 - 2*d)*flavourTag(fvm,j11,j12)*Vec(
         nu10,q3)*Vec(nu9,q2)*Vec(nu13,q3)*p4.p4^2*d*xiw^2*ufoGC58^2*ufoGC81*
         ufoGC69
          - 1/4*g_(1,6_,nu10)*g_(2,6_,nu9)*FT2*g_(2,q3)*cFT(nu13,XX,i2,iufo11)
         *cFT(g7,XX,iufo11,j11)/(d^3 + d^2 - 2*d)*flavourTag(fvm,j11,j12)*Vec(
         nu10,q3)*Vec(nu9,q2)*Vec(nu13,q3)*p4.p4^2*xiw^2*ufoGC58^2*ufoGC81*
         ufoGC69
          + 1/4*g_(1,6_,nu10)*g_(2,6_,nu9)*FT2*g_(2,q3)*cFT(nu13,XX,i2,iufo11)
         *cFT(g7,XX,iufo11,j11)/(d^3 + d^2 - 2*d)*flavourTag(fvm,j11,j12)*Vec(
         nu10,q3)*Vec(nu9,q3)*Vec(nu13,q2)*p4.p4^2*d*xiw^2*ufoGC58^2*ufoGC81*
         ufoGC69
          - 1/4*g_(1,6_,nu10)*g_(2,6_,nu9)*FT2*g_(2,q3)*cFT(nu13,XX,i2,iufo11)
         *cFT(g7,XX,iufo11,j11)/(d^3 + d^2 - 2*d)*flavourTag(fvm,j11,j12)*Vec(
         nu10,q3)*Vec(nu9,q3)*Vec(nu13,q2)*p4.p4^2*xiw^2*ufoGC58^2*ufoGC81*
         ufoGC69
          + 1/4*g_(1,6_,nu10)*g_(2,6_,nu9)*FT2*g_(2,q3)*cFT(nu13,XX,i2,iufo11)
         *cFT(g7,XX,iufo11,j11)/(d^3 + d^2 - 2*d)*flavourTag(fvm,j11,j12)*Vec(
         nu10,q3)*Vec(nu9,q3)*Vec(nu13,q3)*p4.p4^2*d*xiw^2*ufoGC58^2*ufoGC81*
         ufoGC69
          - 1/4*g_(1,6_,nu10)*g_(2,6_,nu9)*FT2*g_(2,q3)*cFT(nu13,XX,i2,iufo11)
         *cFT(g7,XX,iufo11,j11)/(d^3 + d^2 - 2*d)*flavourTag(fvm,j11,j12)*Vec(
         nu10,q3)*Vec(nu9,q3)*Vec(nu13,q3)*p4.p4^2*xiw^2*ufoGC58^2*ufoGC81*
         ufoGC69
          - 1/8*g_(1,6_,nu10)*g_(2,6_,nu13)*FT2*g_(2,p4)*cFT(nu14,XX,i2,iufo11
         )*cFT(g7,XX,iufo11,j11)*flavourTag(fvm,j11,j12)*Vec(nu10,q2)*Vec(nu14
         ,q2)*Vec(nu9,q2)^2*Vec(nu13,q2)*p4.p4*d^-1*xiw^2*ufoGC58^2*ufoGC81*
         ufoGC69
          - 1/8*g_(1,6_,nu10)*g_(2,6_,nu13)*FT2*g_(2,p4)*cFT(nu14,XX,i2,iufo11
         )*cFT(g7,XX,iufo11,j11)*flavourTag(fvm,j11,j12)*Vec(nu10,q2)*Vec(nu14
         ,q2)*Vec(nu9,q2)^2*Vec(nu13,q3)*p4.p4*d^-1*xiw^2*ufoGC58^2*ufoGC81*
         ufoGC69
          - 1/4*g_(1,6_,nu10)*g_(2,6_,nu13)*FT2*g_(2,p4)*cFT(nu14,XX,i2,iufo11
         )*cFT(g7,XX,iufo11,j11)*flavourTag(fvm,j11,j12)*Vec(nu10,q2)*Vec(nu14
         ,q2)*Vec(nu9,q2)*Vec(nu9,q3)*Vec(nu13,q2)*p4.p4*d^-1*xiw^2*ufoGC58^2*
         ufoGC81*ufoGC69
          - 1/4*g_(1,6_,nu10)*g_(2,6_,nu13)*FT2*g_(2,p4)*cFT(nu14,XX,i2,iufo11
         )*cFT(g7,XX,iufo11,j11)*flavourTag(fvm,j11,j12)*Vec(nu10,q2)*Vec(nu14
         ,q2)*Vec(nu9,q2)*Vec(nu9,q3)*Vec(nu13,q3)*p4.p4*d^-1*xiw^2*ufoGC58^2*
         ufoGC81*ufoGC69
          - 1/8*g_(1,6_,nu10)*g_(2,6_,nu13)*FT2*g_(2,p4)*cFT(nu14,XX,i2,iufo11
         )*cFT(g7,XX,iufo11,j11)*flavourTag(fvm,j11,j12)*Vec(nu10,q2)*Vec(nu14
         ,q2)*Vec(nu9,q3)^2*Vec(nu13,q2)*p4.p4*d^-1*xiw^2*ufoGC58^2*ufoGC81*
         ufoGC69
          - 1/8*g_(1,6_,nu10)*g_(2,6_,nu13)*FT2*g_(2,p4)*cFT(nu14,XX,i2,iufo11
         )*cFT(g7,XX,iufo11,j11)*flavourTag(fvm,j11,j12)*Vec(nu10,q2)*Vec(nu14
         ,q2)*Vec(nu9,q3)^2*Vec(nu13,q3)*p4.p4*d^-1*xiw^2*ufoGC58^2*ufoGC81*
         ufoGC69
          + 1/8*g_(1,6_,nu10)*g_(2,6_,nu13)*FT2*g_(2,p4)*cFT(nu14,XX,i2,iufo11
         )*cFT(g7,XX,iufo11,j11)*flavourTag(fvm,j11,j12)*Vec(nu10,q2)*Vec(nu14
         ,q2)*Vec(nu13,q2)*p4.p4^2*d^-1*xiw^2*ufoGC58^2*ufoGC81*ufoGC69
          + 1/8*g_(1,6_,nu10)*g_(2,6_,nu13)*FT2*g_(2,p4)*cFT(nu14,XX,i2,iufo11
         )*cFT(g7,XX,iufo11,j11)*flavourTag(fvm,j11,j12)*Vec(nu10,q2)*Vec(nu14
         ,q2)*Vec(nu13,q3)*p4.p4^2*d^-1*xiw^2*ufoGC58^2*ufoGC81*ufoGC69
          - 1/8*g_(1,6_,nu10)*g_(2,6_,nu13)*FT2*g_(2,p4)*cFT(nu14,XX,i2,iufo11
         )*cFT(g7,XX,iufo11,j11)*flavourTag(fvm,j11,j12)*Vec(nu10,q2)*Vec(nu14
         ,q3)*Vec(nu9,q2)^2*Vec(nu13,q2)*p4.p4*d^-1*xiw^2*ufoGC58^2*ufoGC81*
         ufoGC69
          - 1/8*g_(1,6_,nu10)*g_(2,6_,nu13)*FT2*g_(2,p4)*cFT(nu14,XX,i2,iufo11
         )*cFT(g7,XX,iufo11,j11)*flavourTag(fvm,j11,j12)*Vec(nu10,q2)*Vec(nu14
         ,q3)*Vec(nu9,q2)^2*Vec(nu13,q3)*p4.p4*d^-1*xiw^2*ufoGC58^2*ufoGC81*
         ufoGC69
          - 1/4*g_(1,6_,nu10)*g_(2,6_,nu13)*FT2*g_(2,p4)*cFT(nu14,XX,i2,iufo11
         )*cFT(g7,XX,iufo11,j11)*flavourTag(fvm,j11,j12)*Vec(nu10,q2)*Vec(nu14
         ,q3)*Vec(nu9,q2)*Vec(nu9,q3)*Vec(nu13,q2)*p4.p4*d^-1*xiw^2*ufoGC58^2*
         ufoGC81*ufoGC69
          - 1/4*g_(1,6_,nu10)*g_(2,6_,nu13)*FT2*g_(2,p4)*cFT(nu14,XX,i2,iufo11
         )*cFT(g7,XX,iufo11,j11)*flavourTag(fvm,j11,j12)*Vec(nu10,q2)*Vec(nu14
         ,q3)*Vec(nu9,q2)*Vec(nu9,q3)*Vec(nu13,q3)*p4.p4*d^-1*xiw^2*ufoGC58^2*
         ufoGC81*ufoGC69
          - 1/8*g_(1,6_,nu10)*g_(2,6_,nu13)*FT2*g_(2,p4)*cFT(nu14,XX,i2,iufo11
         )*cFT(g7,XX,iufo11,j11)*flavourTag(fvm,j11,j12)*Vec(nu10,q2)*Vec(nu14
         ,q3)*Vec(nu9,q3)^2*Vec(nu13,q2)*p4.p4*d^-1*xiw^2*ufoGC58^2*ufoGC81*
         ufoGC69
          - 1/8*g_(1,6_,nu10)*g_(2,6_,nu13)*FT2*g_(2,p4)*cFT(nu14,XX,i2,iufo11
         )*cFT(g7,XX,iufo11,j11)*flavourTag(fvm,j11,j12)*Vec(nu10,q2)*Vec(nu14
         ,q3)*Vec(nu9,q3)^2*Vec(nu13,q3)*p4.p4*d^-1*xiw^2*ufoGC58^2*ufoGC81*
         ufoGC69
          + 1/8*g_(1,6_,nu10)*g_(2,6_,nu13)*FT2*g_(2,p4)*cFT(nu14,XX,i2,iufo11
         )*cFT(g7,XX,iufo11,j11)*flavourTag(fvm,j11,j12)*Vec(nu10,q2)*Vec(nu14
         ,q3)*Vec(nu13,q2)*p4.p4^2*d^-1*xiw^2*ufoGC58^2*ufoGC81*ufoGC69
          + 1/8*g_(1,6_,nu10)*g_(2,6_,nu13)*FT2*g_(2,p4)*cFT(nu14,XX,i2,iufo11
         )*cFT(g7,XX,iufo11,j11)*flavourTag(fvm,j11,j12)*Vec(nu10,q2)*Vec(nu14
         ,q3)*Vec(nu13,q3)*p4.p4^2*d^-1*xiw^2*ufoGC58^2*ufoGC81*ufoGC69
          - 1/8*g_(1,6_,nu10)*g_(2,6_,nu13)*FT2*g_(2,p4)*cFT(nu14,XX,i2,iufo11
         )*cFT(g7,XX,iufo11,j11)*flavourTag(fvm,j11,j12)*Vec(nu10,q3)*Vec(nu14
         ,q2)*Vec(nu9,q2)^2*Vec(nu13,q2)*p4.p4*d^-1*xiw^2*ufoGC58^2*ufoGC81*
         ufoGC69
          - 1/8*g_(1,6_,nu10)*g_(2,6_,nu13)*FT2*g_(2,p4)*cFT(nu14,XX,i2,iufo11
         )*cFT(g7,XX,iufo11,j11)*flavourTag(fvm,j11,j12)*Vec(nu10,q3)*Vec(nu14
         ,q2)*Vec(nu9,q2)^2*Vec(nu13,q3)*p4.p4*d^-1*xiw^2*ufoGC58^2*ufoGC81*
         ufoGC69
          - 1/4*g_(1,6_,nu10)*g_(2,6_,nu13)*FT2*g_(2,p4)*cFT(nu14,XX,i2,iufo11
         )*cFT(g7,XX,iufo11,j11)*flavourTag(fvm,j11,j12)*Vec(nu10,q3)*Vec(nu14
         ,q2)*Vec(nu9,q2)*Vec(nu9,q3)*Vec(nu13,q2)*p4.p4*d^-1*xiw^2*ufoGC58^2*
         ufoGC81*ufoGC69
          - 1/4*g_(1,6_,nu10)*g_(2,6_,nu13)*FT2*g_(2,p4)*cFT(nu14,XX,i2,iufo11
         )*cFT(g7,XX,iufo11,j11)*flavourTag(fvm,j11,j12)*Vec(nu10,q3)*Vec(nu14
         ,q2)*Vec(nu9,q2)*Vec(nu9,q3)*Vec(nu13,q3)*p4.p4*d^-1*xiw^2*ufoGC58^2*
         ufoGC81*ufoGC69
          - 1/8*g_(1,6_,nu10)*g_(2,6_,nu13)*FT2*g_(2,p4)*cFT(nu14,XX,i2,iufo11
         )*cFT(g7,XX,iufo11,j11)*flavourTag(fvm,j11,j12)*Vec(nu10,q3)*Vec(nu14
         ,q2)*Vec(nu9,q3)^2*Vec(nu13,q2)*p4.p4*d^-1*xiw^2*ufoGC58^2*ufoGC81*
         ufoGC69
          - 1/8*g_(1,6_,nu10)*g_(2,6_,nu13)*FT2*g_(2,p4)*cFT(nu14,XX,i2,iufo11
         )*cFT(g7,XX,iufo11,j11)*flavourTag(fvm,j11,j12)*Vec(nu10,q3)*Vec(nu14
         ,q2)*Vec(nu9,q3)^2*Vec(nu13,q3)*p4.p4*d^-1*xiw^2*ufoGC58^2*ufoGC81*
         ufoGC69
          + 1/8*g_(1,6_,nu10)*g_(2,6_,nu13)*FT2*g_(2,p4)*cFT(nu14,XX,i2,iufo11
         )*cFT(g7,XX,iufo11,j11)*flavourTag(fvm,j11,j12)*Vec(nu10,q3)*Vec(nu14
         ,q2)*Vec(nu13,q2)*p4.p4^2*d^-1*xiw^2*ufoGC58^2*ufoGC81*ufoGC69
          + 1/8*g_(1,6_,nu10)*g_(2,6_,nu13)*FT2*g_(2,p4)*cFT(nu14,XX,i2,iufo11
         )*cFT(g7,XX,iufo11,j11)*flavourTag(fvm,j11,j12)*Vec(nu10,q3)*Vec(nu14
         ,q2)*Vec(nu13,q3)*p4.p4^2*d^-1*xiw^2*ufoGC58^2*ufoGC81*ufoGC69
          - 1/8*g_(1,6_,nu10)*g_(2,6_,nu13)*FT2*g_(2,p4)*cFT(nu14,XX,i2,iufo11
         )*cFT(g7,XX,iufo11,j11)*flavourTag(fvm,j11,j12)*Vec(nu10,q3)*Vec(nu14
         ,q3)*Vec(nu9,q2)^2*Vec(nu13,q2)*p4.p4*d^-1*xiw^2*ufoGC58^2*ufoGC81*
         ufoGC69
          - 1/8*g_(1,6_,nu10)*g_(2,6_,nu13)*FT2*g_(2,p4)*cFT(nu14,XX,i2,iufo11
         )*cFT(g7,XX,iufo11,j11)*flavourTag(fvm,j11,j12)*Vec(nu10,q3)*Vec(nu14
         ,q3)*Vec(nu9,q2)^2*Vec(nu13,q3)*p4.p4*d^-1*xiw^2*ufoGC58^2*ufoGC81*
         ufoGC69
          - 1/4*g_(1,6_,nu10)*g_(2,6_,nu13)*FT2*g_(2,p4)*cFT(nu14,XX,i2,iufo11
         )*cFT(g7,XX,iufo11,j11)*flavourTag(fvm,j11,j12)*Vec(nu10,q3)*Vec(nu14
         ,q3)*Vec(nu9,q2)*Vec(nu9,q3)*Vec(nu13,q2)*p4.p4*d^-1*xiw^2*ufoGC58^2*
         ufoGC81*ufoGC69
          - 1/4*g_(1,6_,nu10)*g_(2,6_,nu13)*FT2*g_(2,p4)*cFT(nu14,XX,i2,iufo11
         )*cFT(g7,XX,iufo11,j11)*flavourTag(fvm,j11,j12)*Vec(nu10,q3)*Vec(nu14
         ,q3)*Vec(nu9,q2)*Vec(nu9,q3)*Vec(nu13,q3)*p4.p4*d^-1*xiw^2*ufoGC58^2*
         ufoGC81*ufoGC69
          - 1/8*g_(1,6_,nu10)*g_(2,6_,nu13)*FT2*g_(2,p4)*cFT(nu14,XX,i2,iufo11
         )*cFT(g7,XX,iufo11,j11)*flavourTag(fvm,j11,j12)*Vec(nu10,q3)*Vec(nu14
         ,q3)*Vec(nu9,q3)^2*Vec(nu13,q2)*p4.p4*d^-1*xiw^2*ufoGC58^2*ufoGC81*
         ufoGC69
          - 1/8*g_(1,6_,nu10)*g_(2,6_,nu13)*FT2*g_(2,p4)*cFT(nu14,XX,i2,iufo11
         )*cFT(g7,XX,iufo11,j11)*flavourTag(fvm,j11,j12)*Vec(nu10,q3)*Vec(nu14
         ,q3)*Vec(nu9,q3)^2*Vec(nu13,q3)*p4.p4*d^-1*xiw^2*ufoGC58^2*ufoGC81*
         ufoGC69
          + 1/8*g_(1,6_,nu10)*g_(2,6_,nu13)*FT2*g_(2,p4)*cFT(nu14,XX,i2,iufo11
         )*cFT(g7,XX,iufo11,j11)*flavourTag(fvm,j11,j12)*Vec(nu10,q3)*Vec(nu14
         ,q3)*Vec(nu13,q2)*p4.p4^2*d^-1*xiw^2*ufoGC58^2*ufoGC81*ufoGC69
          + 1/8*g_(1,6_,nu10)*g_(2,6_,nu13)*FT2*g_(2,p4)*cFT(nu14,XX,i2,iufo11
         )*cFT(g7,XX,iufo11,j11)*flavourTag(fvm,j11,j12)*Vec(nu10,q3)*Vec(nu14
         ,q3)*Vec(nu13,q3)*p4.p4^2*d^-1*xiw^2*ufoGC58^2*ufoGC81*ufoGC69
          - 1/4*g_(1,6_,nu10)*g_(2,6_,nu13)*FT2*g_(2,p4)*cFT(nu9,XX,i2,iufo11)
         *cFT(g7,XX,iufo11,j11)/(d^3 + d^2 - 2*d)*flavourTag(fvm,j11,j12)*Vec(
         nu10,q2)*Vec(nu9,q2)*Vec(nu13,q2)*p4.p4^2*d*xiw^2*ufoGC58^2*ufoGC81*
         ufoGC69
          + 1/4*g_(1,6_,nu10)*g_(2,6_,nu13)*FT2*g_(2,p4)*cFT(nu9,XX,i2,iufo11)
         *cFT(g7,XX,iufo11,j11)/(d^3 + d^2 - 2*d)*flavourTag(fvm,j11,j12)*Vec(
         nu10,q2)*Vec(nu9,q2)*Vec(nu13,q2)*p4.p4^2*xiw^2*ufoGC58^2*ufoGC81*
         ufoGC69
          - 1/4*g_(1,6_,nu10)*g_(2,6_,nu13)*FT2*g_(2,p4)*cFT(nu9,XX,i2,iufo11)
         *cFT(g7,XX,iufo11,j11)/(d^3 + d^2 - 2*d)*flavourTag(fvm,j11,j12)*Vec(
         nu10,q2)*Vec(nu9,q2)*Vec(nu13,q3)*p4.p4^2*d*xiw^2*ufoGC58^2*ufoGC81*
         ufoGC69
          + 1/4*g_(1,6_,nu10)*g_(2,6_,nu13)*FT2*g_(2,p4)*cFT(nu9,XX,i2,iufo11)
         *cFT(g7,XX,iufo11,j11)/(d^3 + d^2 - 2*d)*flavourTag(fvm,j11,j12)*Vec(
         nu10,q2)*Vec(nu9,q2)*Vec(nu13,q3)*p4.p4^2*xiw^2*ufoGC58^2*ufoGC81*
         ufoGC69
          - 1/4*g_(1,6_,nu10)*g_(2,6_,nu13)*FT2*g_(2,p4)*cFT(nu9,XX,i2,iufo11)
         *cFT(g7,XX,iufo11,j11)/(d^3 + d^2 - 2*d)*flavourTag(fvm,j11,j12)*Vec(
         nu10,q2)*Vec(nu9,q3)*Vec(nu13,q2)*p4.p4^2*d*xiw^2*ufoGC58^2*ufoGC81*
         ufoGC69
          + 1/4*g_(1,6_,nu10)*g_(2,6_,nu13)*FT2*g_(2,p4)*cFT(nu9,XX,i2,iufo11)
         *cFT(g7,XX,iufo11,j11)/(d^3 + d^2 - 2*d)*flavourTag(fvm,j11,j12)*Vec(
         nu10,q2)*Vec(nu9,q3)*Vec(nu13,q2)*p4.p4^2*xiw^2*ufoGC58^2*ufoGC81*
         ufoGC69
          - 1/4*g_(1,6_,nu10)*g_(2,6_,nu13)*FT2*g_(2,p4)*cFT(nu9,XX,i2,iufo11)
         *cFT(g7,XX,iufo11,j11)/(d^3 + d^2 - 2*d)*flavourTag(fvm,j11,j12)*Vec(
         nu10,q2)*Vec(nu9,q3)*Vec(nu13,q3)*p4.p4^2*d*xiw^2*ufoGC58^2*ufoGC81*
         ufoGC69
          + 1/4*g_(1,6_,nu10)*g_(2,6_,nu13)*FT2*g_(2,p4)*cFT(nu9,XX,i2,iufo11)
         *cFT(g7,XX,iufo11,j11)/(d^3 + d^2 - 2*d)*flavourTag(fvm,j11,j12)*Vec(
         nu10,q2)*Vec(nu9,q3)*Vec(nu13,q3)*p4.p4^2*xiw^2*ufoGC58^2*ufoGC81*
         ufoGC69
          - 1/4*g_(1,6_,nu10)*g_(2,6_,nu13)*FT2*g_(2,p4)*cFT(nu9,XX,i2,iufo11)
         *cFT(g7,XX,iufo11,j11)/(d^3 + d^2 - 2*d)*flavourTag(fvm,j11,j12)*Vec(
         nu10,q3)*Vec(nu9,q2)*Vec(nu13,q2)*p4.p4^2*d*xiw^2*ufoGC58^2*ufoGC81*
         ufoGC69
          + 1/4*g_(1,6_,nu10)*g_(2,6_,nu13)*FT2*g_(2,p4)*cFT(nu9,XX,i2,iufo11)
         *cFT(g7,XX,iufo11,j11)/(d^3 + d^2 - 2*d)*flavourTag(fvm,j11,j12)*Vec(
         nu10,q3)*Vec(nu9,q2)*Vec(nu13,q2)*p4.p4^2*xiw^2*ufoGC58^2*ufoGC81*
         ufoGC69
          - 1/4*g_(1,6_,nu10)*g_(2,6_,nu13)*FT2*g_(2,p4)*cFT(nu9,XX,i2,iufo11)
         *cFT(g7,XX,iufo11,j11)/(d^3 + d^2 - 2*d)*flavourTag(fvm,j11,j12)*Vec(
         nu10,q3)*Vec(nu9,q2)*Vec(nu13,q3)*p4.p4^2*d*xiw^2*ufoGC58^2*ufoGC81*
         ufoGC69
          + 1/4*g_(1,6_,nu10)*g_(2,6_,nu13)*FT2*g_(2,p4)*cFT(nu9,XX,i2,iufo11)
         *cFT(g7,XX,iufo11,j11)/(d^3 + d^2 - 2*d)*flavourTag(fvm,j11,j12)*Vec(
         nu10,q3)*Vec(nu9,q2)*Vec(nu13,q3)*p4.p4^2*xiw^2*ufoGC58^2*ufoGC81*
         ufoGC69
          - 1/4*g_(1,6_,nu10)*g_(2,6_,nu13)*FT2*g_(2,p4)*cFT(nu9,XX,i2,iufo11)
         *cFT(g7,XX,iufo11,j11)/(d^3 + d^2 - 2*d)*flavourTag(fvm,j11,j12)*Vec(
         nu10,q3)*Vec(nu9,q3)*Vec(nu13,q2)*p4.p4^2*d*xiw^2*ufoGC58^2*ufoGC81*
         ufoGC69
          + 1/4*g_(1,6_,nu10)*g_(2,6_,nu13)*FT2*g_(2,p4)*cFT(nu9,XX,i2,iufo11)
         *cFT(g7,XX,iufo11,j11)/(d^3 + d^2 - 2*d)*flavourTag(fvm,j11,j12)*Vec(
         nu10,q3)*Vec(nu9,q3)*Vec(nu13,q2)*p4.p4^2*xiw^2*ufoGC58^2*ufoGC81*
         ufoGC69
          - 1/4*g_(1,6_,nu10)*g_(2,6_,nu13)*FT2*g_(2,p4)*cFT(nu9,XX,i2,iufo11)
         *cFT(g7,XX,iufo11,j11)/(d^3 + d^2 - 2*d)*flavourTag(fvm,j11,j12)*Vec(
         nu10,q3)*Vec(nu9,q3)*Vec(nu13,q3)*p4.p4^2*d*xiw^2*ufoGC58^2*ufoGC81*
         ufoGC69
          + 1/4*g_(1,6_,nu10)*g_(2,6_,nu13)*FT2*g_(2,p4)*cFT(nu9,XX,i2,iufo11)
         *cFT(g7,XX,iufo11,j11)/(d^3 + d^2 - 2*d)*flavourTag(fvm,j11,j12)*Vec(
         nu10,q3)*Vec(nu9,q3)*Vec(nu13,q3)*p4.p4^2*xiw^2*ufoGC58^2*ufoGC81*
         ufoGC69
          + 1/4*g_(1,6_,nu10)*g_(2,6_,nu13)*FT2*g_(2,p4)*cFT(nu16,XX,i2,iufo11
         )*cFT(g7,XX,iufo11,j11)/(d^3 + d^2 - 2*d)*flavourTag(fvm,j11,j12)*
         Vec(nu10,q2)*Vec(nu13,q2)*Vec(nu16,q2)*p4.p4^2*d*xiw^2*ufoGC58^2*
         ufoGC81*ufoGC69
          - 1/4*g_(1,6_,nu10)*g_(2,6_,nu13)*FT2*g_(2,p4)*cFT(nu16,XX,i2,iufo11
         )*cFT(g7,XX,iufo11,j11)/(d^3 + d^2 - 2*d)*flavourTag(fvm,j11,j12)*
         Vec(nu10,q2)*Vec(nu13,q2)*Vec(nu16,q2)*p4.p4^2*xiw^2*ufoGC58^2*
         ufoGC81*ufoGC69
          + 1/4*g_(1,6_,nu10)*g_(2,6_,nu13)*FT2*g_(2,p4)*cFT(nu16,XX,i2,iufo11
         )*cFT(g7,XX,iufo11,j11)/(d^3 + d^2 - 2*d)*flavourTag(fvm,j11,j12)*
         Vec(nu10,q2)*Vec(nu13,q2)*Vec(nu16,q3)*p4.p4^2*d*xiw^2*ufoGC58^2*
         ufoGC81*ufoGC69
          - 1/4*g_(1,6_,nu10)*g_(2,6_,nu13)*FT2*g_(2,p4)*cFT(nu16,XX,i2,iufo11
         )*cFT(g7,XX,iufo11,j11)/(d^3 + d^2 - 2*d)*flavourTag(fvm,j11,j12)*
         Vec(nu10,q2)*Vec(nu13,q2)*Vec(nu16,q3)*p4.p4^2*xiw^2*ufoGC58^2*
         ufoGC81*ufoGC69
          + 1/4*g_(1,6_,nu10)*g_(2,6_,nu13)*FT2*g_(2,p4)*cFT(nu16,XX,i2,iufo11
         )*cFT(g7,XX,iufo11,j11)/(d^3 + d^2 - 2*d)*flavourTag(fvm,j11,j12)*
         Vec(nu10,q2)*Vec(nu13,q3)*Vec(nu16,q2)*p4.p4^2*d*xiw^2*ufoGC58^2*
         ufoGC81*ufoGC69
          - 1/4*g_(1,6_,nu10)*g_(2,6_,nu13)*FT2*g_(2,p4)*cFT(nu16,XX,i2,iufo11
         )*cFT(g7,XX,iufo11,j11)/(d^3 + d^2 - 2*d)*flavourTag(fvm,j11,j12)*
         Vec(nu10,q2)*Vec(nu13,q3)*Vec(nu16,q2)*p4.p4^2*xiw^2*ufoGC58^2*
         ufoGC81*ufoGC69
          + 1/4*g_(1,6_,nu10)*g_(2,6_,nu13)*FT2*g_(2,p4)*cFT(nu16,XX,i2,iufo11
         )*cFT(g7,XX,iufo11,j11)/(d^3 + d^2 - 2*d)*flavourTag(fvm,j11,j12)*
         Vec(nu10,q2)*Vec(nu13,q3)*Vec(nu16,q3)*p4.p4^2*d*xiw^2*ufoGC58^2*
         ufoGC81*ufoGC69
          - 1/4*g_(1,6_,nu10)*g_(2,6_,nu13)*FT2*g_(2,p4)*cFT(nu16,XX,i2,iufo11
         )*cFT(g7,XX,iufo11,j11)/(d^3 + d^2 - 2*d)*flavourTag(fvm,j11,j12)*
         Vec(nu10,q2)*Vec(nu13,q3)*Vec(nu16,q3)*p4.p4^2*xiw^2*ufoGC58^2*
         ufoGC81*ufoGC69
          + 1/4*g_(1,6_,nu10)*g_(2,6_,nu13)*FT2*g_(2,p4)*cFT(nu16,XX,i2,iufo11
         )*cFT(g7,XX,iufo11,j11)/(d^3 + d^2 - 2*d)*flavourTag(fvm,j11,j12)*
         Vec(nu10,q3)*Vec(nu13,q2)*Vec(nu16,q2)*p4.p4^2*d*xiw^2*ufoGC58^2*
         ufoGC81*ufoGC69
          - 1/4*g_(1,6_,nu10)*g_(2,6_,nu13)*FT2*g_(2,p4)*cFT(nu16,XX,i2,iufo11
         )*cFT(g7,XX,iufo11,j11)/(d^3 + d^2 - 2*d)*flavourTag(fvm,j11,j12)*
         Vec(nu10,q3)*Vec(nu13,q2)*Vec(nu16,q2)*p4.p4^2*xiw^2*ufoGC58^2*
         ufoGC81*ufoGC69
          + 1/4*g_(1,6_,nu10)*g_(2,6_,nu13)*FT2*g_(2,p4)*cFT(nu16,XX,i2,iufo11
         )*cFT(g7,XX,iufo11,j11)/(d^3 + d^2 - 2*d)*flavourTag(fvm,j11,j12)*
         Vec(nu10,q3)*Vec(nu13,q2)*Vec(nu16,q3)*p4.p4^2*d*xiw^2*ufoGC58^2*
         ufoGC81*ufoGC69
          - 1/4*g_(1,6_,nu10)*g_(2,6_,nu13)*FT2*g_(2,p4)*cFT(nu16,XX,i2,iufo11
         )*cFT(g7,XX,iufo11,j11)/(d^3 + d^2 - 2*d)*flavourTag(fvm,j11,j12)*
         Vec(nu10,q3)*Vec(nu13,q2)*Vec(nu16,q3)*p4.p4^2*xiw^2*ufoGC58^2*
         ufoGC81*ufoGC69
          + 1/4*g_(1,6_,nu10)*g_(2,6_,nu13)*FT2*g_(2,p4)*cFT(nu16,XX,i2,iufo11
         )*cFT(g7,XX,iufo11,j11)/(d^3 + d^2 - 2*d)*flavourTag(fvm,j11,j12)*
         Vec(nu10,q3)*Vec(nu13,q3)*Vec(nu16,q2)*p4.p4^2*d*xiw^2*ufoGC58^2*
         ufoGC81*ufoGC69
          - 1/4*g_(1,6_,nu10)*g_(2,6_,nu13)*FT2*g_(2,p4)*cFT(nu16,XX,i2,iufo11
         )*cFT(g7,XX,iufo11,j11)/(d^3 + d^2 - 2*d)*flavourTag(fvm,j11,j12)*
         Vec(nu10,q3)*Vec(nu13,q3)*Vec(nu16,q2)*p4.p4^2*xiw^2*ufoGC58^2*
         ufoGC81*ufoGC69
          + 1/4*g_(1,6_,nu10)*g_(2,6_,nu13)*FT2*g_(2,p4)*cFT(nu16,XX,i2,iufo11
         )*cFT(g7,XX,iufo11,j11)/(d^3 + d^2 - 2*d)*flavourTag(fvm,j11,j12)*
         Vec(nu10,q3)*Vec(nu13,q3)*Vec(nu16,q3)*p4.p4^2*d*xiw^2*ufoGC58^2*
         ufoGC81*ufoGC69
          - 1/4*g_(1,6_,nu10)*g_(2,6_,nu13)*FT2*g_(2,p4)*cFT(nu16,XX,i2,iufo11
         )*cFT(g7,XX,iufo11,j11)/(d^3 + d^2 - 2*d)*flavourTag(fvm,j11,j12)*
         Vec(nu10,q3)*Vec(nu13,q3)*Vec(nu16,q3)*p4.p4^2*xiw^2*ufoGC58^2*
         ufoGC81*ufoGC69
          + 1/8*g_(1,6_,nu10)*g_(2,6_,nu13)*FT2*g_(2,q3)*cFT(nu14,XX,i2,iufo11
         )*cFT(g7,XX,iufo11,j11)*flavourTag(fvm,j11,j12)*Vec(nu10,q2)*Vec(nu14
         ,q2)*Vec(nu9,q2)^2*Vec(nu13,q2)*p4.p4*d^-1*xiw^2*ufoGC58^2*ufoGC81*
         ufoGC69
          + 1/8*g_(1,6_,nu10)*g_(2,6_,nu13)*FT2*g_(2,q3)*cFT(nu14,XX,i2,iufo11
         )*cFT(g7,XX,iufo11,j11)*flavourTag(fvm,j11,j12)*Vec(nu10,q2)*Vec(nu14
         ,q2)*Vec(nu9,q2)^2*Vec(nu13,q3)*p4.p4*d^-1*xiw^2*ufoGC58^2*ufoGC81*
         ufoGC69
          + 1/4*g_(1,6_,nu10)*g_(2,6_,nu13)*FT2*g_(2,q3)*cFT(nu14,XX,i2,iufo11
         )*cFT(g7,XX,iufo11,j11)*flavourTag(fvm,j11,j12)*Vec(nu10,q2)*Vec(nu14
         ,q2)*Vec(nu9,q2)*Vec(nu9,q3)*Vec(nu13,q2)*p4.p4*d^-1*xiw^2*ufoGC58^2*
         ufoGC81*ufoGC69
          + 1/4*g_(1,6_,nu10)*g_(2,6_,nu13)*FT2*g_(2,q3)*cFT(nu14,XX,i2,iufo11
         )*cFT(g7,XX,iufo11,j11)*flavourTag(fvm,j11,j12)*Vec(nu10,q2)*Vec(nu14
         ,q2)*Vec(nu9,q2)*Vec(nu9,q3)*Vec(nu13,q3)*p4.p4*d^-1*xiw^2*ufoGC58^2*
         ufoGC81*ufoGC69
          + 1/8*g_(1,6_,nu10)*g_(2,6_,nu13)*FT2*g_(2,q3)*cFT(nu14,XX,i2,iufo11
         )*cFT(g7,XX,iufo11,j11)*flavourTag(fvm,j11,j12)*Vec(nu10,q2)*Vec(nu14
         ,q2)*Vec(nu9,q3)^2*Vec(nu13,q2)*p4.p4*d^-1*xiw^2*ufoGC58^2*ufoGC81*
         ufoGC69
          + 1/8*g_(1,6_,nu10)*g_(2,6_,nu13)*FT2*g_(2,q3)*cFT(nu14,XX,i2,iufo11
         )*cFT(g7,XX,iufo11,j11)*flavourTag(fvm,j11,j12)*Vec(nu10,q2)*Vec(nu14
         ,q2)*Vec(nu9,q3)^2*Vec(nu13,q3)*p4.p4*d^-1*xiw^2*ufoGC58^2*ufoGC81*
         ufoGC69
          - 1/8*g_(1,6_,nu10)*g_(2,6_,nu13)*FT2*g_(2,q3)*cFT(nu14,XX,i2,iufo11
         )*cFT(g7,XX,iufo11,j11)*flavourTag(fvm,j11,j12)*Vec(nu10,q2)*Vec(nu14
         ,q2)*Vec(nu13,q2)*p4.p4^2*d^-1*xiw^2*ufoGC58^2*ufoGC81*ufoGC69
          - 1/8*g_(1,6_,nu10)*g_(2,6_,nu13)*FT2*g_(2,q3)*cFT(nu14,XX,i2,iufo11
         )*cFT(g7,XX,iufo11,j11)*flavourTag(fvm,j11,j12)*Vec(nu10,q2)*Vec(nu14
         ,q2)*Vec(nu13,q3)*p4.p4^2*d^-1*xiw^2*ufoGC58^2*ufoGC81*ufoGC69
          + 1/8*g_(1,6_,nu10)*g_(2,6_,nu13)*FT2*g_(2,q3)*cFT(nu14,XX,i2,iufo11
         )*cFT(g7,XX,iufo11,j11)*flavourTag(fvm,j11,j12)*Vec(nu10,q2)*Vec(nu14
         ,q3)*Vec(nu9,q2)^2*Vec(nu13,q2)*p4.p4*d^-1*xiw^2*ufoGC58^2*ufoGC81*
         ufoGC69
          + 1/8*g_(1,6_,nu10)*g_(2,6_,nu13)*FT2*g_(2,q3)*cFT(nu14,XX,i2,iufo11
         )*cFT(g7,XX,iufo11,j11)*flavourTag(fvm,j11,j12)*Vec(nu10,q2)*Vec(nu14
         ,q3)*Vec(nu9,q2)^2*Vec(nu13,q3)*p4.p4*d^-1*xiw^2*ufoGC58^2*ufoGC81*
         ufoGC69
          + 1/4*g_(1,6_,nu10)*g_(2,6_,nu13)*FT2*g_(2,q3)*cFT(nu14,XX,i2,iufo11
         )*cFT(g7,XX,iufo11,j11)*flavourTag(fvm,j11,j12)*Vec(nu10,q2)*Vec(nu14
         ,q3)*Vec(nu9,q2)*Vec(nu9,q3)*Vec(nu13,q2)*p4.p4*d^-1*xiw^2*ufoGC58^2*
         ufoGC81*ufoGC69
          + 1/4*g_(1,6_,nu10)*g_(2,6_,nu13)*FT2*g_(2,q3)*cFT(nu14,XX,i2,iufo11
         )*cFT(g7,XX,iufo11,j11)*flavourTag(fvm,j11,j12)*Vec(nu10,q2)*Vec(nu14
         ,q3)*Vec(nu9,q2)*Vec(nu9,q3)*Vec(nu13,q3)*p4.p4*d^-1*xiw^2*ufoGC58^2*
         ufoGC81*ufoGC69
          + 1/8*g_(1,6_,nu10)*g_(2,6_,nu13)*FT2*g_(2,q3)*cFT(nu14,XX,i2,iufo11
         )*cFT(g7,XX,iufo11,j11)*flavourTag(fvm,j11,j12)*Vec(nu10,q2)*Vec(nu14
         ,q3)*Vec(nu9,q3)^2*Vec(nu13,q2)*p4.p4*d^-1*xiw^2*ufoGC58^2*ufoGC81*
         ufoGC69
          + 1/8*g_(1,6_,nu10)*g_(2,6_,nu13)*FT2*g_(2,q3)*cFT(nu14,XX,i2,iufo11
         )*cFT(g7,XX,iufo11,j11)*flavourTag(fvm,j11,j12)*Vec(nu10,q2)*Vec(nu14
         ,q3)*Vec(nu9,q3)^2*Vec(nu13,q3)*p4.p4*d^-1*xiw^2*ufoGC58^2*ufoGC81*
         ufoGC69
          - 1/8*g_(1,6_,nu10)*g_(2,6_,nu13)*FT2*g_(2,q3)*cFT(nu14,XX,i2,iufo11
         )*cFT(g7,XX,iufo11,j11)*flavourTag(fvm,j11,j12)*Vec(nu10,q2)*Vec(nu14
         ,q3)*Vec(nu13,q2)*p4.p4^2*d^-1*xiw^2*ufoGC58^2*ufoGC81*ufoGC69
          - 1/8*g_(1,6_,nu10)*g_(2,6_,nu13)*FT2*g_(2,q3)*cFT(nu14,XX,i2,iufo11
         )*cFT(g7,XX,iufo11,j11)*flavourTag(fvm,j11,j12)*Vec(nu10,q2)*Vec(nu14
         ,q3)*Vec(nu13,q3)*p4.p4^2*d^-1*xiw^2*ufoGC58^2*ufoGC81*ufoGC69
          + 1/8*g_(1,6_,nu10)*g_(2,6_,nu13)*FT2*g_(2,q3)*cFT(nu14,XX,i2,iufo11
         )*cFT(g7,XX,iufo11,j11)*flavourTag(fvm,j11,j12)*Vec(nu10,q3)*Vec(nu14
         ,q2)*Vec(nu9,q2)^2*Vec(nu13,q2)*p4.p4*d^-1*xiw^2*ufoGC58^2*ufoGC81*
         ufoGC69
          + 1/8*g_(1,6_,nu10)*g_(2,6_,nu13)*FT2*g_(2,q3)*cFT(nu14,XX,i2,iufo11
         )*cFT(g7,XX,iufo11,j11)*flavourTag(fvm,j11,j12)*Vec(nu10,q3)*Vec(nu14
         ,q2)*Vec(nu9,q2)^2*Vec(nu13,q3)*p4.p4*d^-1*xiw^2*ufoGC58^2*ufoGC81*
         ufoGC69
          + 1/4*g_(1,6_,nu10)*g_(2,6_,nu13)*FT2*g_(2,q3)*cFT(nu14,XX,i2,iufo11
         )*cFT(g7,XX,iufo11,j11)*flavourTag(fvm,j11,j12)*Vec(nu10,q3)*Vec(nu14
         ,q2)*Vec(nu9,q2)*Vec(nu9,q3)*Vec(nu13,q2)*p4.p4*d^-1*xiw^2*ufoGC58^2*
         ufoGC81*ufoGC69
          + 1/4*g_(1,6_,nu10)*g_(2,6_,nu13)*FT2*g_(2,q3)*cFT(nu14,XX,i2,iufo11
         )*cFT(g7,XX,iufo11,j11)*flavourTag(fvm,j11,j12)*Vec(nu10,q3)*Vec(nu14
         ,q2)*Vec(nu9,q2)*Vec(nu9,q3)*Vec(nu13,q3)*p4.p4*d^-1*xiw^2*ufoGC58^2*
         ufoGC81*ufoGC69
          + 1/8*g_(1,6_,nu10)*g_(2,6_,nu13)*FT2*g_(2,q3)*cFT(nu14,XX,i2,iufo11
         )*cFT(g7,XX,iufo11,j11)*flavourTag(fvm,j11,j12)*Vec(nu10,q3)*Vec(nu14
         ,q2)*Vec(nu9,q3)^2*Vec(nu13,q2)*p4.p4*d^-1*xiw^2*ufoGC58^2*ufoGC81*
         ufoGC69
          + 1/8*g_(1,6_,nu10)*g_(2,6_,nu13)*FT2*g_(2,q3)*cFT(nu14,XX,i2,iufo11
         )*cFT(g7,XX,iufo11,j11)*flavourTag(fvm,j11,j12)*Vec(nu10,q3)*Vec(nu14
         ,q2)*Vec(nu9,q3)^2*Vec(nu13,q3)*p4.p4*d^-1*xiw^2*ufoGC58^2*ufoGC81*
         ufoGC69
          - 1/8*g_(1,6_,nu10)*g_(2,6_,nu13)*FT2*g_(2,q3)*cFT(nu14,XX,i2,iufo11
         )*cFT(g7,XX,iufo11,j11)*flavourTag(fvm,j11,j12)*Vec(nu10,q3)*Vec(nu14
         ,q2)*Vec(nu13,q2)*p4.p4^2*d^-1*xiw^2*ufoGC58^2*ufoGC81*ufoGC69
          - 1/8*g_(1,6_,nu10)*g_(2,6_,nu13)*FT2*g_(2,q3)*cFT(nu14,XX,i2,iufo11
         )*cFT(g7,XX,iufo11,j11)*flavourTag(fvm,j11,j12)*Vec(nu10,q3)*Vec(nu14
         ,q2)*Vec(nu13,q3)*p4.p4^2*d^-1*xiw^2*ufoGC58^2*ufoGC81*ufoGC69
          + 1/8*g_(1,6_,nu10)*g_(2,6_,nu13)*FT2*g_(2,q3)*cFT(nu14,XX,i2,iufo11
         )*cFT(g7,XX,iufo11,j11)*flavourTag(fvm,j11,j12)*Vec(nu10,q3)*Vec(nu14
         ,q3)*Vec(nu9,q2)^2*Vec(nu13,q2)*p4.p4*d^-1*xiw^2*ufoGC58^2*ufoGC81*
         ufoGC69
          + 1/8*g_(1,6_,nu10)*g_(2,6_,nu13)*FT2*g_(2,q3)*cFT(nu14,XX,i2,iufo11
         )*cFT(g7,XX,iufo11,j11)*flavourTag(fvm,j11,j12)*Vec(nu10,q3)*Vec(nu14
         ,q3)*Vec(nu9,q2)^2*Vec(nu13,q3)*p4.p4*d^-1*xiw^2*ufoGC58^2*ufoGC81*
         ufoGC69
          + 1/4*g_(1,6_,nu10)*g_(2,6_,nu13)*FT2*g_(2,q3)*cFT(nu14,XX,i2,iufo11
         )*cFT(g7,XX,iufo11,j11)*flavourTag(fvm,j11,j12)*Vec(nu10,q3)*Vec(nu14
         ,q3)*Vec(nu9,q2)*Vec(nu9,q3)*Vec(nu13,q2)*p4.p4*d^-1*xiw^2*ufoGC58^2*
         ufoGC81*ufoGC69
          + 1/4*g_(1,6_,nu10)*g_(2,6_,nu13)*FT2*g_(2,q3)*cFT(nu14,XX,i2,iufo11
         )*cFT(g7,XX,iufo11,j11)*flavourTag(fvm,j11,j12)*Vec(nu10,q3)*Vec(nu14
         ,q3)*Vec(nu9,q2)*Vec(nu9,q3)*Vec(nu13,q3)*p4.p4*d^-1*xiw^2*ufoGC58^2*
         ufoGC81*ufoGC69
          + 1/8*g_(1,6_,nu10)*g_(2,6_,nu13)*FT2*g_(2,q3)*cFT(nu14,XX,i2,iufo11
         )*cFT(g7,XX,iufo11,j11)*flavourTag(fvm,j11,j12)*Vec(nu10,q3)*Vec(nu14
         ,q3)*Vec(nu9,q3)^2*Vec(nu13,q2)*p4.p4*d^-1*xiw^2*ufoGC58^2*ufoGC81*
         ufoGC69
          + 1/8*g_(1,6_,nu10)*g_(2,6_,nu13)*FT2*g_(2,q3)*cFT(nu14,XX,i2,iufo11
         )*cFT(g7,XX,iufo11,j11)*flavourTag(fvm,j11,j12)*Vec(nu10,q3)*Vec(nu14
         ,q3)*Vec(nu9,q3)^2*Vec(nu13,q3)*p4.p4*d^-1*xiw^2*ufoGC58^2*ufoGC81*
         ufoGC69
          - 1/8*g_(1,6_,nu10)*g_(2,6_,nu13)*FT2*g_(2,q3)*cFT(nu14,XX,i2,iufo11
         )*cFT(g7,XX,iufo11,j11)*flavourTag(fvm,j11,j12)*Vec(nu10,q3)*Vec(nu14
         ,q3)*Vec(nu13,q2)*p4.p4^2*d^-1*xiw^2*ufoGC58^2*ufoGC81*ufoGC69
          - 1/8*g_(1,6_,nu10)*g_(2,6_,nu13)*FT2*g_(2,q3)*cFT(nu14,XX,i2,iufo11
         )*cFT(g7,XX,iufo11,j11)*flavourTag(fvm,j11,j12)*Vec(nu10,q3)*Vec(nu14
         ,q3)*Vec(nu13,q3)*p4.p4^2*d^-1*xiw^2*ufoGC58^2*ufoGC81*ufoGC69
          + 1/4*g_(1,6_,nu10)*g_(2,6_,nu13)*FT2*g_(2,q3)*cFT(nu9,XX,i2,iufo11)
         *cFT(g7,XX,iufo11,j11)/(d^3 + d^2 - 2*d)*flavourTag(fvm,j11,j12)*Vec(
         nu10,q2)*Vec(nu9,q2)*Vec(nu13,q2)*p4.p4^2*d*xiw^2*ufoGC58^2*ufoGC81*
         ufoGC69
          - 1/4*g_(1,6_,nu10)*g_(2,6_,nu13)*FT2*g_(2,q3)*cFT(nu9,XX,i2,iufo11)
         *cFT(g7,XX,iufo11,j11)/(d^3 + d^2 - 2*d)*flavourTag(fvm,j11,j12)*Vec(
         nu10,q2)*Vec(nu9,q2)*Vec(nu13,q2)*p4.p4^2*xiw^2*ufoGC58^2*ufoGC81*
         ufoGC69
          + 1/4*g_(1,6_,nu10)*g_(2,6_,nu13)*FT2*g_(2,q3)*cFT(nu9,XX,i2,iufo11)
         *cFT(g7,XX,iufo11,j11)/(d^3 + d^2 - 2*d)*flavourTag(fvm,j11,j12)*Vec(
         nu10,q2)*Vec(nu9,q2)*Vec(nu13,q3)*p4.p4^2*d*xiw^2*ufoGC58^2*ufoGC81*
         ufoGC69
          - 1/4*g_(1,6_,nu10)*g_(2,6_,nu13)*FT2*g_(2,q3)*cFT(nu9,XX,i2,iufo11)
         *cFT(g7,XX,iufo11,j11)/(d^3 + d^2 - 2*d)*flavourTag(fvm,j11,j12)*Vec(
         nu10,q2)*Vec(nu9,q2)*Vec(nu13,q3)*p4.p4^2*xiw^2*ufoGC58^2*ufoGC81*
         ufoGC69
          + 1/4*g_(1,6_,nu10)*g_(2,6_,nu13)*FT2*g_(2,q3)*cFT(nu9,XX,i2,iufo11)
         *cFT(g7,XX,iufo11,j11)/(d^3 + d^2 - 2*d)*flavourTag(fvm,j11,j12)*Vec(
         nu10,q2)*Vec(nu9,q3)*Vec(nu13,q2)*p4.p4^2*d*xiw^2*ufoGC58^2*ufoGC81*
         ufoGC69
          - 1/4*g_(1,6_,nu10)*g_(2,6_,nu13)*FT2*g_(2,q3)*cFT(nu9,XX,i2,iufo11)
         *cFT(g7,XX,iufo11,j11)/(d^3 + d^2 - 2*d)*flavourTag(fvm,j11,j12)*Vec(
         nu10,q2)*Vec(nu9,q3)*Vec(nu13,q2)*p4.p4^2*xiw^2*ufoGC58^2*ufoGC81*
         ufoGC69
          + 1/4*g_(1,6_,nu10)*g_(2,6_,nu13)*FT2*g_(2,q3)*cFT(nu9,XX,i2,iufo11)
         *cFT(g7,XX,iufo11,j11)/(d^3 + d^2 - 2*d)*flavourTag(fvm,j11,j12)*Vec(
         nu10,q2)*Vec(nu9,q3)*Vec(nu13,q3)*p4.p4^2*d*xiw^2*ufoGC58^2*ufoGC81*
         ufoGC69
          - 1/4*g_(1,6_,nu10)*g_(2,6_,nu13)*FT2*g_(2,q3)*cFT(nu9,XX,i2,iufo11)
         *cFT(g7,XX,iufo11,j11)/(d^3 + d^2 - 2*d)*flavourTag(fvm,j11,j12)*Vec(
         nu10,q2)*Vec(nu9,q3)*Vec(nu13,q3)*p4.p4^2*xiw^2*ufoGC58^2*ufoGC81*
         ufoGC69
          + 1/4*g_(1,6_,nu10)*g_(2,6_,nu13)*FT2*g_(2,q3)*cFT(nu9,XX,i2,iufo11)
         *cFT(g7,XX,iufo11,j11)/(d^3 + d^2 - 2*d)*flavourTag(fvm,j11,j12)*Vec(
         nu10,q3)*Vec(nu9,q2)*Vec(nu13,q2)*p4.p4^2*d*xiw^2*ufoGC58^2*ufoGC81*
         ufoGC69
          - 1/4*g_(1,6_,nu10)*g_(2,6_,nu13)*FT2*g_(2,q3)*cFT(nu9,XX,i2,iufo11)
         *cFT(g7,XX,iufo11,j11)/(d^3 + d^2 - 2*d)*flavourTag(fvm,j11,j12)*Vec(
         nu10,q3)*Vec(nu9,q2)*Vec(nu13,q2)*p4.p4^2*xiw^2*ufoGC58^2*ufoGC81*
         ufoGC69
          + 1/4*g_(1,6_,nu10)*g_(2,6_,nu13)*FT2*g_(2,q3)*cFT(nu9,XX,i2,iufo11)
         *cFT(g7,XX,iufo11,j11)/(d^3 + d^2 - 2*d)*flavourTag(fvm,j11,j12)*Vec(
         nu10,q3)*Vec(nu9,q2)*Vec(nu13,q3)*p4.p4^2*d*xiw^2*ufoGC58^2*ufoGC81*
         ufoGC69
          - 1/4*g_(1,6_,nu10)*g_(2,6_,nu13)*FT2*g_(2,q3)*cFT(nu9,XX,i2,iufo11)
         *cFT(g7,XX,iufo11,j11)/(d^3 + d^2 - 2*d)*flavourTag(fvm,j11,j12)*Vec(
         nu10,q3)*Vec(nu9,q2)*Vec(nu13,q3)*p4.p4^2*xiw^2*ufoGC58^2*ufoGC81*
         ufoGC69
          + 1/4*g_(1,6_,nu10)*g_(2,6_,nu13)*FT2*g_(2,q3)*cFT(nu9,XX,i2,iufo11)
         *cFT(g7,XX,iufo11,j11)/(d^3 + d^2 - 2*d)*flavourTag(fvm,j11,j12)*Vec(
         nu10,q3)*Vec(nu9,q3)*Vec(nu13,q2)*p4.p4^2*d*xiw^2*ufoGC58^2*ufoGC81*
         ufoGC69
          - 1/4*g_(1,6_,nu10)*g_(2,6_,nu13)*FT2*g_(2,q3)*cFT(nu9,XX,i2,iufo11)
         *cFT(g7,XX,iufo11,j11)/(d^3 + d^2 - 2*d)*flavourTag(fvm,j11,j12)*Vec(
         nu10,q3)*Vec(nu9,q3)*Vec(nu13,q2)*p4.p4^2*xiw^2*ufoGC58^2*ufoGC81*
         ufoGC69
          + 1/4*g_(1,6_,nu10)*g_(2,6_,nu13)*FT2*g_(2,q3)*cFT(nu9,XX,i2,iufo11)
         *cFT(g7,XX,iufo11,j11)/(d^3 + d^2 - 2*d)*flavourTag(fvm,j11,j12)*Vec(
         nu10,q3)*Vec(nu9,q3)*Vec(nu13,q3)*p4.p4^2*d*xiw^2*ufoGC58^2*ufoGC81*
         ufoGC69
          - 1/4*g_(1,6_,nu10)*g_(2,6_,nu13)*FT2*g_(2,q3)*cFT(nu9,XX,i2,iufo11)
         *cFT(g7,XX,iufo11,j11)/(d^3 + d^2 - 2*d)*flavourTag(fvm,j11,j12)*Vec(
         nu10,q3)*Vec(nu9,q3)*Vec(nu13,q3)*p4.p4^2*xiw^2*ufoGC58^2*ufoGC81*
         ufoGC69
          - 1/4*g_(1,6_,nu10)*g_(2,6_,nu13)*FT2*g_(2,q3)*cFT(nu16,XX,i2,iufo11
         )*cFT(g7,XX,iufo11,j11)/(d^3 + d^2 - 2*d)*flavourTag(fvm,j11,j12)*
         Vec(nu10,q2)*Vec(nu13,q2)*Vec(nu16,q2)*p4.p4^2*d*xiw^2*ufoGC58^2*
         ufoGC81*ufoGC69
          + 1/4*g_(1,6_,nu10)*g_(2,6_,nu13)*FT2*g_(2,q3)*cFT(nu16,XX,i2,iufo11
         )*cFT(g7,XX,iufo11,j11)/(d^3 + d^2 - 2*d)*flavourTag(fvm,j11,j12)*
         Vec(nu10,q2)*Vec(nu13,q2)*Vec(nu16,q2)*p4.p4^2*xiw^2*ufoGC58^2*
         ufoGC81*ufoGC69
          - 1/4*g_(1,6_,nu10)*g_(2,6_,nu13)*FT2*g_(2,q3)*cFT(nu16,XX,i2,iufo11
         )*cFT(g7,XX,iufo11,j11)/(d^3 + d^2 - 2*d)*flavourTag(fvm,j11,j12)*
         Vec(nu10,q2)*Vec(nu13,q2)*Vec(nu16,q3)*p4.p4^2*d*xiw^2*ufoGC58^2*
         ufoGC81*ufoGC69
          + 1/4*g_(1,6_,nu10)*g_(2,6_,nu13)*FT2*g_(2,q3)*cFT(nu16,XX,i2,iufo11
         )*cFT(g7,XX,iufo11,j11)/(d^3 + d^2 - 2*d)*flavourTag(fvm,j11,j12)*
         Vec(nu10,q2)*Vec(nu13,q2)*Vec(nu16,q3)*p4.p4^2*xiw^2*ufoGC58^2*
         ufoGC81*ufoGC69
          - 1/4*g_(1,6_,nu10)*g_(2,6_,nu13)*FT2*g_(2,q3)*cFT(nu16,XX,i2,iufo11
         )*cFT(g7,XX,iufo11,j11)/(d^3 + d^2 - 2*d)*flavourTag(fvm,j11,j12)*
         Vec(nu10,q2)*Vec(nu13,q3)*Vec(nu16,q2)*p4.p4^2*d*xiw^2*ufoGC58^2*
         ufoGC81*ufoGC69
          + 1/4*g_(1,6_,nu10)*g_(2,6_,nu13)*FT2*g_(2,q3)*cFT(nu16,XX,i2,iufo11
         )*cFT(g7,XX,iufo11,j11)/(d^3 + d^2 - 2*d)*flavourTag(fvm,j11,j12)*
         Vec(nu10,q2)*Vec(nu13,q3)*Vec(nu16,q2)*p4.p4^2*xiw^2*ufoGC58^2*
         ufoGC81*ufoGC69
          - 1/4*g_(1,6_,nu10)*g_(2,6_,nu13)*FT2*g_(2,q3)*cFT(nu16,XX,i2,iufo11
         )*cFT(g7,XX,iufo11,j11)/(d^3 + d^2 - 2*d)*flavourTag(fvm,j11,j12)*
         Vec(nu10,q2)*Vec(nu13,q3)*Vec(nu16,q3)*p4.p4^2*d*xiw^2*ufoGC58^2*
         ufoGC81*ufoGC69
          + 1/4*g_(1,6_,nu10)*g_(2,6_,nu13)*FT2*g_(2,q3)*cFT(nu16,XX,i2,iufo11
         )*cFT(g7,XX,iufo11,j11)/(d^3 + d^2 - 2*d)*flavourTag(fvm,j11,j12)*
         Vec(nu10,q2)*Vec(nu13,q3)*Vec(nu16,q3)*p4.p4^2*xiw^2*ufoGC58^2*
         ufoGC81*ufoGC69
          - 1/4*g_(1,6_,nu10)*g_(2,6_,nu13)*FT2*g_(2,q3)*cFT(nu16,XX,i2,iufo11
         )*cFT(g7,XX,iufo11,j11)/(d^3 + d^2 - 2*d)*flavourTag(fvm,j11,j12)*
         Vec(nu10,q3)*Vec(nu13,q2)*Vec(nu16,q2)*p4.p4^2*d*xiw^2*ufoGC58^2*
         ufoGC81*ufoGC69
          + 1/4*g_(1,6_,nu10)*g_(2,6_,nu13)*FT2*g_(2,q3)*cFT(nu16,XX,i2,iufo11
         )*cFT(g7,XX,iufo11,j11)/(d^3 + d^2 - 2*d)*flavourTag(fvm,j11,j12)*
         Vec(nu10,q3)*Vec(nu13,q2)*Vec(nu16,q2)*p4.p4^2*xiw^2*ufoGC58^2*
         ufoGC81*ufoGC69
          - 1/4*g_(1,6_,nu10)*g_(2,6_,nu13)*FT2*g_(2,q3)*cFT(nu16,XX,i2,iufo11
         )*cFT(g7,XX,iufo11,j11)/(d^3 + d^2 - 2*d)*flavourTag(fvm,j11,j12)*
         Vec(nu10,q3)*Vec(nu13,q2)*Vec(nu16,q3)*p4.p4^2*d*xiw^2*ufoGC58^2*
         ufoGC81*ufoGC69
          + 1/4*g_(1,6_,nu10)*g_(2,6_,nu13)*FT2*g_(2,q3)*cFT(nu16,XX,i2,iufo11
         )*cFT(g7,XX,iufo11,j11)/(d^3 + d^2 - 2*d)*flavourTag(fvm,j11,j12)*
         Vec(nu10,q3)*Vec(nu13,q2)*Vec(nu16,q3)*p4.p4^2*xiw^2*ufoGC58^2*
         ufoGC81*ufoGC69
          - 1/4*g_(1,6_,nu10)*g_(2,6_,nu13)*FT2*g_(2,q3)*cFT(nu16,XX,i2,iufo11
         )*cFT(g7,XX,iufo11,j11)/(d^3 + d^2 - 2*d)*flavourTag(fvm,j11,j12)*
         Vec(nu10,q3)*Vec(nu13,q3)*Vec(nu16,q2)*p4.p4^2*d*xiw^2*ufoGC58^2*
         ufoGC81*ufoGC69
          + 1/4*g_(1,6_,nu10)*g_(2,6_,nu13)*FT2*g_(2,q3)*cFT(nu16,XX,i2,iufo11
         )*cFT(g7,XX,iufo11,j11)/(d^3 + d^2 - 2*d)*flavourTag(fvm,j11,j12)*
         Vec(nu10,q3)*Vec(nu13,q3)*Vec(nu16,q2)*p4.p4^2*xiw^2*ufoGC58^2*
         ufoGC81*ufoGC69
          - 1/4*g_(1,6_,nu10)*g_(2,6_,nu13)*FT2*g_(2,q3)*cFT(nu16,XX,i2,iufo11
         )*cFT(g7,XX,iufo11,j11)/(d^3 + d^2 - 2*d)*flavourTag(fvm,j11,j12)*
         Vec(nu10,q3)*Vec(nu13,q3)*Vec(nu16,q3)*p4.p4^2*d*xiw^2*ufoGC58^2*
         ufoGC81*ufoGC69
          + 1/4*g_(1,6_,nu10)*g_(2,6_,nu13)*FT2*g_(2,q3)*cFT(nu16,XX,i2,iufo11
         )*cFT(g7,XX,iufo11,j11)/(d^3 + d^2 - 2*d)*flavourTag(fvm,j11,j12)*
         Vec(nu10,q3)*Vec(nu13,q3)*Vec(nu16,q3)*p4.p4^2*xiw^2*ufoGC58^2*
         ufoGC81*ufoGC69
          + 1/8*g_(1,6_,nu10)*g_(2,6_,nu16)*FT2*g_(2,p4)*cFT(nu14,XX,i2,iufo11
         )*cFT(g7,XX,iufo11,j11)*flavourTag(fvm,j11,j12)*Vec(nu10,q2)*Vec(nu14
         ,q2)*Vec(nu13,q2)^2*Vec(nu16,q2)*p4.p4*d^-1*xiw^2*ufoGC58^2*ufoGC81*
         ufoGC69
          + 1/8*g_(1,6_,nu10)*g_(2,6_,nu16)*FT2*g_(2,p4)*cFT(nu14,XX,i2,iufo11
         )*cFT(g7,XX,iufo11,j11)*flavourTag(fvm,j11,j12)*Vec(nu10,q2)*Vec(nu14
         ,q2)*Vec(nu13,q2)^2*Vec(nu16,q3)*p4.p4*d^-1*xiw^2*ufoGC58^2*ufoGC81*
         ufoGC69
          + 1/4*g_(1,6_,nu10)*g_(2,6_,nu16)*FT2*g_(2,p4)*cFT(nu14,XX,i2,iufo11
         )*cFT(g7,XX,iufo11,j11)*flavourTag(fvm,j11,j12)*Vec(nu10,q2)*Vec(nu14
         ,q2)*Vec(nu13,q2)*Vec(nu13,q3)*Vec(nu16,q2)*p4.p4*d^-1*xiw^2*
         ufoGC58^2*ufoGC81*ufoGC69
          + 1/4*g_(1,6_,nu10)*g_(2,6_,nu16)*FT2*g_(2,p4)*cFT(nu14,XX,i2,iufo11
         )*cFT(g7,XX,iufo11,j11)*flavourTag(fvm,j11,j12)*Vec(nu10,q2)*Vec(nu14
         ,q2)*Vec(nu13,q2)*Vec(nu13,q3)*Vec(nu16,q3)*p4.p4*d^-1*xiw^2*
         ufoGC58^2*ufoGC81*ufoGC69
          + 1/8*g_(1,6_,nu10)*g_(2,6_,nu16)*FT2*g_(2,p4)*cFT(nu14,XX,i2,iufo11
         )*cFT(g7,XX,iufo11,j11)*flavourTag(fvm,j11,j12)*Vec(nu10,q2)*Vec(nu14
         ,q2)*Vec(nu13,q3)^2*Vec(nu16,q2)*p4.p4*d^-1*xiw^2*ufoGC58^2*ufoGC81*
         ufoGC69
          + 1/8*g_(1,6_,nu10)*g_(2,6_,nu16)*FT2*g_(2,p4)*cFT(nu14,XX,i2,iufo11
         )*cFT(g7,XX,iufo11,j11)*flavourTag(fvm,j11,j12)*Vec(nu10,q2)*Vec(nu14
         ,q2)*Vec(nu13,q3)^2*Vec(nu16,q3)*p4.p4*d^-1*xiw^2*ufoGC58^2*ufoGC81*
         ufoGC69
          + 1/8*g_(1,6_,nu10)*g_(2,6_,nu16)*FT2*g_(2,p4)*cFT(nu14,XX,i2,iufo11
         )*cFT(g7,XX,iufo11,j11)*flavourTag(fvm,j11,j12)*Vec(nu10,q2)*Vec(nu14
         ,q2)*Vec(nu16,q2)*p4.p4^2*d^-1*xiw^2*ufoGC58^2*ufoGC81*ufoGC69
          + 1/8*g_(1,6_,nu10)*g_(2,6_,nu16)*FT2*g_(2,p4)*cFT(nu14,XX,i2,iufo11
         )*cFT(g7,XX,iufo11,j11)*flavourTag(fvm,j11,j12)*Vec(nu10,q2)*Vec(nu14
         ,q2)*Vec(nu16,q3)*p4.p4^2*d^-1*xiw^2*ufoGC58^2*ufoGC81*ufoGC69
          + 1/8*g_(1,6_,nu10)*g_(2,6_,nu16)*FT2*g_(2,p4)*cFT(nu14,XX,i2,iufo11
         )*cFT(g7,XX,iufo11,j11)*flavourTag(fvm,j11,j12)*Vec(nu10,q2)*Vec(nu14
         ,q3)*Vec(nu13,q2)^2*Vec(nu16,q2)*p4.p4*d^-1*xiw^2*ufoGC58^2*ufoGC81*
         ufoGC69
          + 1/8*g_(1,6_,nu10)*g_(2,6_,nu16)*FT2*g_(2,p4)*cFT(nu14,XX,i2,iufo11
         )*cFT(g7,XX,iufo11,j11)*flavourTag(fvm,j11,j12)*Vec(nu10,q2)*Vec(nu14
         ,q3)*Vec(nu13,q2)^2*Vec(nu16,q3)*p4.p4*d^-1*xiw^2*ufoGC58^2*ufoGC81*
         ufoGC69
          + 1/4*g_(1,6_,nu10)*g_(2,6_,nu16)*FT2*g_(2,p4)*cFT(nu14,XX,i2,iufo11
         )*cFT(g7,XX,iufo11,j11)*flavourTag(fvm,j11,j12)*Vec(nu10,q2)*Vec(nu14
         ,q3)*Vec(nu13,q2)*Vec(nu13,q3)*Vec(nu16,q2)*p4.p4*d^-1*xiw^2*
         ufoGC58^2*ufoGC81*ufoGC69
          + 1/4*g_(1,6_,nu10)*g_(2,6_,nu16)*FT2*g_(2,p4)*cFT(nu14,XX,i2,iufo11
         )*cFT(g7,XX,iufo11,j11)*flavourTag(fvm,j11,j12)*Vec(nu10,q2)*Vec(nu14
         ,q3)*Vec(nu13,q2)*Vec(nu13,q3)*Vec(nu16,q3)*p4.p4*d^-1*xiw^2*
         ufoGC58^2*ufoGC81*ufoGC69
          + 1/8*g_(1,6_,nu10)*g_(2,6_,nu16)*FT2*g_(2,p4)*cFT(nu14,XX,i2,iufo11
         )*cFT(g7,XX,iufo11,j11)*flavourTag(fvm,j11,j12)*Vec(nu10,q2)*Vec(nu14
         ,q3)*Vec(nu13,q3)^2*Vec(nu16,q2)*p4.p4*d^-1*xiw^2*ufoGC58^2*ufoGC81*
         ufoGC69
          + 1/8*g_(1,6_,nu10)*g_(2,6_,nu16)*FT2*g_(2,p4)*cFT(nu14,XX,i2,iufo11
         )*cFT(g7,XX,iufo11,j11)*flavourTag(fvm,j11,j12)*Vec(nu10,q2)*Vec(nu14
         ,q3)*Vec(nu13,q3)^2*Vec(nu16,q3)*p4.p4*d^-1*xiw^2*ufoGC58^2*ufoGC81*
         ufoGC69
          + 1/8*g_(1,6_,nu10)*g_(2,6_,nu16)*FT2*g_(2,p4)*cFT(nu14,XX,i2,iufo11
         )*cFT(g7,XX,iufo11,j11)*flavourTag(fvm,j11,j12)*Vec(nu10,q2)*Vec(nu14
         ,q3)*Vec(nu16,q2)*p4.p4^2*d^-1*xiw^2*ufoGC58^2*ufoGC81*ufoGC69
          + 1/8*g_(1,6_,nu10)*g_(2,6_,nu16)*FT2*g_(2,p4)*cFT(nu14,XX,i2,iufo11
         )*cFT(g7,XX,iufo11,j11)*flavourTag(fvm,j11,j12)*Vec(nu10,q2)*Vec(nu14
         ,q3)*Vec(nu16,q3)*p4.p4^2*d^-1*xiw^2*ufoGC58^2*ufoGC81*ufoGC69
          + 1/8*g_(1,6_,nu10)*g_(2,6_,nu16)*FT2*g_(2,p4)*cFT(nu14,XX,i2,iufo11
         )*cFT(g7,XX,iufo11,j11)*flavourTag(fvm,j11,j12)*Vec(nu10,q3)*Vec(nu14
         ,q2)*Vec(nu13,q2)^2*Vec(nu16,q2)*p4.p4*d^-1*xiw^2*ufoGC58^2*ufoGC81*
         ufoGC69
          + 1/8*g_(1,6_,nu10)*g_(2,6_,nu16)*FT2*g_(2,p4)*cFT(nu14,XX,i2,iufo11
         )*cFT(g7,XX,iufo11,j11)*flavourTag(fvm,j11,j12)*Vec(nu10,q3)*Vec(nu14
         ,q2)*Vec(nu13,q2)^2*Vec(nu16,q3)*p4.p4*d^-1*xiw^2*ufoGC58^2*ufoGC81*
         ufoGC69
          + 1/4*g_(1,6_,nu10)*g_(2,6_,nu16)*FT2*g_(2,p4)*cFT(nu14,XX,i2,iufo11
         )*cFT(g7,XX,iufo11,j11)*flavourTag(fvm,j11,j12)*Vec(nu10,q3)*Vec(nu14
         ,q2)*Vec(nu13,q2)*Vec(nu13,q3)*Vec(nu16,q2)*p4.p4*d^-1*xiw^2*
         ufoGC58^2*ufoGC81*ufoGC69
          + 1/4*g_(1,6_,nu10)*g_(2,6_,nu16)*FT2*g_(2,p4)*cFT(nu14,XX,i2,iufo11
         )*cFT(g7,XX,iufo11,j11)*flavourTag(fvm,j11,j12)*Vec(nu10,q3)*Vec(nu14
         ,q2)*Vec(nu13,q2)*Vec(nu13,q3)*Vec(nu16,q3)*p4.p4*d^-1*xiw^2*
         ufoGC58^2*ufoGC81*ufoGC69
          + 1/8*g_(1,6_,nu10)*g_(2,6_,nu16)*FT2*g_(2,p4)*cFT(nu14,XX,i2,iufo11
         )*cFT(g7,XX,iufo11,j11)*flavourTag(fvm,j11,j12)*Vec(nu10,q3)*Vec(nu14
         ,q2)*Vec(nu13,q3)^2*Vec(nu16,q2)*p4.p4*d^-1*xiw^2*ufoGC58^2*ufoGC81*
         ufoGC69
          + 1/8*g_(1,6_,nu10)*g_(2,6_,nu16)*FT2*g_(2,p4)*cFT(nu14,XX,i2,iufo11
         )*cFT(g7,XX,iufo11,j11)*flavourTag(fvm,j11,j12)*Vec(nu10,q3)*Vec(nu14
         ,q2)*Vec(nu13,q3)^2*Vec(nu16,q3)*p4.p4*d^-1*xiw^2*ufoGC58^2*ufoGC81*
         ufoGC69
          + 1/8*g_(1,6_,nu10)*g_(2,6_,nu16)*FT2*g_(2,p4)*cFT(nu14,XX,i2,iufo11
         )*cFT(g7,XX,iufo11,j11)*flavourTag(fvm,j11,j12)*Vec(nu10,q3)*Vec(nu14
         ,q2)*Vec(nu16,q2)*p4.p4^2*d^-1*xiw^2*ufoGC58^2*ufoGC81*ufoGC69
          + 1/8*g_(1,6_,nu10)*g_(2,6_,nu16)*FT2*g_(2,p4)*cFT(nu14,XX,i2,iufo11
         )*cFT(g7,XX,iufo11,j11)*flavourTag(fvm,j11,j12)*Vec(nu10,q3)*Vec(nu14
         ,q2)*Vec(nu16,q3)*p4.p4^2*d^-1*xiw^2*ufoGC58^2*ufoGC81*ufoGC69
          + 1/8*g_(1,6_,nu10)*g_(2,6_,nu16)*FT2*g_(2,p4)*cFT(nu14,XX,i2,iufo11
         )*cFT(g7,XX,iufo11,j11)*flavourTag(fvm,j11,j12)*Vec(nu10,q3)*Vec(nu14
         ,q3)*Vec(nu13,q2)^2*Vec(nu16,q2)*p4.p4*d^-1*xiw^2*ufoGC58^2*ufoGC81*
         ufoGC69
          + 1/8*g_(1,6_,nu10)*g_(2,6_,nu16)*FT2*g_(2,p4)*cFT(nu14,XX,i2,iufo11
         )*cFT(g7,XX,iufo11,j11)*flavourTag(fvm,j11,j12)*Vec(nu10,q3)*Vec(nu14
         ,q3)*Vec(nu13,q2)^2*Vec(nu16,q3)*p4.p4*d^-1*xiw^2*ufoGC58^2*ufoGC81*
         ufoGC69
          + 1/4*g_(1,6_,nu10)*g_(2,6_,nu16)*FT2*g_(2,p4)*cFT(nu14,XX,i2,iufo11
         )*cFT(g7,XX,iufo11,j11)*flavourTag(fvm,j11,j12)*Vec(nu10,q3)*Vec(nu14
         ,q3)*Vec(nu13,q2)*Vec(nu13,q3)*Vec(nu16,q2)*p4.p4*d^-1*xiw^2*
         ufoGC58^2*ufoGC81*ufoGC69
          + 1/4*g_(1,6_,nu10)*g_(2,6_,nu16)*FT2*g_(2,p4)*cFT(nu14,XX,i2,iufo11
         )*cFT(g7,XX,iufo11,j11)*flavourTag(fvm,j11,j12)*Vec(nu10,q3)*Vec(nu14
         ,q3)*Vec(nu13,q2)*Vec(nu13,q3)*Vec(nu16,q3)*p4.p4*d^-1*xiw^2*
         ufoGC58^2*ufoGC81*ufoGC69
          + 1/8*g_(1,6_,nu10)*g_(2,6_,nu16)*FT2*g_(2,p4)*cFT(nu14,XX,i2,iufo11
         )*cFT(g7,XX,iufo11,j11)*flavourTag(fvm,j11,j12)*Vec(nu10,q3)*Vec(nu14
         ,q3)*Vec(nu13,q3)^2*Vec(nu16,q2)*p4.p4*d^-1*xiw^2*ufoGC58^2*ufoGC81*
         ufoGC69
          + 1/8*g_(1,6_,nu10)*g_(2,6_,nu16)*FT2*g_(2,p4)*cFT(nu14,XX,i2,iufo11
         )*cFT(g7,XX,iufo11,j11)*flavourTag(fvm,j11,j12)*Vec(nu10,q3)*Vec(nu14
         ,q3)*Vec(nu13,q3)^2*Vec(nu16,q3)*p4.p4*d^-1*xiw^2*ufoGC58^2*ufoGC81*
         ufoGC69
          + 1/8*g_(1,6_,nu10)*g_(2,6_,nu16)*FT2*g_(2,p4)*cFT(nu14,XX,i2,iufo11
         )*cFT(g7,XX,iufo11,j11)*flavourTag(fvm,j11,j12)*Vec(nu10,q3)*Vec(nu14
         ,q3)*Vec(nu16,q2)*p4.p4^2*d^-1*xiw^2*ufoGC58^2*ufoGC81*ufoGC69
          + 1/8*g_(1,6_,nu10)*g_(2,6_,nu16)*FT2*g_(2,p4)*cFT(nu14,XX,i2,iufo11
         )*cFT(g7,XX,iufo11,j11)*flavourTag(fvm,j11,j12)*Vec(nu10,q3)*Vec(nu14
         ,q3)*Vec(nu16,q3)*p4.p4^2*d^-1*xiw^2*ufoGC58^2*ufoGC81*ufoGC69
          + 1/4*g_(1,6_,nu10)*g_(2,6_,nu16)*FT2*g_(2,p4)*cFT(nu13,XX,i2,iufo11
         )*cFT(g7,XX,iufo11,j11)/(d^3 + d^2 - 2*d)*flavourTag(fvm,j11,j12)*
         Vec(nu10,q2)*Vec(nu13,q2)*Vec(nu16,q2)*p4.p4^2*d*xiw^2*ufoGC58^2*
         ufoGC81*ufoGC69
          - 1/4*g_(1,6_,nu10)*g_(2,6_,nu16)*FT2*g_(2,p4)*cFT(nu13,XX,i2,iufo11
         )*cFT(g7,XX,iufo11,j11)/(d^3 + d^2 - 2*d)*flavourTag(fvm,j11,j12)*
         Vec(nu10,q2)*Vec(nu13,q2)*Vec(nu16,q2)*p4.p4^2*xiw^2*ufoGC58^2*
         ufoGC81*ufoGC69
          + 1/4*g_(1,6_,nu10)*g_(2,6_,nu16)*FT2*g_(2,p4)*cFT(nu13,XX,i2,iufo11
         )*cFT(g7,XX,iufo11,j11)/(d^3 + d^2 - 2*d)*flavourTag(fvm,j11,j12)*
         Vec(nu10,q2)*Vec(nu13,q2)*Vec(nu16,q3)*p4.p4^2*d*xiw^2*ufoGC58^2*
         ufoGC81*ufoGC69
          - 1/4*g_(1,6_,nu10)*g_(2,6_,nu16)*FT2*g_(2,p4)*cFT(nu13,XX,i2,iufo11
         )*cFT(g7,XX,iufo11,j11)/(d^3 + d^2 - 2*d)*flavourTag(fvm,j11,j12)*
         Vec(nu10,q2)*Vec(nu13,q2)*Vec(nu16,q3)*p4.p4^2*xiw^2*ufoGC58^2*
         ufoGC81*ufoGC69
          + 1/4*g_(1,6_,nu10)*g_(2,6_,nu16)*FT2*g_(2,p4)*cFT(nu13,XX,i2,iufo11
         )*cFT(g7,XX,iufo11,j11)/(d^3 + d^2 - 2*d)*flavourTag(fvm,j11,j12)*
         Vec(nu10,q2)*Vec(nu13,q3)*Vec(nu16,q2)*p4.p4^2*d*xiw^2*ufoGC58^2*
         ufoGC81*ufoGC69
          - 1/4*g_(1,6_,nu10)*g_(2,6_,nu16)*FT2*g_(2,p4)*cFT(nu13,XX,i2,iufo11
         )*cFT(g7,XX,iufo11,j11)/(d^3 + d^2 - 2*d)*flavourTag(fvm,j11,j12)*
         Vec(nu10,q2)*Vec(nu13,q3)*Vec(nu16,q2)*p4.p4^2*xiw^2*ufoGC58^2*
         ufoGC81*ufoGC69
          + 1/4*g_(1,6_,nu10)*g_(2,6_,nu16)*FT2*g_(2,p4)*cFT(nu13,XX,i2,iufo11
         )*cFT(g7,XX,iufo11,j11)/(d^3 + d^2 - 2*d)*flavourTag(fvm,j11,j12)*
         Vec(nu10,q2)*Vec(nu13,q3)*Vec(nu16,q3)*p4.p4^2*d*xiw^2*ufoGC58^2*
         ufoGC81*ufoGC69
          - 1/4*g_(1,6_,nu10)*g_(2,6_,nu16)*FT2*g_(2,p4)*cFT(nu13,XX,i2,iufo11
         )*cFT(g7,XX,iufo11,j11)/(d^3 + d^2 - 2*d)*flavourTag(fvm,j11,j12)*
         Vec(nu10,q2)*Vec(nu13,q3)*Vec(nu16,q3)*p4.p4^2*xiw^2*ufoGC58^2*
         ufoGC81*ufoGC69
          + 1/4*g_(1,6_,nu10)*g_(2,6_,nu16)*FT2*g_(2,p4)*cFT(nu13,XX,i2,iufo11
         )*cFT(g7,XX,iufo11,j11)/(d^3 + d^2 - 2*d)*flavourTag(fvm,j11,j12)*
         Vec(nu10,q3)*Vec(nu13,q2)*Vec(nu16,q2)*p4.p4^2*d*xiw^2*ufoGC58^2*
         ufoGC81*ufoGC69
          - 1/4*g_(1,6_,nu10)*g_(2,6_,nu16)*FT2*g_(2,p4)*cFT(nu13,XX,i2,iufo11
         )*cFT(g7,XX,iufo11,j11)/(d^3 + d^2 - 2*d)*flavourTag(fvm,j11,j12)*
         Vec(nu10,q3)*Vec(nu13,q2)*Vec(nu16,q2)*p4.p4^2*xiw^2*ufoGC58^2*
         ufoGC81*ufoGC69
          + 1/4*g_(1,6_,nu10)*g_(2,6_,nu16)*FT2*g_(2,p4)*cFT(nu13,XX,i2,iufo11
         )*cFT(g7,XX,iufo11,j11)/(d^3 + d^2 - 2*d)*flavourTag(fvm,j11,j12)*
         Vec(nu10,q3)*Vec(nu13,q2)*Vec(nu16,q3)*p4.p4^2*d*xiw^2*ufoGC58^2*
         ufoGC81*ufoGC69
          - 1/4*g_(1,6_,nu10)*g_(2,6_,nu16)*FT2*g_(2,p4)*cFT(nu13,XX,i2,iufo11
         )*cFT(g7,XX,iufo11,j11)/(d^3 + d^2 - 2*d)*flavourTag(fvm,j11,j12)*
         Vec(nu10,q3)*Vec(nu13,q2)*Vec(nu16,q3)*p4.p4^2*xiw^2*ufoGC58^2*
         ufoGC81*ufoGC69
          + 1/4*g_(1,6_,nu10)*g_(2,6_,nu16)*FT2*g_(2,p4)*cFT(nu13,XX,i2,iufo11
         )*cFT(g7,XX,iufo11,j11)/(d^3 + d^2 - 2*d)*flavourTag(fvm,j11,j12)*
         Vec(nu10,q3)*Vec(nu13,q3)*Vec(nu16,q2)*p4.p4^2*d*xiw^2*ufoGC58^2*
         ufoGC81*ufoGC69
          - 1/4*g_(1,6_,nu10)*g_(2,6_,nu16)*FT2*g_(2,p4)*cFT(nu13,XX,i2,iufo11
         )*cFT(g7,XX,iufo11,j11)/(d^3 + d^2 - 2*d)*flavourTag(fvm,j11,j12)*
         Vec(nu10,q3)*Vec(nu13,q3)*Vec(nu16,q2)*p4.p4^2*xiw^2*ufoGC58^2*
         ufoGC81*ufoGC69
          + 1/4*g_(1,6_,nu10)*g_(2,6_,nu16)*FT2*g_(2,p4)*cFT(nu13,XX,i2,iufo11
         )*cFT(g7,XX,iufo11,j11)/(d^3 + d^2 - 2*d)*flavourTag(fvm,j11,j12)*
         Vec(nu10,q3)*Vec(nu13,q3)*Vec(nu16,q3)*p4.p4^2*d*xiw^2*ufoGC58^2*
         ufoGC81*ufoGC69
          - 1/4*g_(1,6_,nu10)*g_(2,6_,nu16)*FT2*g_(2,p4)*cFT(nu13,XX,i2,iufo11
         )*cFT(g7,XX,iufo11,j11)/(d^3 + d^2 - 2*d)*flavourTag(fvm,j11,j12)*
         Vec(nu10,q3)*Vec(nu13,q3)*Vec(nu16,q3)*p4.p4^2*xiw^2*ufoGC58^2*
         ufoGC81*ufoGC69
          - 1/8*g_(1,6_,nu10)*g_(2,6_,nu16)*FT2*g_(2,q3)*cFT(nu14,XX,i2,iufo11
         )*cFT(g7,XX,iufo11,j11)*flavourTag(fvm,j11,j12)*Vec(nu10,q2)*Vec(nu14
         ,q2)*Vec(nu13,q2)^2*Vec(nu16,q2)*p4.p4*d^-1*xiw^2*ufoGC58^2*ufoGC81*
         ufoGC69
          - 1/8*g_(1,6_,nu10)*g_(2,6_,nu16)*FT2*g_(2,q3)*cFT(nu14,XX,i2,iufo11
         )*cFT(g7,XX,iufo11,j11)*flavourTag(fvm,j11,j12)*Vec(nu10,q2)*Vec(nu14
         ,q2)*Vec(nu13,q2)^2*Vec(nu16,q3)*p4.p4*d^-1*xiw^2*ufoGC58^2*ufoGC81*
         ufoGC69
          - 1/4*g_(1,6_,nu10)*g_(2,6_,nu16)*FT2*g_(2,q3)*cFT(nu14,XX,i2,iufo11
         )*cFT(g7,XX,iufo11,j11)*flavourTag(fvm,j11,j12)*Vec(nu10,q2)*Vec(nu14
         ,q2)*Vec(nu13,q2)*Vec(nu13,q3)*Vec(nu16,q2)*p4.p4*d^-1*xiw^2*
         ufoGC58^2*ufoGC81*ufoGC69
          - 1/4*g_(1,6_,nu10)*g_(2,6_,nu16)*FT2*g_(2,q3)*cFT(nu14,XX,i2,iufo11
         )*cFT(g7,XX,iufo11,j11)*flavourTag(fvm,j11,j12)*Vec(nu10,q2)*Vec(nu14
         ,q2)*Vec(nu13,q2)*Vec(nu13,q3)*Vec(nu16,q3)*p4.p4*d^-1*xiw^2*
         ufoGC58^2*ufoGC81*ufoGC69
          - 1/8*g_(1,6_,nu10)*g_(2,6_,nu16)*FT2*g_(2,q3)*cFT(nu14,XX,i2,iufo11
         )*cFT(g7,XX,iufo11,j11)*flavourTag(fvm,j11,j12)*Vec(nu10,q2)*Vec(nu14
         ,q2)*Vec(nu13,q3)^2*Vec(nu16,q2)*p4.p4*d^-1*xiw^2*ufoGC58^2*ufoGC81*
         ufoGC69
          - 1/8*g_(1,6_,nu10)*g_(2,6_,nu16)*FT2*g_(2,q3)*cFT(nu14,XX,i2,iufo11
         )*cFT(g7,XX,iufo11,j11)*flavourTag(fvm,j11,j12)*Vec(nu10,q2)*Vec(nu14
         ,q2)*Vec(nu13,q3)^2*Vec(nu16,q3)*p4.p4*d^-1*xiw^2*ufoGC58^2*ufoGC81*
         ufoGC69
          - 1/8*g_(1,6_,nu10)*g_(2,6_,nu16)*FT2*g_(2,q3)*cFT(nu14,XX,i2,iufo11
         )*cFT(g7,XX,iufo11,j11)*flavourTag(fvm,j11,j12)*Vec(nu10,q2)*Vec(nu14
         ,q2)*Vec(nu16,q2)*p4.p4^2*d^-1*xiw^2*ufoGC58^2*ufoGC81*ufoGC69
          - 1/8*g_(1,6_,nu10)*g_(2,6_,nu16)*FT2*g_(2,q3)*cFT(nu14,XX,i2,iufo11
         )*cFT(g7,XX,iufo11,j11)*flavourTag(fvm,j11,j12)*Vec(nu10,q2)*Vec(nu14
         ,q2)*Vec(nu16,q3)*p4.p4^2*d^-1*xiw^2*ufoGC58^2*ufoGC81*ufoGC69
          - 1/8*g_(1,6_,nu10)*g_(2,6_,nu16)*FT2*g_(2,q3)*cFT(nu14,XX,i2,iufo11
         )*cFT(g7,XX,iufo11,j11)*flavourTag(fvm,j11,j12)*Vec(nu10,q2)*Vec(nu14
         ,q3)*Vec(nu13,q2)^2*Vec(nu16,q2)*p4.p4*d^-1*xiw^2*ufoGC58^2*ufoGC81*
         ufoGC69
          - 1/8*g_(1,6_,nu10)*g_(2,6_,nu16)*FT2*g_(2,q3)*cFT(nu14,XX,i2,iufo11
         )*cFT(g7,XX,iufo11,j11)*flavourTag(fvm,j11,j12)*Vec(nu10,q2)*Vec(nu14
         ,q3)*Vec(nu13,q2)^2*Vec(nu16,q3)*p4.p4*d^-1*xiw^2*ufoGC58^2*ufoGC81*
         ufoGC69
          - 1/4*g_(1,6_,nu10)*g_(2,6_,nu16)*FT2*g_(2,q3)*cFT(nu14,XX,i2,iufo11
         )*cFT(g7,XX,iufo11,j11)*flavourTag(fvm,j11,j12)*Vec(nu10,q2)*Vec(nu14
         ,q3)*Vec(nu13,q2)*Vec(nu13,q3)*Vec(nu16,q2)*p4.p4*d^-1*xiw^2*
         ufoGC58^2*ufoGC81*ufoGC69
          - 1/4*g_(1,6_,nu10)*g_(2,6_,nu16)*FT2*g_(2,q3)*cFT(nu14,XX,i2,iufo11
         )*cFT(g7,XX,iufo11,j11)*flavourTag(fvm,j11,j12)*Vec(nu10,q2)*Vec(nu14
         ,q3)*Vec(nu13,q2)*Vec(nu13,q3)*Vec(nu16,q3)*p4.p4*d^-1*xiw^2*
         ufoGC58^2*ufoGC81*ufoGC69
          - 1/8*g_(1,6_,nu10)*g_(2,6_,nu16)*FT2*g_(2,q3)*cFT(nu14,XX,i2,iufo11
         )*cFT(g7,XX,iufo11,j11)*flavourTag(fvm,j11,j12)*Vec(nu10,q2)*Vec(nu14
         ,q3)*Vec(nu13,q3)^2*Vec(nu16,q2)*p4.p4*d^-1*xiw^2*ufoGC58^2*ufoGC81*
         ufoGC69
          - 1/8*g_(1,6_,nu10)*g_(2,6_,nu16)*FT2*g_(2,q3)*cFT(nu14,XX,i2,iufo11
         )*cFT(g7,XX,iufo11,j11)*flavourTag(fvm,j11,j12)*Vec(nu10,q2)*Vec(nu14
         ,q3)*Vec(nu13,q3)^2*Vec(nu16,q3)*p4.p4*d^-1*xiw^2*ufoGC58^2*ufoGC81*
         ufoGC69
          - 1/8*g_(1,6_,nu10)*g_(2,6_,nu16)*FT2*g_(2,q3)*cFT(nu14,XX,i2,iufo11
         )*cFT(g7,XX,iufo11,j11)*flavourTag(fvm,j11,j12)*Vec(nu10,q2)*Vec(nu14
         ,q3)*Vec(nu16,q2)*p4.p4^2*d^-1*xiw^2*ufoGC58^2*ufoGC81*ufoGC69
          - 1/8*g_(1,6_,nu10)*g_(2,6_,nu16)*FT2*g_(2,q3)*cFT(nu14,XX,i2,iufo11
         )*cFT(g7,XX,iufo11,j11)*flavourTag(fvm,j11,j12)*Vec(nu10,q2)*Vec(nu14
         ,q3)*Vec(nu16,q3)*p4.p4^2*d^-1*xiw^2*ufoGC58^2*ufoGC81*ufoGC69
          - 1/8*g_(1,6_,nu10)*g_(2,6_,nu16)*FT2*g_(2,q3)*cFT(nu14,XX,i2,iufo11
         )*cFT(g7,XX,iufo11,j11)*flavourTag(fvm,j11,j12)*Vec(nu10,q3)*Vec(nu14
         ,q2)*Vec(nu13,q2)^2*Vec(nu16,q2)*p4.p4*d^-1*xiw^2*ufoGC58^2*ufoGC81*
         ufoGC69
          - 1/8*g_(1,6_,nu10)*g_(2,6_,nu16)*FT2*g_(2,q3)*cFT(nu14,XX,i2,iufo11
         )*cFT(g7,XX,iufo11,j11)*flavourTag(fvm,j11,j12)*Vec(nu10,q3)*Vec(nu14
         ,q2)*Vec(nu13,q2)^2*Vec(nu16,q3)*p4.p4*d^-1*xiw^2*ufoGC58^2*ufoGC81*
         ufoGC69
          - 1/4*g_(1,6_,nu10)*g_(2,6_,nu16)*FT2*g_(2,q3)*cFT(nu14,XX,i2,iufo11
         )*cFT(g7,XX,iufo11,j11)*flavourTag(fvm,j11,j12)*Vec(nu10,q3)*Vec(nu14
         ,q2)*Vec(nu13,q2)*Vec(nu13,q3)*Vec(nu16,q2)*p4.p4*d^-1*xiw^2*
         ufoGC58^2*ufoGC81*ufoGC69
          - 1/4*g_(1,6_,nu10)*g_(2,6_,nu16)*FT2*g_(2,q3)*cFT(nu14,XX,i2,iufo11
         )*cFT(g7,XX,iufo11,j11)*flavourTag(fvm,j11,j12)*Vec(nu10,q3)*Vec(nu14
         ,q2)*Vec(nu13,q2)*Vec(nu13,q3)*Vec(nu16,q3)*p4.p4*d^-1*xiw^2*
         ufoGC58^2*ufoGC81*ufoGC69
          - 1/8*g_(1,6_,nu10)*g_(2,6_,nu16)*FT2*g_(2,q3)*cFT(nu14,XX,i2,iufo11
         )*cFT(g7,XX,iufo11,j11)*flavourTag(fvm,j11,j12)*Vec(nu10,q3)*Vec(nu14
         ,q2)*Vec(nu13,q3)^2*Vec(nu16,q2)*p4.p4*d^-1*xiw^2*ufoGC58^2*ufoGC81*
         ufoGC69
          - 1/8*g_(1,6_,nu10)*g_(2,6_,nu16)*FT2*g_(2,q3)*cFT(nu14,XX,i2,iufo11
         )*cFT(g7,XX,iufo11,j11)*flavourTag(fvm,j11,j12)*Vec(nu10,q3)*Vec(nu14
         ,q2)*Vec(nu13,q3)^2*Vec(nu16,q3)*p4.p4*d^-1*xiw^2*ufoGC58^2*ufoGC81*
         ufoGC69
          - 1/8*g_(1,6_,nu10)*g_(2,6_,nu16)*FT2*g_(2,q3)*cFT(nu14,XX,i2,iufo11
         )*cFT(g7,XX,iufo11,j11)*flavourTag(fvm,j11,j12)*Vec(nu10,q3)*Vec(nu14
         ,q2)*Vec(nu16,q2)*p4.p4^2*d^-1*xiw^2*ufoGC58^2*ufoGC81*ufoGC69
          - 1/8*g_(1,6_,nu10)*g_(2,6_,nu16)*FT2*g_(2,q3)*cFT(nu14,XX,i2,iufo11
         )*cFT(g7,XX,iufo11,j11)*flavourTag(fvm,j11,j12)*Vec(nu10,q3)*Vec(nu14
         ,q2)*Vec(nu16,q3)*p4.p4^2*d^-1*xiw^2*ufoGC58^2*ufoGC81*ufoGC69
          - 1/8*g_(1,6_,nu10)*g_(2,6_,nu16)*FT2*g_(2,q3)*cFT(nu14,XX,i2,iufo11
         )*cFT(g7,XX,iufo11,j11)*flavourTag(fvm,j11,j12)*Vec(nu10,q3)*Vec(nu14
         ,q3)*Vec(nu13,q2)^2*Vec(nu16,q2)*p4.p4*d^-1*xiw^2*ufoGC58^2*ufoGC81*
         ufoGC69
          - 1/8*g_(1,6_,nu10)*g_(2,6_,nu16)*FT2*g_(2,q3)*cFT(nu14,XX,i2,iufo11
         )*cFT(g7,XX,iufo11,j11)*flavourTag(fvm,j11,j12)*Vec(nu10,q3)*Vec(nu14
         ,q3)*Vec(nu13,q2)^2*Vec(nu16,q3)*p4.p4*d^-1*xiw^2*ufoGC58^2*ufoGC81*
         ufoGC69
          - 1/4*g_(1,6_,nu10)*g_(2,6_,nu16)*FT2*g_(2,q3)*cFT(nu14,XX,i2,iufo11
         )*cFT(g7,XX,iufo11,j11)*flavourTag(fvm,j11,j12)*Vec(nu10,q3)*Vec(nu14
         ,q3)*Vec(nu13,q2)*Vec(nu13,q3)*Vec(nu16,q2)*p4.p4*d^-1*xiw^2*
         ufoGC58^2*ufoGC81*ufoGC69
          - 1/4*g_(1,6_,nu10)*g_(2,6_,nu16)*FT2*g_(2,q3)*cFT(nu14,XX,i2,iufo11
         )*cFT(g7,XX,iufo11,j11)*flavourTag(fvm,j11,j12)*Vec(nu10,q3)*Vec(nu14
         ,q3)*Vec(nu13,q2)*Vec(nu13,q3)*Vec(nu16,q3)*p4.p4*d^-1*xiw^2*
         ufoGC58^2*ufoGC81*ufoGC69
          - 1/8*g_(1,6_,nu10)*g_(2,6_,nu16)*FT2*g_(2,q3)*cFT(nu14,XX,i2,iufo11
         )*cFT(g7,XX,iufo11,j11)*flavourTag(fvm,j11,j12)*Vec(nu10,q3)*Vec(nu14
         ,q3)*Vec(nu13,q3)^2*Vec(nu16,q2)*p4.p4*d^-1*xiw^2*ufoGC58^2*ufoGC81*
         ufoGC69
          - 1/8*g_(1,6_,nu10)*g_(2,6_,nu16)*FT2*g_(2,q3)*cFT(nu14,XX,i2,iufo11
         )*cFT(g7,XX,iufo11,j11)*flavourTag(fvm,j11,j12)*Vec(nu10,q3)*Vec(nu14
         ,q3)*Vec(nu13,q3)^2*Vec(nu16,q3)*p4.p4*d^-1*xiw^2*ufoGC58^2*ufoGC81*
         ufoGC69
          - 1/8*g_(1,6_,nu10)*g_(2,6_,nu16)*FT2*g_(2,q3)*cFT(nu14,XX,i2,iufo11
         )*cFT(g7,XX,iufo11,j11)*flavourTag(fvm,j11,j12)*Vec(nu10,q3)*Vec(nu14
         ,q3)*Vec(nu16,q2)*p4.p4^2*d^-1*xiw^2*ufoGC58^2*ufoGC81*ufoGC69
          - 1/8*g_(1,6_,nu10)*g_(2,6_,nu16)*FT2*g_(2,q3)*cFT(nu14,XX,i2,iufo11
         )*cFT(g7,XX,iufo11,j11)*flavourTag(fvm,j11,j12)*Vec(nu10,q3)*Vec(nu14
         ,q3)*Vec(nu16,q3)*p4.p4^2*d^-1*xiw^2*ufoGC58^2*ufoGC81*ufoGC69
          - 1/4*g_(1,6_,nu10)*g_(2,6_,nu16)*FT2*g_(2,q3)*cFT(nu13,XX,i2,iufo11
         )*cFT(g7,XX,iufo11,j11)/(d^3 + d^2 - 2*d)*flavourTag(fvm,j11,j12)*
         Vec(nu10,q2)*Vec(nu13,q2)*Vec(nu16,q2)*p4.p4^2*d*xiw^2*ufoGC58^2*
         ufoGC81*ufoGC69
          + 1/4*g_(1,6_,nu10)*g_(2,6_,nu16)*FT2*g_(2,q3)*cFT(nu13,XX,i2,iufo11
         )*cFT(g7,XX,iufo11,j11)/(d^3 + d^2 - 2*d)*flavourTag(fvm,j11,j12)*
         Vec(nu10,q2)*Vec(nu13,q2)*Vec(nu16,q2)*p4.p4^2*xiw^2*ufoGC58^2*
         ufoGC81*ufoGC69
          - 1/4*g_(1,6_,nu10)*g_(2,6_,nu16)*FT2*g_(2,q3)*cFT(nu13,XX,i2,iufo11
         )*cFT(g7,XX,iufo11,j11)/(d^3 + d^2 - 2*d)*flavourTag(fvm,j11,j12)*
         Vec(nu10,q2)*Vec(nu13,q2)*Vec(nu16,q3)*p4.p4^2*d*xiw^2*ufoGC58^2*
         ufoGC81*ufoGC69
          + 1/4*g_(1,6_,nu10)*g_(2,6_,nu16)*FT2*g_(2,q3)*cFT(nu13,XX,i2,iufo11
         )*cFT(g7,XX,iufo11,j11)/(d^3 + d^2 - 2*d)*flavourTag(fvm,j11,j12)*
         Vec(nu10,q2)*Vec(nu13,q2)*Vec(nu16,q3)*p4.p4^2*xiw^2*ufoGC58^2*
         ufoGC81*ufoGC69
          - 1/4*g_(1,6_,nu10)*g_(2,6_,nu16)*FT2*g_(2,q3)*cFT(nu13,XX,i2,iufo11
         )*cFT(g7,XX,iufo11,j11)/(d^3 + d^2 - 2*d)*flavourTag(fvm,j11,j12)*
         Vec(nu10,q2)*Vec(nu13,q3)*Vec(nu16,q2)*p4.p4^2*d*xiw^2*ufoGC58^2*
         ufoGC81*ufoGC69
          + 1/4*g_(1,6_,nu10)*g_(2,6_,nu16)*FT2*g_(2,q3)*cFT(nu13,XX,i2,iufo11
         )*cFT(g7,XX,iufo11,j11)/(d^3 + d^2 - 2*d)*flavourTag(fvm,j11,j12)*
         Vec(nu10,q2)*Vec(nu13,q3)*Vec(nu16,q2)*p4.p4^2*xiw^2*ufoGC58^2*
         ufoGC81*ufoGC69
          - 1/4*g_(1,6_,nu10)*g_(2,6_,nu16)*FT2*g_(2,q3)*cFT(nu13,XX,i2,iufo11
         )*cFT(g7,XX,iufo11,j11)/(d^3 + d^2 - 2*d)*flavourTag(fvm,j11,j12)*
         Vec(nu10,q2)*Vec(nu13,q3)*Vec(nu16,q3)*p4.p4^2*d*xiw^2*ufoGC58^2*
         ufoGC81*ufoGC69
          + 1/4*g_(1,6_,nu10)*g_(2,6_,nu16)*FT2*g_(2,q3)*cFT(nu13,XX,i2,iufo11
         )*cFT(g7,XX,iufo11,j11)/(d^3 + d^2 - 2*d)*flavourTag(fvm,j11,j12)*
         Vec(nu10,q2)*Vec(nu13,q3)*Vec(nu16,q3)*p4.p4^2*xiw^2*ufoGC58^2*
         ufoGC81*ufoGC69
          - 1/4*g_(1,6_,nu10)*g_(2,6_,nu16)*FT2*g_(2,q3)*cFT(nu13,XX,i2,iufo11
         )*cFT(g7,XX,iufo11,j11)/(d^3 + d^2 - 2*d)*flavourTag(fvm,j11,j12)*
         Vec(nu10,q3)*Vec(nu13,q2)*Vec(nu16,q2)*p4.p4^2*d*xiw^2*ufoGC58^2*
         ufoGC81*ufoGC69
          + 1/4*g_(1,6_,nu10)*g_(2,6_,nu16)*FT2*g_(2,q3)*cFT(nu13,XX,i2,iufo11
         )*cFT(g7,XX,iufo11,j11)/(d^3 + d^2 - 2*d)*flavourTag(fvm,j11,j12)*
         Vec(nu10,q3)*Vec(nu13,q2)*Vec(nu16,q2)*p4.p4^2*xiw^2*ufoGC58^2*
         ufoGC81*ufoGC69
          - 1/4*g_(1,6_,nu10)*g_(2,6_,nu16)*FT2*g_(2,q3)*cFT(nu13,XX,i2,iufo11
         )*cFT(g7,XX,iufo11,j11)/(d^3 + d^2 - 2*d)*flavourTag(fvm,j11,j12)*
         Vec(nu10,q3)*Vec(nu13,q2)*Vec(nu16,q3)*p4.p4^2*d*xiw^2*ufoGC58^2*
         ufoGC81*ufoGC69
          + 1/4*g_(1,6_,nu10)*g_(2,6_,nu16)*FT2*g_(2,q3)*cFT(nu13,XX,i2,iufo11
         )*cFT(g7,XX,iufo11,j11)/(d^3 + d^2 - 2*d)*flavourTag(fvm,j11,j12)*
         Vec(nu10,q3)*Vec(nu13,q2)*Vec(nu16,q3)*p4.p4^2*xiw^2*ufoGC58^2*
         ufoGC81*ufoGC69
          - 1/4*g_(1,6_,nu10)*g_(2,6_,nu16)*FT2*g_(2,q3)*cFT(nu13,XX,i2,iufo11
         )*cFT(g7,XX,iufo11,j11)/(d^3 + d^2 - 2*d)*flavourTag(fvm,j11,j12)*
         Vec(nu10,q3)*Vec(nu13,q3)*Vec(nu16,q2)*p4.p4^2*d*xiw^2*ufoGC58^2*
         ufoGC81*ufoGC69
          + 1/4*g_(1,6_,nu10)*g_(2,6_,nu16)*FT2*g_(2,q3)*cFT(nu13,XX,i2,iufo11
         )*cFT(g7,XX,iufo11,j11)/(d^3 + d^2 - 2*d)*flavourTag(fvm,j11,j12)*
         Vec(nu10,q3)*Vec(nu13,q3)*Vec(nu16,q2)*p4.p4^2*xiw^2*ufoGC58^2*
         ufoGC81*ufoGC69
          - 1/4*g_(1,6_,nu10)*g_(2,6_,nu16)*FT2*g_(2,q3)*cFT(nu13,XX,i2,iufo11
         )*cFT(g7,XX,iufo11,j11)/(d^3 + d^2 - 2*d)*flavourTag(fvm,j11,j12)*
         Vec(nu10,q3)*Vec(nu13,q3)*Vec(nu16,q3)*p4.p4^2*d*xiw^2*ufoGC58^2*
         ufoGC81*ufoGC69
          + 1/4*g_(1,6_,nu10)*g_(2,6_,nu16)*FT2*g_(2,q3)*cFT(nu13,XX,i2,iufo11
         )*cFT(g7,XX,iufo11,j11)/(d^3 + d^2 - 2*d)*flavourTag(fvm,j11,j12)*
         Vec(nu10,q3)*Vec(nu13,q3)*Vec(nu16,q3)*p4.p4^2*xiw^2*ufoGC58^2*
         ufoGC81*ufoGC69
          );

  0.03 sec out of 0.03 sec
