FORM 5.0.0-beta.1 (Jan 15 2026, v5.0.0-beta.1-292-g4341c63)  Run: Tue Mar  3 13:54:18 2026
    #-

   d1l147amp =
       - 1/4*g_(1,6_,nu10)*g_(2,6_,nu11)*Vec(nu10,q2)*Vec(nu11,q2)*Vec(nu12,q2
      )^2*Vec(nu14,q2)^2*Deng(q2 + q3,xiw,M3)^4*Deng( - p4 + q2 + q3,xiw,M3)^2
      *DH(p4)*xiw*ufoGC58^2*ufoGC90^2
       - 1/2*g_(1,6_,nu10)*g_(2,6_,nu11)*Vec(nu10,q2)*Vec(nu11,q2)*Vec(nu12,q2
      )^2*Vec(nu14,q2)*Vec(nu14,q3)*Deng(q2 + q3,xiw,M3)^4*Deng( - p4 + q2 + 
      q3,xiw,M3)^2*DH(p4)*xiw*ufoGC58^2*ufoGC90^2
       - 1/4*g_(1,6_,nu10)*g_(2,6_,nu11)*Vec(nu10,q2)*Vec(nu11,q2)*Vec(nu12,q2
      )^2*Vec(nu14,q3)^2*Deng(q2 + q3,xiw,M3)^4*Deng( - p4 + q2 + q3,xiw,M3)^2
      *DH(p4)*xiw*ufoGC58^2*ufoGC90^2
       - 1/2*g_(1,6_,nu10)*g_(2,6_,nu11)*Vec(nu10,q2)*Vec(nu11,q2)*Vec(nu12,q2
      )*Vec(nu12,q3)*Vec(nu14,q2)^2*Deng(q2 + q3,xiw,M3)^4*Deng( - p4 + q2 + 
      q3,xiw,M3)^2*DH(p4)*xiw*ufoGC58^2*ufoGC90^2
       - g_(1,6_,nu10)*g_(2,6_,nu11)*Vec(nu10,q2)*Vec(nu11,q2)*Vec(nu12,q2)*
      Vec(nu12,q3)*Vec(nu14,q2)*Vec(nu14,q3)*Deng(q2 + q3,xiw,M3)^4*Deng( - p4
       + q2 + q3,xiw,M3)^2*DH(p4)*xiw*ufoGC58^2*ufoGC90^2
       - 1/2*g_(1,6_,nu10)*g_(2,6_,nu11)*Vec(nu10,q2)*Vec(nu11,q2)*Vec(nu12,q2
      )*Vec(nu12,q3)*Vec(nu14,q3)^2*Deng(q2 + q3,xiw,M3)^4*Deng( - p4 + q2 + 
      q3,xiw,M3)^2*DH(p4)*xiw*ufoGC58^2*ufoGC90^2
       - 1/4*g_(1,6_,nu10)*g_(2,6_,nu11)*Vec(nu10,q2)*Vec(nu11,q2)*Vec(nu12,q3
      )^2*Vec(nu14,q2)^2*Deng(q2 + q3,xiw,M3)^4*Deng( - p4 + q2 + q3,xiw,M3)^2
      *DH(p4)*xiw*ufoGC58^2*ufoGC90^2
       - 1/2*g_(1,6_,nu10)*g_(2,6_,nu11)*Vec(nu10,q2)*Vec(nu11,q2)*Vec(nu12,q3
      )^2*Vec(nu14,q2)*Vec(nu14,q3)*Deng(q2 + q3,xiw,M3)^4*Deng( - p4 + q2 + 
      q3,xiw,M3)^2*DH(p4)*xiw*ufoGC58^2*ufoGC90^2
       - 1/4*g_(1,6_,nu10)*g_(2,6_,nu11)*Vec(nu10,q2)*Vec(nu11,q2)*Vec(nu12,q3
      )^2*Vec(nu14,q3)^2*Deng(q2 + q3,xiw,M3)^4*Deng( - p4 + q2 + q3,xiw,M3)^2
      *DH(p4)*xiw*ufoGC58^2*ufoGC90^2
       + 1/4*g_(1,6_,nu10)*g_(2,6_,nu11)*Vec(nu10,q2)*Vec(nu11,q2)*Vec(nu14,q2
      )^2*Deng(q2 + q3,xiw,M3)^3*Deng( - p4 + q2 + q3,xiw,M3)^2*DH(p4)*xiw*
      ufoGC58^2*ufoGC90^2
       - 1/4*g_(1,6_,nu10)*g_(2,6_,nu11)*Vec(nu10,q2)*Vec(nu11,q2)*Vec(nu14,q2
      )^2*Deng(q2 + q3,xiw,M3)^4*Deng( - p4 + q2 + q3,xiw,M3)^2*DH(p4)*p4.p4*
      d^-1*xiw*ufoGC58^2*ufoGC90^2
       + 1/2*g_(1,6_,nu10)*g_(2,6_,nu11)*Vec(nu10,q2)*Vec(nu11,q2)*Vec(nu14,q2
      )*Vec(nu14,q3)*Deng(q2 + q3,xiw,M3)^3*Deng( - p4 + q2 + q3,xiw,M3)^2*DH(
      p4)*xiw*ufoGC58^2*ufoGC90^2
       - 1/2*g_(1,6_,nu10)*g_(2,6_,nu11)*Vec(nu10,q2)*Vec(nu11,q2)*Vec(nu14,q2
      )*Vec(nu14,q3)*Deng(q2 + q3,xiw,M3)^4*Deng( - p4 + q2 + q3,xiw,M3)^2*DH(
      p4)*p4.p4*d^-1*xiw*ufoGC58^2*ufoGC90^2
       + 1/4*g_(1,6_,nu10)*g_(2,6_,nu11)*Vec(nu10,q2)*Vec(nu11,q2)*Vec(nu14,q3
      )^2*Deng(q2 + q3,xiw,M3)^3*Deng( - p4 + q2 + q3,xiw,M3)^2*DH(p4)*xiw*
      ufoGC58^2*ufoGC90^2
       - 1/4*g_(1,6_,nu10)*g_(2,6_,nu11)*Vec(nu10,q2)*Vec(nu11,q2)*Vec(nu14,q3
      )^2*Deng(q2 + q3,xiw,M3)^4*Deng( - p4 + q2 + q3,xiw,M3)^2*DH(p4)*p4.p4*
      d^-1*xiw*ufoGC58^2*ufoGC90^2
       - 1/4*g_(1,6_,nu10)*g_(2,6_,nu11)*Vec(nu10,q2)*Vec(nu11,q3)*Vec(nu12,q2
      )^2*Vec(nu14,q2)^2*Deng(q2 + q3,xiw,M3)^4*Deng( - p4 + q2 + q3,xiw,M3)^2
      *DH(p4)*xiw*ufoGC58^2*ufoGC90^2
       - 1/2*g_(1,6_,nu10)*g_(2,6_,nu11)*Vec(nu10,q2)*Vec(nu11,q3)*Vec(nu12,q2
      )^2*Vec(nu14,q2)*Vec(nu14,q3)*Deng(q2 + q3,xiw,M3)^4*Deng( - p4 + q2 + 
      q3,xiw,M3)^2*DH(p4)*xiw*ufoGC58^2*ufoGC90^2
       - 1/4*g_(1,6_,nu10)*g_(2,6_,nu11)*Vec(nu10,q2)*Vec(nu11,q3)*Vec(nu12,q2
      )^2*Vec(nu14,q3)^2*Deng(q2 + q3,xiw,M3)^4*Deng( - p4 + q2 + q3,xiw,M3)^2
      *DH(p4)*xiw*ufoGC58^2*ufoGC90^2
       - 1/2*g_(1,6_,nu10)*g_(2,6_,nu11)*Vec(nu10,q2)*Vec(nu11,q3)*Vec(nu12,q2
      )*Vec(nu12,q3)*Vec(nu14,q2)^2*Deng(q2 + q3,xiw,M3)^4*Deng( - p4 + q2 + 
      q3,xiw,M3)^2*DH(p4)*xiw*ufoGC58^2*ufoGC90^2
       - g_(1,6_,nu10)*g_(2,6_,nu11)*Vec(nu10,q2)*Vec(nu11,q3)*Vec(nu12,q2)*
      Vec(nu12,q3)*Vec(nu14,q2)*Vec(nu14,q3)*Deng(q2 + q3,xiw,M3)^4*Deng( - p4
       + q2 + q3,xiw,M3)^2*DH(p4)*xiw*ufoGC58^2*ufoGC90^2
       - 1/2*g_(1,6_,nu10)*g_(2,6_,nu11)*Vec(nu10,q2)*Vec(nu11,q3)*Vec(nu12,q2
      )*Vec(nu12,q3)*Vec(nu14,q3)^2*Deng(q2 + q3,xiw,M3)^4*Deng( - p4 + q2 + 
      q3,xiw,M3)^2*DH(p4)*xiw*ufoGC58^2*ufoGC90^2
       - 1/4*g_(1,6_,nu10)*g_(2,6_,nu11)*Vec(nu10,q2)*Vec(nu11,q3)*Vec(nu12,q3
      )^2*Vec(nu14,q2)^2*Deng(q2 + q3,xiw,M3)^4*Deng( - p4 + q2 + q3,xiw,M3)^2
      *DH(p4)*xiw*ufoGC58^2*ufoGC90^2
       - 1/2*g_(1,6_,nu10)*g_(2,6_,nu11)*Vec(nu10,q2)*Vec(nu11,q3)*Vec(nu12,q3
      )^2*Vec(nu14,q2)*Vec(nu14,q3)*Deng(q2 + q3,xiw,M3)^4*Deng( - p4 + q2 + 
      q3,xiw,M3)^2*DH(p4)*xiw*ufoGC58^2*ufoGC90^2
       - 1/4*g_(1,6_,nu10)*g_(2,6_,nu11)*Vec(nu10,q2)*Vec(nu11,q3)*Vec(nu12,q3
      )^2*Vec(nu14,q3)^2*Deng(q2 + q3,xiw,M3)^4*Deng( - p4 + q2 + q3,xiw,M3)^2
      *DH(p4)*xiw*ufoGC58^2*ufoGC90^2
       + 1/4*g_(1,6_,nu10)*g_(2,6_,nu11)*Vec(nu10,q2)*Vec(nu11,q3)*Vec(nu14,q2
      )^2*Deng(q2 + q3,xiw,M3)^3*Deng( - p4 + q2 + q3,xiw,M3)^2*DH(p4)*xiw*
      ufoGC58^2*ufoGC90^2
       - 1/4*g_(1,6_,nu10)*g_(2,6_,nu11)*Vec(nu10,q2)*Vec(nu11,q3)*Vec(nu14,q2
      )^2*Deng(q2 + q3,xiw,M3)^4*Deng( - p4 + q2 + q3,xiw,M3)^2*DH(p4)*p4.p4*
      d^-1*xiw*ufoGC58^2*ufoGC90^2
       + 1/2*g_(1,6_,nu10)*g_(2,6_,nu11)*Vec(nu10,q2)*Vec(nu11,q3)*Vec(nu14,q2
      )*Vec(nu14,q3)*Deng(q2 + q3,xiw,M3)^3*Deng( - p4 + q2 + q3,xiw,M3)^2*DH(
      p4)*xiw*ufoGC58^2*ufoGC90^2
       - 1/2*g_(1,6_,nu10)*g_(2,6_,nu11)*Vec(nu10,q2)*Vec(nu11,q3)*Vec(nu14,q2
      )*Vec(nu14,q3)*Deng(q2 + q3,xiw,M3)^4*Deng( - p4 + q2 + q3,xiw,M3)^2*DH(
      p4)*p4.p4*d^-1*xiw*ufoGC58^2*ufoGC90^2
       + 1/4*g_(1,6_,nu10)*g_(2,6_,nu11)*Vec(nu10,q2)*Vec(nu11,q3)*Vec(nu14,q3
      )^2*Deng(q2 + q3,xiw,M3)^3*Deng( - p4 + q2 + q3,xiw,M3)^2*DH(p4)*xiw*
      ufoGC58^2*ufoGC90^2
       - 1/4*g_(1,6_,nu10)*g_(2,6_,nu11)*Vec(nu10,q2)*Vec(nu11,q3)*Vec(nu14,q3
      )^2*Deng(q2 + q3,xiw,M3)^4*Deng( - p4 + q2 + q3,xiw,M3)^2*DH(p4)*p4.p4*
      d^-1*xiw*ufoGC58^2*ufoGC90^2
       - 1/4*g_(1,6_,nu10)*g_(2,6_,nu11)*Vec(nu10,q3)*Vec(nu11,q2)*Vec(nu12,q2
      )^2*Vec(nu14,q2)^2*Deng(q2 + q3,xiw,M3)^4*Deng( - p4 + q2 + q3,xiw,M3)^2
      *DH(p4)*xiw*ufoGC58^2*ufoGC90^2
       - 1/2*g_(1,6_,nu10)*g_(2,6_,nu11)*Vec(nu10,q3)*Vec(nu11,q2)*Vec(nu12,q2
      )^2*Vec(nu14,q2)*Vec(nu14,q3)*Deng(q2 + q3,xiw,M3)^4*Deng( - p4 + q2 + 
      q3,xiw,M3)^2*DH(p4)*xiw*ufoGC58^2*ufoGC90^2
       - 1/4*g_(1,6_,nu10)*g_(2,6_,nu11)*Vec(nu10,q3)*Vec(nu11,q2)*Vec(nu12,q2
      )^2*Vec(nu14,q3)^2*Deng(q2 + q3,xiw,M3)^4*Deng( - p4 + q2 + q3,xiw,M3)^2
      *DH(p4)*xiw*ufoGC58^2*ufoGC90^2
       - 1/2*g_(1,6_,nu10)*g_(2,6_,nu11)*Vec(nu10,q3)*Vec(nu11,q2)*Vec(nu12,q2
      )*Vec(nu12,q3)*Vec(nu14,q2)^2*Deng(q2 + q3,xiw,M3)^4*Deng( - p4 + q2 + 
      q3,xiw,M3)^2*DH(p4)*xiw*ufoGC58^2*ufoGC90^2
       - g_(1,6_,nu10)*g_(2,6_,nu11)*Vec(nu10,q3)*Vec(nu11,q2)*Vec(nu12,q2)*
      Vec(nu12,q3)*Vec(nu14,q2)*Vec(nu14,q3)*Deng(q2 + q3,xiw,M3)^4*Deng( - p4
       + q2 + q3,xiw,M3)^2*DH(p4)*xiw*ufoGC58^2*ufoGC90^2
       - 1/2*g_(1,6_,nu10)*g_(2,6_,nu11)*Vec(nu10,q3)*Vec(nu11,q2)*Vec(nu12,q2
      )*Vec(nu12,q3)*Vec(nu14,q3)^2*Deng(q2 + q3,xiw,M3)^4*Deng( - p4 + q2 + 
      q3,xiw,M3)^2*DH(p4)*xiw*ufoGC58^2*ufoGC90^2
       - 1/4*g_(1,6_,nu10)*g_(2,6_,nu11)*Vec(nu10,q3)*Vec(nu11,q2)*Vec(nu12,q3
      )^2*Vec(nu14,q2)^2*Deng(q2 + q3,xiw,M3)^4*Deng( - p4 + q2 + q3,xiw,M3)^2
      *DH(p4)*xiw*ufoGC58^2*ufoGC90^2
       - 1/2*g_(1,6_,nu10)*g_(2,6_,nu11)*Vec(nu10,q3)*Vec(nu11,q2)*Vec(nu12,q3
      )^2*Vec(nu14,q2)*Vec(nu14,q3)*Deng(q2 + q3,xiw,M3)^4*Deng( - p4 + q2 + 
      q3,xiw,M3)^2*DH(p4)*xiw*ufoGC58^2*ufoGC90^2
       - 1/4*g_(1,6_,nu10)*g_(2,6_,nu11)*Vec(nu10,q3)*Vec(nu11,q2)*Vec(nu12,q3
      )^2*Vec(nu14,q3)^2*Deng(q2 + q3,xiw,M3)^4*Deng( - p4 + q2 + q3,xiw,M3)^2
      *DH(p4)*xiw*ufoGC58^2*ufoGC90^2
       + 1/4*g_(1,6_,nu10)*g_(2,6_,nu11)*Vec(nu10,q3)*Vec(nu11,q2)*Vec(nu14,q2
      )^2*Deng(q2 + q3,xiw,M3)^3*Deng( - p4 + q2 + q3,xiw,M3)^2*DH(p4)*xiw*
      ufoGC58^2*ufoGC90^2
       - 1/4*g_(1,6_,nu10)*g_(2,6_,nu11)*Vec(nu10,q3)*Vec(nu11,q2)*Vec(nu14,q2
      )^2*Deng(q2 + q3,xiw,M3)^4*Deng( - p4 + q2 + q3,xiw,M3)^2*DH(p4)*p4.p4*
      d^-1*xiw*ufoGC58^2*ufoGC90^2
       + 1/2*g_(1,6_,nu10)*g_(2,6_,nu11)*Vec(nu10,q3)*Vec(nu11,q2)*Vec(nu14,q2
      )*Vec(nu14,q3)*Deng(q2 + q3,xiw,M3)^3*Deng( - p4 + q2 + q3,xiw,M3)^2*DH(
      p4)*xiw*ufoGC58^2*ufoGC90^2
       - 1/2*g_(1,6_,nu10)*g_(2,6_,nu11)*Vec(nu10,q3)*Vec(nu11,q2)*Vec(nu14,q2
      )*Vec(nu14,q3)*Deng(q2 + q3,xiw,M3)^4*Deng( - p4 + q2 + q3,xiw,M3)^2*DH(
      p4)*p4.p4*d^-1*xiw*ufoGC58^2*ufoGC90^2
       + 1/4*g_(1,6_,nu10)*g_(2,6_,nu11)*Vec(nu10,q3)*Vec(nu11,q2)*Vec(nu14,q3
      )^2*Deng(q2 + q3,xiw,M3)^3*Deng( - p4 + q2 + q3,xiw,M3)^2*DH(p4)*xiw*
      ufoGC58^2*ufoGC90^2
       - 1/4*g_(1,6_,nu10)*g_(2,6_,nu11)*Vec(nu10,q3)*Vec(nu11,q2)*Vec(nu14,q3
      )^2*Deng(q2 + q3,xiw,M3)^4*Deng( - p4 + q2 + q3,xiw,M3)^2*DH(p4)*p4.p4*
      d^-1*xiw*ufoGC58^2*ufoGC90^2
       - 1/4*g_(1,6_,nu10)*g_(2,6_,nu11)*Vec(nu10,q3)*Vec(nu11,q3)*Vec(nu12,q2
      )^2*Vec(nu14,q2)^2*Deng(q2 + q3,xiw,M3)^4*Deng( - p4 + q2 + q3,xiw,M3)^2
      *DH(p4)*xiw*ufoGC58^2*ufoGC90^2
       - 1/2*g_(1,6_,nu10)*g_(2,6_,nu11)*Vec(nu10,q3)*Vec(nu11,q3)*Vec(nu12,q2
      )^2*Vec(nu14,q2)*Vec(nu14,q3)*Deng(q2 + q3,xiw,M3)^4*Deng( - p4 + q2 + 
      q3,xiw,M3)^2*DH(p4)*xiw*ufoGC58^2*ufoGC90^2
       - 1/4*g_(1,6_,nu10)*g_(2,6_,nu11)*Vec(nu10,q3)*Vec(nu11,q3)*Vec(nu12,q2
      )^2*Vec(nu14,q3)^2*Deng(q2 + q3,xiw,M3)^4*Deng( - p4 + q2 + q3,xiw,M3)^2
      *DH(p4)*xiw*ufoGC58^2*ufoGC90^2
       - 1/2*g_(1,6_,nu10)*g_(2,6_,nu11)*Vec(nu10,q3)*Vec(nu11,q3)*Vec(nu12,q2
      )*Vec(nu12,q3)*Vec(nu14,q2)^2*Deng(q2 + q3,xiw,M3)^4*Deng( - p4 + q2 + 
      q3,xiw,M3)^2*DH(p4)*xiw*ufoGC58^2*ufoGC90^2
       - g_(1,6_,nu10)*g_(2,6_,nu11)*Vec(nu10,q3)*Vec(nu11,q3)*Vec(nu12,q2)*
      Vec(nu12,q3)*Vec(nu14,q2)*Vec(nu14,q3)*Deng(q2 + q3,xiw,M3)^4*Deng( - p4
       + q2 + q3,xiw,M3)^2*DH(p4)*xiw*ufoGC58^2*ufoGC90^2
       - 1/2*g_(1,6_,nu10)*g_(2,6_,nu11)*Vec(nu10,q3)*Vec(nu11,q3)*Vec(nu12,q2
      )*Vec(nu12,q3)*Vec(nu14,q3)^2*Deng(q2 + q3,xiw,M3)^4*Deng( - p4 + q2 + 
      q3,xiw,M3)^2*DH(p4)*xiw*ufoGC58^2*ufoGC90^2
       - 1/4*g_(1,6_,nu10)*g_(2,6_,nu11)*Vec(nu10,q3)*Vec(nu11,q3)*Vec(nu12,q3
      )^2*Vec(nu14,q2)^2*Deng(q2 + q3,xiw,M3)^4*Deng( - p4 + q2 + q3,xiw,M3)^2
      *DH(p4)*xiw*ufoGC58^2*ufoGC90^2
       - 1/2*g_(1,6_,nu10)*g_(2,6_,nu11)*Vec(nu10,q3)*Vec(nu11,q3)*Vec(nu12,q3
      )^2*Vec(nu14,q2)*Vec(nu14,q3)*Deng(q2 + q3,xiw,M3)^4*Deng( - p4 + q2 + 
      q3,xiw,M3)^2*DH(p4)*xiw*ufoGC58^2*ufoGC90^2
       - 1/4*g_(1,6_,nu10)*g_(2,6_,nu11)*Vec(nu10,q3)*Vec(nu11,q3)*Vec(nu12,q3
      )^2*Vec(nu14,q3)^2*Deng(q2 + q3,xiw,M3)^4*Deng( - p4 + q2 + q3,xiw,M3)^2
      *DH(p4)*xiw*ufoGC58^2*ufoGC90^2
       + 1/4*g_(1,6_,nu10)*g_(2,6_,nu11)*Vec(nu10,q3)*Vec(nu11,q3)*Vec(nu14,q2
      )^2*Deng(q2 + q3,xiw,M3)^3*Deng( - p4 + q2 + q3,xiw,M3)^2*DH(p4)*xiw*
      ufoGC58^2*ufoGC90^2
       - 1/4*g_(1,6_,nu10)*g_(2,6_,nu11)*Vec(nu10,q3)*Vec(nu11,q3)*Vec(nu14,q2
      )^2*Deng(q2 + q3,xiw,M3)^4*Deng( - p4 + q2 + q3,xiw,M3)^2*DH(p4)*p4.p4*
      d^-1*xiw*ufoGC58^2*ufoGC90^2
       + 1/2*g_(1,6_,nu10)*g_(2,6_,nu11)*Vec(nu10,q3)*Vec(nu11,q3)*Vec(nu14,q2
      )*Vec(nu14,q3)*Deng(q2 + q3,xiw,M3)^3*Deng( - p4 + q2 + q3,xiw,M3)^2*DH(
      p4)*xiw*ufoGC58^2*ufoGC90^2
       - 1/2*g_(1,6_,nu10)*g_(2,6_,nu11)*Vec(nu10,q3)*Vec(nu11,q3)*Vec(nu14,q2
      )*Vec(nu14,q3)*Deng(q2 + q3,xiw,M3)^4*Deng( - p4 + q2 + q3,xiw,M3)^2*DH(
      p4)*p4.p4*d^-1*xiw*ufoGC58^2*ufoGC90^2
       + 1/4*g_(1,6_,nu10)*g_(2,6_,nu11)*Vec(nu10,q3)*Vec(nu11,q3)*Vec(nu14,q3
      )^2*Deng(q2 + q3,xiw,M3)^3*Deng( - p4 + q2 + q3,xiw,M3)^2*DH(p4)*xiw*
      ufoGC58^2*ufoGC90^2
       - 1/4*g_(1,6_,nu10)*g_(2,6_,nu11)*Vec(nu10,q3)*Vec(nu11,q3)*Vec(nu14,q3
      )^2*Deng(q2 + q3,xiw,M3)^4*Deng( - p4 + q2 + q3,xiw,M3)^2*DH(p4)*p4.p4*
      d^-1*xiw*ufoGC58^2*ufoGC90^2
       + 1/4*g_(1,6_,nu10)*g_(2,6_,nu14)*Vec(nu10,q2)*Vec(nu14,q2)*Deng(q2 + 
      q3,xiw,M3)^3*Deng( - p4 + q2 + q3,xiw,M3)^2*DH(p4)*p4.p4*d^-1*xiw*
      ufoGC58^2*ufoGC90^2
       + 1/4*g_(1,6_,nu10)*g_(2,6_,nu14)*Vec(nu10,q2)*Vec(nu14,q3)*Deng(q2 + 
      q3,xiw,M3)^3*Deng( - p4 + q2 + q3,xiw,M3)^2*DH(p4)*p4.p4*d^-1*xiw*
      ufoGC58^2*ufoGC90^2
       + 1/4*g_(1,6_,nu10)*g_(2,6_,nu14)*Vec(nu10,q3)*Vec(nu14,q2)*Deng(q2 + 
      q3,xiw,M3)^3*Deng( - p4 + q2 + q3,xiw,M3)^2*DH(p4)*p4.p4*d^-1*xiw*
      ufoGC58^2*ufoGC90^2
       + 1/4*g_(1,6_,nu10)*g_(2,6_,nu14)*Vec(nu10,q3)*Vec(nu14,q3)*Deng(q2 + 
      q3,xiw,M3)^3*Deng( - p4 + q2 + q3,xiw,M3)^2*DH(p4)*p4.p4*d^-1*xiw*
      ufoGC58^2*ufoGC90^2
       + 1/4*g_(1,6_,nu14)*g_(2,6_,nu11)*Vec(nu11,q2)*Vec(nu12,q2)^2*Vec(nu14,
      q2)*Deng(q2 + q3,xiw,M3)^3*Deng( - p4 + q2 + q3,xiw,M3)^2*DH(p4)*xiw*
      ufoGC58^2*ufoGC90^2
       + 1/4*g_(1,6_,nu14)*g_(2,6_,nu11)*Vec(nu11,q2)*Vec(nu12,q2)^2*Vec(nu14,
      q3)*Deng(q2 + q3,xiw,M3)^3*Deng( - p4 + q2 + q3,xiw,M3)^2*DH(p4)*xiw*
      ufoGC58^2*ufoGC90^2
       + 1/2*g_(1,6_,nu14)*g_(2,6_,nu11)*Vec(nu11,q2)*Vec(nu12,q2)*Vec(nu12,q3
      )*Vec(nu14,q2)*Deng(q2 + q3,xiw,M3)^3*Deng( - p4 + q2 + q3,xiw,M3)^2*DH(
      p4)*xiw*ufoGC58^2*ufoGC90^2
       + 1/2*g_(1,6_,nu14)*g_(2,6_,nu11)*Vec(nu11,q2)*Vec(nu12,q2)*Vec(nu12,q3
      )*Vec(nu14,q3)*Deng(q2 + q3,xiw,M3)^3*Deng( - p4 + q2 + q3,xiw,M3)^2*DH(
      p4)*xiw*ufoGC58^2*ufoGC90^2
       + 1/4*g_(1,6_,nu14)*g_(2,6_,nu11)*Vec(nu11,q2)*Vec(nu12,q3)^2*Vec(nu14,
      q2)*Deng(q2 + q3,xiw,M3)^3*Deng( - p4 + q2 + q3,xiw,M3)^2*DH(p4)*xiw*
      ufoGC58^2*ufoGC90^2
       + 1/4*g_(1,6_,nu14)*g_(2,6_,nu11)*Vec(nu11,q2)*Vec(nu12,q3)^2*Vec(nu14,
      q3)*Deng(q2 + q3,xiw,M3)^3*Deng( - p4 + q2 + q3,xiw,M3)^2*DH(p4)*xiw*
      ufoGC58^2*ufoGC90^2
       - 1/4*g_(1,6_,nu14)*g_(2,6_,nu11)*Vec(nu11,q2)*Vec(nu14,q2)*Deng(q2 + 
      q3,xiw,M3)^2*Deng( - p4 + q2 + q3,xiw,M3)^2*DH(p4)*xiw*ufoGC58^2*
      ufoGC90^2
       + 1/4*g_(1,6_,nu14)*g_(2,6_,nu11)*Vec(nu11,q2)*Vec(nu14,q2)*Deng(q2 + 
      q3,xiw,M3)^3*Deng( - p4 + q2 + q3,xiw,M3)^2*DH(p4)*p4.p4*d^-1*xiw*
      ufoGC58^2*ufoGC90^2
       - 1/4*g_(1,6_,nu14)*g_(2,6_,nu11)*Vec(nu11,q2)*Vec(nu14,q3)*Deng(q2 + 
      q3,xiw,M3)^2*Deng( - p4 + q2 + q3,xiw,M3)^2*DH(p4)*xiw*ufoGC58^2*
      ufoGC90^2
       + 1/4*g_(1,6_,nu14)*g_(2,6_,nu11)*Vec(nu11,q2)*Vec(nu14,q3)*Deng(q2 + 
      q3,xiw,M3)^3*Deng( - p4 + q2 + q3,xiw,M3)^2*DH(p4)*p4.p4*d^-1*xiw*
      ufoGC58^2*ufoGC90^2
       + 1/4*g_(1,6_,nu14)*g_(2,6_,nu11)*Vec(nu11,q3)*Vec(nu12,q2)^2*Vec(nu14,
      q2)*Deng(q2 + q3,xiw,M3)^3*Deng( - p4 + q2 + q3,xiw,M3)^2*DH(p4)*xiw*
      ufoGC58^2*ufoGC90^2
       + 1/4*g_(1,6_,nu14)*g_(2,6_,nu11)*Vec(nu11,q3)*Vec(nu12,q2)^2*Vec(nu14,
      q3)*Deng(q2 + q3,xiw,M3)^3*Deng( - p4 + q2 + q3,xiw,M3)^2*DH(p4)*xiw*
      ufoGC58^2*ufoGC90^2
       + 1/2*g_(1,6_,nu14)*g_(2,6_,nu11)*Vec(nu11,q3)*Vec(nu12,q2)*Vec(nu12,q3
      )*Vec(nu14,q2)*Deng(q2 + q3,xiw,M3)^3*Deng( - p4 + q2 + q3,xiw,M3)^2*DH(
      p4)*xiw*ufoGC58^2*ufoGC90^2
       + 1/2*g_(1,6_,nu14)*g_(2,6_,nu11)*Vec(nu11,q3)*Vec(nu12,q2)*Vec(nu12,q3
      )*Vec(nu14,q3)*Deng(q2 + q3,xiw,M3)^3*Deng( - p4 + q2 + q3,xiw,M3)^2*DH(
      p4)*xiw*ufoGC58^2*ufoGC90^2
       + 1/4*g_(1,6_,nu14)*g_(2,6_,nu11)*Vec(nu11,q3)*Vec(nu12,q3)^2*Vec(nu14,
      q2)*Deng(q2 + q3,xiw,M3)^3*Deng( - p4 + q2 + q3,xiw,M3)^2*DH(p4)*xiw*
      ufoGC58^2*ufoGC90^2
       + 1/4*g_(1,6_,nu14)*g_(2,6_,nu11)*Vec(nu11,q3)*Vec(nu12,q3)^2*Vec(nu14,
      q3)*Deng(q2 + q3,xiw,M3)^3*Deng( - p4 + q2 + q3,xiw,M3)^2*DH(p4)*xiw*
      ufoGC58^2*ufoGC90^2
       - 1/4*g_(1,6_,nu14)*g_(2,6_,nu11)*Vec(nu11,q3)*Vec(nu14,q2)*Deng(q2 + 
      q3,xiw,M3)^2*Deng( - p4 + q2 + q3,xiw,M3)^2*DH(p4)*xiw*ufoGC58^2*
      ufoGC90^2
       + 1/4*g_(1,6_,nu14)*g_(2,6_,nu11)*Vec(nu11,q3)*Vec(nu14,q2)*Deng(q2 + 
      q3,xiw,M3)^3*Deng( - p4 + q2 + q3,xiw,M3)^2*DH(p4)*p4.p4*d^-1*xiw*
      ufoGC58^2*ufoGC90^2
       - 1/4*g_(1,6_,nu14)*g_(2,6_,nu11)*Vec(nu11,q3)*Vec(nu14,q3)*Deng(q2 + 
      q3,xiw,M3)^2*Deng( - p4 + q2 + q3,xiw,M3)^2*DH(p4)*xiw*ufoGC58^2*
      ufoGC90^2
       + 1/4*g_(1,6_,nu14)*g_(2,6_,nu11)*Vec(nu11,q3)*Vec(nu14,q3)*Deng(q2 + 
      q3,xiw,M3)^3*Deng( - p4 + q2 + q3,xiw,M3)^2*DH(p4)*p4.p4*d^-1*xiw*
      ufoGC58^2*ufoGC90^2
       - 1/4*g_(1,6_,nu14)*g_(2,6_,nu14)*Deng(q2 + q3,xiw,M3)^2*Deng( - p4 + 
      q2 + q3,xiw,M3)^2*DH(p4)*p4.p4*d^-1*xiw*ufoGC58^2*ufoGC90^2
      ;

  0.00 sec out of 0.00 sec
