FORM 5.0.0-beta.1 (Jan 15 2026, v5.0.0-beta.1-292-g4341c63)  Run: Thu Mar  5 16:57:06 2026
    #-

   d1l189amp =

       + Den(p4,xiw,M3)*Den(q2 + q3,xiw,M3)^2*Den(p4 - q2 - q3,xiz,M4)^2 * (
          - 1/8*g_(1,6_,nu10)*FT2(g6)*cFT(nu14,XX,i2,iufo11)*cFT(g7,XX,iufo11,
         j11)*flavourTag(fvm,j11,j12)*Vec(nu10,q2)*Vec(nu14,q2)*Vec(nu13,q2)^2
         *xiw*xiz*ufoGC58*ufoGC107*ufoGC81*ufoGC85
          - 1/4*g_(1,6_,nu10)*FT2(g6)*cFT(nu14,XX,i2,iufo11)*cFT(g7,XX,iufo11,
         j11)*flavourTag(fvm,j11,j12)*Vec(nu10,q2)*Vec(nu14,q2)*Vec(nu13,q2)*
         Vec(nu13,q3)*xiw*xiz*ufoGC58*ufoGC107*ufoGC81*ufoGC85
          - 1/8*g_(1,6_,nu10)*FT2(g6)*cFT(nu14,XX,i2,iufo11)*cFT(g7,XX,iufo11,
         j11)*flavourTag(fvm,j11,j12)*Vec(nu10,q2)*Vec(nu14,q2)*Vec(nu13,q3)^2
         *xiw*xiz*ufoGC58*ufoGC107*ufoGC81*ufoGC85
          - 1/8*g_(1,6_,nu10)*FT2(g6)*cFT(nu14,XX,i2,iufo11)*cFT(g7,XX,iufo11,
         j11)*flavourTag(fvm,j11,j12)*Vec(nu10,q2)*Vec(nu14,q3)*Vec(nu13,q2)^2
         *xiw*xiz*ufoGC58*ufoGC107*ufoGC81*ufoGC85
          - 1/4*g_(1,6_,nu10)*FT2(g6)*cFT(nu14,XX,i2,iufo11)*cFT(g7,XX,iufo11,
         j11)*flavourTag(fvm,j11,j12)*Vec(nu10,q2)*Vec(nu14,q3)*Vec(nu13,q2)*
         Vec(nu13,q3)*xiw*xiz*ufoGC58*ufoGC107*ufoGC81*ufoGC85
          - 1/8*g_(1,6_,nu10)*FT2(g6)*cFT(nu14,XX,i2,iufo11)*cFT(g7,XX,iufo11,
         j11)*flavourTag(fvm,j11,j12)*Vec(nu10,q2)*Vec(nu14,q3)*Vec(nu13,q3)^2
         *xiw*xiz*ufoGC58*ufoGC107*ufoGC81*ufoGC85
          - 1/8*g_(1,6_,nu10)*FT2(g6)*cFT(nu14,XX,i2,iufo11)*cFT(g7,XX,iufo11,
         j11)*flavourTag(fvm,j11,j12)*Vec(nu10,q3)*Vec(nu14,q2)*Vec(nu13,q2)^2
         *xiw*xiz*ufoGC58*ufoGC107*ufoGC81*ufoGC85
          - 1/4*g_(1,6_,nu10)*FT2(g6)*cFT(nu14,XX,i2,iufo11)*cFT(g7,XX,iufo11,
         j11)*flavourTag(fvm,j11,j12)*Vec(nu10,q3)*Vec(nu14,q2)*Vec(nu13,q2)*
         Vec(nu13,q3)*xiw*xiz*ufoGC58*ufoGC107*ufoGC81*ufoGC85
          - 1/8*g_(1,6_,nu10)*FT2(g6)*cFT(nu14,XX,i2,iufo11)*cFT(g7,XX,iufo11,
         j11)*flavourTag(fvm,j11,j12)*Vec(nu10,q3)*Vec(nu14,q2)*Vec(nu13,q3)^2
         *xiw*xiz*ufoGC58*ufoGC107*ufoGC81*ufoGC85
          - 1/8*g_(1,6_,nu10)*FT2(g6)*cFT(nu14,XX,i2,iufo11)*cFT(g7,XX,iufo11,
         j11)*flavourTag(fvm,j11,j12)*Vec(nu10,q3)*Vec(nu14,q3)*Vec(nu13,q2)^2
         *xiw*xiz*ufoGC58*ufoGC107*ufoGC81*ufoGC85
          - 1/4*g_(1,6_,nu10)*FT2(g6)*cFT(nu14,XX,i2,iufo11)*cFT(g7,XX,iufo11,
         j11)*flavourTag(fvm,j11,j12)*Vec(nu10,q3)*Vec(nu14,q3)*Vec(nu13,q2)*
         Vec(nu13,q3)*xiw*xiz*ufoGC58*ufoGC107*ufoGC81*ufoGC85
          - 1/8*g_(1,6_,nu10)*FT2(g6)*cFT(nu14,XX,i2,iufo11)*cFT(g7,XX,iufo11,
         j11)*flavourTag(fvm,j11,j12)*Vec(nu10,q3)*Vec(nu14,q3)*Vec(nu13,q3)^2
         *xiw*xiz*ufoGC58*ufoGC107*ufoGC81*ufoGC85
          - 1/8*g_(1,6_,nu10)*FT2(g6)*cFT(nu13,XX,i2,iufo11)*cFT(g7,XX,iufo11,
         j11)*flavourTag(fvm,j11,j12)*Vec(nu10,q2)*Vec(nu13,q2)*p4.p4*d^-1*xiw
         *xiz*ufoGC58*ufoGC107*ufoGC81*ufoGC85
          - 1/8*g_(1,6_,nu10)*FT2(g6)*cFT(nu13,XX,i2,iufo11)*cFT(g7,XX,iufo11,
         j11)*flavourTag(fvm,j11,j12)*Vec(nu10,q2)*Vec(nu13,q3)*p4.p4*d^-1*xiw
         *xiz*ufoGC58*ufoGC107*ufoGC81*ufoGC85
          - 1/8*g_(1,6_,nu10)*FT2(g6)*cFT(nu13,XX,i2,iufo11)*cFT(g7,XX,iufo11,
         j11)*flavourTag(fvm,j11,j12)*Vec(nu10,q3)*Vec(nu13,q2)*p4.p4*d^-1*xiw
         *xiz*ufoGC58*ufoGC107*ufoGC81*ufoGC85
          - 1/8*g_(1,6_,nu10)*FT2(g6)*cFT(nu13,XX,i2,iufo11)*cFT(g7,XX,iufo11,
         j11)*flavourTag(fvm,j11,j12)*Vec(nu10,q3)*Vec(nu13,q3)*p4.p4*d^-1*xiw
         *xiz*ufoGC58*ufoGC107*ufoGC81*ufoGC85
          );

  0.00 sec out of 0.00 sec
