FORM 5.0.0-beta.1 (Jan 15 2026, v5.0.0-beta.1-292-g4341c63)  Run: Fri Feb 27 12:21:32 2026
    #-

   d1l152amp =
       + 1/4*g_(1,6_,nu10)*g_(2,6_,nu11)*Vec(nu10,q2)*Vec(nu11,q2)*Vec(nu9,q2)
      ^2*Vec(nu12,q2)^2*Deng(q2 + q3,xiw,M3)^4*Dghost(-p3,xiz)*Dghost( - p3 + 
      q2 + q3,xiw)*ufoGC58^2*ufoGC69^2
       + 1/2*g_(1,6_,nu10)*g_(2,6_,nu11)*Vec(nu10,q2)*Vec(nu11,q2)*Vec(nu9,q2)
      ^2*Vec(nu12,q2)*Vec(nu12,q3)*Deng(q2 + q3,xiw,M3)^4*Dghost(-p3,xiz)*
      Dghost( - p3 + q2 + q3,xiw)*ufoGC58^2*ufoGC69^2
       + 1/4*g_(1,6_,nu10)*g_(2,6_,nu11)*Vec(nu10,q2)*Vec(nu11,q2)*Vec(nu9,q2)
      ^2*Vec(nu12,q3)^2*Deng(q2 + q3,xiw,M3)^4*Dghost(-p3,xiz)*Dghost( - p3 + 
      q2 + q3,xiw)*ufoGC58^2*ufoGC69^2
       + 1/4*g_(1,6_,nu10)*g_(2,6_,nu11)*Vec(nu10,q2)*Vec(nu11,q2)*Vec(nu9,q2)
      ^2*Vec(nu12,-p3)*Vec(nu12,q2)*Deng(q2 + q3,xiw,M3)^4*Dghost(-p3,xiz)*
      Dghost( - p3 + q2 + q3,xiw)*ufoGC58^2*ufoGC69^2
       + 1/4*g_(1,6_,nu10)*g_(2,6_,nu11)*Vec(nu10,q2)*Vec(nu11,q2)*Vec(nu9,q2)
      ^2*Vec(nu12,-p3)*Vec(nu12,q3)*Deng(q2 + q3,xiw,M3)^4*Dghost(-p3,xiz)*
      Dghost( - p3 + q2 + q3,xiw)*ufoGC58^2*ufoGC69^2
       + 1/4*g_(1,6_,nu10)*g_(2,6_,nu11)*Vec(nu10,q2)*Vec(nu11,q2)*Vec(nu9,q2)
      ^2*Vec(nu12,-q2)*Vec(nu12,q2)*Deng(q2 + q3,xiw,M3)^4*Dghost(-p3,xiz)*
      Dghost( - p3 + q2 + q3,xiw)*ufoGC58^2*ufoGC69^2
       + 1/4*g_(1,6_,nu10)*g_(2,6_,nu11)*Vec(nu10,q2)*Vec(nu11,q2)*Vec(nu9,q2)
      ^2*Vec(nu12,-q2)*Vec(nu12,q3)*Deng(q2 + q3,xiw,M3)^4*Dghost(-p3,xiz)*
      Dghost( - p3 + q2 + q3,xiw)*ufoGC58^2*ufoGC69^2
       + 1/4*g_(1,6_,nu10)*g_(2,6_,nu11)*Vec(nu10,q2)*Vec(nu11,q2)*Vec(nu9,q2)
      ^2*Vec(nu12,-q3)*Vec(nu12,q2)*Deng(q2 + q3,xiw,M3)^4*Dghost(-p3,xiz)*
      Dghost( - p3 + q2 + q3,xiw)*ufoGC58^2*ufoGC69^2
       + 1/4*g_(1,6_,nu10)*g_(2,6_,nu11)*Vec(nu10,q2)*Vec(nu11,q2)*Vec(nu9,q2)
      ^2*Vec(nu12,-q3)*Vec(nu12,q3)*Deng(q2 + q3,xiw,M3)^4*Dghost(-p3,xiz)*
      Dghost( - p3 + q2 + q3,xiw)*ufoGC58^2*ufoGC69^2
       - 1/4*g_(1,6_,nu10)*g_(2,6_,nu11)*Vec(nu10,q2)*Vec(nu11,q2)*Vec(nu9,q2)
      ^2*Deng(q2 + q3,xiw,M3)^3*Dghost(-p3,xiz)*Dghost( - p3 + q2 + q3,xiw)*
      ufoGC58^2*ufoGC69^2
       + 1/2*g_(1,6_,nu10)*g_(2,6_,nu11)*Vec(nu10,q2)*Vec(nu11,q2)*Vec(nu9,q2)
      *Vec(nu9,q3)*Vec(nu12,q2)^2*Deng(q2 + q3,xiw,M3)^4*Dghost(-p3,xiz)*
      Dghost( - p3 + q2 + q3,xiw)*ufoGC58^2*ufoGC69^2
       + g_(1,6_,nu10)*g_(2,6_,nu11)*Vec(nu10,q2)*Vec(nu11,q2)*Vec(nu9,q2)*
      Vec(nu9,q3)*Vec(nu12,q2)*Vec(nu12,q3)*Deng(q2 + q3,xiw,M3)^4*Dghost(-p3,
      xiz)*Dghost( - p3 + q2 + q3,xiw)*ufoGC58^2*ufoGC69^2
       + 1/2*g_(1,6_,nu10)*g_(2,6_,nu11)*Vec(nu10,q2)*Vec(nu11,q2)*Vec(nu9,q2)
      *Vec(nu9,q3)*Vec(nu12,q3)^2*Deng(q2 + q3,xiw,M3)^4*Dghost(-p3,xiz)*
      Dghost( - p3 + q2 + q3,xiw)*ufoGC58^2*ufoGC69^2
       + 1/2*g_(1,6_,nu10)*g_(2,6_,nu11)*Vec(nu10,q2)*Vec(nu11,q2)*Vec(nu9,q2)
      *Vec(nu9,q3)*Vec(nu12,-p3)*Vec(nu12,q2)*Deng(q2 + q3,xiw,M3)^4*Dghost(
      -p3,xiz)*Dghost( - p3 + q2 + q3,xiw)*ufoGC58^2*ufoGC69^2
       + 1/2*g_(1,6_,nu10)*g_(2,6_,nu11)*Vec(nu10,q2)*Vec(nu11,q2)*Vec(nu9,q2)
      *Vec(nu9,q3)*Vec(nu12,-p3)*Vec(nu12,q3)*Deng(q2 + q3,xiw,M3)^4*Dghost(
      -p3,xiz)*Dghost( - p3 + q2 + q3,xiw)*ufoGC58^2*ufoGC69^2
       + 1/2*g_(1,6_,nu10)*g_(2,6_,nu11)*Vec(nu10,q2)*Vec(nu11,q2)*Vec(nu9,q2)
      *Vec(nu9,q3)*Vec(nu12,-q2)*Vec(nu12,q2)*Deng(q2 + q3,xiw,M3)^4*Dghost(
      -p3,xiz)*Dghost( - p3 + q2 + q3,xiw)*ufoGC58^2*ufoGC69^2
       + 1/2*g_(1,6_,nu10)*g_(2,6_,nu11)*Vec(nu10,q2)*Vec(nu11,q2)*Vec(nu9,q2)
      *Vec(nu9,q3)*Vec(nu12,-q2)*Vec(nu12,q3)*Deng(q2 + q3,xiw,M3)^4*Dghost(
      -p3,xiz)*Dghost( - p3 + q2 + q3,xiw)*ufoGC58^2*ufoGC69^2
       + 1/2*g_(1,6_,nu10)*g_(2,6_,nu11)*Vec(nu10,q2)*Vec(nu11,q2)*Vec(nu9,q2)
      *Vec(nu9,q3)*Vec(nu12,-q3)*Vec(nu12,q2)*Deng(q2 + q3,xiw,M3)^4*Dghost(
      -p3,xiz)*Dghost( - p3 + q2 + q3,xiw)*ufoGC58^2*ufoGC69^2
       + 1/2*g_(1,6_,nu10)*g_(2,6_,nu11)*Vec(nu10,q2)*Vec(nu11,q2)*Vec(nu9,q2)
      *Vec(nu9,q3)*Vec(nu12,-q3)*Vec(nu12,q3)*Deng(q2 + q3,xiw,M3)^4*Dghost(
      -p3,xiz)*Dghost( - p3 + q2 + q3,xiw)*ufoGC58^2*ufoGC69^2
       - 1/2*g_(1,6_,nu10)*g_(2,6_,nu11)*Vec(nu10,q2)*Vec(nu11,q2)*Vec(nu9,q2)
      *Vec(nu9,q3)*Deng(q2 + q3,xiw,M3)^3*Dghost(-p3,xiz)*Dghost( - p3 + q2 + 
      q3,xiw)*ufoGC58^2*ufoGC69^2
       + 1/4*g_(1,6_,nu10)*g_(2,6_,nu11)*Vec(nu10,q2)*Vec(nu11,q2)*Vec(nu9,q3)
      ^2*Vec(nu12,q2)^2*Deng(q2 + q3,xiw,M3)^4*Dghost(-p3,xiz)*Dghost( - p3 + 
      q2 + q3,xiw)*ufoGC58^2*ufoGC69^2
       + 1/2*g_(1,6_,nu10)*g_(2,6_,nu11)*Vec(nu10,q2)*Vec(nu11,q2)*Vec(nu9,q3)
      ^2*Vec(nu12,q2)*Vec(nu12,q3)*Deng(q2 + q3,xiw,M3)^4*Dghost(-p3,xiz)*
      Dghost( - p3 + q2 + q3,xiw)*ufoGC58^2*ufoGC69^2
       + 1/4*g_(1,6_,nu10)*g_(2,6_,nu11)*Vec(nu10,q2)*Vec(nu11,q2)*Vec(nu9,q3)
      ^2*Vec(nu12,q3)^2*Deng(q2 + q3,xiw,M3)^4*Dghost(-p3,xiz)*Dghost( - p3 + 
      q2 + q3,xiw)*ufoGC58^2*ufoGC69^2
       + 1/4*g_(1,6_,nu10)*g_(2,6_,nu11)*Vec(nu10,q2)*Vec(nu11,q2)*Vec(nu9,q3)
      ^2*Vec(nu12,-p3)*Vec(nu12,q2)*Deng(q2 + q3,xiw,M3)^4*Dghost(-p3,xiz)*
      Dghost( - p3 + q2 + q3,xiw)*ufoGC58^2*ufoGC69^2
       + 1/4*g_(1,6_,nu10)*g_(2,6_,nu11)*Vec(nu10,q2)*Vec(nu11,q2)*Vec(nu9,q3)
      ^2*Vec(nu12,-p3)*Vec(nu12,q3)*Deng(q2 + q3,xiw,M3)^4*Dghost(-p3,xiz)*
      Dghost( - p3 + q2 + q3,xiw)*ufoGC58^2*ufoGC69^2
       + 1/4*g_(1,6_,nu10)*g_(2,6_,nu11)*Vec(nu10,q2)*Vec(nu11,q2)*Vec(nu9,q3)
      ^2*Vec(nu12,-q2)*Vec(nu12,q2)*Deng(q2 + q3,xiw,M3)^4*Dghost(-p3,xiz)*
      Dghost( - p3 + q2 + q3,xiw)*ufoGC58^2*ufoGC69^2
       + 1/4*g_(1,6_,nu10)*g_(2,6_,nu11)*Vec(nu10,q2)*Vec(nu11,q2)*Vec(nu9,q3)
      ^2*Vec(nu12,-q2)*Vec(nu12,q3)*Deng(q2 + q3,xiw,M3)^4*Dghost(-p3,xiz)*
      Dghost( - p3 + q2 + q3,xiw)*ufoGC58^2*ufoGC69^2
       + 1/4*g_(1,6_,nu10)*g_(2,6_,nu11)*Vec(nu10,q2)*Vec(nu11,q2)*Vec(nu9,q3)
      ^2*Vec(nu12,-q3)*Vec(nu12,q2)*Deng(q2 + q3,xiw,M3)^4*Dghost(-p3,xiz)*
      Dghost( - p3 + q2 + q3,xiw)*ufoGC58^2*ufoGC69^2
       + 1/4*g_(1,6_,nu10)*g_(2,6_,nu11)*Vec(nu10,q2)*Vec(nu11,q2)*Vec(nu9,q3)
      ^2*Vec(nu12,-q3)*Vec(nu12,q3)*Deng(q2 + q3,xiw,M3)^4*Dghost(-p3,xiz)*
      Dghost( - p3 + q2 + q3,xiw)*ufoGC58^2*ufoGC69^2
       - 1/4*g_(1,6_,nu10)*g_(2,6_,nu11)*Vec(nu10,q2)*Vec(nu11,q2)*Vec(nu9,q3)
      ^2*Deng(q2 + q3,xiw,M3)^3*Dghost(-p3,xiz)*Dghost( - p3 + q2 + q3,xiw)*
      ufoGC58^2*ufoGC69^2
       + 1/4*g_(1,6_,nu10)*g_(2,6_,nu11)*Vec(nu10,q2)*Vec(nu11,q2)*Vec(nu9,-p3
      )*Vec(nu9,q2)*Vec(nu12,q2)^2*Deng(q2 + q3,xiw,M3)^4*Dghost(-p3,xiz)*
      Dghost( - p3 + q2 + q3,xiw)*ufoGC58^2*ufoGC69^2
       + 1/2*g_(1,6_,nu10)*g_(2,6_,nu11)*Vec(nu10,q2)*Vec(nu11,q2)*Vec(nu9,-p3
      )*Vec(nu9,q2)*Vec(nu12,q2)*Vec(nu12,q3)*Deng(q2 + q3,xiw,M3)^4*Dghost(
      -p3,xiz)*Dghost( - p3 + q2 + q3,xiw)*ufoGC58^2*ufoGC69^2
       + 1/4*g_(1,6_,nu10)*g_(2,6_,nu11)*Vec(nu10,q2)*Vec(nu11,q2)*Vec(nu9,-p3
      )*Vec(nu9,q2)*Vec(nu12,q3)^2*Deng(q2 + q3,xiw,M3)^4*Dghost(-p3,xiz)*
      Dghost( - p3 + q2 + q3,xiw)*ufoGC58^2*ufoGC69^2
       + 1/4*g_(1,6_,nu10)*g_(2,6_,nu11)*Vec(nu10,q2)*Vec(nu11,q2)*Vec(nu9,-p3
      )*Vec(nu9,q2)*Vec(nu12,-p3)*Vec(nu12,q2)*Deng(q2 + q3,xiw,M3)^4*Dghost(
      -p3,xiz)*Dghost( - p3 + q2 + q3,xiw)*ufoGC58^2*ufoGC69^2
       + 1/4*g_(1,6_,nu10)*g_(2,6_,nu11)*Vec(nu10,q2)*Vec(nu11,q2)*Vec(nu9,-p3
      )*Vec(nu9,q2)*Vec(nu12,-p3)*Vec(nu12,q3)*Deng(q2 + q3,xiw,M3)^4*Dghost(
      -p3,xiz)*Dghost( - p3 + q2 + q3,xiw)*ufoGC58^2*ufoGC69^2
       + 1/4*g_(1,6_,nu10)*g_(2,6_,nu11)*Vec(nu10,q2)*Vec(nu11,q2)*Vec(nu9,-p3
      )*Vec(nu9,q2)*Vec(nu12,-q2)*Vec(nu12,q2)*Deng(q2 + q3,xiw,M3)^4*Dghost(
      -p3,xiz)*Dghost( - p3 + q2 + q3,xiw)*ufoGC58^2*ufoGC69^2
       + 1/4*g_(1,6_,nu10)*g_(2,6_,nu11)*Vec(nu10,q2)*Vec(nu11,q2)*Vec(nu9,-p3
      )*Vec(nu9,q2)*Vec(nu12,-q2)*Vec(nu12,q3)*Deng(q2 + q3,xiw,M3)^4*Dghost(
      -p3,xiz)*Dghost( - p3 + q2 + q3,xiw)*ufoGC58^2*ufoGC69^2
       + 1/4*g_(1,6_,nu10)*g_(2,6_,nu11)*Vec(nu10,q2)*Vec(nu11,q2)*Vec(nu9,-p3
      )*Vec(nu9,q2)*Vec(nu12,-q3)*Vec(nu12,q2)*Deng(q2 + q3,xiw,M3)^4*Dghost(
      -p3,xiz)*Dghost( - p3 + q2 + q3,xiw)*ufoGC58^2*ufoGC69^2
       + 1/4*g_(1,6_,nu10)*g_(2,6_,nu11)*Vec(nu10,q2)*Vec(nu11,q2)*Vec(nu9,-p3
      )*Vec(nu9,q2)*Vec(nu12,-q3)*Vec(nu12,q3)*Deng(q2 + q3,xiw,M3)^4*Dghost(
      -p3,xiz)*Dghost( - p3 + q2 + q3,xiw)*ufoGC58^2*ufoGC69^2
       - 1/4*g_(1,6_,nu10)*g_(2,6_,nu11)*Vec(nu10,q2)*Vec(nu11,q2)*Vec(nu9,-p3
      )*Vec(nu9,q2)*Deng(q2 + q3,xiw,M3)^3*Dghost(-p3,xiz)*Dghost( - p3 + q2
       + q3,xiw)*ufoGC58^2*ufoGC69^2
       + 1/4*g_(1,6_,nu10)*g_(2,6_,nu11)*Vec(nu10,q2)*Vec(nu11,q2)*Vec(nu9,-p3
      )*Vec(nu9,q3)*Vec(nu12,q2)^2*Deng(q2 + q3,xiw,M3)^4*Dghost(-p3,xiz)*
      Dghost( - p3 + q2 + q3,xiw)*ufoGC58^2*ufoGC69^2
       + 1/2*g_(1,6_,nu10)*g_(2,6_,nu11)*Vec(nu10,q2)*Vec(nu11,q2)*Vec(nu9,-p3
      )*Vec(nu9,q3)*Vec(nu12,q2)*Vec(nu12,q3)*Deng(q2 + q3,xiw,M3)^4*Dghost(
      -p3,xiz)*Dghost( - p3 + q2 + q3,xiw)*ufoGC58^2*ufoGC69^2
       + 1/4*g_(1,6_,nu10)*g_(2,6_,nu11)*Vec(nu10,q2)*Vec(nu11,q2)*Vec(nu9,-p3
      )*Vec(nu9,q3)*Vec(nu12,q3)^2*Deng(q2 + q3,xiw,M3)^4*Dghost(-p3,xiz)*
      Dghost( - p3 + q2 + q3,xiw)*ufoGC58^2*ufoGC69^2
       + 1/4*g_(1,6_,nu10)*g_(2,6_,nu11)*Vec(nu10,q2)*Vec(nu11,q2)*Vec(nu9,-p3
      )*Vec(nu9,q3)*Vec(nu12,-p3)*Vec(nu12,q2)*Deng(q2 + q3,xiw,M3)^4*Dghost(
      -p3,xiz)*Dghost( - p3 + q2 + q3,xiw)*ufoGC58^2*ufoGC69^2
       + 1/4*g_(1,6_,nu10)*g_(2,6_,nu11)*Vec(nu10,q2)*Vec(nu11,q2)*Vec(nu9,-p3
      )*Vec(nu9,q3)*Vec(nu12,-p3)*Vec(nu12,q3)*Deng(q2 + q3,xiw,M3)^4*Dghost(
      -p3,xiz)*Dghost( - p3 + q2 + q3,xiw)*ufoGC58^2*ufoGC69^2
       + 1/4*g_(1,6_,nu10)*g_(2,6_,nu11)*Vec(nu10,q2)*Vec(nu11,q2)*Vec(nu9,-p3
      )*Vec(nu9,q3)*Vec(nu12,-q2)*Vec(nu12,q2)*Deng(q2 + q3,xiw,M3)^4*Dghost(
      -p3,xiz)*Dghost( - p3 + q2 + q3,xiw)*ufoGC58^2*ufoGC69^2
       + 1/4*g_(1,6_,nu10)*g_(2,6_,nu11)*Vec(nu10,q2)*Vec(nu11,q2)*Vec(nu9,-p3
      )*Vec(nu9,q3)*Vec(nu12,-q2)*Vec(nu12,q3)*Deng(q2 + q3,xiw,M3)^4*Dghost(
      -p3,xiz)*Dghost( - p3 + q2 + q3,xiw)*ufoGC58^2*ufoGC69^2
       + 1/4*g_(1,6_,nu10)*g_(2,6_,nu11)*Vec(nu10,q2)*Vec(nu11,q2)*Vec(nu9,-p3
      )*Vec(nu9,q3)*Vec(nu12,-q3)*Vec(nu12,q2)*Deng(q2 + q3,xiw,M3)^4*Dghost(
      -p3,xiz)*Dghost( - p3 + q2 + q3,xiw)*ufoGC58^2*ufoGC69^2
       + 1/4*g_(1,6_,nu10)*g_(2,6_,nu11)*Vec(nu10,q2)*Vec(nu11,q2)*Vec(nu9,-p3
      )*Vec(nu9,q3)*Vec(nu12,-q3)*Vec(nu12,q3)*Deng(q2 + q3,xiw,M3)^4*Dghost(
      -p3,xiz)*Dghost( - p3 + q2 + q3,xiw)*ufoGC58^2*ufoGC69^2
       - 1/4*g_(1,6_,nu10)*g_(2,6_,nu11)*Vec(nu10,q2)*Vec(nu11,q2)*Vec(nu9,-p3
      )*Vec(nu9,q3)*Deng(q2 + q3,xiw,M3)^3*Dghost(-p3,xiz)*Dghost( - p3 + q2
       + q3,xiw)*ufoGC58^2*ufoGC69^2
       + 1/4*g_(1,6_,nu10)*g_(2,6_,nu11)*Vec(nu10,q2)*Vec(nu11,q3)*Vec(nu9,q2)
      ^2*Vec(nu12,q2)^2*Deng(q2 + q3,xiw,M3)^4*Dghost(-p3,xiz)*Dghost( - p3 + 
      q2 + q3,xiw)*ufoGC58^2*ufoGC69^2
       + 1/2*g_(1,6_,nu10)*g_(2,6_,nu11)*Vec(nu10,q2)*Vec(nu11,q3)*Vec(nu9,q2)
      ^2*Vec(nu12,q2)*Vec(nu12,q3)*Deng(q2 + q3,xiw,M3)^4*Dghost(-p3,xiz)*
      Dghost( - p3 + q2 + q3,xiw)*ufoGC58^2*ufoGC69^2
       + 1/4*g_(1,6_,nu10)*g_(2,6_,nu11)*Vec(nu10,q2)*Vec(nu11,q3)*Vec(nu9,q2)
      ^2*Vec(nu12,q3)^2*Deng(q2 + q3,xiw,M3)^4*Dghost(-p3,xiz)*Dghost( - p3 + 
      q2 + q3,xiw)*ufoGC58^2*ufoGC69^2
       + 1/4*g_(1,6_,nu10)*g_(2,6_,nu11)*Vec(nu10,q2)*Vec(nu11,q3)*Vec(nu9,q2)
      ^2*Vec(nu12,-p3)*Vec(nu12,q2)*Deng(q2 + q3,xiw,M3)^4*Dghost(-p3,xiz)*
      Dghost( - p3 + q2 + q3,xiw)*ufoGC58^2*ufoGC69^2
       + 1/4*g_(1,6_,nu10)*g_(2,6_,nu11)*Vec(nu10,q2)*Vec(nu11,q3)*Vec(nu9,q2)
      ^2*Vec(nu12,-p3)*Vec(nu12,q3)*Deng(q2 + q3,xiw,M3)^4*Dghost(-p3,xiz)*
      Dghost( - p3 + q2 + q3,xiw)*ufoGC58^2*ufoGC69^2
       + 1/4*g_(1,6_,nu10)*g_(2,6_,nu11)*Vec(nu10,q2)*Vec(nu11,q3)*Vec(nu9,q2)
      ^2*Vec(nu12,-q2)*Vec(nu12,q2)*Deng(q2 + q3,xiw,M3)^4*Dghost(-p3,xiz)*
      Dghost( - p3 + q2 + q3,xiw)*ufoGC58^2*ufoGC69^2
       + 1/4*g_(1,6_,nu10)*g_(2,6_,nu11)*Vec(nu10,q2)*Vec(nu11,q3)*Vec(nu9,q2)
      ^2*Vec(nu12,-q2)*Vec(nu12,q3)*Deng(q2 + q3,xiw,M3)^4*Dghost(-p3,xiz)*
      Dghost( - p3 + q2 + q3,xiw)*ufoGC58^2*ufoGC69^2
       + 1/4*g_(1,6_,nu10)*g_(2,6_,nu11)*Vec(nu10,q2)*Vec(nu11,q3)*Vec(nu9,q2)
      ^2*Vec(nu12,-q3)*Vec(nu12,q2)*Deng(q2 + q3,xiw,M3)^4*Dghost(-p3,xiz)*
      Dghost( - p3 + q2 + q3,xiw)*ufoGC58^2*ufoGC69^2
       + 1/4*g_(1,6_,nu10)*g_(2,6_,nu11)*Vec(nu10,q2)*Vec(nu11,q3)*Vec(nu9,q2)
      ^2*Vec(nu12,-q3)*Vec(nu12,q3)*Deng(q2 + q3,xiw,M3)^4*Dghost(-p3,xiz)*
      Dghost( - p3 + q2 + q3,xiw)*ufoGC58^2*ufoGC69^2
       - 1/4*g_(1,6_,nu10)*g_(2,6_,nu11)*Vec(nu10,q2)*Vec(nu11,q3)*Vec(nu9,q2)
      ^2*Deng(q2 + q3,xiw,M3)^3*Dghost(-p3,xiz)*Dghost( - p3 + q2 + q3,xiw)*
      ufoGC58^2*ufoGC69^2
       + 1/2*g_(1,6_,nu10)*g_(2,6_,nu11)*Vec(nu10,q2)*Vec(nu11,q3)*Vec(nu9,q2)
      *Vec(nu9,q3)*Vec(nu12,q2)^2*Deng(q2 + q3,xiw,M3)^4*Dghost(-p3,xiz)*
      Dghost( - p3 + q2 + q3,xiw)*ufoGC58^2*ufoGC69^2
       + g_(1,6_,nu10)*g_(2,6_,nu11)*Vec(nu10,q2)*Vec(nu11,q3)*Vec(nu9,q2)*
      Vec(nu9,q3)*Vec(nu12,q2)*Vec(nu12,q3)*Deng(q2 + q3,xiw,M3)^4*Dghost(-p3,
      xiz)*Dghost( - p3 + q2 + q3,xiw)*ufoGC58^2*ufoGC69^2
       + 1/2*g_(1,6_,nu10)*g_(2,6_,nu11)*Vec(nu10,q2)*Vec(nu11,q3)*Vec(nu9,q2)
      *Vec(nu9,q3)*Vec(nu12,q3)^2*Deng(q2 + q3,xiw,M3)^4*Dghost(-p3,xiz)*
      Dghost( - p3 + q2 + q3,xiw)*ufoGC58^2*ufoGC69^2
       + 1/2*g_(1,6_,nu10)*g_(2,6_,nu11)*Vec(nu10,q2)*Vec(nu11,q3)*Vec(nu9,q2)
      *Vec(nu9,q3)*Vec(nu12,-p3)*Vec(nu12,q2)*Deng(q2 + q3,xiw,M3)^4*Dghost(
      -p3,xiz)*Dghost( - p3 + q2 + q3,xiw)*ufoGC58^2*ufoGC69^2
       + 1/2*g_(1,6_,nu10)*g_(2,6_,nu11)*Vec(nu10,q2)*Vec(nu11,q3)*Vec(nu9,q2)
      *Vec(nu9,q3)*Vec(nu12,-p3)*Vec(nu12,q3)*Deng(q2 + q3,xiw,M3)^4*Dghost(
      -p3,xiz)*Dghost( - p3 + q2 + q3,xiw)*ufoGC58^2*ufoGC69^2
       + 1/2*g_(1,6_,nu10)*g_(2,6_,nu11)*Vec(nu10,q2)*Vec(nu11,q3)*Vec(nu9,q2)
      *Vec(nu9,q3)*Vec(nu12,-q2)*Vec(nu12,q2)*Deng(q2 + q3,xiw,M3)^4*Dghost(
      -p3,xiz)*Dghost( - p3 + q2 + q3,xiw)*ufoGC58^2*ufoGC69^2
       + 1/2*g_(1,6_,nu10)*g_(2,6_,nu11)*Vec(nu10,q2)*Vec(nu11,q3)*Vec(nu9,q2)
      *Vec(nu9,q3)*Vec(nu12,-q2)*Vec(nu12,q3)*Deng(q2 + q3,xiw,M3)^4*Dghost(
      -p3,xiz)*Dghost( - p3 + q2 + q3,xiw)*ufoGC58^2*ufoGC69^2
       + 1/2*g_(1,6_,nu10)*g_(2,6_,nu11)*Vec(nu10,q2)*Vec(nu11,q3)*Vec(nu9,q2)
      *Vec(nu9,q3)*Vec(nu12,-q3)*Vec(nu12,q2)*Deng(q2 + q3,xiw,M3)^4*Dghost(
      -p3,xiz)*Dghost( - p3 + q2 + q3,xiw)*ufoGC58^2*ufoGC69^2
       + 1/2*g_(1,6_,nu10)*g_(2,6_,nu11)*Vec(nu10,q2)*Vec(nu11,q3)*Vec(nu9,q2)
      *Vec(nu9,q3)*Vec(nu12,-q3)*Vec(nu12,q3)*Deng(q2 + q3,xiw,M3)^4*Dghost(
      -p3,xiz)*Dghost( - p3 + q2 + q3,xiw)*ufoGC58^2*ufoGC69^2
       - 1/2*g_(1,6_,nu10)*g_(2,6_,nu11)*Vec(nu10,q2)*Vec(nu11,q3)*Vec(nu9,q2)
      *Vec(nu9,q3)*Deng(q2 + q3,xiw,M3)^3*Dghost(-p3,xiz)*Dghost( - p3 + q2 + 
      q3,xiw)*ufoGC58^2*ufoGC69^2
       + 1/4*g_(1,6_,nu10)*g_(2,6_,nu11)*Vec(nu10,q2)*Vec(nu11,q3)*Vec(nu9,q3)
      ^2*Vec(nu12,q2)^2*Deng(q2 + q3,xiw,M3)^4*Dghost(-p3,xiz)*Dghost( - p3 + 
      q2 + q3,xiw)*ufoGC58^2*ufoGC69^2
       + 1/2*g_(1,6_,nu10)*g_(2,6_,nu11)*Vec(nu10,q2)*Vec(nu11,q3)*Vec(nu9,q3)
      ^2*Vec(nu12,q2)*Vec(nu12,q3)*Deng(q2 + q3,xiw,M3)^4*Dghost(-p3,xiz)*
      Dghost( - p3 + q2 + q3,xiw)*ufoGC58^2*ufoGC69^2
       + 1/4*g_(1,6_,nu10)*g_(2,6_,nu11)*Vec(nu10,q2)*Vec(nu11,q3)*Vec(nu9,q3)
      ^2*Vec(nu12,q3)^2*Deng(q2 + q3,xiw,M3)^4*Dghost(-p3,xiz)*Dghost( - p3 + 
      q2 + q3,xiw)*ufoGC58^2*ufoGC69^2
       + 1/4*g_(1,6_,nu10)*g_(2,6_,nu11)*Vec(nu10,q2)*Vec(nu11,q3)*Vec(nu9,q3)
      ^2*Vec(nu12,-p3)*Vec(nu12,q2)*Deng(q2 + q3,xiw,M3)^4*Dghost(-p3,xiz)*
      Dghost( - p3 + q2 + q3,xiw)*ufoGC58^2*ufoGC69^2
       + 1/4*g_(1,6_,nu10)*g_(2,6_,nu11)*Vec(nu10,q2)*Vec(nu11,q3)*Vec(nu9,q3)
      ^2*Vec(nu12,-p3)*Vec(nu12,q3)*Deng(q2 + q3,xiw,M3)^4*Dghost(-p3,xiz)*
      Dghost( - p3 + q2 + q3,xiw)*ufoGC58^2*ufoGC69^2
       + 1/4*g_(1,6_,nu10)*g_(2,6_,nu11)*Vec(nu10,q2)*Vec(nu11,q3)*Vec(nu9,q3)
      ^2*Vec(nu12,-q2)*Vec(nu12,q2)*Deng(q2 + q3,xiw,M3)^4*Dghost(-p3,xiz)*
      Dghost( - p3 + q2 + q3,xiw)*ufoGC58^2*ufoGC69^2
       + 1/4*g_(1,6_,nu10)*g_(2,6_,nu11)*Vec(nu10,q2)*Vec(nu11,q3)*Vec(nu9,q3)
      ^2*Vec(nu12,-q2)*Vec(nu12,q3)*Deng(q2 + q3,xiw,M3)^4*Dghost(-p3,xiz)*
      Dghost( - p3 + q2 + q3,xiw)*ufoGC58^2*ufoGC69^2
       + 1/4*g_(1,6_,nu10)*g_(2,6_,nu11)*Vec(nu10,q2)*Vec(nu11,q3)*Vec(nu9,q3)
      ^2*Vec(nu12,-q3)*Vec(nu12,q2)*Deng(q2 + q3,xiw,M3)^4*Dghost(-p3,xiz)*
      Dghost( - p3 + q2 + q3,xiw)*ufoGC58^2*ufoGC69^2
       + 1/4*g_(1,6_,nu10)*g_(2,6_,nu11)*Vec(nu10,q2)*Vec(nu11,q3)*Vec(nu9,q3)
      ^2*Vec(nu12,-q3)*Vec(nu12,q3)*Deng(q2 + q3,xiw,M3)^4*Dghost(-p3,xiz)*
      Dghost( - p3 + q2 + q3,xiw)*ufoGC58^2*ufoGC69^2
       - 1/4*g_(1,6_,nu10)*g_(2,6_,nu11)*Vec(nu10,q2)*Vec(nu11,q3)*Vec(nu9,q3)
      ^2*Deng(q2 + q3,xiw,M3)^3*Dghost(-p3,xiz)*Dghost( - p3 + q2 + q3,xiw)*
      ufoGC58^2*ufoGC69^2
       + 1/4*g_(1,6_,nu10)*g_(2,6_,nu11)*Vec(nu10,q2)*Vec(nu11,q3)*Vec(nu9,-p3
      )*Vec(nu9,q2)*Vec(nu12,q2)^2*Deng(q2 + q3,xiw,M3)^4*Dghost(-p3,xiz)*
      Dghost( - p3 + q2 + q3,xiw)*ufoGC58^2*ufoGC69^2
       + 1/2*g_(1,6_,nu10)*g_(2,6_,nu11)*Vec(nu10,q2)*Vec(nu11,q3)*Vec(nu9,-p3
      )*Vec(nu9,q2)*Vec(nu12,q2)*Vec(nu12,q3)*Deng(q2 + q3,xiw,M3)^4*Dghost(
      -p3,xiz)*Dghost( - p3 + q2 + q3,xiw)*ufoGC58^2*ufoGC69^2
       + 1/4*g_(1,6_,nu10)*g_(2,6_,nu11)*Vec(nu10,q2)*Vec(nu11,q3)*Vec(nu9,-p3
      )*Vec(nu9,q2)*Vec(nu12,q3)^2*Deng(q2 + q3,xiw,M3)^4*Dghost(-p3,xiz)*
      Dghost( - p3 + q2 + q3,xiw)*ufoGC58^2*ufoGC69^2
       + 1/4*g_(1,6_,nu10)*g_(2,6_,nu11)*Vec(nu10,q2)*Vec(nu11,q3)*Vec(nu9,-p3
      )*Vec(nu9,q2)*Vec(nu12,-p3)*Vec(nu12,q2)*Deng(q2 + q3,xiw,M3)^4*Dghost(
      -p3,xiz)*Dghost( - p3 + q2 + q3,xiw)*ufoGC58^2*ufoGC69^2
       + 1/4*g_(1,6_,nu10)*g_(2,6_,nu11)*Vec(nu10,q2)*Vec(nu11,q3)*Vec(nu9,-p3
      )*Vec(nu9,q2)*Vec(nu12,-p3)*Vec(nu12,q3)*Deng(q2 + q3,xiw,M3)^4*Dghost(
      -p3,xiz)*Dghost( - p3 + q2 + q3,xiw)*ufoGC58^2*ufoGC69^2
       + 1/4*g_(1,6_,nu10)*g_(2,6_,nu11)*Vec(nu10,q2)*Vec(nu11,q3)*Vec(nu9,-p3
      )*Vec(nu9,q2)*Vec(nu12,-q2)*Vec(nu12,q2)*Deng(q2 + q3,xiw,M3)^4*Dghost(
      -p3,xiz)*Dghost( - p3 + q2 + q3,xiw)*ufoGC58^2*ufoGC69^2
       + 1/4*g_(1,6_,nu10)*g_(2,6_,nu11)*Vec(nu10,q2)*Vec(nu11,q3)*Vec(nu9,-p3
      )*Vec(nu9,q2)*Vec(nu12,-q2)*Vec(nu12,q3)*Deng(q2 + q3,xiw,M3)^4*Dghost(
      -p3,xiz)*Dghost( - p3 + q2 + q3,xiw)*ufoGC58^2*ufoGC69^2
       + 1/4*g_(1,6_,nu10)*g_(2,6_,nu11)*Vec(nu10,q2)*Vec(nu11,q3)*Vec(nu9,-p3
      )*Vec(nu9,q2)*Vec(nu12,-q3)*Vec(nu12,q2)*Deng(q2 + q3,xiw,M3)^4*Dghost(
      -p3,xiz)*Dghost( - p3 + q2 + q3,xiw)*ufoGC58^2*ufoGC69^2
       + 1/4*g_(1,6_,nu10)*g_(2,6_,nu11)*Vec(nu10,q2)*Vec(nu11,q3)*Vec(nu9,-p3
      )*Vec(nu9,q2)*Vec(nu12,-q3)*Vec(nu12,q3)*Deng(q2 + q3,xiw,M3)^4*Dghost(
      -p3,xiz)*Dghost( - p3 + q2 + q3,xiw)*ufoGC58^2*ufoGC69^2
       - 1/4*g_(1,6_,nu10)*g_(2,6_,nu11)*Vec(nu10,q2)*Vec(nu11,q3)*Vec(nu9,-p3
      )*Vec(nu9,q2)*Deng(q2 + q3,xiw,M3)^3*Dghost(-p3,xiz)*Dghost( - p3 + q2
       + q3,xiw)*ufoGC58^2*ufoGC69^2
       + 1/4*g_(1,6_,nu10)*g_(2,6_,nu11)*Vec(nu10,q2)*Vec(nu11,q3)*Vec(nu9,-p3
      )*Vec(nu9,q3)*Vec(nu12,q2)^2*Deng(q2 + q3,xiw,M3)^4*Dghost(-p3,xiz)*
      Dghost( - p3 + q2 + q3,xiw)*ufoGC58^2*ufoGC69^2
       + 1/2*g_(1,6_,nu10)*g_(2,6_,nu11)*Vec(nu10,q2)*Vec(nu11,q3)*Vec(nu9,-p3
      )*Vec(nu9,q3)*Vec(nu12,q2)*Vec(nu12,q3)*Deng(q2 + q3,xiw,M3)^4*Dghost(
      -p3,xiz)*Dghost( - p3 + q2 + q3,xiw)*ufoGC58^2*ufoGC69^2
       + 1/4*g_(1,6_,nu10)*g_(2,6_,nu11)*Vec(nu10,q2)*Vec(nu11,q3)*Vec(nu9,-p3
      )*Vec(nu9,q3)*Vec(nu12,q3)^2*Deng(q2 + q3,xiw,M3)^4*Dghost(-p3,xiz)*
      Dghost( - p3 + q2 + q3,xiw)*ufoGC58^2*ufoGC69^2
       + 1/4*g_(1,6_,nu10)*g_(2,6_,nu11)*Vec(nu10,q2)*Vec(nu11,q3)*Vec(nu9,-p3
      )*Vec(nu9,q3)*Vec(nu12,-p3)*Vec(nu12,q2)*Deng(q2 + q3,xiw,M3)^4*Dghost(
      -p3,xiz)*Dghost( - p3 + q2 + q3,xiw)*ufoGC58^2*ufoGC69^2
       + 1/4*g_(1,6_,nu10)*g_(2,6_,nu11)*Vec(nu10,q2)*Vec(nu11,q3)*Vec(nu9,-p3
      )*Vec(nu9,q3)*Vec(nu12,-p3)*Vec(nu12,q3)*Deng(q2 + q3,xiw,M3)^4*Dghost(
      -p3,xiz)*Dghost( - p3 + q2 + q3,xiw)*ufoGC58^2*ufoGC69^2
       + 1/4*g_(1,6_,nu10)*g_(2,6_,nu11)*Vec(nu10,q2)*Vec(nu11,q3)*Vec(nu9,-p3
      )*Vec(nu9,q3)*Vec(nu12,-q2)*Vec(nu12,q2)*Deng(q2 + q3,xiw,M3)^4*Dghost(
      -p3,xiz)*Dghost( - p3 + q2 + q3,xiw)*ufoGC58^2*ufoGC69^2
       + 1/4*g_(1,6_,nu10)*g_(2,6_,nu11)*Vec(nu10,q2)*Vec(nu11,q3)*Vec(nu9,-p3
      )*Vec(nu9,q3)*Vec(nu12,-q2)*Vec(nu12,q3)*Deng(q2 + q3,xiw,M3)^4*Dghost(
      -p3,xiz)*Dghost( - p3 + q2 + q3,xiw)*ufoGC58^2*ufoGC69^2
       + 1/4*g_(1,6_,nu10)*g_(2,6_,nu11)*Vec(nu10,q2)*Vec(nu11,q3)*Vec(nu9,-p3
      )*Vec(nu9,q3)*Vec(nu12,-q3)*Vec(nu12,q2)*Deng(q2 + q3,xiw,M3)^4*Dghost(
      -p3,xiz)*Dghost( - p3 + q2 + q3,xiw)*ufoGC58^2*ufoGC69^2
       + 1/4*g_(1,6_,nu10)*g_(2,6_,nu11)*Vec(nu10,q2)*Vec(nu11,q3)*Vec(nu9,-p3
      )*Vec(nu9,q3)*Vec(nu12,-q3)*Vec(nu12,q3)*Deng(q2 + q3,xiw,M3)^4*Dghost(
      -p3,xiz)*Dghost( - p3 + q2 + q3,xiw)*ufoGC58^2*ufoGC69^2
       - 1/4*g_(1,6_,nu10)*g_(2,6_,nu11)*Vec(nu10,q2)*Vec(nu11,q3)*Vec(nu9,-p3
      )*Vec(nu9,q3)*Deng(q2 + q3,xiw,M3)^3*Dghost(-p3,xiz)*Dghost( - p3 + q2
       + q3,xiw)*ufoGC58^2*ufoGC69^2
       - 1/4*g_(1,6_,nu10)*g_(2,6_,nu11)*Vec(nu10,q2)*Vec(nu11,-p3)*Vec(nu9,q2
      )^2*Deng(q2 + q3,xiw,M3)^3*Dghost(-p3,xiz)*Dghost( - p3 + q2 + q3,xiw)*
      ufoGC58^2*ufoGC69^2
       - 1/2*g_(1,6_,nu10)*g_(2,6_,nu11)*Vec(nu10,q2)*Vec(nu11,-p3)*Vec(nu9,q2
      )*Vec(nu9,q3)*Deng(q2 + q3,xiw,M3)^3*Dghost(-p3,xiz)*Dghost( - p3 + q2
       + q3,xiw)*ufoGC58^2*ufoGC69^2
       - 1/4*g_(1,6_,nu10)*g_(2,6_,nu11)*Vec(nu10,q2)*Vec(nu11,-p3)*Vec(nu9,q3
      )^2*Deng(q2 + q3,xiw,M3)^3*Dghost(-p3,xiz)*Dghost( - p3 + q2 + q3,xiw)*
      ufoGC58^2*ufoGC69^2
       - 1/4*g_(1,6_,nu10)*g_(2,6_,nu11)*Vec(nu10,q2)*Vec(nu11,-p3)*Vec(nu9,
      -p3)*Vec(nu9,q2)*Deng(q2 + q3,xiw,M3)^3*Dghost(-p3,xiz)*Dghost( - p3 + 
      q2 + q3,xiw)*ufoGC58^2*ufoGC69^2
       - 1/4*g_(1,6_,nu10)*g_(2,6_,nu11)*Vec(nu10,q2)*Vec(nu11,-p3)*Vec(nu9,
      -p3)*Vec(nu9,q3)*Deng(q2 + q3,xiw,M3)^3*Dghost(-p3,xiz)*Dghost( - p3 + 
      q2 + q3,xiw)*ufoGC58^2*ufoGC69^2
       - 1/4*g_(1,6_,nu10)*g_(2,6_,nu11)*Vec(nu10,q2)*Vec(nu11,-q2)*Vec(nu9,q2
      )^2*Deng(q2 + q3,xiw,M3)^3*Dghost(-p3,xiz)*Dghost( - p3 + q2 + q3,xiw)*
      ufoGC58^2*ufoGC69^2
       - 1/2*g_(1,6_,nu10)*g_(2,6_,nu11)*Vec(nu10,q2)*Vec(nu11,-q2)*Vec(nu9,q2
      )*Vec(nu9,q3)*Deng(q2 + q3,xiw,M3)^3*Dghost(-p3,xiz)*Dghost( - p3 + q2
       + q3,xiw)*ufoGC58^2*ufoGC69^2
       - 1/4*g_(1,6_,nu10)*g_(2,6_,nu11)*Vec(nu10,q2)*Vec(nu11,-q2)*Vec(nu9,q3
      )^2*Deng(q2 + q3,xiw,M3)^3*Dghost(-p3,xiz)*Dghost( - p3 + q2 + q3,xiw)*
      ufoGC58^2*ufoGC69^2
       - 1/4*g_(1,6_,nu10)*g_(2,6_,nu11)*Vec(nu10,q2)*Vec(nu11,-q2)*Vec(nu9,
      -p3)*Vec(nu9,q2)*Deng(q2 + q3,xiw,M3)^3*Dghost(-p3,xiz)*Dghost( - p3 + 
      q2 + q3,xiw)*ufoGC58^2*ufoGC69^2
       - 1/4*g_(1,6_,nu10)*g_(2,6_,nu11)*Vec(nu10,q2)*Vec(nu11,-q2)*Vec(nu9,
      -p3)*Vec(nu9,q3)*Deng(q2 + q3,xiw,M3)^3*Dghost(-p3,xiz)*Dghost( - p3 + 
      q2 + q3,xiw)*ufoGC58^2*ufoGC69^2
       - 1/4*g_(1,6_,nu10)*g_(2,6_,nu11)*Vec(nu10,q2)*Vec(nu11,-q3)*Vec(nu9,q2
      )^2*Deng(q2 + q3,xiw,M3)^3*Dghost(-p3,xiz)*Dghost( - p3 + q2 + q3,xiw)*
      ufoGC58^2*ufoGC69^2
       - 1/2*g_(1,6_,nu10)*g_(2,6_,nu11)*Vec(nu10,q2)*Vec(nu11,-q3)*Vec(nu9,q2
      )*Vec(nu9,q3)*Deng(q2 + q3,xiw,M3)^3*Dghost(-p3,xiz)*Dghost( - p3 + q2
       + q3,xiw)*ufoGC58^2*ufoGC69^2
       - 1/4*g_(1,6_,nu10)*g_(2,6_,nu11)*Vec(nu10,q2)*Vec(nu11,-q3)*Vec(nu9,q3
      )^2*Deng(q2 + q3,xiw,M3)^3*Dghost(-p3,xiz)*Dghost( - p3 + q2 + q3,xiw)*
      ufoGC58^2*ufoGC69^2
       - 1/4*g_(1,6_,nu10)*g_(2,6_,nu11)*Vec(nu10,q2)*Vec(nu11,-q3)*Vec(nu9,
      -p3)*Vec(nu9,q2)*Deng(q2 + q3,xiw,M3)^3*Dghost(-p3,xiz)*Dghost( - p3 + 
      q2 + q3,xiw)*ufoGC58^2*ufoGC69^2
       - 1/4*g_(1,6_,nu10)*g_(2,6_,nu11)*Vec(nu10,q2)*Vec(nu11,-q3)*Vec(nu9,
      -p3)*Vec(nu9,q3)*Deng(q2 + q3,xiw,M3)^3*Dghost(-p3,xiz)*Dghost( - p3 + 
      q2 + q3,xiw)*ufoGC58^2*ufoGC69^2
       + 1/4*g_(1,6_,nu10)*g_(2,6_,nu11)*Vec(nu10,q3)*Vec(nu11,q2)*Vec(nu9,q2)
      ^2*Vec(nu12,q2)^2*Deng(q2 + q3,xiw,M3)^4*Dghost(-p3,xiz)*Dghost( - p3 + 
      q2 + q3,xiw)*ufoGC58^2*ufoGC69^2
       + 1/2*g_(1,6_,nu10)*g_(2,6_,nu11)*Vec(nu10,q3)*Vec(nu11,q2)*Vec(nu9,q2)
      ^2*Vec(nu12,q2)*Vec(nu12,q3)*Deng(q2 + q3,xiw,M3)^4*Dghost(-p3,xiz)*
      Dghost( - p3 + q2 + q3,xiw)*ufoGC58^2*ufoGC69^2
       + 1/4*g_(1,6_,nu10)*g_(2,6_,nu11)*Vec(nu10,q3)*Vec(nu11,q2)*Vec(nu9,q2)
      ^2*Vec(nu12,q3)^2*Deng(q2 + q3,xiw,M3)^4*Dghost(-p3,xiz)*Dghost( - p3 + 
      q2 + q3,xiw)*ufoGC58^2*ufoGC69^2
       + 1/4*g_(1,6_,nu10)*g_(2,6_,nu11)*Vec(nu10,q3)*Vec(nu11,q2)*Vec(nu9,q2)
      ^2*Vec(nu12,-p3)*Vec(nu12,q2)*Deng(q2 + q3,xiw,M3)^4*Dghost(-p3,xiz)*
      Dghost( - p3 + q2 + q3,xiw)*ufoGC58^2*ufoGC69^2
       + 1/4*g_(1,6_,nu10)*g_(2,6_,nu11)*Vec(nu10,q3)*Vec(nu11,q2)*Vec(nu9,q2)
      ^2*Vec(nu12,-p3)*Vec(nu12,q3)*Deng(q2 + q3,xiw,M3)^4*Dghost(-p3,xiz)*
      Dghost( - p3 + q2 + q3,xiw)*ufoGC58^2*ufoGC69^2
       + 1/4*g_(1,6_,nu10)*g_(2,6_,nu11)*Vec(nu10,q3)*Vec(nu11,q2)*Vec(nu9,q2)
      ^2*Vec(nu12,-q2)*Vec(nu12,q2)*Deng(q2 + q3,xiw,M3)^4*Dghost(-p3,xiz)*
      Dghost( - p3 + q2 + q3,xiw)*ufoGC58^2*ufoGC69^2
       + 1/4*g_(1,6_,nu10)*g_(2,6_,nu11)*Vec(nu10,q3)*Vec(nu11,q2)*Vec(nu9,q2)
      ^2*Vec(nu12,-q2)*Vec(nu12,q3)*Deng(q2 + q3,xiw,M3)^4*Dghost(-p3,xiz)*
      Dghost( - p3 + q2 + q3,xiw)*ufoGC58^2*ufoGC69^2
       + 1/4*g_(1,6_,nu10)*g_(2,6_,nu11)*Vec(nu10,q3)*Vec(nu11,q2)*Vec(nu9,q2)
      ^2*Vec(nu12,-q3)*Vec(nu12,q2)*Deng(q2 + q3,xiw,M3)^4*Dghost(-p3,xiz)*
      Dghost( - p3 + q2 + q3,xiw)*ufoGC58^2*ufoGC69^2
       + 1/4*g_(1,6_,nu10)*g_(2,6_,nu11)*Vec(nu10,q3)*Vec(nu11,q2)*Vec(nu9,q2)
      ^2*Vec(nu12,-q3)*Vec(nu12,q3)*Deng(q2 + q3,xiw,M3)^4*Dghost(-p3,xiz)*
      Dghost( - p3 + q2 + q3,xiw)*ufoGC58^2*ufoGC69^2
       - 1/4*g_(1,6_,nu10)*g_(2,6_,nu11)*Vec(nu10,q3)*Vec(nu11,q2)*Vec(nu9,q2)
      ^2*Deng(q2 + q3,xiw,M3)^3*Dghost(-p3,xiz)*Dghost( - p3 + q2 + q3,xiw)*
      ufoGC58^2*ufoGC69^2
       + 1/2*g_(1,6_,nu10)*g_(2,6_,nu11)*Vec(nu10,q3)*Vec(nu11,q2)*Vec(nu9,q2)
      *Vec(nu9,q3)*Vec(nu12,q2)^2*Deng(q2 + q3,xiw,M3)^4*Dghost(-p3,xiz)*
      Dghost( - p3 + q2 + q3,xiw)*ufoGC58^2*ufoGC69^2
       + g_(1,6_,nu10)*g_(2,6_,nu11)*Vec(nu10,q3)*Vec(nu11,q2)*Vec(nu9,q2)*
      Vec(nu9,q3)*Vec(nu12,q2)*Vec(nu12,q3)*Deng(q2 + q3,xiw,M3)^4*Dghost(-p3,
      xiz)*Dghost( - p3 + q2 + q3,xiw)*ufoGC58^2*ufoGC69^2
       + 1/2*g_(1,6_,nu10)*g_(2,6_,nu11)*Vec(nu10,q3)*Vec(nu11,q2)*Vec(nu9,q2)
      *Vec(nu9,q3)*Vec(nu12,q3)^2*Deng(q2 + q3,xiw,M3)^4*Dghost(-p3,xiz)*
      Dghost( - p3 + q2 + q3,xiw)*ufoGC58^2*ufoGC69^2
       + 1/2*g_(1,6_,nu10)*g_(2,6_,nu11)*Vec(nu10,q3)*Vec(nu11,q2)*Vec(nu9,q2)
      *Vec(nu9,q3)*Vec(nu12,-p3)*Vec(nu12,q2)*Deng(q2 + q3,xiw,M3)^4*Dghost(
      -p3,xiz)*Dghost( - p3 + q2 + q3,xiw)*ufoGC58^2*ufoGC69^2
       + 1/2*g_(1,6_,nu10)*g_(2,6_,nu11)*Vec(nu10,q3)*Vec(nu11,q2)*Vec(nu9,q2)
      *Vec(nu9,q3)*Vec(nu12,-p3)*Vec(nu12,q3)*Deng(q2 + q3,xiw,M3)^4*Dghost(
      -p3,xiz)*Dghost( - p3 + q2 + q3,xiw)*ufoGC58^2*ufoGC69^2
       + 1/2*g_(1,6_,nu10)*g_(2,6_,nu11)*Vec(nu10,q3)*Vec(nu11,q2)*Vec(nu9,q2)
      *Vec(nu9,q3)*Vec(nu12,-q2)*Vec(nu12,q2)*Deng(q2 + q3,xiw,M3)^4*Dghost(
      -p3,xiz)*Dghost( - p3 + q2 + q3,xiw)*ufoGC58^2*ufoGC69^2
       + 1/2*g_(1,6_,nu10)*g_(2,6_,nu11)*Vec(nu10,q3)*Vec(nu11,q2)*Vec(nu9,q2)
      *Vec(nu9,q3)*Vec(nu12,-q2)*Vec(nu12,q3)*Deng(q2 + q3,xiw,M3)^4*Dghost(
      -p3,xiz)*Dghost( - p3 + q2 + q3,xiw)*ufoGC58^2*ufoGC69^2
       + 1/2*g_(1,6_,nu10)*g_(2,6_,nu11)*Vec(nu10,q3)*Vec(nu11,q2)*Vec(nu9,q2)
      *Vec(nu9,q3)*Vec(nu12,-q3)*Vec(nu12,q2)*Deng(q2 + q3,xiw,M3)^4*Dghost(
      -p3,xiz)*Dghost( - p3 + q2 + q3,xiw)*ufoGC58^2*ufoGC69^2
       + 1/2*g_(1,6_,nu10)*g_(2,6_,nu11)*Vec(nu10,q3)*Vec(nu11,q2)*Vec(nu9,q2)
      *Vec(nu9,q3)*Vec(nu12,-q3)*Vec(nu12,q3)*Deng(q2 + q3,xiw,M3)^4*Dghost(
      -p3,xiz)*Dghost( - p3 + q2 + q3,xiw)*ufoGC58^2*ufoGC69^2
       - 1/2*g_(1,6_,nu10)*g_(2,6_,nu11)*Vec(nu10,q3)*Vec(nu11,q2)*Vec(nu9,q2)
      *Vec(nu9,q3)*Deng(q2 + q3,xiw,M3)^3*Dghost(-p3,xiz)*Dghost( - p3 + q2 + 
      q3,xiw)*ufoGC58^2*ufoGC69^2
       + 1/4*g_(1,6_,nu10)*g_(2,6_,nu11)*Vec(nu10,q3)*Vec(nu11,q2)*Vec(nu9,q3)
      ^2*Vec(nu12,q2)^2*Deng(q2 + q3,xiw,M3)^4*Dghost(-p3,xiz)*Dghost( - p3 + 
      q2 + q3,xiw)*ufoGC58^2*ufoGC69^2
       + 1/2*g_(1,6_,nu10)*g_(2,6_,nu11)*Vec(nu10,q3)*Vec(nu11,q2)*Vec(nu9,q3)
      ^2*Vec(nu12,q2)*Vec(nu12,q3)*Deng(q2 + q3,xiw,M3)^4*Dghost(-p3,xiz)*
      Dghost( - p3 + q2 + q3,xiw)*ufoGC58^2*ufoGC69^2
       + 1/4*g_(1,6_,nu10)*g_(2,6_,nu11)*Vec(nu10,q3)*Vec(nu11,q2)*Vec(nu9,q3)
      ^2*Vec(nu12,q3)^2*Deng(q2 + q3,xiw,M3)^4*Dghost(-p3,xiz)*Dghost( - p3 + 
      q2 + q3,xiw)*ufoGC58^2*ufoGC69^2
       + 1/4*g_(1,6_,nu10)*g_(2,6_,nu11)*Vec(nu10,q3)*Vec(nu11,q2)*Vec(nu9,q3)
      ^2*Vec(nu12,-p3)*Vec(nu12,q2)*Deng(q2 + q3,xiw,M3)^4*Dghost(-p3,xiz)*
      Dghost( - p3 + q2 + q3,xiw)*ufoGC58^2*ufoGC69^2
       + 1/4*g_(1,6_,nu10)*g_(2,6_,nu11)*Vec(nu10,q3)*Vec(nu11,q2)*Vec(nu9,q3)
      ^2*Vec(nu12,-p3)*Vec(nu12,q3)*Deng(q2 + q3,xiw,M3)^4*Dghost(-p3,xiz)*
      Dghost( - p3 + q2 + q3,xiw)*ufoGC58^2*ufoGC69^2
       + 1/4*g_(1,6_,nu10)*g_(2,6_,nu11)*Vec(nu10,q3)*Vec(nu11,q2)*Vec(nu9,q3)
      ^2*Vec(nu12,-q2)*Vec(nu12,q2)*Deng(q2 + q3,xiw,M3)^4*Dghost(-p3,xiz)*
      Dghost( - p3 + q2 + q3,xiw)*ufoGC58^2*ufoGC69^2
       + 1/4*g_(1,6_,nu10)*g_(2,6_,nu11)*Vec(nu10,q3)*Vec(nu11,q2)*Vec(nu9,q3)
      ^2*Vec(nu12,-q2)*Vec(nu12,q3)*Deng(q2 + q3,xiw,M3)^4*Dghost(-p3,xiz)*
      Dghost( - p3 + q2 + q3,xiw)*ufoGC58^2*ufoGC69^2
       + 1/4*g_(1,6_,nu10)*g_(2,6_,nu11)*Vec(nu10,q3)*Vec(nu11,q2)*Vec(nu9,q3)
      ^2*Vec(nu12,-q3)*Vec(nu12,q2)*Deng(q2 + q3,xiw,M3)^4*Dghost(-p3,xiz)*
      Dghost( - p3 + q2 + q3,xiw)*ufoGC58^2*ufoGC69^2
       + 1/4*g_(1,6_,nu10)*g_(2,6_,nu11)*Vec(nu10,q3)*Vec(nu11,q2)*Vec(nu9,q3)
      ^2*Vec(nu12,-q3)*Vec(nu12,q3)*Deng(q2 + q3,xiw,M3)^4*Dghost(-p3,xiz)*
      Dghost( - p3 + q2 + q3,xiw)*ufoGC58^2*ufoGC69^2
       - 1/4*g_(1,6_,nu10)*g_(2,6_,nu11)*Vec(nu10,q3)*Vec(nu11,q2)*Vec(nu9,q3)
      ^2*Deng(q2 + q3,xiw,M3)^3*Dghost(-p3,xiz)*Dghost( - p3 + q2 + q3,xiw)*
      ufoGC58^2*ufoGC69^2
       + 1/4*g_(1,6_,nu10)*g_(2,6_,nu11)*Vec(nu10,q3)*Vec(nu11,q2)*Vec(nu9,-p3
      )*Vec(nu9,q2)*Vec(nu12,q2)^2*Deng(q2 + q3,xiw,M3)^4*Dghost(-p3,xiz)*
      Dghost( - p3 + q2 + q3,xiw)*ufoGC58^2*ufoGC69^2
       + 1/2*g_(1,6_,nu10)*g_(2,6_,nu11)*Vec(nu10,q3)*Vec(nu11,q2)*Vec(nu9,-p3
      )*Vec(nu9,q2)*Vec(nu12,q2)*Vec(nu12,q3)*Deng(q2 + q3,xiw,M3)^4*Dghost(
      -p3,xiz)*Dghost( - p3 + q2 + q3,xiw)*ufoGC58^2*ufoGC69^2
       + 1/4*g_(1,6_,nu10)*g_(2,6_,nu11)*Vec(nu10,q3)*Vec(nu11,q2)*Vec(nu9,-p3
      )*Vec(nu9,q2)*Vec(nu12,q3)^2*Deng(q2 + q3,xiw,M3)^4*Dghost(-p3,xiz)*
      Dghost( - p3 + q2 + q3,xiw)*ufoGC58^2*ufoGC69^2
       + 1/4*g_(1,6_,nu10)*g_(2,6_,nu11)*Vec(nu10,q3)*Vec(nu11,q2)*Vec(nu9,-p3
      )*Vec(nu9,q2)*Vec(nu12,-p3)*Vec(nu12,q2)*Deng(q2 + q3,xiw,M3)^4*Dghost(
      -p3,xiz)*Dghost( - p3 + q2 + q3,xiw)*ufoGC58^2*ufoGC69^2
       + 1/4*g_(1,6_,nu10)*g_(2,6_,nu11)*Vec(nu10,q3)*Vec(nu11,q2)*Vec(nu9,-p3
      )*Vec(nu9,q2)*Vec(nu12,-p3)*Vec(nu12,q3)*Deng(q2 + q3,xiw,M3)^4*Dghost(
      -p3,xiz)*Dghost( - p3 + q2 + q3,xiw)*ufoGC58^2*ufoGC69^2
       + 1/4*g_(1,6_,nu10)*g_(2,6_,nu11)*Vec(nu10,q3)*Vec(nu11,q2)*Vec(nu9,-p3
      )*Vec(nu9,q2)*Vec(nu12,-q2)*Vec(nu12,q2)*Deng(q2 + q3,xiw,M3)^4*Dghost(
      -p3,xiz)*Dghost( - p3 + q2 + q3,xiw)*ufoGC58^2*ufoGC69^2
       + 1/4*g_(1,6_,nu10)*g_(2,6_,nu11)*Vec(nu10,q3)*Vec(nu11,q2)*Vec(nu9,-p3
      )*Vec(nu9,q2)*Vec(nu12,-q2)*Vec(nu12,q3)*Deng(q2 + q3,xiw,M3)^4*Dghost(
      -p3,xiz)*Dghost( - p3 + q2 + q3,xiw)*ufoGC58^2*ufoGC69^2
       + 1/4*g_(1,6_,nu10)*g_(2,6_,nu11)*Vec(nu10,q3)*Vec(nu11,q2)*Vec(nu9,-p3
      )*Vec(nu9,q2)*Vec(nu12,-q3)*Vec(nu12,q2)*Deng(q2 + q3,xiw,M3)^4*Dghost(
      -p3,xiz)*Dghost( - p3 + q2 + q3,xiw)*ufoGC58^2*ufoGC69^2
       + 1/4*g_(1,6_,nu10)*g_(2,6_,nu11)*Vec(nu10,q3)*Vec(nu11,q2)*Vec(nu9,-p3
      )*Vec(nu9,q2)*Vec(nu12,-q3)*Vec(nu12,q3)*Deng(q2 + q3,xiw,M3)^4*Dghost(
      -p3,xiz)*Dghost( - p3 + q2 + q3,xiw)*ufoGC58^2*ufoGC69^2
       - 1/4*g_(1,6_,nu10)*g_(2,6_,nu11)*Vec(nu10,q3)*Vec(nu11,q2)*Vec(nu9,-p3
      )*Vec(nu9,q2)*Deng(q2 + q3,xiw,M3)^3*Dghost(-p3,xiz)*Dghost( - p3 + q2
       + q3,xiw)*ufoGC58^2*ufoGC69^2
       + 1/4*g_(1,6_,nu10)*g_(2,6_,nu11)*Vec(nu10,q3)*Vec(nu11,q2)*Vec(nu9,-p3
      )*Vec(nu9,q3)*Vec(nu12,q2)^2*Deng(q2 + q3,xiw,M3)^4*Dghost(-p3,xiz)*
      Dghost( - p3 + q2 + q3,xiw)*ufoGC58^2*ufoGC69^2
       + 1/2*g_(1,6_,nu10)*g_(2,6_,nu11)*Vec(nu10,q3)*Vec(nu11,q2)*Vec(nu9,-p3
      )*Vec(nu9,q3)*Vec(nu12,q2)*Vec(nu12,q3)*Deng(q2 + q3,xiw,M3)^4*Dghost(
      -p3,xiz)*Dghost( - p3 + q2 + q3,xiw)*ufoGC58^2*ufoGC69^2
       + 1/4*g_(1,6_,nu10)*g_(2,6_,nu11)*Vec(nu10,q3)*Vec(nu11,q2)*Vec(nu9,-p3
      )*Vec(nu9,q3)*Vec(nu12,q3)^2*Deng(q2 + q3,xiw,M3)^4*Dghost(-p3,xiz)*
      Dghost( - p3 + q2 + q3,xiw)*ufoGC58^2*ufoGC69^2
       + 1/4*g_(1,6_,nu10)*g_(2,6_,nu11)*Vec(nu10,q3)*Vec(nu11,q2)*Vec(nu9,-p3
      )*Vec(nu9,q3)*Vec(nu12,-p3)*Vec(nu12,q2)*Deng(q2 + q3,xiw,M3)^4*Dghost(
      -p3,xiz)*Dghost( - p3 + q2 + q3,xiw)*ufoGC58^2*ufoGC69^2
       + 1/4*g_(1,6_,nu10)*g_(2,6_,nu11)*Vec(nu10,q3)*Vec(nu11,q2)*Vec(nu9,-p3
      )*Vec(nu9,q3)*Vec(nu12,-p3)*Vec(nu12,q3)*Deng(q2 + q3,xiw,M3)^4*Dghost(
      -p3,xiz)*Dghost( - p3 + q2 + q3,xiw)*ufoGC58^2*ufoGC69^2
       + 1/4*g_(1,6_,nu10)*g_(2,6_,nu11)*Vec(nu10,q3)*Vec(nu11,q2)*Vec(nu9,-p3
      )*Vec(nu9,q3)*Vec(nu12,-q2)*Vec(nu12,q2)*Deng(q2 + q3,xiw,M3)^4*Dghost(
      -p3,xiz)*Dghost( - p3 + q2 + q3,xiw)*ufoGC58^2*ufoGC69^2
       + 1/4*g_(1,6_,nu10)*g_(2,6_,nu11)*Vec(nu10,q3)*Vec(nu11,q2)*Vec(nu9,-p3
      )*Vec(nu9,q3)*Vec(nu12,-q2)*Vec(nu12,q3)*Deng(q2 + q3,xiw,M3)^4*Dghost(
      -p3,xiz)*Dghost( - p3 + q2 + q3,xiw)*ufoGC58^2*ufoGC69^2
       + 1/4*g_(1,6_,nu10)*g_(2,6_,nu11)*Vec(nu10,q3)*Vec(nu11,q2)*Vec(nu9,-p3
      )*Vec(nu9,q3)*Vec(nu12,-q3)*Vec(nu12,q2)*Deng(q2 + q3,xiw,M3)^4*Dghost(
      -p3,xiz)*Dghost( - p3 + q2 + q3,xiw)*ufoGC58^2*ufoGC69^2
       + 1/4*g_(1,6_,nu10)*g_(2,6_,nu11)*Vec(nu10,q3)*Vec(nu11,q2)*Vec(nu9,-p3
      )*Vec(nu9,q3)*Vec(nu12,-q3)*Vec(nu12,q3)*Deng(q2 + q3,xiw,M3)^4*Dghost(
      -p3,xiz)*Dghost( - p3 + q2 + q3,xiw)*ufoGC58^2*ufoGC69^2
       - 1/4*g_(1,6_,nu10)*g_(2,6_,nu11)*Vec(nu10,q3)*Vec(nu11,q2)*Vec(nu9,-p3
      )*Vec(nu9,q3)*Deng(q2 + q3,xiw,M3)^3*Dghost(-p3,xiz)*Dghost( - p3 + q2
       + q3,xiw)*ufoGC58^2*ufoGC69^2
       + 1/4*g_(1,6_,nu10)*g_(2,6_,nu11)*Vec(nu10,q3)*Vec(nu11,q3)*Vec(nu9,q2)
      ^2*Vec(nu12,q2)^2*Deng(q2 + q3,xiw,M3)^4*Dghost(-p3,xiz)*Dghost( - p3 + 
      q2 + q3,xiw)*ufoGC58^2*ufoGC69^2
       + 1/2*g_(1,6_,nu10)*g_(2,6_,nu11)*Vec(nu10,q3)*Vec(nu11,q3)*Vec(nu9,q2)
      ^2*Vec(nu12,q2)*Vec(nu12,q3)*Deng(q2 + q3,xiw,M3)^4*Dghost(-p3,xiz)*
      Dghost( - p3 + q2 + q3,xiw)*ufoGC58^2*ufoGC69^2
       + 1/4*g_(1,6_,nu10)*g_(2,6_,nu11)*Vec(nu10,q3)*Vec(nu11,q3)*Vec(nu9,q2)
      ^2*Vec(nu12,q3)^2*Deng(q2 + q3,xiw,M3)^4*Dghost(-p3,xiz)*Dghost( - p3 + 
      q2 + q3,xiw)*ufoGC58^2*ufoGC69^2
       + 1/4*g_(1,6_,nu10)*g_(2,6_,nu11)*Vec(nu10,q3)*Vec(nu11,q3)*Vec(nu9,q2)
      ^2*Vec(nu12,-p3)*Vec(nu12,q2)*Deng(q2 + q3,xiw,M3)^4*Dghost(-p3,xiz)*
      Dghost( - p3 + q2 + q3,xiw)*ufoGC58^2*ufoGC69^2
       + 1/4*g_(1,6_,nu10)*g_(2,6_,nu11)*Vec(nu10,q3)*Vec(nu11,q3)*Vec(nu9,q2)
      ^2*Vec(nu12,-p3)*Vec(nu12,q3)*Deng(q2 + q3,xiw,M3)^4*Dghost(-p3,xiz)*
      Dghost( - p3 + q2 + q3,xiw)*ufoGC58^2*ufoGC69^2
       + 1/4*g_(1,6_,nu10)*g_(2,6_,nu11)*Vec(nu10,q3)*Vec(nu11,q3)*Vec(nu9,q2)
      ^2*Vec(nu12,-q2)*Vec(nu12,q2)*Deng(q2 + q3,xiw,M3)^4*Dghost(-p3,xiz)*
      Dghost( - p3 + q2 + q3,xiw)*ufoGC58^2*ufoGC69^2
       + 1/4*g_(1,6_,nu10)*g_(2,6_,nu11)*Vec(nu10,q3)*Vec(nu11,q3)*Vec(nu9,q2)
      ^2*Vec(nu12,-q2)*Vec(nu12,q3)*Deng(q2 + q3,xiw,M3)^4*Dghost(-p3,xiz)*
      Dghost( - p3 + q2 + q3,xiw)*ufoGC58^2*ufoGC69^2
       + 1/4*g_(1,6_,nu10)*g_(2,6_,nu11)*Vec(nu10,q3)*Vec(nu11,q3)*Vec(nu9,q2)
      ^2*Vec(nu12,-q3)*Vec(nu12,q2)*Deng(q2 + q3,xiw,M3)^4*Dghost(-p3,xiz)*
      Dghost( - p3 + q2 + q3,xiw)*ufoGC58^2*ufoGC69^2
       + 1/4*g_(1,6_,nu10)*g_(2,6_,nu11)*Vec(nu10,q3)*Vec(nu11,q3)*Vec(nu9,q2)
      ^2*Vec(nu12,-q3)*Vec(nu12,q3)*Deng(q2 + q3,xiw,M3)^4*Dghost(-p3,xiz)*
      Dghost( - p3 + q2 + q3,xiw)*ufoGC58^2*ufoGC69^2
       - 1/4*g_(1,6_,nu10)*g_(2,6_,nu11)*Vec(nu10,q3)*Vec(nu11,q3)*Vec(nu9,q2)
      ^2*Deng(q2 + q3,xiw,M3)^3*Dghost(-p3,xiz)*Dghost( - p3 + q2 + q3,xiw)*
      ufoGC58^2*ufoGC69^2
       + 1/2*g_(1,6_,nu10)*g_(2,6_,nu11)*Vec(nu10,q3)*Vec(nu11,q3)*Vec(nu9,q2)
      *Vec(nu9,q3)*Vec(nu12,q2)^2*Deng(q2 + q3,xiw,M3)^4*Dghost(-p3,xiz)*
      Dghost( - p3 + q2 + q3,xiw)*ufoGC58^2*ufoGC69^2
       + g_(1,6_,nu10)*g_(2,6_,nu11)*Vec(nu10,q3)*Vec(nu11,q3)*Vec(nu9,q2)*
      Vec(nu9,q3)*Vec(nu12,q2)*Vec(nu12,q3)*Deng(q2 + q3,xiw,M3)^4*Dghost(-p3,
      xiz)*Dghost( - p3 + q2 + q3,xiw)*ufoGC58^2*ufoGC69^2
       + 1/2*g_(1,6_,nu10)*g_(2,6_,nu11)*Vec(nu10,q3)*Vec(nu11,q3)*Vec(nu9,q2)
      *Vec(nu9,q3)*Vec(nu12,q3)^2*Deng(q2 + q3,xiw,M3)^4*Dghost(-p3,xiz)*
      Dghost( - p3 + q2 + q3,xiw)*ufoGC58^2*ufoGC69^2
       + 1/2*g_(1,6_,nu10)*g_(2,6_,nu11)*Vec(nu10,q3)*Vec(nu11,q3)*Vec(nu9,q2)
      *Vec(nu9,q3)*Vec(nu12,-p3)*Vec(nu12,q2)*Deng(q2 + q3,xiw,M3)^4*Dghost(
      -p3,xiz)*Dghost( - p3 + q2 + q3,xiw)*ufoGC58^2*ufoGC69^2
       + 1/2*g_(1,6_,nu10)*g_(2,6_,nu11)*Vec(nu10,q3)*Vec(nu11,q3)*Vec(nu9,q2)
      *Vec(nu9,q3)*Vec(nu12,-p3)*Vec(nu12,q3)*Deng(q2 + q3,xiw,M3)^4*Dghost(
      -p3,xiz)*Dghost( - p3 + q2 + q3,xiw)*ufoGC58^2*ufoGC69^2
       + 1/2*g_(1,6_,nu10)*g_(2,6_,nu11)*Vec(nu10,q3)*Vec(nu11,q3)*Vec(nu9,q2)
      *Vec(nu9,q3)*Vec(nu12,-q2)*Vec(nu12,q2)*Deng(q2 + q3,xiw,M3)^4*Dghost(
      -p3,xiz)*Dghost( - p3 + q2 + q3,xiw)*ufoGC58^2*ufoGC69^2
       + 1/2*g_(1,6_,nu10)*g_(2,6_,nu11)*Vec(nu10,q3)*Vec(nu11,q3)*Vec(nu9,q2)
      *Vec(nu9,q3)*Vec(nu12,-q2)*Vec(nu12,q3)*Deng(q2 + q3,xiw,M3)^4*Dghost(
      -p3,xiz)*Dghost( - p3 + q2 + q3,xiw)*ufoGC58^2*ufoGC69^2
       + 1/2*g_(1,6_,nu10)*g_(2,6_,nu11)*Vec(nu10,q3)*Vec(nu11,q3)*Vec(nu9,q2)
      *Vec(nu9,q3)*Vec(nu12,-q3)*Vec(nu12,q2)*Deng(q2 + q3,xiw,M3)^4*Dghost(
      -p3,xiz)*Dghost( - p3 + q2 + q3,xiw)*ufoGC58^2*ufoGC69^2
       + 1/2*g_(1,6_,nu10)*g_(2,6_,nu11)*Vec(nu10,q3)*Vec(nu11,q3)*Vec(nu9,q2)
      *Vec(nu9,q3)*Vec(nu12,-q3)*Vec(nu12,q3)*Deng(q2 + q3,xiw,M3)^4*Dghost(
      -p3,xiz)*Dghost( - p3 + q2 + q3,xiw)*ufoGC58^2*ufoGC69^2
       - 1/2*g_(1,6_,nu10)*g_(2,6_,nu11)*Vec(nu10,q3)*Vec(nu11,q3)*Vec(nu9,q2)
      *Vec(nu9,q3)*Deng(q2 + q3,xiw,M3)^3*Dghost(-p3,xiz)*Dghost( - p3 + q2 + 
      q3,xiw)*ufoGC58^2*ufoGC69^2
       + 1/4*g_(1,6_,nu10)*g_(2,6_,nu11)*Vec(nu10,q3)*Vec(nu11,q3)*Vec(nu9,q3)
      ^2*Vec(nu12,q2)^2*Deng(q2 + q3,xiw,M3)^4*Dghost(-p3,xiz)*Dghost( - p3 + 
      q2 + q3,xiw)*ufoGC58^2*ufoGC69^2
       + 1/2*g_(1,6_,nu10)*g_(2,6_,nu11)*Vec(nu10,q3)*Vec(nu11,q3)*Vec(nu9,q3)
      ^2*Vec(nu12,q2)*Vec(nu12,q3)*Deng(q2 + q3,xiw,M3)^4*Dghost(-p3,xiz)*
      Dghost( - p3 + q2 + q3,xiw)*ufoGC58^2*ufoGC69^2
       + 1/4*g_(1,6_,nu10)*g_(2,6_,nu11)*Vec(nu10,q3)*Vec(nu11,q3)*Vec(nu9,q3)
      ^2*Vec(nu12,q3)^2*Deng(q2 + q3,xiw,M3)^4*Dghost(-p3,xiz)*Dghost( - p3 + 
      q2 + q3,xiw)*ufoGC58^2*ufoGC69^2
       + 1/4*g_(1,6_,nu10)*g_(2,6_,nu11)*Vec(nu10,q3)*Vec(nu11,q3)*Vec(nu9,q3)
      ^2*Vec(nu12,-p3)*Vec(nu12,q2)*Deng(q2 + q3,xiw,M3)^4*Dghost(-p3,xiz)*
      Dghost( - p3 + q2 + q3,xiw)*ufoGC58^2*ufoGC69^2
       + 1/4*g_(1,6_,nu10)*g_(2,6_,nu11)*Vec(nu10,q3)*Vec(nu11,q3)*Vec(nu9,q3)
      ^2*Vec(nu12,-p3)*Vec(nu12,q3)*Deng(q2 + q3,xiw,M3)^4*Dghost(-p3,xiz)*
      Dghost( - p3 + q2 + q3,xiw)*ufoGC58^2*ufoGC69^2
       + 1/4*g_(1,6_,nu10)*g_(2,6_,nu11)*Vec(nu10,q3)*Vec(nu11,q3)*Vec(nu9,q3)
      ^2*Vec(nu12,-q2)*Vec(nu12,q2)*Deng(q2 + q3,xiw,M3)^4*Dghost(-p3,xiz)*
      Dghost( - p3 + q2 + q3,xiw)*ufoGC58^2*ufoGC69^2
       + 1/4*g_(1,6_,nu10)*g_(2,6_,nu11)*Vec(nu10,q3)*Vec(nu11,q3)*Vec(nu9,q3)
      ^2*Vec(nu12,-q2)*Vec(nu12,q3)*Deng(q2 + q3,xiw,M3)^4*Dghost(-p3,xiz)*
      Dghost( - p3 + q2 + q3,xiw)*ufoGC58^2*ufoGC69^2
       + 1/4*g_(1,6_,nu10)*g_(2,6_,nu11)*Vec(nu10,q3)*Vec(nu11,q3)*Vec(nu9,q3)
      ^2*Vec(nu12,-q3)*Vec(nu12,q2)*Deng(q2 + q3,xiw,M3)^4*Dghost(-p3,xiz)*
      Dghost( - p3 + q2 + q3,xiw)*ufoGC58^2*ufoGC69^2
       + 1/4*g_(1,6_,nu10)*g_(2,6_,nu11)*Vec(nu10,q3)*Vec(nu11,q3)*Vec(nu9,q3)
      ^2*Vec(nu12,-q3)*Vec(nu12,q3)*Deng(q2 + q3,xiw,M3)^4*Dghost(-p3,xiz)*
      Dghost( - p3 + q2 + q3,xiw)*ufoGC58^2*ufoGC69^2
       - 1/4*g_(1,6_,nu10)*g_(2,6_,nu11)*Vec(nu10,q3)*Vec(nu11,q3)*Vec(nu9,q3)
      ^2*Deng(q2 + q3,xiw,M3)^3*Dghost(-p3,xiz)*Dghost( - p3 + q2 + q3,xiw)*
      ufoGC58^2*ufoGC69^2
       + 1/4*g_(1,6_,nu10)*g_(2,6_,nu11)*Vec(nu10,q3)*Vec(nu11,q3)*Vec(nu9,-p3
      )*Vec(nu9,q2)*Vec(nu12,q2)^2*Deng(q2 + q3,xiw,M3)^4*Dghost(-p3,xiz)*
      Dghost( - p3 + q2 + q3,xiw)*ufoGC58^2*ufoGC69^2
       + 1/2*g_(1,6_,nu10)*g_(2,6_,nu11)*Vec(nu10,q3)*Vec(nu11,q3)*Vec(nu9,-p3
      )*Vec(nu9,q2)*Vec(nu12,q2)*Vec(nu12,q3)*Deng(q2 + q3,xiw,M3)^4*Dghost(
      -p3,xiz)*Dghost( - p3 + q2 + q3,xiw)*ufoGC58^2*ufoGC69^2
       + 1/4*g_(1,6_,nu10)*g_(2,6_,nu11)*Vec(nu10,q3)*Vec(nu11,q3)*Vec(nu9,-p3
      )*Vec(nu9,q2)*Vec(nu12,q3)^2*Deng(q2 + q3,xiw,M3)^4*Dghost(-p3,xiz)*
      Dghost( - p3 + q2 + q3,xiw)*ufoGC58^2*ufoGC69^2
       + 1/4*g_(1,6_,nu10)*g_(2,6_,nu11)*Vec(nu10,q3)*Vec(nu11,q3)*Vec(nu9,-p3
      )*Vec(nu9,q2)*Vec(nu12,-p3)*Vec(nu12,q2)*Deng(q2 + q3,xiw,M3)^4*Dghost(
      -p3,xiz)*Dghost( - p3 + q2 + q3,xiw)*ufoGC58^2*ufoGC69^2
       + 1/4*g_(1,6_,nu10)*g_(2,6_,nu11)*Vec(nu10,q3)*Vec(nu11,q3)*Vec(nu9,-p3
      )*Vec(nu9,q2)*Vec(nu12,-p3)*Vec(nu12,q3)*Deng(q2 + q3,xiw,M3)^4*Dghost(
      -p3,xiz)*Dghost( - p3 + q2 + q3,xiw)*ufoGC58^2*ufoGC69^2
       + 1/4*g_(1,6_,nu10)*g_(2,6_,nu11)*Vec(nu10,q3)*Vec(nu11,q3)*Vec(nu9,-p3
      )*Vec(nu9,q2)*Vec(nu12,-q2)*Vec(nu12,q2)*Deng(q2 + q3,xiw,M3)^4*Dghost(
      -p3,xiz)*Dghost( - p3 + q2 + q3,xiw)*ufoGC58^2*ufoGC69^2
       + 1/4*g_(1,6_,nu10)*g_(2,6_,nu11)*Vec(nu10,q3)*Vec(nu11,q3)*Vec(nu9,-p3
      )*Vec(nu9,q2)*Vec(nu12,-q2)*Vec(nu12,q3)*Deng(q2 + q3,xiw,M3)^4*Dghost(
      -p3,xiz)*Dghost( - p3 + q2 + q3,xiw)*ufoGC58^2*ufoGC69^2
       + 1/4*g_(1,6_,nu10)*g_(2,6_,nu11)*Vec(nu10,q3)*Vec(nu11,q3)*Vec(nu9,-p3
      )*Vec(nu9,q2)*Vec(nu12,-q3)*Vec(nu12,q2)*Deng(q2 + q3,xiw,M3)^4*Dghost(
      -p3,xiz)*Dghost( - p3 + q2 + q3,xiw)*ufoGC58^2*ufoGC69^2
       + 1/4*g_(1,6_,nu10)*g_(2,6_,nu11)*Vec(nu10,q3)*Vec(nu11,q3)*Vec(nu9,-p3
      )*Vec(nu9,q2)*Vec(nu12,-q3)*Vec(nu12,q3)*Deng(q2 + q3,xiw,M3)^4*Dghost(
      -p3,xiz)*Dghost( - p3 + q2 + q3,xiw)*ufoGC58^2*ufoGC69^2
       - 1/4*g_(1,6_,nu10)*g_(2,6_,nu11)*Vec(nu10,q3)*Vec(nu11,q3)*Vec(nu9,-p3
      )*Vec(nu9,q2)*Deng(q2 + q3,xiw,M3)^3*Dghost(-p3,xiz)*Dghost( - p3 + q2
       + q3,xiw)*ufoGC58^2*ufoGC69^2
       + 1/4*g_(1,6_,nu10)*g_(2,6_,nu11)*Vec(nu10,q3)*Vec(nu11,q3)*Vec(nu9,-p3
      )*Vec(nu9,q3)*Vec(nu12,q2)^2*Deng(q2 + q3,xiw,M3)^4*Dghost(-p3,xiz)*
      Dghost( - p3 + q2 + q3,xiw)*ufoGC58^2*ufoGC69^2
       + 1/2*g_(1,6_,nu10)*g_(2,6_,nu11)*Vec(nu10,q3)*Vec(nu11,q3)*Vec(nu9,-p3
      )*Vec(nu9,q3)*Vec(nu12,q2)*Vec(nu12,q3)*Deng(q2 + q3,xiw,M3)^4*Dghost(
      -p3,xiz)*Dghost( - p3 + q2 + q3,xiw)*ufoGC58^2*ufoGC69^2
       + 1/4*g_(1,6_,nu10)*g_(2,6_,nu11)*Vec(nu10,q3)*Vec(nu11,q3)*Vec(nu9,-p3
      )*Vec(nu9,q3)*Vec(nu12,q3)^2*Deng(q2 + q3,xiw,M3)^4*Dghost(-p3,xiz)*
      Dghost( - p3 + q2 + q3,xiw)*ufoGC58^2*ufoGC69^2
       + 1/4*g_(1,6_,nu10)*g_(2,6_,nu11)*Vec(nu10,q3)*Vec(nu11,q3)*Vec(nu9,-p3
      )*Vec(nu9,q3)*Vec(nu12,-p3)*Vec(nu12,q2)*Deng(q2 + q3,xiw,M3)^4*Dghost(
      -p3,xiz)*Dghost( - p3 + q2 + q3,xiw)*ufoGC58^2*ufoGC69^2
       + 1/4*g_(1,6_,nu10)*g_(2,6_,nu11)*Vec(nu10,q3)*Vec(nu11,q3)*Vec(nu9,-p3
      )*Vec(nu9,q3)*Vec(nu12,-p3)*Vec(nu12,q3)*Deng(q2 + q3,xiw,M3)^4*Dghost(
      -p3,xiz)*Dghost( - p3 + q2 + q3,xiw)*ufoGC58^2*ufoGC69^2
       + 1/4*g_(1,6_,nu10)*g_(2,6_,nu11)*Vec(nu10,q3)*Vec(nu11,q3)*Vec(nu9,-p3
      )*Vec(nu9,q3)*Vec(nu12,-q2)*Vec(nu12,q2)*Deng(q2 + q3,xiw,M3)^4*Dghost(
      -p3,xiz)*Dghost( - p3 + q2 + q3,xiw)*ufoGC58^2*ufoGC69^2
       + 1/4*g_(1,6_,nu10)*g_(2,6_,nu11)*Vec(nu10,q3)*Vec(nu11,q3)*Vec(nu9,-p3
      )*Vec(nu9,q3)*Vec(nu12,-q2)*Vec(nu12,q3)*Deng(q2 + q3,xiw,M3)^4*Dghost(
      -p3,xiz)*Dghost( - p3 + q2 + q3,xiw)*ufoGC58^2*ufoGC69^2
       + 1/4*g_(1,6_,nu10)*g_(2,6_,nu11)*Vec(nu10,q3)*Vec(nu11,q3)*Vec(nu9,-p3
      )*Vec(nu9,q3)*Vec(nu12,-q3)*Vec(nu12,q2)*Deng(q2 + q3,xiw,M3)^4*Dghost(
      -p3,xiz)*Dghost( - p3 + q2 + q3,xiw)*ufoGC58^2*ufoGC69^2
       + 1/4*g_(1,6_,nu10)*g_(2,6_,nu11)*Vec(nu10,q3)*Vec(nu11,q3)*Vec(nu9,-p3
      )*Vec(nu9,q3)*Vec(nu12,-q3)*Vec(nu12,q3)*Deng(q2 + q3,xiw,M3)^4*Dghost(
      -p3,xiz)*Dghost( - p3 + q2 + q3,xiw)*ufoGC58^2*ufoGC69^2
       - 1/4*g_(1,6_,nu10)*g_(2,6_,nu11)*Vec(nu10,q3)*Vec(nu11,q3)*Vec(nu9,-p3
      )*Vec(nu9,q3)*Deng(q2 + q3,xiw,M3)^3*Dghost(-p3,xiz)*Dghost( - p3 + q2
       + q3,xiw)*ufoGC58^2*ufoGC69^2
       - 1/4*g_(1,6_,nu10)*g_(2,6_,nu11)*Vec(nu10,q3)*Vec(nu11,-p3)*Vec(nu9,q2
      )^2*Deng(q2 + q3,xiw,M3)^3*Dghost(-p3,xiz)*Dghost( - p3 + q2 + q3,xiw)*
      ufoGC58^2*ufoGC69^2
       - 1/2*g_(1,6_,nu10)*g_(2,6_,nu11)*Vec(nu10,q3)*Vec(nu11,-p3)*Vec(nu9,q2
      )*Vec(nu9,q3)*Deng(q2 + q3,xiw,M3)^3*Dghost(-p3,xiz)*Dghost( - p3 + q2
       + q3,xiw)*ufoGC58^2*ufoGC69^2
       - 1/4*g_(1,6_,nu10)*g_(2,6_,nu11)*Vec(nu10,q3)*Vec(nu11,-p3)*Vec(nu9,q3
      )^2*Deng(q2 + q3,xiw,M3)^3*Dghost(-p3,xiz)*Dghost( - p3 + q2 + q3,xiw)*
      ufoGC58^2*ufoGC69^2
       - 1/4*g_(1,6_,nu10)*g_(2,6_,nu11)*Vec(nu10,q3)*Vec(nu11,-p3)*Vec(nu9,
      -p3)*Vec(nu9,q2)*Deng(q2 + q3,xiw,M3)^3*Dghost(-p3,xiz)*Dghost( - p3 + 
      q2 + q3,xiw)*ufoGC58^2*ufoGC69^2
       - 1/4*g_(1,6_,nu10)*g_(2,6_,nu11)*Vec(nu10,q3)*Vec(nu11,-p3)*Vec(nu9,
      -p3)*Vec(nu9,q3)*Deng(q2 + q3,xiw,M3)^3*Dghost(-p3,xiz)*Dghost( - p3 + 
      q2 + q3,xiw)*ufoGC58^2*ufoGC69^2
       - 1/4*g_(1,6_,nu10)*g_(2,6_,nu11)*Vec(nu10,q3)*Vec(nu11,-q2)*Vec(nu9,q2
      )^2*Deng(q2 + q3,xiw,M3)^3*Dghost(-p3,xiz)*Dghost( - p3 + q2 + q3,xiw)*
      ufoGC58^2*ufoGC69^2
       - 1/2*g_(1,6_,nu10)*g_(2,6_,nu11)*Vec(nu10,q3)*Vec(nu11,-q2)*Vec(nu9,q2
      )*Vec(nu9,q3)*Deng(q2 + q3,xiw,M3)^3*Dghost(-p3,xiz)*Dghost( - p3 + q2
       + q3,xiw)*ufoGC58^2*ufoGC69^2
       - 1/4*g_(1,6_,nu10)*g_(2,6_,nu11)*Vec(nu10,q3)*Vec(nu11,-q2)*Vec(nu9,q3
      )^2*Deng(q2 + q3,xiw,M3)^3*Dghost(-p3,xiz)*Dghost( - p3 + q2 + q3,xiw)*
      ufoGC58^2*ufoGC69^2
       - 1/4*g_(1,6_,nu10)*g_(2,6_,nu11)*Vec(nu10,q3)*Vec(nu11,-q2)*Vec(nu9,
      -p3)*Vec(nu9,q2)*Deng(q2 + q3,xiw,M3)^3*Dghost(-p3,xiz)*Dghost( - p3 + 
      q2 + q3,xiw)*ufoGC58^2*ufoGC69^2
       - 1/4*g_(1,6_,nu10)*g_(2,6_,nu11)*Vec(nu10,q3)*Vec(nu11,-q2)*Vec(nu9,
      -p3)*Vec(nu9,q3)*Deng(q2 + q3,xiw,M3)^3*Dghost(-p3,xiz)*Dghost( - p3 + 
      q2 + q3,xiw)*ufoGC58^2*ufoGC69^2
       - 1/4*g_(1,6_,nu10)*g_(2,6_,nu11)*Vec(nu10,q3)*Vec(nu11,-q3)*Vec(nu9,q2
      )^2*Deng(q2 + q3,xiw,M3)^3*Dghost(-p3,xiz)*Dghost( - p3 + q2 + q3,xiw)*
      ufoGC58^2*ufoGC69^2
       - 1/2*g_(1,6_,nu10)*g_(2,6_,nu11)*Vec(nu10,q3)*Vec(nu11,-q3)*Vec(nu9,q2
      )*Vec(nu9,q3)*Deng(q2 + q3,xiw,M3)^3*Dghost(-p3,xiz)*Dghost( - p3 + q2
       + q3,xiw)*ufoGC58^2*ufoGC69^2
       - 1/4*g_(1,6_,nu10)*g_(2,6_,nu11)*Vec(nu10,q3)*Vec(nu11,-q3)*Vec(nu9,q3
      )^2*Deng(q2 + q3,xiw,M3)^3*Dghost(-p3,xiz)*Dghost( - p3 + q2 + q3,xiw)*
      ufoGC58^2*ufoGC69^2
       - 1/4*g_(1,6_,nu10)*g_(2,6_,nu11)*Vec(nu10,q3)*Vec(nu11,-q3)*Vec(nu9,
      -p3)*Vec(nu9,q2)*Deng(q2 + q3,xiw,M3)^3*Dghost(-p3,xiz)*Dghost( - p3 + 
      q2 + q3,xiw)*ufoGC58^2*ufoGC69^2
       - 1/4*g_(1,6_,nu10)*g_(2,6_,nu11)*Vec(nu10,q3)*Vec(nu11,-q3)*Vec(nu9,
      -p3)*Vec(nu9,q3)*Deng(q2 + q3,xiw,M3)^3*Dghost(-p3,xiz)*Dghost( - p3 + 
      q2 + q3,xiw)*ufoGC58^2*ufoGC69^2
       - 1/4*g_(1,6_,nu9)*g_(2,6_,nu11)*Vec(nu11,q2)*Vec(nu9,q2)*Vec(nu12,q2)^
      2*Deng(q2 + q3,xiw,M3)^3*Dghost(-p3,xiz)*Dghost( - p3 + q2 + q3,xiw)*
      ufoGC58^2*ufoGC69^2
       - 1/2*g_(1,6_,nu9)*g_(2,6_,nu11)*Vec(nu11,q2)*Vec(nu9,q2)*Vec(nu12,q2)*
      Vec(nu12,q3)*Deng(q2 + q3,xiw,M3)^3*Dghost(-p3,xiz)*Dghost( - p3 + q2 + 
      q3,xiw)*ufoGC58^2*ufoGC69^2
       - 1/4*g_(1,6_,nu9)*g_(2,6_,nu11)*Vec(nu11,q2)*Vec(nu9,q2)*Vec(nu12,q3)^
      2*Deng(q2 + q3,xiw,M3)^3*Dghost(-p3,xiz)*Dghost( - p3 + q2 + q3,xiw)*
      ufoGC58^2*ufoGC69^2
       - 1/4*g_(1,6_,nu9)*g_(2,6_,nu11)*Vec(nu11,q2)*Vec(nu9,q2)*Vec(nu12,-p3)
      *Vec(nu12,q2)*Deng(q2 + q3,xiw,M3)^3*Dghost(-p3,xiz)*Dghost( - p3 + q2
       + q3,xiw)*ufoGC58^2*ufoGC69^2
       - 1/4*g_(1,6_,nu9)*g_(2,6_,nu11)*Vec(nu11,q2)*Vec(nu9,q2)*Vec(nu12,-p3)
      *Vec(nu12,q3)*Deng(q2 + q3,xiw,M3)^3*Dghost(-p3,xiz)*Dghost( - p3 + q2
       + q3,xiw)*ufoGC58^2*ufoGC69^2
       - 1/4*g_(1,6_,nu9)*g_(2,6_,nu11)*Vec(nu11,q2)*Vec(nu9,q2)*Vec(nu12,-q2)
      *Vec(nu12,q2)*Deng(q2 + q3,xiw,M3)^3*Dghost(-p3,xiz)*Dghost( - p3 + q2
       + q3,xiw)*ufoGC58^2*ufoGC69^2
       - 1/4*g_(1,6_,nu9)*g_(2,6_,nu11)*Vec(nu11,q2)*Vec(nu9,q2)*Vec(nu12,-q2)
      *Vec(nu12,q3)*Deng(q2 + q3,xiw,M3)^3*Dghost(-p3,xiz)*Dghost( - p3 + q2
       + q3,xiw)*ufoGC58^2*ufoGC69^2
       - 1/4*g_(1,6_,nu9)*g_(2,6_,nu11)*Vec(nu11,q2)*Vec(nu9,q2)*Vec(nu12,-q3)
      *Vec(nu12,q2)*Deng(q2 + q3,xiw,M3)^3*Dghost(-p3,xiz)*Dghost( - p3 + q2
       + q3,xiw)*ufoGC58^2*ufoGC69^2
       - 1/4*g_(1,6_,nu9)*g_(2,6_,nu11)*Vec(nu11,q2)*Vec(nu9,q2)*Vec(nu12,-q3)
      *Vec(nu12,q3)*Deng(q2 + q3,xiw,M3)^3*Dghost(-p3,xiz)*Dghost( - p3 + q2
       + q3,xiw)*ufoGC58^2*ufoGC69^2
       + 1/4*g_(1,6_,nu9)*g_(2,6_,nu11)*Vec(nu11,q2)*Vec(nu9,q2)*Deng(q2 + q3,
      xiw,M3)^2*Dghost(-p3,xiz)*Dghost( - p3 + q2 + q3,xiw)*ufoGC58^2*
      ufoGC69^2
       - 1/4*g_(1,6_,nu9)*g_(2,6_,nu11)*Vec(nu11,q2)*Vec(nu9,q3)*Vec(nu12,q2)^
      2*Deng(q2 + q3,xiw,M3)^3*Dghost(-p3,xiz)*Dghost( - p3 + q2 + q3,xiw)*
      ufoGC58^2*ufoGC69^2
       - 1/2*g_(1,6_,nu9)*g_(2,6_,nu11)*Vec(nu11,q2)*Vec(nu9,q3)*Vec(nu12,q2)*
      Vec(nu12,q3)*Deng(q2 + q3,xiw,M3)^3*Dghost(-p3,xiz)*Dghost( - p3 + q2 + 
      q3,xiw)*ufoGC58^2*ufoGC69^2
       - 1/4*g_(1,6_,nu9)*g_(2,6_,nu11)*Vec(nu11,q2)*Vec(nu9,q3)*Vec(nu12,q3)^
      2*Deng(q2 + q3,xiw,M3)^3*Dghost(-p3,xiz)*Dghost( - p3 + q2 + q3,xiw)*
      ufoGC58^2*ufoGC69^2
       - 1/4*g_(1,6_,nu9)*g_(2,6_,nu11)*Vec(nu11,q2)*Vec(nu9,q3)*Vec(nu12,-p3)
      *Vec(nu12,q2)*Deng(q2 + q3,xiw,M3)^3*Dghost(-p3,xiz)*Dghost( - p3 + q2
       + q3,xiw)*ufoGC58^2*ufoGC69^2
       - 1/4*g_(1,6_,nu9)*g_(2,6_,nu11)*Vec(nu11,q2)*Vec(nu9,q3)*Vec(nu12,-p3)
      *Vec(nu12,q3)*Deng(q2 + q3,xiw,M3)^3*Dghost(-p3,xiz)*Dghost( - p3 + q2
       + q3,xiw)*ufoGC58^2*ufoGC69^2
       - 1/4*g_(1,6_,nu9)*g_(2,6_,nu11)*Vec(nu11,q2)*Vec(nu9,q3)*Vec(nu12,-q2)
      *Vec(nu12,q2)*Deng(q2 + q3,xiw,M3)^3*Dghost(-p3,xiz)*Dghost( - p3 + q2
       + q3,xiw)*ufoGC58^2*ufoGC69^2
       - 1/4*g_(1,6_,nu9)*g_(2,6_,nu11)*Vec(nu11,q2)*Vec(nu9,q3)*Vec(nu12,-q2)
      *Vec(nu12,q3)*Deng(q2 + q3,xiw,M3)^3*Dghost(-p3,xiz)*Dghost( - p3 + q2
       + q3,xiw)*ufoGC58^2*ufoGC69^2
       - 1/4*g_(1,6_,nu9)*g_(2,6_,nu11)*Vec(nu11,q2)*Vec(nu9,q3)*Vec(nu12,-q3)
      *Vec(nu12,q2)*Deng(q2 + q3,xiw,M3)^3*Dghost(-p3,xiz)*Dghost( - p3 + q2
       + q3,xiw)*ufoGC58^2*ufoGC69^2
       - 1/4*g_(1,6_,nu9)*g_(2,6_,nu11)*Vec(nu11,q2)*Vec(nu9,q3)*Vec(nu12,-q3)
      *Vec(nu12,q3)*Deng(q2 + q3,xiw,M3)^3*Dghost(-p3,xiz)*Dghost( - p3 + q2
       + q3,xiw)*ufoGC58^2*ufoGC69^2
       + 1/4*g_(1,6_,nu9)*g_(2,6_,nu11)*Vec(nu11,q2)*Vec(nu9,q3)*Deng(q2 + q3,
      xiw,M3)^2*Dghost(-p3,xiz)*Dghost( - p3 + q2 + q3,xiw)*ufoGC58^2*
      ufoGC69^2
       - 1/4*g_(1,6_,nu9)*g_(2,6_,nu11)*Vec(nu11,q2)*Vec(nu9,-p3)*Vec(nu12,q2)
      ^2*Deng(q2 + q3,xiw,M3)^3*Dghost(-p3,xiz)*Dghost( - p3 + q2 + q3,xiw)*
      ufoGC58^2*ufoGC69^2
       - 1/2*g_(1,6_,nu9)*g_(2,6_,nu11)*Vec(nu11,q2)*Vec(nu9,-p3)*Vec(nu12,q2)
      *Vec(nu12,q3)*Deng(q2 + q3,xiw,M3)^3*Dghost(-p3,xiz)*Dghost( - p3 + q2
       + q3,xiw)*ufoGC58^2*ufoGC69^2
       - 1/4*g_(1,6_,nu9)*g_(2,6_,nu11)*Vec(nu11,q2)*Vec(nu9,-p3)*Vec(nu12,q3)
      ^2*Deng(q2 + q3,xiw,M3)^3*Dghost(-p3,xiz)*Dghost( - p3 + q2 + q3,xiw)*
      ufoGC58^2*ufoGC69^2
       - 1/4*g_(1,6_,nu9)*g_(2,6_,nu11)*Vec(nu11,q2)*Vec(nu9,-p3)*Vec(nu12,-p3
      )*Vec(nu12,q2)*Deng(q2 + q3,xiw,M3)^3*Dghost(-p3,xiz)*Dghost( - p3 + q2
       + q3,xiw)*ufoGC58^2*ufoGC69^2
       - 1/4*g_(1,6_,nu9)*g_(2,6_,nu11)*Vec(nu11,q2)*Vec(nu9,-p3)*Vec(nu12,-p3
      )*Vec(nu12,q3)*Deng(q2 + q3,xiw,M3)^3*Dghost(-p3,xiz)*Dghost( - p3 + q2
       + q3,xiw)*ufoGC58^2*ufoGC69^2
       - 1/4*g_(1,6_,nu9)*g_(2,6_,nu11)*Vec(nu11,q2)*Vec(nu9,-p3)*Vec(nu12,-q2
      )*Vec(nu12,q2)*Deng(q2 + q3,xiw,M3)^3*Dghost(-p3,xiz)*Dghost( - p3 + q2
       + q3,xiw)*ufoGC58^2*ufoGC69^2
       - 1/4*g_(1,6_,nu9)*g_(2,6_,nu11)*Vec(nu11,q2)*Vec(nu9,-p3)*Vec(nu12,-q2
      )*Vec(nu12,q3)*Deng(q2 + q3,xiw,M3)^3*Dghost(-p3,xiz)*Dghost( - p3 + q2
       + q3,xiw)*ufoGC58^2*ufoGC69^2
       - 1/4*g_(1,6_,nu9)*g_(2,6_,nu11)*Vec(nu11,q2)*Vec(nu9,-p3)*Vec(nu12,-q3
      )*Vec(nu12,q2)*Deng(q2 + q3,xiw,M3)^3*Dghost(-p3,xiz)*Dghost( - p3 + q2
       + q3,xiw)*ufoGC58^2*ufoGC69^2
       - 1/4*g_(1,6_,nu9)*g_(2,6_,nu11)*Vec(nu11,q2)*Vec(nu9,-p3)*Vec(nu12,-q3
      )*Vec(nu12,q3)*Deng(q2 + q3,xiw,M3)^3*Dghost(-p3,xiz)*Dghost( - p3 + q2
       + q3,xiw)*ufoGC58^2*ufoGC69^2
       + 1/4*g_(1,6_,nu9)*g_(2,6_,nu11)*Vec(nu11,q2)*Vec(nu9,-p3)*Deng(q2 + q3
      ,xiw,M3)^2*Dghost(-p3,xiz)*Dghost( - p3 + q2 + q3,xiw)*ufoGC58^2*
      ufoGC69^2
       - 1/4*g_(1,6_,nu9)*g_(2,6_,nu11)*Vec(nu11,q3)*Vec(nu9,q2)*Vec(nu12,q2)^
      2*Deng(q2 + q3,xiw,M3)^3*Dghost(-p3,xiz)*Dghost( - p3 + q2 + q3,xiw)*
      ufoGC58^2*ufoGC69^2
       - 1/2*g_(1,6_,nu9)*g_(2,6_,nu11)*Vec(nu11,q3)*Vec(nu9,q2)*Vec(nu12,q2)*
      Vec(nu12,q3)*Deng(q2 + q3,xiw,M3)^3*Dghost(-p3,xiz)*Dghost( - p3 + q2 + 
      q3,xiw)*ufoGC58^2*ufoGC69^2
       - 1/4*g_(1,6_,nu9)*g_(2,6_,nu11)*Vec(nu11,q3)*Vec(nu9,q2)*Vec(nu12,q3)^
      2*Deng(q2 + q3,xiw,M3)^3*Dghost(-p3,xiz)*Dghost( - p3 + q2 + q3,xiw)*
      ufoGC58^2*ufoGC69^2
       - 1/4*g_(1,6_,nu9)*g_(2,6_,nu11)*Vec(nu11,q3)*Vec(nu9,q2)*Vec(nu12,-p3)
      *Vec(nu12,q2)*Deng(q2 + q3,xiw,M3)^3*Dghost(-p3,xiz)*Dghost( - p3 + q2
       + q3,xiw)*ufoGC58^2*ufoGC69^2
       - 1/4*g_(1,6_,nu9)*g_(2,6_,nu11)*Vec(nu11,q3)*Vec(nu9,q2)*Vec(nu12,-p3)
      *Vec(nu12,q3)*Deng(q2 + q3,xiw,M3)^3*Dghost(-p3,xiz)*Dghost( - p3 + q2
       + q3,xiw)*ufoGC58^2*ufoGC69^2
       - 1/4*g_(1,6_,nu9)*g_(2,6_,nu11)*Vec(nu11,q3)*Vec(nu9,q2)*Vec(nu12,-q2)
      *Vec(nu12,q2)*Deng(q2 + q3,xiw,M3)^3*Dghost(-p3,xiz)*Dghost( - p3 + q2
       + q3,xiw)*ufoGC58^2*ufoGC69^2
       - 1/4*g_(1,6_,nu9)*g_(2,6_,nu11)*Vec(nu11,q3)*Vec(nu9,q2)*Vec(nu12,-q2)
      *Vec(nu12,q3)*Deng(q2 + q3,xiw,M3)^3*Dghost(-p3,xiz)*Dghost( - p3 + q2
       + q3,xiw)*ufoGC58^2*ufoGC69^2
       - 1/4*g_(1,6_,nu9)*g_(2,6_,nu11)*Vec(nu11,q3)*Vec(nu9,q2)*Vec(nu12,-q3)
      *Vec(nu12,q2)*Deng(q2 + q3,xiw,M3)^3*Dghost(-p3,xiz)*Dghost( - p3 + q2
       + q3,xiw)*ufoGC58^2*ufoGC69^2
       - 1/4*g_(1,6_,nu9)*g_(2,6_,nu11)*Vec(nu11,q3)*Vec(nu9,q2)*Vec(nu12,-q3)
      *Vec(nu12,q3)*Deng(q2 + q3,xiw,M3)^3*Dghost(-p3,xiz)*Dghost( - p3 + q2
       + q3,xiw)*ufoGC58^2*ufoGC69^2
       + 1/4*g_(1,6_,nu9)*g_(2,6_,nu11)*Vec(nu11,q3)*Vec(nu9,q2)*Deng(q2 + q3,
      xiw,M3)^2*Dghost(-p3,xiz)*Dghost( - p3 + q2 + q3,xiw)*ufoGC58^2*
      ufoGC69^2
       - 1/4*g_(1,6_,nu9)*g_(2,6_,nu11)*Vec(nu11,q3)*Vec(nu9,q3)*Vec(nu12,q2)^
      2*Deng(q2 + q3,xiw,M3)^3*Dghost(-p3,xiz)*Dghost( - p3 + q2 + q3,xiw)*
      ufoGC58^2*ufoGC69^2
       - 1/2*g_(1,6_,nu9)*g_(2,6_,nu11)*Vec(nu11,q3)*Vec(nu9,q3)*Vec(nu12,q2)*
      Vec(nu12,q3)*Deng(q2 + q3,xiw,M3)^3*Dghost(-p3,xiz)*Dghost( - p3 + q2 + 
      q3,xiw)*ufoGC58^2*ufoGC69^2
       - 1/4*g_(1,6_,nu9)*g_(2,6_,nu11)*Vec(nu11,q3)*Vec(nu9,q3)*Vec(nu12,q3)^
      2*Deng(q2 + q3,xiw,M3)^3*Dghost(-p3,xiz)*Dghost( - p3 + q2 + q3,xiw)*
      ufoGC58^2*ufoGC69^2
       - 1/4*g_(1,6_,nu9)*g_(2,6_,nu11)*Vec(nu11,q3)*Vec(nu9,q3)*Vec(nu12,-p3)
      *Vec(nu12,q2)*Deng(q2 + q3,xiw,M3)^3*Dghost(-p3,xiz)*Dghost( - p3 + q2
       + q3,xiw)*ufoGC58^2*ufoGC69^2
       - 1/4*g_(1,6_,nu9)*g_(2,6_,nu11)*Vec(nu11,q3)*Vec(nu9,q3)*Vec(nu12,-p3)
      *Vec(nu12,q3)*Deng(q2 + q3,xiw,M3)^3*Dghost(-p3,xiz)*Dghost( - p3 + q2
       + q3,xiw)*ufoGC58^2*ufoGC69^2
       - 1/4*g_(1,6_,nu9)*g_(2,6_,nu11)*Vec(nu11,q3)*Vec(nu9,q3)*Vec(nu12,-q2)
      *Vec(nu12,q2)*Deng(q2 + q3,xiw,M3)^3*Dghost(-p3,xiz)*Dghost( - p3 + q2
       + q3,xiw)*ufoGC58^2*ufoGC69^2
       - 1/4*g_(1,6_,nu9)*g_(2,6_,nu11)*Vec(nu11,q3)*Vec(nu9,q3)*Vec(nu12,-q2)
      *Vec(nu12,q3)*Deng(q2 + q3,xiw,M3)^3*Dghost(-p3,xiz)*Dghost( - p3 + q2
       + q3,xiw)*ufoGC58^2*ufoGC69^2
       - 1/4*g_(1,6_,nu9)*g_(2,6_,nu11)*Vec(nu11,q3)*Vec(nu9,q3)*Vec(nu12,-q3)
      *Vec(nu12,q2)*Deng(q2 + q3,xiw,M3)^3*Dghost(-p3,xiz)*Dghost( - p3 + q2
       + q3,xiw)*ufoGC58^2*ufoGC69^2
       - 1/4*g_(1,6_,nu9)*g_(2,6_,nu11)*Vec(nu11,q3)*Vec(nu9,q3)*Vec(nu12,-q3)
      *Vec(nu12,q3)*Deng(q2 + q3,xiw,M3)^3*Dghost(-p3,xiz)*Dghost( - p3 + q2
       + q3,xiw)*ufoGC58^2*ufoGC69^2
       + 1/4*g_(1,6_,nu9)*g_(2,6_,nu11)*Vec(nu11,q3)*Vec(nu9,q3)*Deng(q2 + q3,
      xiw,M3)^2*Dghost(-p3,xiz)*Dghost( - p3 + q2 + q3,xiw)*ufoGC58^2*
      ufoGC69^2
       - 1/4*g_(1,6_,nu9)*g_(2,6_,nu11)*Vec(nu11,q3)*Vec(nu9,-p3)*Vec(nu12,q2)
      ^2*Deng(q2 + q3,xiw,M3)^3*Dghost(-p3,xiz)*Dghost( - p3 + q2 + q3,xiw)*
      ufoGC58^2*ufoGC69^2
       - 1/2*g_(1,6_,nu9)*g_(2,6_,nu11)*Vec(nu11,q3)*Vec(nu9,-p3)*Vec(nu12,q2)
      *Vec(nu12,q3)*Deng(q2 + q3,xiw,M3)^3*Dghost(-p3,xiz)*Dghost( - p3 + q2
       + q3,xiw)*ufoGC58^2*ufoGC69^2
       - 1/4*g_(1,6_,nu9)*g_(2,6_,nu11)*Vec(nu11,q3)*Vec(nu9,-p3)*Vec(nu12,q3)
      ^2*Deng(q2 + q3,xiw,M3)^3*Dghost(-p3,xiz)*Dghost( - p3 + q2 + q3,xiw)*
      ufoGC58^2*ufoGC69^2
       - 1/4*g_(1,6_,nu9)*g_(2,6_,nu11)*Vec(nu11,q3)*Vec(nu9,-p3)*Vec(nu12,-p3
      )*Vec(nu12,q2)*Deng(q2 + q3,xiw,M3)^3*Dghost(-p3,xiz)*Dghost( - p3 + q2
       + q3,xiw)*ufoGC58^2*ufoGC69^2
       - 1/4*g_(1,6_,nu9)*g_(2,6_,nu11)*Vec(nu11,q3)*Vec(nu9,-p3)*Vec(nu12,-p3
      )*Vec(nu12,q3)*Deng(q2 + q3,xiw,M3)^3*Dghost(-p3,xiz)*Dghost( - p3 + q2
       + q3,xiw)*ufoGC58^2*ufoGC69^2
       - 1/4*g_(1,6_,nu9)*g_(2,6_,nu11)*Vec(nu11,q3)*Vec(nu9,-p3)*Vec(nu12,-q2
      )*Vec(nu12,q2)*Deng(q2 + q3,xiw,M3)^3*Dghost(-p3,xiz)*Dghost( - p3 + q2
       + q3,xiw)*ufoGC58^2*ufoGC69^2
       - 1/4*g_(1,6_,nu9)*g_(2,6_,nu11)*Vec(nu11,q3)*Vec(nu9,-p3)*Vec(nu12,-q2
      )*Vec(nu12,q3)*Deng(q2 + q3,xiw,M3)^3*Dghost(-p3,xiz)*Dghost( - p3 + q2
       + q3,xiw)*ufoGC58^2*ufoGC69^2
       - 1/4*g_(1,6_,nu9)*g_(2,6_,nu11)*Vec(nu11,q3)*Vec(nu9,-p3)*Vec(nu12,-q3
      )*Vec(nu12,q2)*Deng(q2 + q3,xiw,M3)^3*Dghost(-p3,xiz)*Dghost( - p3 + q2
       + q3,xiw)*ufoGC58^2*ufoGC69^2
       - 1/4*g_(1,6_,nu9)*g_(2,6_,nu11)*Vec(nu11,q3)*Vec(nu9,-p3)*Vec(nu12,-q3
      )*Vec(nu12,q3)*Deng(q2 + q3,xiw,M3)^3*Dghost(-p3,xiz)*Dghost( - p3 + q2
       + q3,xiw)*ufoGC58^2*ufoGC69^2
       + 1/4*g_(1,6_,nu9)*g_(2,6_,nu11)*Vec(nu11,q3)*Vec(nu9,-p3)*Deng(q2 + q3
      ,xiw,M3)^2*Dghost(-p3,xiz)*Dghost( - p3 + q2 + q3,xiw)*ufoGC58^2*
      ufoGC69^2
       + 1/4*g_(1,6_,nu9)*g_(2,6_,nu11)*Vec(nu11,-p3)*Vec(nu9,q2)*Deng(q2 + q3
      ,xiw,M3)^2*Dghost(-p3,xiz)*Dghost( - p3 + q2 + q3,xiw)*ufoGC58^2*
      ufoGC69^2
       + 1/4*g_(1,6_,nu9)*g_(2,6_,nu11)*Vec(nu11,-p3)*Vec(nu9,q3)*Deng(q2 + q3
      ,xiw,M3)^2*Dghost(-p3,xiz)*Dghost( - p3 + q2 + q3,xiw)*ufoGC58^2*
      ufoGC69^2
       + 1/4*g_(1,6_,nu9)*g_(2,6_,nu11)*Vec(nu11,-p3)*Vec(nu9,-p3)*Deng(q2 + 
      q3,xiw,M3)^2*Dghost(-p3,xiz)*Dghost( - p3 + q2 + q3,xiw)*ufoGC58^2*
      ufoGC69^2
       + 1/4*g_(1,6_,nu9)*g_(2,6_,nu11)*Vec(nu11,-q2)*Vec(nu9,q2)*Deng(q2 + q3
      ,xiw,M3)^2*Dghost(-p3,xiz)*Dghost( - p3 + q2 + q3,xiw)*ufoGC58^2*
      ufoGC69^2
       + 1/4*g_(1,6_,nu9)*g_(2,6_,nu11)*Vec(nu11,-q2)*Vec(nu9,q3)*Deng(q2 + q3
      ,xiw,M3)^2*Dghost(-p3,xiz)*Dghost( - p3 + q2 + q3,xiw)*ufoGC58^2*
      ufoGC69^2
       + 1/4*g_(1,6_,nu9)*g_(2,6_,nu11)*Vec(nu11,-q2)*Vec(nu9,-p3)*Deng(q2 + 
      q3,xiw,M3)^2*Dghost(-p3,xiz)*Dghost( - p3 + q2 + q3,xiw)*ufoGC58^2*
      ufoGC69^2
       + 1/4*g_(1,6_,nu9)*g_(2,6_,nu11)*Vec(nu11,-q3)*Vec(nu9,q2)*Deng(q2 + q3
      ,xiw,M3)^2*Dghost(-p3,xiz)*Dghost( - p3 + q2 + q3,xiw)*ufoGC58^2*
      ufoGC69^2
       + 1/4*g_(1,6_,nu9)*g_(2,6_,nu11)*Vec(nu11,-q3)*Vec(nu9,q3)*Deng(q2 + q3
      ,xiw,M3)^2*Dghost(-p3,xiz)*Dghost( - p3 + q2 + q3,xiw)*ufoGC58^2*
      ufoGC69^2
       + 1/4*g_(1,6_,nu9)*g_(2,6_,nu11)*Vec(nu11,-q3)*Vec(nu9,-p3)*Deng(q2 + 
      q3,xiw,M3)^2*Dghost(-p3,xiz)*Dghost( - p3 + q2 + q3,xiw)*ufoGC58^2*
      ufoGC69^2
      ;

  0.00 sec out of 0.00 sec
