FORM 5.0.0-beta.1 (Jan 15 2026, v5.0.0-beta.1-292-g4341c63)  Run: Thu Mar  5 11:47:20 2026
    #-

   d1l171amp =

       + Den(p4,xiw,M3)^2*Den(p4,xiz,M4)^2*Den(xiw,M3)^3 * (
          - 1/4*g_(1,6_,nu10)*FT2(g6)*Vec(nu10,q2)*Vec(nu9,q2)^2*p4.p4^2*xiz*
         ufoGC58*ufoGC107*ufoGC69*ufoGC85
          - 1/4*g_(1,6_,nu10)*FT2(g6)*Vec(nu10,q2)*Vec(nu9,q2)^2*Vec(nu14,q2)^
         2*p4.p4*d^-1*xiz*ufoGC58*ufoGC107*ufoGC69*ufoGC85
          - 1/2*g_(1,6_,nu10)*FT2(g6)*Vec(nu10,q2)*Vec(nu9,q2)^2*Vec(nu14,q2)*
         Vec(nu14,q3)*p4.p4*d^-1*xiz*ufoGC58*ufoGC107*ufoGC69*ufoGC85
          - 1/4*g_(1,6_,nu10)*FT2(g6)*Vec(nu10,q2)*Vec(nu9,q2)^2*Vec(nu14,q3)^
         2*p4.p4*d^-1*xiz*ufoGC58*ufoGC107*ufoGC69*ufoGC85
          - 1/2*g_(1,6_,nu10)*FT2(g6)*Vec(nu10,q2)*Vec(nu9,q2)*Vec(nu9,q3)*
         p4.p4^2*xiz*ufoGC58*ufoGC107*ufoGC69*ufoGC85
          - 1/2*g_(1,6_,nu10)*FT2(g6)*Vec(nu10,q2)*Vec(nu9,q2)*Vec(nu9,q3)*
         Vec(nu14,q2)^2*p4.p4*d^-1*xiz*ufoGC58*ufoGC107*ufoGC69*ufoGC85
          - g_(1,6_,nu10)*FT2(g6)*Vec(nu10,q2)*Vec(nu9,q2)*Vec(nu9,q3)*Vec(
         nu14,q2)*Vec(nu14,q3)*p4.p4*d^-1*xiz*ufoGC58*ufoGC107*ufoGC69*ufoGC85
          - 1/2*g_(1,6_,nu10)*FT2(g6)*Vec(nu10,q2)*Vec(nu9,q2)*Vec(nu9,q3)*
         Vec(nu14,q3)^2*p4.p4*d^-1*xiz*ufoGC58*ufoGC107*ufoGC69*ufoGC85
          - 1/4*g_(1,6_,nu10)*FT2(g6)*Vec(nu10,q2)*Vec(nu9,q3)^2*p4.p4^2*xiz*
         ufoGC58*ufoGC107*ufoGC69*ufoGC85
          - 1/4*g_(1,6_,nu10)*FT2(g6)*Vec(nu10,q2)*Vec(nu9,q3)^2*Vec(nu14,q2)^
         2*p4.p4*d^-1*xiz*ufoGC58*ufoGC107*ufoGC69*ufoGC85
          - 1/2*g_(1,6_,nu10)*FT2(g6)*Vec(nu10,q2)*Vec(nu9,q3)^2*Vec(nu14,q2)*
         Vec(nu14,q3)*p4.p4*d^-1*xiz*ufoGC58*ufoGC107*ufoGC69*ufoGC85
          - 1/4*g_(1,6_,nu10)*FT2(g6)*Vec(nu10,q2)*Vec(nu9,q3)^2*Vec(nu14,q3)^
         2*p4.p4*d^-1*xiz*ufoGC58*ufoGC107*ufoGC69*ufoGC85
          - 1/2*g_(1,6_,nu10)*FT2(g6)*Vec(nu10,q2)*Vec(nu13,q2)^2*p4.p4^2*d^-1
         *xiz*ufoGC58*ufoGC107*ufoGC69*ufoGC85
          - g_(1,6_,nu10)*FT2(g6)*Vec(nu10,q2)*Vec(nu13,q2)*Vec(nu13,q3)*
         p4.p4^2*d^-1*xiz*ufoGC58*ufoGC107*ufoGC69*ufoGC85
          - 1/2*g_(1,6_,nu10)*FT2(g6)*Vec(nu10,q2)*Vec(nu13,q3)^2*p4.p4^2*d^-1
         *xiz*ufoGC58*ufoGC107*ufoGC69*ufoGC85
          + 1/4*g_(1,6_,nu10)*FT2(g6)*Vec(nu10,q2)*Vec(nu14,q2)^2*p4.p4^2*xiz*
         ufoGC58*ufoGC107*ufoGC69*ufoGC85
          - 1/4*g_(1,6_,nu10)*FT2(g6)*Vec(nu10,q2)*Vec(nu14,q2)^2*p4.p4^2*d^-1
         *xiz*ufoGC58*ufoGC107*ufoGC69*ufoGC85
          + 1/4*g_(1,6_,nu10)*FT2(g6)*Vec(nu10,q2)*Vec(nu14,q2)^2*Vec(nu16,q2)
         ^2*p4.p4*d^-1*xiz*ufoGC58*ufoGC107*ufoGC69*ufoGC85
          + 1/2*g_(1,6_,nu10)*FT2(g6)*Vec(nu10,q2)*Vec(nu14,q2)^2*Vec(nu16,q2)
         *Vec(nu16,q3)*p4.p4*d^-1*xiz*ufoGC58*ufoGC107*ufoGC69*ufoGC85
          + 1/4*g_(1,6_,nu10)*FT2(g6)*Vec(nu10,q2)*Vec(nu14,q2)^2*Vec(nu16,q3)
         ^2*p4.p4*d^-1*xiz*ufoGC58*ufoGC107*ufoGC69*ufoGC85
          + 1/2*g_(1,6_,nu10)*FT2(g6)*Vec(nu10,q2)*Vec(nu14,q2)*Vec(nu14,q3)*
         p4.p4^2*xiz*ufoGC58*ufoGC107*ufoGC69*ufoGC85
          - 1/2*g_(1,6_,nu10)*FT2(g6)*Vec(nu10,q2)*Vec(nu14,q2)*Vec(nu14,q3)*
         p4.p4^2*d^-1*xiz*ufoGC58*ufoGC107*ufoGC69*ufoGC85
          + 1/2*g_(1,6_,nu10)*FT2(g6)*Vec(nu10,q2)*Vec(nu14,q2)*Vec(nu14,q3)*
         Vec(nu16,q2)^2*p4.p4*d^-1*xiz*ufoGC58*ufoGC107*ufoGC69*ufoGC85
          + g_(1,6_,nu10)*FT2(g6)*Vec(nu10,q2)*Vec(nu14,q2)*Vec(nu14,q3)*Vec(
         nu16,q2)*Vec(nu16,q3)*p4.p4*d^-1*xiz*ufoGC58*ufoGC107*ufoGC69*ufoGC85
          + 1/2*g_(1,6_,nu10)*FT2(g6)*Vec(nu10,q2)*Vec(nu14,q2)*Vec(nu14,q3)*
         Vec(nu16,q3)^2*p4.p4*d^-1*xiz*ufoGC58*ufoGC107*ufoGC69*ufoGC85
          + 1/4*g_(1,6_,nu10)*FT2(g6)*Vec(nu10,q2)*Vec(nu14,q3)^2*p4.p4^2*xiz*
         ufoGC58*ufoGC107*ufoGC69*ufoGC85
          - 1/4*g_(1,6_,nu10)*FT2(g6)*Vec(nu10,q2)*Vec(nu14,q3)^2*p4.p4^2*d^-1
         *xiz*ufoGC58*ufoGC107*ufoGC69*ufoGC85
          + 1/4*g_(1,6_,nu10)*FT2(g6)*Vec(nu10,q2)*Vec(nu14,q3)^2*Vec(nu16,q2)
         ^2*p4.p4*d^-1*xiz*ufoGC58*ufoGC107*ufoGC69*ufoGC85
          + 1/2*g_(1,6_,nu10)*FT2(g6)*Vec(nu10,q2)*Vec(nu14,q3)^2*Vec(nu16,q2)
         *Vec(nu16,q3)*p4.p4*d^-1*xiz*ufoGC58*ufoGC107*ufoGC69*ufoGC85
          + 1/4*g_(1,6_,nu10)*FT2(g6)*Vec(nu10,q2)*Vec(nu14,q3)^2*Vec(nu16,q3)
         ^2*p4.p4*d^-1*xiz*ufoGC58*ufoGC107*ufoGC69*ufoGC85
          + 3/4*g_(1,6_,nu10)*FT2(g6)*Vec(nu10,q2)*Vec(nu16,q2)^2*p4.p4^2*d^-1
         *xiz*ufoGC58*ufoGC107*ufoGC69*ufoGC85
          + 3/2*g_(1,6_,nu10)*FT2(g6)*Vec(nu10,q2)*Vec(nu16,q2)*Vec(nu16,q3)*
         p4.p4^2*d^-1*xiz*ufoGC58*ufoGC107*ufoGC69*ufoGC85
          + 3/4*g_(1,6_,nu10)*FT2(g6)*Vec(nu10,q2)*Vec(nu16,q3)^2*p4.p4^2*d^-1
         *xiz*ufoGC58*ufoGC107*ufoGC69*ufoGC85
          - 1/4*g_(1,6_,nu10)*FT2(g6)*Vec(nu10,q3)*Vec(nu9,q2)^2*p4.p4^2*xiz*
         ufoGC58*ufoGC107*ufoGC69*ufoGC85
          - 1/4*g_(1,6_,nu10)*FT2(g6)*Vec(nu10,q3)*Vec(nu9,q2)^2*Vec(nu14,q2)^
         2*p4.p4*d^-1*xiz*ufoGC58*ufoGC107*ufoGC69*ufoGC85
          - 1/2*g_(1,6_,nu10)*FT2(g6)*Vec(nu10,q3)*Vec(nu9,q2)^2*Vec(nu14,q2)*
         Vec(nu14,q3)*p4.p4*d^-1*xiz*ufoGC58*ufoGC107*ufoGC69*ufoGC85
          - 1/4*g_(1,6_,nu10)*FT2(g6)*Vec(nu10,q3)*Vec(nu9,q2)^2*Vec(nu14,q3)^
         2*p4.p4*d^-1*xiz*ufoGC58*ufoGC107*ufoGC69*ufoGC85
          - 1/2*g_(1,6_,nu10)*FT2(g6)*Vec(nu10,q3)*Vec(nu9,q2)*Vec(nu9,q3)*
         p4.p4^2*xiz*ufoGC58*ufoGC107*ufoGC69*ufoGC85
          - 1/2*g_(1,6_,nu10)*FT2(g6)*Vec(nu10,q3)*Vec(nu9,q2)*Vec(nu9,q3)*
         Vec(nu14,q2)^2*p4.p4*d^-1*xiz*ufoGC58*ufoGC107*ufoGC69*ufoGC85
          - g_(1,6_,nu10)*FT2(g6)*Vec(nu10,q3)*Vec(nu9,q2)*Vec(nu9,q3)*Vec(
         nu14,q2)*Vec(nu14,q3)*p4.p4*d^-1*xiz*ufoGC58*ufoGC107*ufoGC69*ufoGC85
          - 1/2*g_(1,6_,nu10)*FT2(g6)*Vec(nu10,q3)*Vec(nu9,q2)*Vec(nu9,q3)*
         Vec(nu14,q3)^2*p4.p4*d^-1*xiz*ufoGC58*ufoGC107*ufoGC69*ufoGC85
          - 1/4*g_(1,6_,nu10)*FT2(g6)*Vec(nu10,q3)*Vec(nu9,q3)^2*p4.p4^2*xiz*
         ufoGC58*ufoGC107*ufoGC69*ufoGC85
          - 1/4*g_(1,6_,nu10)*FT2(g6)*Vec(nu10,q3)*Vec(nu9,q3)^2*Vec(nu14,q2)^
         2*p4.p4*d^-1*xiz*ufoGC58*ufoGC107*ufoGC69*ufoGC85
          - 1/2*g_(1,6_,nu10)*FT2(g6)*Vec(nu10,q3)*Vec(nu9,q3)^2*Vec(nu14,q2)*
         Vec(nu14,q3)*p4.p4*d^-1*xiz*ufoGC58*ufoGC107*ufoGC69*ufoGC85
          - 1/4*g_(1,6_,nu10)*FT2(g6)*Vec(nu10,q3)*Vec(nu9,q3)^2*Vec(nu14,q3)^
         2*p4.p4*d^-1*xiz*ufoGC58*ufoGC107*ufoGC69*ufoGC85
          - 1/2*g_(1,6_,nu10)*FT2(g6)*Vec(nu10,q3)*Vec(nu13,q2)^2*p4.p4^2*d^-1
         *xiz*ufoGC58*ufoGC107*ufoGC69*ufoGC85
          - g_(1,6_,nu10)*FT2(g6)*Vec(nu10,q3)*Vec(nu13,q2)*Vec(nu13,q3)*
         p4.p4^2*d^-1*xiz*ufoGC58*ufoGC107*ufoGC69*ufoGC85
          - 1/2*g_(1,6_,nu10)*FT2(g6)*Vec(nu10,q3)*Vec(nu13,q3)^2*p4.p4^2*d^-1
         *xiz*ufoGC58*ufoGC107*ufoGC69*ufoGC85
          + 1/4*g_(1,6_,nu10)*FT2(g6)*Vec(nu10,q3)*Vec(nu14,q2)^2*p4.p4^2*xiz*
         ufoGC58*ufoGC107*ufoGC69*ufoGC85
          - 1/4*g_(1,6_,nu10)*FT2(g6)*Vec(nu10,q3)*Vec(nu14,q2)^2*p4.p4^2*d^-1
         *xiz*ufoGC58*ufoGC107*ufoGC69*ufoGC85
          + 1/4*g_(1,6_,nu10)*FT2(g6)*Vec(nu10,q3)*Vec(nu14,q2)^2*Vec(nu16,q2)
         ^2*p4.p4*d^-1*xiz*ufoGC58*ufoGC107*ufoGC69*ufoGC85
          + 1/2*g_(1,6_,nu10)*FT2(g6)*Vec(nu10,q3)*Vec(nu14,q2)^2*Vec(nu16,q2)
         *Vec(nu16,q3)*p4.p4*d^-1*xiz*ufoGC58*ufoGC107*ufoGC69*ufoGC85
          + 1/4*g_(1,6_,nu10)*FT2(g6)*Vec(nu10,q3)*Vec(nu14,q2)^2*Vec(nu16,q3)
         ^2*p4.p4*d^-1*xiz*ufoGC58*ufoGC107*ufoGC69*ufoGC85
          + 1/2*g_(1,6_,nu10)*FT2(g6)*Vec(nu10,q3)*Vec(nu14,q2)*Vec(nu14,q3)*
         p4.p4^2*xiz*ufoGC58*ufoGC107*ufoGC69*ufoGC85
          - 1/2*g_(1,6_,nu10)*FT2(g6)*Vec(nu10,q3)*Vec(nu14,q2)*Vec(nu14,q3)*
         p4.p4^2*d^-1*xiz*ufoGC58*ufoGC107*ufoGC69*ufoGC85
          + 1/2*g_(1,6_,nu10)*FT2(g6)*Vec(nu10,q3)*Vec(nu14,q2)*Vec(nu14,q3)*
         Vec(nu16,q2)^2*p4.p4*d^-1*xiz*ufoGC58*ufoGC107*ufoGC69*ufoGC85
          + g_(1,6_,nu10)*FT2(g6)*Vec(nu10,q3)*Vec(nu14,q2)*Vec(nu14,q3)*Vec(
         nu16,q2)*Vec(nu16,q3)*p4.p4*d^-1*xiz*ufoGC58*ufoGC107*ufoGC69*ufoGC85
          + 1/2*g_(1,6_,nu10)*FT2(g6)*Vec(nu10,q3)*Vec(nu14,q2)*Vec(nu14,q3)*
         Vec(nu16,q3)^2*p4.p4*d^-1*xiz*ufoGC58*ufoGC107*ufoGC69*ufoGC85
          + 1/4*g_(1,6_,nu10)*FT2(g6)*Vec(nu10,q3)*Vec(nu14,q3)^2*p4.p4^2*xiz*
         ufoGC58*ufoGC107*ufoGC69*ufoGC85
          - 1/4*g_(1,6_,nu10)*FT2(g6)*Vec(nu10,q3)*Vec(nu14,q3)^2*p4.p4^2*d^-1
         *xiz*ufoGC58*ufoGC107*ufoGC69*ufoGC85
          + 1/4*g_(1,6_,nu10)*FT2(g6)*Vec(nu10,q3)*Vec(nu14,q3)^2*Vec(nu16,q2)
         ^2*p4.p4*d^-1*xiz*ufoGC58*ufoGC107*ufoGC69*ufoGC85
          + 1/2*g_(1,6_,nu10)*FT2(g6)*Vec(nu10,q3)*Vec(nu14,q3)^2*Vec(nu16,q2)
         *Vec(nu16,q3)*p4.p4*d^-1*xiz*ufoGC58*ufoGC107*ufoGC69*ufoGC85
          + 1/4*g_(1,6_,nu10)*FT2(g6)*Vec(nu10,q3)*Vec(nu14,q3)^2*Vec(nu16,q3)
         ^2*p4.p4*d^-1*xiz*ufoGC58*ufoGC107*ufoGC69*ufoGC85
          + 3/4*g_(1,6_,nu10)*FT2(g6)*Vec(nu10,q3)*Vec(nu16,q2)^2*p4.p4^2*d^-1
         *xiz*ufoGC58*ufoGC107*ufoGC69*ufoGC85
          + 3/2*g_(1,6_,nu10)*FT2(g6)*Vec(nu10,q3)*Vec(nu16,q2)*Vec(nu16,q3)*
         p4.p4^2*d^-1*xiz*ufoGC58*ufoGC107*ufoGC69*ufoGC85
          + 3/4*g_(1,6_,nu10)*FT2(g6)*Vec(nu10,q3)*Vec(nu16,q3)^2*p4.p4^2*d^-1
         *xiz*ufoGC58*ufoGC107*ufoGC69*ufoGC85
          )

       + Den(p4,xiw,M3)^2*Den(p4,xiz,M4)^2*Den(xiw,M3)^2 * (
          + 1/4*g_(1,6_,nu9)*FT2(g6)*Vec(nu9,q2)*p4.p4^2*xiz*ufoGC58*ufoGC107*
         ufoGC69*ufoGC85
          + 1/4*g_(1,6_,nu9)*FT2(g6)*Vec(nu9,q2)*Vec(nu14,q2)^2*p4.p4*d^-1*xiz
         *ufoGC58*ufoGC107*ufoGC69*ufoGC85
          + 1/2*g_(1,6_,nu9)*FT2(g6)*Vec(nu9,q2)*Vec(nu14,q2)*Vec(nu14,q3)*
         p4.p4*d^-1*xiz*ufoGC58*ufoGC107*ufoGC69*ufoGC85
          + 1/4*g_(1,6_,nu9)*FT2(g6)*Vec(nu9,q2)*Vec(nu14,q3)^2*p4.p4*d^-1*xiz
         *ufoGC58*ufoGC107*ufoGC69*ufoGC85
          + 1/4*g_(1,6_,nu9)*FT2(g6)*Vec(nu9,q3)*p4.p4^2*xiz*ufoGC58*ufoGC107*
         ufoGC69*ufoGC85
          + 1/4*g_(1,6_,nu9)*FT2(g6)*Vec(nu9,q3)*Vec(nu14,q2)^2*p4.p4*d^-1*xiz
         *ufoGC58*ufoGC107*ufoGC69*ufoGC85
          + 1/2*g_(1,6_,nu9)*FT2(g6)*Vec(nu9,q3)*Vec(nu14,q2)*Vec(nu14,q3)*
         p4.p4*d^-1*xiz*ufoGC58*ufoGC107*ufoGC69*ufoGC85
          + 1/4*g_(1,6_,nu9)*FT2(g6)*Vec(nu9,q3)*Vec(nu14,q3)^2*p4.p4*d^-1*xiz
         *ufoGC58*ufoGC107*ufoGC69*ufoGC85
          + 1/2*g_(1,6_,nu13)*FT2(g6)*Vec(nu13,q2)*p4.p4^2*d^-1*xiz*ufoGC58*
         ufoGC107*ufoGC69*ufoGC85
          + 1/2*g_(1,6_,nu13)*FT2(g6)*Vec(nu13,q3)*p4.p4^2*d^-1*xiz*ufoGC58*
         ufoGC107*ufoGC69*ufoGC85
          - 1/4*g_(1,6_,nu14)*FT2(g6)*Vec(nu14,q2)*p4.p4^2*xiz*ufoGC58*
         ufoGC107*ufoGC69*ufoGC85
          + 1/4*g_(1,6_,nu14)*FT2(g6)*Vec(nu14,q2)*p4.p4^2*d^-1*xiz*ufoGC58*
         ufoGC107*ufoGC69*ufoGC85
          - 1/2*g_(1,6_,nu14)*FT2(g6)*Vec(nu14,q2)*Vec(nu16,q2)^2*p4.p4*d^-1*
         xiz*ufoGC58*ufoGC107*ufoGC69*ufoGC85
          - g_(1,6_,nu14)*FT2(g6)*Vec(nu14,q2)*Vec(nu16,q2)*Vec(nu16,q3)*p4.p4
         *d^-1*xiz*ufoGC58*ufoGC107*ufoGC69*ufoGC85
          - 1/2*g_(1,6_,nu14)*FT2(g6)*Vec(nu14,q2)*Vec(nu16,q3)^2*p4.p4*d^-1*
         xiz*ufoGC58*ufoGC107*ufoGC69*ufoGC85
          - 1/4*g_(1,6_,nu14)*FT2(g6)*Vec(nu14,q3)*p4.p4^2*xiz*ufoGC58*
         ufoGC107*ufoGC69*ufoGC85
          + 1/4*g_(1,6_,nu14)*FT2(g6)*Vec(nu14,q3)*p4.p4^2*d^-1*xiz*ufoGC58*
         ufoGC107*ufoGC69*ufoGC85
          - 1/2*g_(1,6_,nu14)*FT2(g6)*Vec(nu14,q3)*Vec(nu16,q2)^2*p4.p4*d^-1*
         xiz*ufoGC58*ufoGC107*ufoGC69*ufoGC85
          - g_(1,6_,nu14)*FT2(g6)*Vec(nu14,q3)*Vec(nu16,q2)*Vec(nu16,q3)*p4.p4
         *d^-1*xiz*ufoGC58*ufoGC107*ufoGC69*ufoGC85
          - 1/2*g_(1,6_,nu14)*FT2(g6)*Vec(nu14,q3)*Vec(nu16,q3)^2*p4.p4*d^-1*
         xiz*ufoGC58*ufoGC107*ufoGC69*ufoGC85
          + 1/4*g_(1,6_,nu16)*FT2(g6)*Vec(nu14,q2)^2*Vec(nu16,q2)*p4.p4*d^-1*
         xiz*ufoGC58*ufoGC107*ufoGC69*ufoGC85
          + 1/4*g_(1,6_,nu16)*FT2(g6)*Vec(nu14,q2)^2*Vec(nu16,q3)*p4.p4*d^-1*
         xiz*ufoGC58*ufoGC107*ufoGC69*ufoGC85
          + 1/2*g_(1,6_,nu16)*FT2(g6)*Vec(nu14,q2)*Vec(nu14,q3)*Vec(nu16,q2)*
         p4.p4*d^-1*xiz*ufoGC58*ufoGC107*ufoGC69*ufoGC85
          + 1/2*g_(1,6_,nu16)*FT2(g6)*Vec(nu14,q2)*Vec(nu14,q3)*Vec(nu16,q3)*
         p4.p4*d^-1*xiz*ufoGC58*ufoGC107*ufoGC69*ufoGC85
          + 1/4*g_(1,6_,nu16)*FT2(g6)*Vec(nu14,q3)^2*Vec(nu16,q2)*p4.p4*d^-1*
         xiz*ufoGC58*ufoGC107*ufoGC69*ufoGC85
          + 1/4*g_(1,6_,nu16)*FT2(g6)*Vec(nu14,q3)^2*Vec(nu16,q3)*p4.p4*d^-1*
         xiz*ufoGC58*ufoGC107*ufoGC69*ufoGC85
          - 3/4*g_(1,6_,nu16)*FT2(g6)*Vec(nu16,q2)*p4.p4^2*d^-1*xiz*ufoGC58*
         ufoGC107*ufoGC69*ufoGC85
          - 3/4*g_(1,6_,nu16)*FT2(g6)*Vec(nu16,q3)*p4.p4^2*d^-1*xiz*ufoGC58*
         ufoGC107*ufoGC69*ufoGC85
          )

       + Den(p4,xiw,M3)*Den(p4,xiz,M4)^2*Den(xiw,M3)^3 * (
          + 1/4*g_(1,6_,nu10)*FT2(g6)*Vec(nu10,q2)*Vec(nu9,q2)^2*p4.p4*xiz*
         ufoGC58*ufoGC107*ufoGC69*ufoGC85
          + 1/4*g_(1,6_,nu10)*FT2(g6)*Vec(nu10,q2)*Vec(nu9,q2)^2*Vec(nu13,q2)^
         2*xiz*ufoGC58*ufoGC107*ufoGC69*ufoGC85
          + 1/2*g_(1,6_,nu10)*FT2(g6)*Vec(nu10,q2)*Vec(nu9,q2)^2*Vec(nu13,q2)*
         Vec(nu13,q3)*xiz*ufoGC58*ufoGC107*ufoGC69*ufoGC85
          + 1/4*g_(1,6_,nu10)*FT2(g6)*Vec(nu10,q2)*Vec(nu9,q2)^2*Vec(nu13,q3)^
         2*xiz*ufoGC58*ufoGC107*ufoGC69*ufoGC85
          + 1/2*g_(1,6_,nu10)*FT2(g6)*Vec(nu10,q2)*Vec(nu9,q2)*Vec(nu9,q3)*
         p4.p4*xiz*ufoGC58*ufoGC107*ufoGC69*ufoGC85
          + 1/2*g_(1,6_,nu10)*FT2(g6)*Vec(nu10,q2)*Vec(nu9,q2)*Vec(nu9,q3)*
         Vec(nu13,q2)^2*xiz*ufoGC58*ufoGC107*ufoGC69*ufoGC85
          + g_(1,6_,nu10)*FT2(g6)*Vec(nu10,q2)*Vec(nu9,q2)*Vec(nu9,q3)*Vec(
         nu13,q2)*Vec(nu13,q3)*xiz*ufoGC58*ufoGC107*ufoGC69*ufoGC85
          + 1/2*g_(1,6_,nu10)*FT2(g6)*Vec(nu10,q2)*Vec(nu9,q2)*Vec(nu9,q3)*
         Vec(nu13,q3)^2*xiz*ufoGC58*ufoGC107*ufoGC69*ufoGC85
          + 1/4*g_(1,6_,nu10)*FT2(g6)*Vec(nu10,q2)*Vec(nu9,q3)^2*p4.p4*xiz*
         ufoGC58*ufoGC107*ufoGC69*ufoGC85
          + 1/4*g_(1,6_,nu10)*FT2(g6)*Vec(nu10,q2)*Vec(nu9,q3)^2*Vec(nu13,q2)^
         2*xiz*ufoGC58*ufoGC107*ufoGC69*ufoGC85
          + 1/2*g_(1,6_,nu10)*FT2(g6)*Vec(nu10,q2)*Vec(nu9,q3)^2*Vec(nu13,q2)*
         Vec(nu13,q3)*xiz*ufoGC58*ufoGC107*ufoGC69*ufoGC85
          + 1/4*g_(1,6_,nu10)*FT2(g6)*Vec(nu10,q2)*Vec(nu9,q3)^2*Vec(nu13,q3)^
         2*xiz*ufoGC58*ufoGC107*ufoGC69*ufoGC85
          - 1/4*g_(1,6_,nu10)*FT2(g6)*Vec(nu10,q2)*Vec(nu13,q2)^2*p4.p4*xiz*
         ufoGC58*ufoGC107*ufoGC69*ufoGC85
          + g_(1,6_,nu10)*FT2(g6)*Vec(nu10,q2)*Vec(nu13,q2)^2*p4.p4*d^-1*xiz*
         ufoGC58*ufoGC107*ufoGC69*ufoGC85
          - 1/4*g_(1,6_,nu10)*FT2(g6)*Vec(nu10,q2)*Vec(nu13,q2)^2*Vec(nu14,q2)
         ^2*xiz*ufoGC58*ufoGC107*ufoGC69*ufoGC85
          - 1/2*g_(1,6_,nu10)*FT2(g6)*Vec(nu10,q2)*Vec(nu13,q2)^2*Vec(nu14,q2)
         *Vec(nu14,q3)*xiz*ufoGC58*ufoGC107*ufoGC69*ufoGC85
          - 1/4*g_(1,6_,nu10)*FT2(g6)*Vec(nu10,q2)*Vec(nu13,q2)^2*Vec(nu14,q3)
         ^2*xiz*ufoGC58*ufoGC107*ufoGC69*ufoGC85
          - 1/2*g_(1,6_,nu10)*FT2(g6)*Vec(nu10,q2)*Vec(nu13,q2)*Vec(nu13,q3)*
         p4.p4*xiz*ufoGC58*ufoGC107*ufoGC69*ufoGC85
          + 2*g_(1,6_,nu10)*FT2(g6)*Vec(nu10,q2)*Vec(nu13,q2)*Vec(nu13,q3)*
         p4.p4*d^-1*xiz*ufoGC58*ufoGC107*ufoGC69*ufoGC85
          - 1/2*g_(1,6_,nu10)*FT2(g6)*Vec(nu10,q2)*Vec(nu13,q2)*Vec(nu13,q3)*
         Vec(nu14,q2)^2*xiz*ufoGC58*ufoGC107*ufoGC69*ufoGC85
          - g_(1,6_,nu10)*FT2(g6)*Vec(nu10,q2)*Vec(nu13,q2)*Vec(nu13,q3)*Vec(
         nu14,q2)*Vec(nu14,q3)*xiz*ufoGC58*ufoGC107*ufoGC69*ufoGC85
          - 1/2*g_(1,6_,nu10)*FT2(g6)*Vec(nu10,q2)*Vec(nu13,q2)*Vec(nu13,q3)*
         Vec(nu14,q3)^2*xiz*ufoGC58*ufoGC107*ufoGC69*ufoGC85
          - 1/4*g_(1,6_,nu10)*FT2(g6)*Vec(nu10,q2)*Vec(nu13,q3)^2*p4.p4*xiz*
         ufoGC58*ufoGC107*ufoGC69*ufoGC85
          + g_(1,6_,nu10)*FT2(g6)*Vec(nu10,q2)*Vec(nu13,q3)^2*p4.p4*d^-1*xiz*
         ufoGC58*ufoGC107*ufoGC69*ufoGC85
          - 1/4*g_(1,6_,nu10)*FT2(g6)*Vec(nu10,q2)*Vec(nu13,q3)^2*Vec(nu14,q2)
         ^2*xiz*ufoGC58*ufoGC107*ufoGC69*ufoGC85
          - 1/2*g_(1,6_,nu10)*FT2(g6)*Vec(nu10,q2)*Vec(nu13,q3)^2*Vec(nu14,q2)
         *Vec(nu14,q3)*xiz*ufoGC58*ufoGC107*ufoGC69*ufoGC85
          - 1/4*g_(1,6_,nu10)*FT2(g6)*Vec(nu10,q2)*Vec(nu13,q3)^2*Vec(nu14,q3)
         ^2*xiz*ufoGC58*ufoGC107*ufoGC69*ufoGC85
          - 1/4*g_(1,6_,nu10)*FT2(g6)*Vec(nu10,q2)*Vec(nu14,q2)^2*p4.p4*xiz*
         ufoGC58*ufoGC107*ufoGC69*ufoGC85
          - 3/4*g_(1,6_,nu10)*FT2(g6)*Vec(nu10,q2)*Vec(nu14,q2)^2*p4.p4*d^-1*
         xiz*ufoGC58*ufoGC107*ufoGC69*ufoGC85
          - 1/2*g_(1,6_,nu10)*FT2(g6)*Vec(nu10,q2)*Vec(nu14,q2)*Vec(nu14,q3)*
         p4.p4*xiz*ufoGC58*ufoGC107*ufoGC69*ufoGC85
          - 3/2*g_(1,6_,nu10)*FT2(g6)*Vec(nu10,q2)*Vec(nu14,q2)*Vec(nu14,q3)*
         p4.p4*d^-1*xiz*ufoGC58*ufoGC107*ufoGC69*ufoGC85
          - 1/4*g_(1,6_,nu10)*FT2(g6)*Vec(nu10,q2)*Vec(nu14,q3)^2*p4.p4*xiz*
         ufoGC58*ufoGC107*ufoGC69*ufoGC85
          - 3/4*g_(1,6_,nu10)*FT2(g6)*Vec(nu10,q2)*Vec(nu14,q3)^2*p4.p4*d^-1*
         xiz*ufoGC58*ufoGC107*ufoGC69*ufoGC85
          + 1/4*g_(1,6_,nu10)*FT2(g6)*Vec(nu10,q3)*Vec(nu9,q2)^2*p4.p4*xiz*
         ufoGC58*ufoGC107*ufoGC69*ufoGC85
          + 1/4*g_(1,6_,nu10)*FT2(g6)*Vec(nu10,q3)*Vec(nu9,q2)^2*Vec(nu13,q2)^
         2*xiz*ufoGC58*ufoGC107*ufoGC69*ufoGC85
          + 1/2*g_(1,6_,nu10)*FT2(g6)*Vec(nu10,q3)*Vec(nu9,q2)^2*Vec(nu13,q2)*
         Vec(nu13,q3)*xiz*ufoGC58*ufoGC107*ufoGC69*ufoGC85
          + 1/4*g_(1,6_,nu10)*FT2(g6)*Vec(nu10,q3)*Vec(nu9,q2)^2*Vec(nu13,q3)^
         2*xiz*ufoGC58*ufoGC107*ufoGC69*ufoGC85
          + 1/2*g_(1,6_,nu10)*FT2(g6)*Vec(nu10,q3)*Vec(nu9,q2)*Vec(nu9,q3)*
         p4.p4*xiz*ufoGC58*ufoGC107*ufoGC69*ufoGC85
          + 1/2*g_(1,6_,nu10)*FT2(g6)*Vec(nu10,q3)*Vec(nu9,q2)*Vec(nu9,q3)*
         Vec(nu13,q2)^2*xiz*ufoGC58*ufoGC107*ufoGC69*ufoGC85
          + g_(1,6_,nu10)*FT2(g6)*Vec(nu10,q3)*Vec(nu9,q2)*Vec(nu9,q3)*Vec(
         nu13,q2)*Vec(nu13,q3)*xiz*ufoGC58*ufoGC107*ufoGC69*ufoGC85
          + 1/2*g_(1,6_,nu10)*FT2(g6)*Vec(nu10,q3)*Vec(nu9,q2)*Vec(nu9,q3)*
         Vec(nu13,q3)^2*xiz*ufoGC58*ufoGC107*ufoGC69*ufoGC85
          + 1/4*g_(1,6_,nu10)*FT2(g6)*Vec(nu10,q3)*Vec(nu9,q3)^2*p4.p4*xiz*
         ufoGC58*ufoGC107*ufoGC69*ufoGC85
          + 1/4*g_(1,6_,nu10)*FT2(g6)*Vec(nu10,q3)*Vec(nu9,q3)^2*Vec(nu13,q2)^
         2*xiz*ufoGC58*ufoGC107*ufoGC69*ufoGC85
          + 1/2*g_(1,6_,nu10)*FT2(g6)*Vec(nu10,q3)*Vec(nu9,q3)^2*Vec(nu13,q2)*
         Vec(nu13,q3)*xiz*ufoGC58*ufoGC107*ufoGC69*ufoGC85
          + 1/4*g_(1,6_,nu10)*FT2(g6)*Vec(nu10,q3)*Vec(nu9,q3)^2*Vec(nu13,q3)^
         2*xiz*ufoGC58*ufoGC107*ufoGC69*ufoGC85
          - 1/4*g_(1,6_,nu10)*FT2(g6)*Vec(nu10,q3)*Vec(nu13,q2)^2*p4.p4*xiz*
         ufoGC58*ufoGC107*ufoGC69*ufoGC85
          + g_(1,6_,nu10)*FT2(g6)*Vec(nu10,q3)*Vec(nu13,q2)^2*p4.p4*d^-1*xiz*
         ufoGC58*ufoGC107*ufoGC69*ufoGC85
          - 1/4*g_(1,6_,nu10)*FT2(g6)*Vec(nu10,q3)*Vec(nu13,q2)^2*Vec(nu14,q2)
         ^2*xiz*ufoGC58*ufoGC107*ufoGC69*ufoGC85
          - 1/2*g_(1,6_,nu10)*FT2(g6)*Vec(nu10,q3)*Vec(nu13,q2)^2*Vec(nu14,q2)
         *Vec(nu14,q3)*xiz*ufoGC58*ufoGC107*ufoGC69*ufoGC85
          - 1/4*g_(1,6_,nu10)*FT2(g6)*Vec(nu10,q3)*Vec(nu13,q2)^2*Vec(nu14,q3)
         ^2*xiz*ufoGC58*ufoGC107*ufoGC69*ufoGC85
          - 1/2*g_(1,6_,nu10)*FT2(g6)*Vec(nu10,q3)*Vec(nu13,q2)*Vec(nu13,q3)*
         p4.p4*xiz*ufoGC58*ufoGC107*ufoGC69*ufoGC85
          + 2*g_(1,6_,nu10)*FT2(g6)*Vec(nu10,q3)*Vec(nu13,q2)*Vec(nu13,q3)*
         p4.p4*d^-1*xiz*ufoGC58*ufoGC107*ufoGC69*ufoGC85
          - 1/2*g_(1,6_,nu10)*FT2(g6)*Vec(nu10,q3)*Vec(nu13,q2)*Vec(nu13,q3)*
         Vec(nu14,q2)^2*xiz*ufoGC58*ufoGC107*ufoGC69*ufoGC85
          - g_(1,6_,nu10)*FT2(g6)*Vec(nu10,q3)*Vec(nu13,q2)*Vec(nu13,q3)*Vec(
         nu14,q2)*Vec(nu14,q3)*xiz*ufoGC58*ufoGC107*ufoGC69*ufoGC85
          - 1/2*g_(1,6_,nu10)*FT2(g6)*Vec(nu10,q3)*Vec(nu13,q2)*Vec(nu13,q3)*
         Vec(nu14,q3)^2*xiz*ufoGC58*ufoGC107*ufoGC69*ufoGC85
          - 1/4*g_(1,6_,nu10)*FT2(g6)*Vec(nu10,q3)*Vec(nu13,q3)^2*p4.p4*xiz*
         ufoGC58*ufoGC107*ufoGC69*ufoGC85
          + g_(1,6_,nu10)*FT2(g6)*Vec(nu10,q3)*Vec(nu13,q3)^2*p4.p4*d^-1*xiz*
         ufoGC58*ufoGC107*ufoGC69*ufoGC85
          - 1/4*g_(1,6_,nu10)*FT2(g6)*Vec(nu10,q3)*Vec(nu13,q3)^2*Vec(nu14,q2)
         ^2*xiz*ufoGC58*ufoGC107*ufoGC69*ufoGC85
          - 1/2*g_(1,6_,nu10)*FT2(g6)*Vec(nu10,q3)*Vec(nu13,q3)^2*Vec(nu14,q2)
         *Vec(nu14,q3)*xiz*ufoGC58*ufoGC107*ufoGC69*ufoGC85
          - 1/4*g_(1,6_,nu10)*FT2(g6)*Vec(nu10,q3)*Vec(nu13,q3)^2*Vec(nu14,q3)
         ^2*xiz*ufoGC58*ufoGC107*ufoGC69*ufoGC85
          - 1/4*g_(1,6_,nu10)*FT2(g6)*Vec(nu10,q3)*Vec(nu14,q2)^2*p4.p4*xiz*
         ufoGC58*ufoGC107*ufoGC69*ufoGC85
          - 3/4*g_(1,6_,nu10)*FT2(g6)*Vec(nu10,q3)*Vec(nu14,q2)^2*p4.p4*d^-1*
         xiz*ufoGC58*ufoGC107*ufoGC69*ufoGC85
          - 1/2*g_(1,6_,nu10)*FT2(g6)*Vec(nu10,q3)*Vec(nu14,q2)*Vec(nu14,q3)*
         p4.p4*xiz*ufoGC58*ufoGC107*ufoGC69*ufoGC85
          - 3/2*g_(1,6_,nu10)*FT2(g6)*Vec(nu10,q3)*Vec(nu14,q2)*Vec(nu14,q3)*
         p4.p4*d^-1*xiz*ufoGC58*ufoGC107*ufoGC69*ufoGC85
          - 1/4*g_(1,6_,nu10)*FT2(g6)*Vec(nu10,q3)*Vec(nu14,q3)^2*p4.p4*xiz*
         ufoGC58*ufoGC107*ufoGC69*ufoGC85
          - 3/4*g_(1,6_,nu10)*FT2(g6)*Vec(nu10,q3)*Vec(nu14,q3)^2*p4.p4*d^-1*
         xiz*ufoGC58*ufoGC107*ufoGC69*ufoGC85
          )

       + Den(p4,xiw,M3)*Den(p4,xiz,M4)^2*Den(xiw,M3)^2 * (
          - 1/4*g_(1,6_,nu9)*FT2(g6)*Vec(nu9,q2)*p4.p4*xiz*ufoGC58*ufoGC107*
         ufoGC69*ufoGC85
          - 1/4*g_(1,6_,nu9)*FT2(g6)*Vec(nu9,q2)*Vec(nu13,q2)^2*xiz*ufoGC58*
         ufoGC107*ufoGC69*ufoGC85
          - 1/2*g_(1,6_,nu9)*FT2(g6)*Vec(nu9,q2)*Vec(nu13,q2)*Vec(nu13,q3)*xiz
         *ufoGC58*ufoGC107*ufoGC69*ufoGC85
          - 1/4*g_(1,6_,nu9)*FT2(g6)*Vec(nu9,q2)*Vec(nu13,q3)^2*xiz*ufoGC58*
         ufoGC107*ufoGC69*ufoGC85
          - 1/4*g_(1,6_,nu9)*FT2(g6)*Vec(nu9,q3)*p4.p4*xiz*ufoGC58*ufoGC107*
         ufoGC69*ufoGC85
          - 1/4*g_(1,6_,nu9)*FT2(g6)*Vec(nu9,q3)*Vec(nu13,q2)^2*xiz*ufoGC58*
         ufoGC107*ufoGC69*ufoGC85
          - 1/2*g_(1,6_,nu9)*FT2(g6)*Vec(nu9,q3)*Vec(nu13,q2)*Vec(nu13,q3)*xiz
         *ufoGC58*ufoGC107*ufoGC69*ufoGC85
          - 1/4*g_(1,6_,nu9)*FT2(g6)*Vec(nu9,q3)*Vec(nu13,q3)^2*xiz*ufoGC58*
         ufoGC107*ufoGC69*ufoGC85
          + 1/4*g_(1,6_,nu13)*FT2(g6)*Vec(nu13,q2)*p4.p4*xiz*ufoGC58*ufoGC107*
         ufoGC69*ufoGC85
          - g_(1,6_,nu13)*FT2(g6)*Vec(nu13,q2)*p4.p4*d^-1*xiz*ufoGC58*ufoGC107
         *ufoGC69*ufoGC85
          - 1/4*g_(1,6_,nu13)*FT2(g6)*Vec(nu13,q2)*Vec(nu14,q2)^2*xiz*ufoGC58*
         ufoGC107*ufoGC69*ufoGC85
          - 1/2*g_(1,6_,nu13)*FT2(g6)*Vec(nu13,q2)*Vec(nu14,q2)*Vec(nu14,q3)*
         xiz*ufoGC58*ufoGC107*ufoGC69*ufoGC85
          - 1/4*g_(1,6_,nu13)*FT2(g6)*Vec(nu13,q2)*Vec(nu14,q3)^2*xiz*ufoGC58*
         ufoGC107*ufoGC69*ufoGC85
          + 1/4*g_(1,6_,nu13)*FT2(g6)*Vec(nu13,q3)*p4.p4*xiz*ufoGC58*ufoGC107*
         ufoGC69*ufoGC85
          - g_(1,6_,nu13)*FT2(g6)*Vec(nu13,q3)*p4.p4*d^-1*xiz*ufoGC58*ufoGC107
         *ufoGC69*ufoGC85
          - 1/4*g_(1,6_,nu13)*FT2(g6)*Vec(nu13,q3)*Vec(nu14,q2)^2*xiz*ufoGC58*
         ufoGC107*ufoGC69*ufoGC85
          - 1/2*g_(1,6_,nu13)*FT2(g6)*Vec(nu13,q3)*Vec(nu14,q2)*Vec(nu14,q3)*
         xiz*ufoGC58*ufoGC107*ufoGC69*ufoGC85
          - 1/4*g_(1,6_,nu13)*FT2(g6)*Vec(nu13,q3)*Vec(nu14,q3)^2*xiz*ufoGC58*
         ufoGC107*ufoGC69*ufoGC85
          + 1/2*g_(1,6_,nu14)*FT2(g6)*Vec(nu13,q2)^2*Vec(nu14,q2)*xiz*ufoGC58*
         ufoGC107*ufoGC69*ufoGC85
          + 1/2*g_(1,6_,nu14)*FT2(g6)*Vec(nu13,q2)^2*Vec(nu14,q3)*xiz*ufoGC58*
         ufoGC107*ufoGC69*ufoGC85
          + g_(1,6_,nu14)*FT2(g6)*Vec(nu13,q2)*Vec(nu13,q3)*Vec(nu14,q2)*xiz*
         ufoGC58*ufoGC107*ufoGC69*ufoGC85
          + g_(1,6_,nu14)*FT2(g6)*Vec(nu13,q2)*Vec(nu13,q3)*Vec(nu14,q3)*xiz*
         ufoGC58*ufoGC107*ufoGC69*ufoGC85
          + 1/2*g_(1,6_,nu14)*FT2(g6)*Vec(nu13,q3)^2*Vec(nu14,q2)*xiz*ufoGC58*
         ufoGC107*ufoGC69*ufoGC85
          + 1/2*g_(1,6_,nu14)*FT2(g6)*Vec(nu13,q3)^2*Vec(nu14,q3)*xiz*ufoGC58*
         ufoGC107*ufoGC69*ufoGC85
          + 1/4*g_(1,6_,nu14)*FT2(g6)*Vec(nu14,q2)*p4.p4*xiz*ufoGC58*ufoGC107*
         ufoGC69*ufoGC85
          + 3/4*g_(1,6_,nu14)*FT2(g6)*Vec(nu14,q2)*p4.p4*d^-1*xiz*ufoGC58*
         ufoGC107*ufoGC69*ufoGC85
          + 1/4*g_(1,6_,nu14)*FT2(g6)*Vec(nu14,q3)*p4.p4*xiz*ufoGC58*ufoGC107*
         ufoGC69*ufoGC85
          + 3/4*g_(1,6_,nu14)*FT2(g6)*Vec(nu14,q3)*p4.p4*d^-1*xiz*ufoGC58*
         ufoGC107*ufoGC69*ufoGC85
          );

  0.02 sec out of 0.02 sec
