FORM 5.0.0-beta.1 (Jan 15 2026, v5.0.0-beta.1-292-g4341c63)  Run: Wed Mar 11 16:04:52 2026
    #-

   d1l25amp =

       + Den(p3,0,0)^2 * (
          + 1/4*g_(1,6_,nu11)*g_(2,6_,nu11)*spinIndExt(1,i1,i4)*spinIndExt(2,
         i2,i3)*prf(1,1)*prf(1,M3^2*xiw)^2*p3.p3*xia*ufoGC58^2*ufoGC5
          - 1/4*g_(1,6_,nu11)*g_(2,6_,nu11)*spinIndExt(1,i1,i4)*spinIndExt(2,
         i2,i3)*prf(1,1)*prf(1,M3^2*xiw)^2*p3.p3*ufoGC58^2*ufoGC5
          - 1/4*g_(1,6_,nu9)*g_(2,6_,nu9)*spinIndExt(1,i1,i4)*spinIndExt(2,i2,
         i3)*prf(1,M3^2*xiw)^2*prf(d^-1,1)*p3.p3*xia*ufoGC58^2*ufoGC5
          + 1/4*g_(1,6_,nu9)*g_(2,6_,nu9)*spinIndExt(1,i1,i4)*spinIndExt(2,i2,
         i3)*prf(1,M3^2*xiw)^2*prf(d^-1,1)*p3.p3*ufoGC58^2*ufoGC5
          )

       + Den(p3,0,0) * (
          + 1/4*g_(1,6_,nu11)*g_(2,6_,nu11)*spinIndExt(1,i1,i4)*spinIndExt(2,
         i2,i3)*prf(1,M3^2*xiw)^2*prf(d,1)*ufoGC58^2*ufoGC5
          - 1/4*g_(1,6_,nu11)*g_(2,6_,nu11)*spinIndExt(1,i1,i4)*spinIndExt(2,
         i2,i3)*prf(1,1)*prf(1,M3^2*xiw)^2*ufoGC58^2*ufoGC5
          );

  0.01 sec out of 0.01 sec
