FORM 5.0.0-beta.1 (Jan 15 2026, v5.0.0-beta.1-292-g4341c63)  Run: Thu Mar  5 11:47:25 2026
    #-

   d1l268amp =

       + Den(p4,xiw,M3)^2*Den(p4,xiz,M4)^2 * (
          + 1/16*g_(1,6_,nu9)*FT1*g_(1,p4)*g_(2,6_,nu15)*cFT(nu9,XX,j14,iufo3)
         *cFT(g7,XX,iufo3,i3)*cFT(p4 - q2,XX,j13,j14)*cFT(nu15,XX,i2,iufo13)*
         cFT(g7,XX,iufo13,j13)/(d^3 + d^2 - 2*d)*flavourTag(fve,j11,j12)*
         flavourTag(fvm,j13,j14)*p4.p4^2*d*xiw*ufoGC81^2*ufoGC58^2
          - 1/16*g_(1,6_,nu9)*FT1*g_(1,p4)*g_(2,6_,nu15)*cFT(nu9,XX,j14,iufo3)
         *cFT(g7,XX,iufo3,i3)*cFT(p4 - q2,XX,j13,j14)*cFT(nu15,XX,i2,iufo13)*
         cFT(g7,XX,iufo13,j13)/(d^3 + d^2 - 2*d)*flavourTag(fve,j11,j12)*
         flavourTag(fvm,j13,j14)*p4.p4^2*xiw*ufoGC81^2*ufoGC58^2
          - 1/16*g_(1,6_,nu9)*FT1*g_(1,q1)*g_(2,6_,nu15)*cFT(nu9,XX,j14,iufo3)
         *cFT(g7,XX,iufo3,i3)*cFT(p4 - q2,XX,j13,j14)*cFT(nu15,XX,i2,iufo13)*
         cFT(g7,XX,iufo13,j13)/(d^3 + d^2 - 2*d)*flavourTag(fve,j11,j12)*
         flavourTag(fvm,j13,j14)*p4.p4^2*d*xiw*ufoGC81^2*ufoGC58^2
          + 1/16*g_(1,6_,nu9)*FT1*g_(1,q1)*g_(2,6_,nu15)*cFT(nu9,XX,j14,iufo3)
         *cFT(g7,XX,iufo3,i3)*cFT(p4 - q2,XX,j13,j14)*cFT(nu15,XX,i2,iufo13)*
         cFT(g7,XX,iufo13,j13)/(d^3 + d^2 - 2*d)*flavourTag(fve,j11,j12)*
         flavourTag(fvm,j13,j14)*p4.p4^2*xiw*ufoGC81^2*ufoGC58^2
          - 1/16*g_(1,6_,nu9)*FT1*g_(1,q2)*g_(2,6_,nu15)*cFT(nu9,XX,j14,iufo3)
         *cFT(g7,XX,iufo3,i3)*cFT(p4 - q2,XX,j13,j14)*cFT(nu15,XX,i2,iufo13)*
         cFT(g7,XX,iufo13,j13)/(d^3 + d^2 - 2*d)*flavourTag(fve,j11,j12)*
         flavourTag(fvm,j13,j14)*p4.p4^2*d*xiw*ufoGC81^2*ufoGC58^2
          + 1/16*g_(1,6_,nu9)*FT1*g_(1,q2)*g_(2,6_,nu15)*cFT(nu9,XX,j14,iufo3)
         *cFT(g7,XX,iufo3,i3)*cFT(p4 - q2,XX,j13,j14)*cFT(nu15,XX,i2,iufo13)*
         cFT(g7,XX,iufo13,j13)/(d^3 + d^2 - 2*d)*flavourTag(fve,j11,j12)*
         flavourTag(fvm,j13,j14)*p4.p4^2*xiw*ufoGC81^2*ufoGC58^2
          - 1/16*g_(1,6_,nu9)*FT1*g_(1,q3)*g_(2,6_,nu15)*cFT(nu9,XX,j14,iufo3)
         *cFT(g7,XX,iufo3,i3)*cFT(p4 - q2,XX,j13,j14)*cFT(nu15,XX,i2,iufo13)*
         cFT(g7,XX,iufo13,j13)/(d^3 + d^2 - 2*d)*flavourTag(fve,j11,j12)*
         flavourTag(fvm,j13,j14)*p4.p4^2*d*xiw*ufoGC81^2*ufoGC58^2
          + 1/16*g_(1,6_,nu9)*FT1*g_(1,q3)*g_(2,6_,nu15)*cFT(nu9,XX,j14,iufo3)
         *cFT(g7,XX,iufo3,i3)*cFT(p4 - q2,XX,j13,j14)*cFT(nu15,XX,i2,iufo13)*
         cFT(g7,XX,iufo13,j13)/(d^3 + d^2 - 2*d)*flavourTag(fve,j11,j12)*
         flavourTag(fvm,j13,j14)*p4.p4^2*xiw*ufoGC81^2*ufoGC58^2
          + 1/16*g_(1,6_,nu15)*FT1*g_(1,p4)*g_(2,6_,nu10)*cFT(nu9,XX,j14,iufo3
         )*cFT(g7,XX,iufo3,i3)*cFT(p4 - q2,XX,j13,j14)*cFT(nu15,XX,i2,iufo13)*
         cFT(g7,XX,iufo13,j13)*flavourTag(fve,j11,j12)*flavourTag(fvm,j13,j14)
         *Vec(nu10,q2)*Vec(nu9,q2)*p4.p4*d^-1*xiw*ufoGC81^2*ufoGC58^2
          + 1/16*g_(1,6_,nu15)*FT1*g_(1,p4)*g_(2,6_,nu10)*cFT(nu9,XX,j14,iufo3
         )*cFT(g7,XX,iufo3,i3)*cFT(p4 - q2,XX,j13,j14)*cFT(nu15,XX,i2,iufo13)*
         cFT(g7,XX,iufo13,j13)*flavourTag(fve,j11,j12)*flavourTag(fvm,j13,j14)
         *Vec(nu10,q2)*Vec(nu9,q3)*p4.p4*d^-1*xiw*ufoGC81^2*ufoGC58^2
          + 1/16*g_(1,6_,nu15)*FT1*g_(1,p4)*g_(2,6_,nu10)*cFT(nu9,XX,j14,iufo3
         )*cFT(g7,XX,iufo3,i3)*cFT(p4 - q2,XX,j13,j14)*cFT(nu15,XX,i2,iufo13)*
         cFT(g7,XX,iufo13,j13)*flavourTag(fve,j11,j12)*flavourTag(fvm,j13,j14)
         *Vec(nu10,q3)*Vec(nu9,q2)*p4.p4*d^-1*xiw*ufoGC81^2*ufoGC58^2
          + 1/16*g_(1,6_,nu15)*FT1*g_(1,p4)*g_(2,6_,nu10)*cFT(nu9,XX,j14,iufo3
         )*cFT(g7,XX,iufo3,i3)*cFT(p4 - q2,XX,j13,j14)*cFT(nu15,XX,i2,iufo13)*
         cFT(g7,XX,iufo13,j13)*flavourTag(fve,j11,j12)*flavourTag(fvm,j13,j14)
         *Vec(nu10,q3)*Vec(nu9,q3)*p4.p4*d^-1*xiw*ufoGC81^2*ufoGC58^2
          + 1/16*g_(1,6_,nu15)*FT1*g_(1,p4)*g_(2,6_,nu9)*cFT(nu9,XX,j14,iufo3)
         *cFT(g7,XX,iufo3,i3)*cFT(p4 - q2,XX,j13,j14)*cFT(nu15,XX,i2,iufo13)*
         cFT(g7,XX,iufo13,j13)/(d^3 + d^2 - 2*d)*flavourTag(fve,j11,j12)*
         flavourTag(fvm,j13,j14)*p4.p4^2*d*xiw*ufoGC81^2*ufoGC58^2
          - 1/16*g_(1,6_,nu15)*FT1*g_(1,p4)*g_(2,6_,nu9)*cFT(nu9,XX,j14,iufo3)
         *cFT(g7,XX,iufo3,i3)*cFT(p4 - q2,XX,j13,j14)*cFT(nu15,XX,i2,iufo13)*
         cFT(g7,XX,iufo13,j13)/(d^3 + d^2 - 2*d)*flavourTag(fve,j11,j12)*
         flavourTag(fvm,j13,j14)*p4.p4^2*xiw*ufoGC81^2*ufoGC58^2
          - 1/16*g_(1,6_,nu15)*FT1*g_(1,q1)*g_(2,6_,nu10)*cFT(nu9,XX,j14,iufo3
         )*cFT(g7,XX,iufo3,i3)*cFT(p4 - q2,XX,j13,j14)*cFT(nu15,XX,i2,iufo13)*
         cFT(g7,XX,iufo13,j13)*flavourTag(fve,j11,j12)*flavourTag(fvm,j13,j14)
         *Vec(nu10,q2)*Vec(nu9,q2)*p4.p4*d^-1*xiw*ufoGC81^2*ufoGC58^2
          - 1/16*g_(1,6_,nu15)*FT1*g_(1,q1)*g_(2,6_,nu10)*cFT(nu9,XX,j14,iufo3
         )*cFT(g7,XX,iufo3,i3)*cFT(p4 - q2,XX,j13,j14)*cFT(nu15,XX,i2,iufo13)*
         cFT(g7,XX,iufo13,j13)*flavourTag(fve,j11,j12)*flavourTag(fvm,j13,j14)
         *Vec(nu10,q2)*Vec(nu9,q3)*p4.p4*d^-1*xiw*ufoGC81^2*ufoGC58^2
          - 1/16*g_(1,6_,nu15)*FT1*g_(1,q1)*g_(2,6_,nu10)*cFT(nu9,XX,j14,iufo3
         )*cFT(g7,XX,iufo3,i3)*cFT(p4 - q2,XX,j13,j14)*cFT(nu15,XX,i2,iufo13)*
         cFT(g7,XX,iufo13,j13)*flavourTag(fve,j11,j12)*flavourTag(fvm,j13,j14)
         *Vec(nu10,q3)*Vec(nu9,q2)*p4.p4*d^-1*xiw*ufoGC81^2*ufoGC58^2
          - 1/16*g_(1,6_,nu15)*FT1*g_(1,q1)*g_(2,6_,nu10)*cFT(nu9,XX,j14,iufo3
         )*cFT(g7,XX,iufo3,i3)*cFT(p4 - q2,XX,j13,j14)*cFT(nu15,XX,i2,iufo13)*
         cFT(g7,XX,iufo13,j13)*flavourTag(fve,j11,j12)*flavourTag(fvm,j13,j14)
         *Vec(nu10,q3)*Vec(nu9,q3)*p4.p4*d^-1*xiw*ufoGC81^2*ufoGC58^2
          - 1/16*g_(1,6_,nu15)*FT1*g_(1,q1)*g_(2,6_,nu9)*cFT(nu9,XX,j14,iufo3)
         *cFT(g7,XX,iufo3,i3)*cFT(p4 - q2,XX,j13,j14)*cFT(nu15,XX,i2,iufo13)*
         cFT(g7,XX,iufo13,j13)/(d^3 + d^2 - 2*d)*flavourTag(fve,j11,j12)*
         flavourTag(fvm,j13,j14)*p4.p4^2*d*xiw*ufoGC81^2*ufoGC58^2
          + 1/16*g_(1,6_,nu15)*FT1*g_(1,q1)*g_(2,6_,nu9)*cFT(nu9,XX,j14,iufo3)
         *cFT(g7,XX,iufo3,i3)*cFT(p4 - q2,XX,j13,j14)*cFT(nu15,XX,i2,iufo13)*
         cFT(g7,XX,iufo13,j13)/(d^3 + d^2 - 2*d)*flavourTag(fve,j11,j12)*
         flavourTag(fvm,j13,j14)*p4.p4^2*xiw*ufoGC81^2*ufoGC58^2
          - 1/16*g_(1,6_,nu15)*FT1*g_(1,q2)*g_(2,6_,nu10)*cFT(nu9,XX,j14,iufo3
         )*cFT(g7,XX,iufo3,i3)*cFT(p4 - q2,XX,j13,j14)*cFT(nu15,XX,i2,iufo13)*
         cFT(g7,XX,iufo13,j13)*flavourTag(fve,j11,j12)*flavourTag(fvm,j13,j14)
         *Vec(nu10,q2)*Vec(nu9,q2)*p4.p4*d^-1*xiw*ufoGC81^2*ufoGC58^2
          - 1/16*g_(1,6_,nu15)*FT1*g_(1,q2)*g_(2,6_,nu10)*cFT(nu9,XX,j14,iufo3
         )*cFT(g7,XX,iufo3,i3)*cFT(p4 - q2,XX,j13,j14)*cFT(nu15,XX,i2,iufo13)*
         cFT(g7,XX,iufo13,j13)*flavourTag(fve,j11,j12)*flavourTag(fvm,j13,j14)
         *Vec(nu10,q2)*Vec(nu9,q3)*p4.p4*d^-1*xiw*ufoGC81^2*ufoGC58^2
          - 1/16*g_(1,6_,nu15)*FT1*g_(1,q2)*g_(2,6_,nu10)*cFT(nu9,XX,j14,iufo3
         )*cFT(g7,XX,iufo3,i3)*cFT(p4 - q2,XX,j13,j14)*cFT(nu15,XX,i2,iufo13)*
         cFT(g7,XX,iufo13,j13)*flavourTag(fve,j11,j12)*flavourTag(fvm,j13,j14)
         *Vec(nu10,q3)*Vec(nu9,q2)*p4.p4*d^-1*xiw*ufoGC81^2*ufoGC58^2
          - 1/16*g_(1,6_,nu15)*FT1*g_(1,q2)*g_(2,6_,nu10)*cFT(nu9,XX,j14,iufo3
         )*cFT(g7,XX,iufo3,i3)*cFT(p4 - q2,XX,j13,j14)*cFT(nu15,XX,i2,iufo13)*
         cFT(g7,XX,iufo13,j13)*flavourTag(fve,j11,j12)*flavourTag(fvm,j13,j14)
         *Vec(nu10,q3)*Vec(nu9,q3)*p4.p4*d^-1*xiw*ufoGC81^2*ufoGC58^2
          - 1/16*g_(1,6_,nu15)*FT1*g_(1,q2)*g_(2,6_,nu9)*cFT(nu9,XX,j14,iufo3)
         *cFT(g7,XX,iufo3,i3)*cFT(p4 - q2,XX,j13,j14)*cFT(nu15,XX,i2,iufo13)*
         cFT(g7,XX,iufo13,j13)/(d^3 + d^2 - 2*d)*flavourTag(fve,j11,j12)*
         flavourTag(fvm,j13,j14)*p4.p4^2*d*xiw*ufoGC81^2*ufoGC58^2
          + 1/16*g_(1,6_,nu15)*FT1*g_(1,q2)*g_(2,6_,nu9)*cFT(nu9,XX,j14,iufo3)
         *cFT(g7,XX,iufo3,i3)*cFT(p4 - q2,XX,j13,j14)*cFT(nu15,XX,i2,iufo13)*
         cFT(g7,XX,iufo13,j13)/(d^3 + d^2 - 2*d)*flavourTag(fve,j11,j12)*
         flavourTag(fvm,j13,j14)*p4.p4^2*xiw*ufoGC81^2*ufoGC58^2
          - 1/16*g_(1,6_,nu15)*FT1*g_(1,q3)*g_(2,6_,nu10)*cFT(nu9,XX,j14,iufo3
         )*cFT(g7,XX,iufo3,i3)*cFT(p4 - q2,XX,j13,j14)*cFT(nu15,XX,i2,iufo13)*
         cFT(g7,XX,iufo13,j13)*flavourTag(fve,j11,j12)*flavourTag(fvm,j13,j14)
         *Vec(nu10,q2)*Vec(nu9,q2)*p4.p4*d^-1*xiw*ufoGC81^2*ufoGC58^2
          - 1/16*g_(1,6_,nu15)*FT1*g_(1,q3)*g_(2,6_,nu10)*cFT(nu9,XX,j14,iufo3
         )*cFT(g7,XX,iufo3,i3)*cFT(p4 - q2,XX,j13,j14)*cFT(nu15,XX,i2,iufo13)*
         cFT(g7,XX,iufo13,j13)*flavourTag(fve,j11,j12)*flavourTag(fvm,j13,j14)
         *Vec(nu10,q2)*Vec(nu9,q3)*p4.p4*d^-1*xiw*ufoGC81^2*ufoGC58^2
          - 1/16*g_(1,6_,nu15)*FT1*g_(1,q3)*g_(2,6_,nu10)*cFT(nu9,XX,j14,iufo3
         )*cFT(g7,XX,iufo3,i3)*cFT(p4 - q2,XX,j13,j14)*cFT(nu15,XX,i2,iufo13)*
         cFT(g7,XX,iufo13,j13)*flavourTag(fve,j11,j12)*flavourTag(fvm,j13,j14)
         *Vec(nu10,q3)*Vec(nu9,q2)*p4.p4*d^-1*xiw*ufoGC81^2*ufoGC58^2
          - 1/16*g_(1,6_,nu15)*FT1*g_(1,q3)*g_(2,6_,nu10)*cFT(nu9,XX,j14,iufo3
         )*cFT(g7,XX,iufo3,i3)*cFT(p4 - q2,XX,j13,j14)*cFT(nu15,XX,i2,iufo13)*
         cFT(g7,XX,iufo13,j13)*flavourTag(fve,j11,j12)*flavourTag(fvm,j13,j14)
         *Vec(nu10,q3)*Vec(nu9,q3)*p4.p4*d^-1*xiw*ufoGC81^2*ufoGC58^2
          - 1/16*g_(1,6_,nu15)*FT1*g_(1,q3)*g_(2,6_,nu9)*cFT(nu9,XX,j14,iufo3)
         *cFT(g7,XX,iufo3,i3)*cFT(p4 - q2,XX,j13,j14)*cFT(nu15,XX,i2,iufo13)*
         cFT(g7,XX,iufo13,j13)/(d^3 + d^2 - 2*d)*flavourTag(fve,j11,j12)*
         flavourTag(fvm,j13,j14)*p4.p4^2*d*xiw*ufoGC81^2*ufoGC58^2
          + 1/16*g_(1,6_,nu15)*FT1*g_(1,q3)*g_(2,6_,nu9)*cFT(nu9,XX,j14,iufo3)
         *cFT(g7,XX,iufo3,i3)*cFT(p4 - q2,XX,j13,j14)*cFT(nu15,XX,i2,iufo13)*
         cFT(g7,XX,iufo13,j13)/(d^3 + d^2 - 2*d)*flavourTag(fve,j11,j12)*
         flavourTag(fvm,j13,j14)*p4.p4^2*xiw*ufoGC81^2*ufoGC58^2
          )

       + Den(p4,xiw,M3)^2*Den(p4,xiz,M4) * (
          - 1/16*g_(1,6_,nu16)*FT1*g_(1,p4)*g_(2,6_,nu10)*cFT(nu9,XX,j14,iufo3
         )*cFT(g7,XX,iufo3,i3)*cFT(p4 - q2,XX,j13,j14)*cFT(nu16,XX,i2,iufo13)*
         cFT(g7,XX,iufo13,j13)*flavourTag(fve,j11,j12)*flavourTag(fvm,j13,j14)
         *Vec(nu10,q2)*Vec(nu9,q2)*xiw*ufoGC81^2*ufoGC58^2
          - 1/16*g_(1,6_,nu16)*FT1*g_(1,p4)*g_(2,6_,nu10)*cFT(nu9,XX,j14,iufo3
         )*cFT(g7,XX,iufo3,i3)*cFT(p4 - q2,XX,j13,j14)*cFT(nu16,XX,i2,iufo13)*
         cFT(g7,XX,iufo13,j13)*flavourTag(fve,j11,j12)*flavourTag(fvm,j13,j14)
         *Vec(nu10,q2)*Vec(nu9,q3)*xiw*ufoGC81^2*ufoGC58^2
          - 1/16*g_(1,6_,nu16)*FT1*g_(1,p4)*g_(2,6_,nu10)*cFT(nu9,XX,j14,iufo3
         )*cFT(g7,XX,iufo3,i3)*cFT(p4 - q2,XX,j13,j14)*cFT(nu16,XX,i2,iufo13)*
         cFT(g7,XX,iufo13,j13)*flavourTag(fve,j11,j12)*flavourTag(fvm,j13,j14)
         *Vec(nu10,q3)*Vec(nu9,q2)*xiw*ufoGC81^2*ufoGC58^2
          - 1/16*g_(1,6_,nu16)*FT1*g_(1,p4)*g_(2,6_,nu10)*cFT(nu9,XX,j14,iufo3
         )*cFT(g7,XX,iufo3,i3)*cFT(p4 - q2,XX,j13,j14)*cFT(nu16,XX,i2,iufo13)*
         cFT(g7,XX,iufo13,j13)*flavourTag(fve,j11,j12)*flavourTag(fvm,j13,j14)
         *Vec(nu10,q3)*Vec(nu9,q3)*xiw*ufoGC81^2*ufoGC58^2
          - 1/16*g_(1,6_,nu16)*FT1*g_(1,p4)*g_(2,6_,nu9)*cFT(nu9,XX,j14,iufo3)
         *cFT(g7,XX,iufo3,i3)*cFT(p4 - q2,XX,j13,j14)*cFT(nu16,XX,i2,iufo13)*
         cFT(g7,XX,iufo13,j13)*flavourTag(fve,j11,j12)*flavourTag(fvm,j13,j14)
         *p4.p4*d^-1*xiw*ufoGC81^2*ufoGC58^2
          + 1/16*g_(1,6_,nu16)*FT1*g_(1,q1)*g_(2,6_,nu10)*cFT(nu9,XX,j14,iufo3
         )*cFT(g7,XX,iufo3,i3)*cFT(p4 - q2,XX,j13,j14)*cFT(nu16,XX,i2,iufo13)*
         cFT(g7,XX,iufo13,j13)*flavourTag(fve,j11,j12)*flavourTag(fvm,j13,j14)
         *Vec(nu10,q2)*Vec(nu9,q2)*xiw*ufoGC81^2*ufoGC58^2
          + 1/16*g_(1,6_,nu16)*FT1*g_(1,q1)*g_(2,6_,nu10)*cFT(nu9,XX,j14,iufo3
         )*cFT(g7,XX,iufo3,i3)*cFT(p4 - q2,XX,j13,j14)*cFT(nu16,XX,i2,iufo13)*
         cFT(g7,XX,iufo13,j13)*flavourTag(fve,j11,j12)*flavourTag(fvm,j13,j14)
         *Vec(nu10,q2)*Vec(nu9,q3)*xiw*ufoGC81^2*ufoGC58^2
          + 1/16*g_(1,6_,nu16)*FT1*g_(1,q1)*g_(2,6_,nu10)*cFT(nu9,XX,j14,iufo3
         )*cFT(g7,XX,iufo3,i3)*cFT(p4 - q2,XX,j13,j14)*cFT(nu16,XX,i2,iufo13)*
         cFT(g7,XX,iufo13,j13)*flavourTag(fve,j11,j12)*flavourTag(fvm,j13,j14)
         *Vec(nu10,q3)*Vec(nu9,q2)*xiw*ufoGC81^2*ufoGC58^2
          + 1/16*g_(1,6_,nu16)*FT1*g_(1,q1)*g_(2,6_,nu10)*cFT(nu9,XX,j14,iufo3
         )*cFT(g7,XX,iufo3,i3)*cFT(p4 - q2,XX,j13,j14)*cFT(nu16,XX,i2,iufo13)*
         cFT(g7,XX,iufo13,j13)*flavourTag(fve,j11,j12)*flavourTag(fvm,j13,j14)
         *Vec(nu10,q3)*Vec(nu9,q3)*xiw*ufoGC81^2*ufoGC58^2
          + 1/16*g_(1,6_,nu16)*FT1*g_(1,q1)*g_(2,6_,nu9)*cFT(nu9,XX,j14,iufo3)
         *cFT(g7,XX,iufo3,i3)*cFT(p4 - q2,XX,j13,j14)*cFT(nu16,XX,i2,iufo13)*
         cFT(g7,XX,iufo13,j13)*flavourTag(fve,j11,j12)*flavourTag(fvm,j13,j14)
         *p4.p4*d^-1*xiw*ufoGC81^2*ufoGC58^2
          + 1/16*g_(1,6_,nu16)*FT1*g_(1,q2)*g_(2,6_,nu10)*cFT(nu9,XX,j14,iufo3
         )*cFT(g7,XX,iufo3,i3)*cFT(p4 - q2,XX,j13,j14)*cFT(nu16,XX,i2,iufo13)*
         cFT(g7,XX,iufo13,j13)*flavourTag(fve,j11,j12)*flavourTag(fvm,j13,j14)
         *Vec(nu10,q2)*Vec(nu9,q2)*xiw*ufoGC81^2*ufoGC58^2
          + 1/16*g_(1,6_,nu16)*FT1*g_(1,q2)*g_(2,6_,nu10)*cFT(nu9,XX,j14,iufo3
         )*cFT(g7,XX,iufo3,i3)*cFT(p4 - q2,XX,j13,j14)*cFT(nu16,XX,i2,iufo13)*
         cFT(g7,XX,iufo13,j13)*flavourTag(fve,j11,j12)*flavourTag(fvm,j13,j14)
         *Vec(nu10,q2)*Vec(nu9,q3)*xiw*ufoGC81^2*ufoGC58^2
          + 1/16*g_(1,6_,nu16)*FT1*g_(1,q2)*g_(2,6_,nu10)*cFT(nu9,XX,j14,iufo3
         )*cFT(g7,XX,iufo3,i3)*cFT(p4 - q2,XX,j13,j14)*cFT(nu16,XX,i2,iufo13)*
         cFT(g7,XX,iufo13,j13)*flavourTag(fve,j11,j12)*flavourTag(fvm,j13,j14)
         *Vec(nu10,q3)*Vec(nu9,q2)*xiw*ufoGC81^2*ufoGC58^2
          + 1/16*g_(1,6_,nu16)*FT1*g_(1,q2)*g_(2,6_,nu10)*cFT(nu9,XX,j14,iufo3
         )*cFT(g7,XX,iufo3,i3)*cFT(p4 - q2,XX,j13,j14)*cFT(nu16,XX,i2,iufo13)*
         cFT(g7,XX,iufo13,j13)*flavourTag(fve,j11,j12)*flavourTag(fvm,j13,j14)
         *Vec(nu10,q3)*Vec(nu9,q3)*xiw*ufoGC81^2*ufoGC58^2
          + 1/16*g_(1,6_,nu16)*FT1*g_(1,q2)*g_(2,6_,nu9)*cFT(nu9,XX,j14,iufo3)
         *cFT(g7,XX,iufo3,i3)*cFT(p4 - q2,XX,j13,j14)*cFT(nu16,XX,i2,iufo13)*
         cFT(g7,XX,iufo13,j13)*flavourTag(fve,j11,j12)*flavourTag(fvm,j13,j14)
         *p4.p4*d^-1*xiw*ufoGC81^2*ufoGC58^2
          + 1/16*g_(1,6_,nu16)*FT1*g_(1,q3)*g_(2,6_,nu10)*cFT(nu9,XX,j14,iufo3
         )*cFT(g7,XX,iufo3,i3)*cFT(p4 - q2,XX,j13,j14)*cFT(nu16,XX,i2,iufo13)*
         cFT(g7,XX,iufo13,j13)*flavourTag(fve,j11,j12)*flavourTag(fvm,j13,j14)
         *Vec(nu10,q2)*Vec(nu9,q2)*xiw*ufoGC81^2*ufoGC58^2
          + 1/16*g_(1,6_,nu16)*FT1*g_(1,q3)*g_(2,6_,nu10)*cFT(nu9,XX,j14,iufo3
         )*cFT(g7,XX,iufo3,i3)*cFT(p4 - q2,XX,j13,j14)*cFT(nu16,XX,i2,iufo13)*
         cFT(g7,XX,iufo13,j13)*flavourTag(fve,j11,j12)*flavourTag(fvm,j13,j14)
         *Vec(nu10,q2)*Vec(nu9,q3)*xiw*ufoGC81^2*ufoGC58^2
          + 1/16*g_(1,6_,nu16)*FT1*g_(1,q3)*g_(2,6_,nu10)*cFT(nu9,XX,j14,iufo3
         )*cFT(g7,XX,iufo3,i3)*cFT(p4 - q2,XX,j13,j14)*cFT(nu16,XX,i2,iufo13)*
         cFT(g7,XX,iufo13,j13)*flavourTag(fve,j11,j12)*flavourTag(fvm,j13,j14)
         *Vec(nu10,q3)*Vec(nu9,q2)*xiw*ufoGC81^2*ufoGC58^2
          + 1/16*g_(1,6_,nu16)*FT1*g_(1,q3)*g_(2,6_,nu10)*cFT(nu9,XX,j14,iufo3
         )*cFT(g7,XX,iufo3,i3)*cFT(p4 - q2,XX,j13,j14)*cFT(nu16,XX,i2,iufo13)*
         cFT(g7,XX,iufo13,j13)*flavourTag(fve,j11,j12)*flavourTag(fvm,j13,j14)
         *Vec(nu10,q3)*Vec(nu9,q3)*xiw*ufoGC81^2*ufoGC58^2
          + 1/16*g_(1,6_,nu16)*FT1*g_(1,q3)*g_(2,6_,nu9)*cFT(nu9,XX,j14,iufo3)
         *cFT(g7,XX,iufo3,i3)*cFT(p4 - q2,XX,j13,j14)*cFT(nu16,XX,i2,iufo13)*
         cFT(g7,XX,iufo13,j13)*flavourTag(fve,j11,j12)*flavourTag(fvm,j13,j14)
         *p4.p4*d^-1*xiw*ufoGC81^2*ufoGC58^2
          );

  0.00 sec out of 0.00 sec
