FORM 5.0.0-beta.1 (Jan 15 2026, v5.0.0-beta.1-292-g4341c63)  Run: Thu Mar  5 16:57:08 2026
    #-

   d1l244amp =

       + Den(p4,xiz,M4)*Den(q2 + q3,xiw,M3)*Den( - p4 + q2 + q3,xiw,M3)^2 * (
          - 1/8*g_(1,6_,nu16)*FT1*g_(2,6_,nu14)*cFT(g6,XX,i2,i3)*flavourTag(
         fve,j11,j12)*Vec(nu16,q2)*Vec(nu14,q2)*xiw*ufoGC81*ufoGC58*ufoGC107*
         ufoGC85
          - 1/8*g_(1,6_,nu16)*FT1*g_(2,6_,nu14)*cFT(g6,XX,i2,i3)*flavourTag(
         fve,j11,j12)*Vec(nu16,q2)*Vec(nu14,q3)*xiw*ufoGC81*ufoGC58*ufoGC107*
         ufoGC85
          - 1/8*g_(1,6_,nu16)*FT1*g_(2,6_,nu14)*cFT(g6,XX,i2,i3)*flavourTag(
         fve,j11,j12)*Vec(nu16,q3)*Vec(nu14,q2)*xiw*ufoGC81*ufoGC58*ufoGC107*
         ufoGC85
          - 1/8*g_(1,6_,nu16)*FT1*g_(2,6_,nu14)*cFT(g6,XX,i2,i3)*flavourTag(
         fve,j11,j12)*Vec(nu16,q3)*Vec(nu14,q3)*xiw*ufoGC81*ufoGC58*ufoGC107*
         ufoGC85
          - 1/8*g_(1,6_,nu14)*FT1*g_(2,6_,nu14)*cFT(g6,XX,i2,i3)*flavourTag(
         fve,j11,j12)*p4.p4*d^-1*xiw*ufoGC81*ufoGC58*ufoGC107*ufoGC85
          )

       + Den(p4,xiz,M4)^2*Den(q2 + q3,xiw,M3)*Den( - p4 + q2 + q3,xiw,M3)^2
       * (
          + 1/8*g_(1,6_,nu14)*FT1*g_(2,6_,nu14)*cFT(g6,XX,i2,i3)*flavourTag(
         fve,j11,j12)*p4.p4^2*d^-1*xiw*ufoGC81*ufoGC58*ufoGC107*ufoGC85
          + 1/8*g_(1,6_,nu15)*FT1*g_(2,6_,nu14)*cFT(g6,XX,i2,i3)*flavourTag(
         fve,j11,j12)*Vec(nu14,q2)*Vec(nu15,q2)*p4.p4*d^-1*xiw*ufoGC81*ufoGC58
         *ufoGC107*ufoGC85
          + 1/8*g_(1,6_,nu15)*FT1*g_(2,6_,nu14)*cFT(g6,XX,i2,i3)*flavourTag(
         fve,j11,j12)*Vec(nu14,q2)*Vec(nu15,q3)*p4.p4*d^-1*xiw*ufoGC81*ufoGC58
         *ufoGC107*ufoGC85
          + 1/8*g_(1,6_,nu15)*FT1*g_(2,6_,nu14)*cFT(g6,XX,i2,i3)*flavourTag(
         fve,j11,j12)*Vec(nu14,q3)*Vec(nu15,q2)*p4.p4*d^-1*xiw*ufoGC81*ufoGC58
         *ufoGC107*ufoGC85
          + 1/8*g_(1,6_,nu15)*FT1*g_(2,6_,nu14)*cFT(g6,XX,i2,i3)*flavourTag(
         fve,j11,j12)*Vec(nu14,q3)*Vec(nu15,q3)*p4.p4*d^-1*xiw*ufoGC81*ufoGC58
         *ufoGC107*ufoGC85
          );

  0.00 sec out of 0.00 sec
