FORM 5.0.0-beta.1 (Jan 15 2026, v5.0.0-beta.1-292-g4341c63)  Run: Fri Mar  6 11:51:56 2026
    #-

   d1l252amp =

       + Vec(nu14,q2)*Vec(nu13,q2) * (
          + 1/8*g_(1,6_,nu13)*FT1*g_(1,p4)*g_(2,6_,nu14)*cFT(g6,XX,i2,i3)*
         flavourTag(fmu,j11,j12)*Den(p4,xiw,M3)*Den(q2 + q3,xiw,M3)*Den( - p4
          + q2 + q3,xiz,M4)^2*ufoGC58*ufoGC80*ufoGC104*ufoGC85
          - 1/8*g_(1,6_,nu13)*FT1*g_(1,p4)*g_(2,6_,nu14)*cFT(g6,XX,i2,i3)*
         flavourTag(fmu,j11,j12)*Den(p4,xiw,M3)^2*Den(q2 + q3,xiw,M3)*Den( - 
         p4 + q2 + q3,xiz,M4)^2*p4.p4*d^-1*ufoGC58*ufoGC80*ufoGC104*ufoGC85
          + 1/8*g_(1,6_,nu13)*FT1*g_(1,p4)*g_(2,nu14)*FT2(g6)*cFT(g6,XX,i2,i3)
         *flavourTag(fmu,j11,j12)*Den(p4,xiw,M3)*Den(q2 + q3,xiw,M3)*Den( - p4
          + q2 + q3,xiz,M4)^2*ufoGC58*ufoGC76*ufoGC104*ufoGC85
          - 1/8*g_(1,6_,nu13)*FT1*g_(1,p4)*g_(2,nu14)*FT2(g6)*cFT(g6,XX,i2,i3)
         *flavourTag(fmu,j11,j12)*Den(p4,xiw,M3)^2*Den(q2 + q3,xiw,M3)*Den( - 
         p4 + q2 + q3,xiz,M4)^2*p4.p4*d^-1*ufoGC58*ufoGC76*ufoGC104*ufoGC85
          - 1/8*g_(1,6_,nu13)*FT1*g_(1,q1)*g_(2,6_,nu14)*cFT(g6,XX,i2,i3)*
         flavourTag(fmu,j11,j12)*Den(p4,xiw,M3)*Den(q2 + q3,xiw,M3)*Den( - p4
          + q2 + q3,xiz,M4)^2*ufoGC58*ufoGC80*ufoGC104*ufoGC85
          + 1/8*g_(1,6_,nu13)*FT1*g_(1,q1)*g_(2,6_,nu14)*cFT(g6,XX,i2,i3)*
         flavourTag(fmu,j11,j12)*Den(p4,xiw,M3)^2*Den(q2 + q3,xiw,M3)*Den( - 
         p4 + q2 + q3,xiz,M4)^2*p4.p4*d^-1*ufoGC58*ufoGC80*ufoGC104*ufoGC85
          - 1/8*g_(1,6_,nu13)*FT1*g_(1,q1)*g_(2,nu14)*FT2(g6)*cFT(g6,XX,i2,i3)
         *flavourTag(fmu,j11,j12)*Den(p4,xiw,M3)*Den(q2 + q3,xiw,M3)*Den( - p4
          + q2 + q3,xiz,M4)^2*ufoGC58*ufoGC76*ufoGC104*ufoGC85
          + 1/8*g_(1,6_,nu13)*FT1*g_(1,q1)*g_(2,nu14)*FT2(g6)*cFT(g6,XX,i2,i3)
         *flavourTag(fmu,j11,j12)*Den(p4,xiw,M3)^2*Den(q2 + q3,xiw,M3)*Den( - 
         p4 + q2 + q3,xiz,M4)^2*p4.p4*d^-1*ufoGC58*ufoGC76*ufoGC104*ufoGC85
          - 1/8*g_(1,6_,nu13)*FT1*g_(1,q2)*g_(2,6_,nu14)*cFT(g6,XX,i2,i3)*
         flavourTag(fmu,j11,j12)*Den(p4,xiw,M3)*Den(q2 + q3,xiw,M3)*Den( - p4
          + q2 + q3,xiz,M4)^2*ufoGC58*ufoGC80*ufoGC104*ufoGC85
          + 1/8*g_(1,6_,nu13)*FT1*g_(1,q2)*g_(2,6_,nu14)*cFT(g6,XX,i2,i3)*
         flavourTag(fmu,j11,j12)*Den(p4,xiw,M3)^2*Den(q2 + q3,xiw,M3)*Den( - 
         p4 + q2 + q3,xiz,M4)^2*p4.p4*d^-1*ufoGC58*ufoGC80*ufoGC104*ufoGC85
          - 1/8*g_(1,6_,nu13)*FT1*g_(1,q2)*g_(2,nu14)*FT2(g6)*cFT(g6,XX,i2,i3)
         *flavourTag(fmu,j11,j12)*Den(p4,xiw,M3)*Den(q2 + q3,xiw,M3)*Den( - p4
          + q2 + q3,xiz,M4)^2*ufoGC58*ufoGC76*ufoGC104*ufoGC85
          + 1/8*g_(1,6_,nu13)*FT1*g_(1,q2)*g_(2,nu14)*FT2(g6)*cFT(g6,XX,i2,i3)
         *flavourTag(fmu,j11,j12)*Den(p4,xiw,M3)^2*Den(q2 + q3,xiw,M3)*Den( - 
         p4 + q2 + q3,xiz,M4)^2*p4.p4*d^-1*ufoGC58*ufoGC76*ufoGC104*ufoGC85
          - 1/8*g_(1,6_,nu13)*FT1*g_(1,q3)*g_(2,6_,nu14)*cFT(g6,XX,i2,i3)*
         flavourTag(fmu,j11,j12)*Den(p4,xiw,M3)*Den(q2 + q3,xiw,M3)*Den( - p4
          + q2 + q3,xiz,M4)^2*ufoGC58*ufoGC80*ufoGC104*ufoGC85
          + 1/8*g_(1,6_,nu13)*FT1*g_(1,q3)*g_(2,6_,nu14)*cFT(g6,XX,i2,i3)*
         flavourTag(fmu,j11,j12)*Den(p4,xiw,M3)^2*Den(q2 + q3,xiw,M3)*Den( - 
         p4 + q2 + q3,xiz,M4)^2*p4.p4*d^-1*ufoGC58*ufoGC80*ufoGC104*ufoGC85
          - 1/8*g_(1,6_,nu13)*FT1*g_(1,q3)*g_(2,nu14)*FT2(g6)*cFT(g6,XX,i2,i3)
         *flavourTag(fmu,j11,j12)*Den(p4,xiw,M3)*Den(q2 + q3,xiw,M3)*Den( - p4
          + q2 + q3,xiz,M4)^2*ufoGC58*ufoGC76*ufoGC104*ufoGC85
          + 1/8*g_(1,6_,nu13)*FT1*g_(1,q3)*g_(2,nu14)*FT2(g6)*cFT(g6,XX,i2,i3)
         *flavourTag(fmu,j11,j12)*Den(p4,xiw,M3)^2*Den(q2 + q3,xiw,M3)*Den( - 
         p4 + q2 + q3,xiz,M4)^2*p4.p4*d^-1*ufoGC58*ufoGC76*ufoGC104*ufoGC85
          )

       + Vec(nu14,q2)*Vec(nu13,q3) * (
          + 1/8*g_(1,6_,nu13)*FT1*g_(1,p4)*g_(2,6_,nu14)*cFT(g6,XX,i2,i3)*
         flavourTag(fmu,j11,j12)*Den(p4,xiw,M3)*Den(q2 + q3,xiw,M3)*Den( - p4
          + q2 + q3,xiz,M4)^2*ufoGC58*ufoGC80*ufoGC104*ufoGC85
          - 1/8*g_(1,6_,nu13)*FT1*g_(1,p4)*g_(2,6_,nu14)*cFT(g6,XX,i2,i3)*
         flavourTag(fmu,j11,j12)*Den(p4,xiw,M3)^2*Den(q2 + q3,xiw,M3)*Den( - 
         p4 + q2 + q3,xiz,M4)^2*p4.p4*d^-1*ufoGC58*ufoGC80*ufoGC104*ufoGC85
          + 1/8*g_(1,6_,nu13)*FT1*g_(1,p4)*g_(2,nu14)*FT2(g6)*cFT(g6,XX,i2,i3)
         *flavourTag(fmu,j11,j12)*Den(p4,xiw,M3)*Den(q2 + q3,xiw,M3)*Den( - p4
          + q2 + q3,xiz,M4)^2*ufoGC58*ufoGC76*ufoGC104*ufoGC85
          - 1/8*g_(1,6_,nu13)*FT1*g_(1,p4)*g_(2,nu14)*FT2(g6)*cFT(g6,XX,i2,i3)
         *flavourTag(fmu,j11,j12)*Den(p4,xiw,M3)^2*Den(q2 + q3,xiw,M3)*Den( - 
         p4 + q2 + q3,xiz,M4)^2*p4.p4*d^-1*ufoGC58*ufoGC76*ufoGC104*ufoGC85
          - 1/8*g_(1,6_,nu13)*FT1*g_(1,q1)*g_(2,6_,nu14)*cFT(g6,XX,i2,i3)*
         flavourTag(fmu,j11,j12)*Den(p4,xiw,M3)*Den(q2 + q3,xiw,M3)*Den( - p4
          + q2 + q3,xiz,M4)^2*ufoGC58*ufoGC80*ufoGC104*ufoGC85
          + 1/8*g_(1,6_,nu13)*FT1*g_(1,q1)*g_(2,6_,nu14)*cFT(g6,XX,i2,i3)*
         flavourTag(fmu,j11,j12)*Den(p4,xiw,M3)^2*Den(q2 + q3,xiw,M3)*Den( - 
         p4 + q2 + q3,xiz,M4)^2*p4.p4*d^-1*ufoGC58*ufoGC80*ufoGC104*ufoGC85
          - 1/8*g_(1,6_,nu13)*FT1*g_(1,q1)*g_(2,nu14)*FT2(g6)*cFT(g6,XX,i2,i3)
         *flavourTag(fmu,j11,j12)*Den(p4,xiw,M3)*Den(q2 + q3,xiw,M3)*Den( - p4
          + q2 + q3,xiz,M4)^2*ufoGC58*ufoGC76*ufoGC104*ufoGC85
          + 1/8*g_(1,6_,nu13)*FT1*g_(1,q1)*g_(2,nu14)*FT2(g6)*cFT(g6,XX,i2,i3)
         *flavourTag(fmu,j11,j12)*Den(p4,xiw,M3)^2*Den(q2 + q3,xiw,M3)*Den( - 
         p4 + q2 + q3,xiz,M4)^2*p4.p4*d^-1*ufoGC58*ufoGC76*ufoGC104*ufoGC85
          - 1/8*g_(1,6_,nu13)*FT1*g_(1,q2)*g_(2,6_,nu14)*cFT(g6,XX,i2,i3)*
         flavourTag(fmu,j11,j12)*Den(p4,xiw,M3)*Den(q2 + q3,xiw,M3)*Den( - p4
          + q2 + q3,xiz,M4)^2*ufoGC58*ufoGC80*ufoGC104*ufoGC85
          + 1/8*g_(1,6_,nu13)*FT1*g_(1,q2)*g_(2,6_,nu14)*cFT(g6,XX,i2,i3)*
         flavourTag(fmu,j11,j12)*Den(p4,xiw,M3)^2*Den(q2 + q3,xiw,M3)*Den( - 
         p4 + q2 + q3,xiz,M4)^2*p4.p4*d^-1*ufoGC58*ufoGC80*ufoGC104*ufoGC85
          - 1/8*g_(1,6_,nu13)*FT1*g_(1,q2)*g_(2,nu14)*FT2(g6)*cFT(g6,XX,i2,i3)
         *flavourTag(fmu,j11,j12)*Den(p4,xiw,M3)*Den(q2 + q3,xiw,M3)*Den( - p4
          + q2 + q3,xiz,M4)^2*ufoGC58*ufoGC76*ufoGC104*ufoGC85
          + 1/8*g_(1,6_,nu13)*FT1*g_(1,q2)*g_(2,nu14)*FT2(g6)*cFT(g6,XX,i2,i3)
         *flavourTag(fmu,j11,j12)*Den(p4,xiw,M3)^2*Den(q2 + q3,xiw,M3)*Den( - 
         p4 + q2 + q3,xiz,M4)^2*p4.p4*d^-1*ufoGC58*ufoGC76*ufoGC104*ufoGC85
          - 1/8*g_(1,6_,nu13)*FT1*g_(1,q3)*g_(2,6_,nu14)*cFT(g6,XX,i2,i3)*
         flavourTag(fmu,j11,j12)*Den(p4,xiw,M3)*Den(q2 + q3,xiw,M3)*Den( - p4
          + q2 + q3,xiz,M4)^2*ufoGC58*ufoGC80*ufoGC104*ufoGC85
          + 1/8*g_(1,6_,nu13)*FT1*g_(1,q3)*g_(2,6_,nu14)*cFT(g6,XX,i2,i3)*
         flavourTag(fmu,j11,j12)*Den(p4,xiw,M3)^2*Den(q2 + q3,xiw,M3)*Den( - 
         p4 + q2 + q3,xiz,M4)^2*p4.p4*d^-1*ufoGC58*ufoGC80*ufoGC104*ufoGC85
          - 1/8*g_(1,6_,nu13)*FT1*g_(1,q3)*g_(2,nu14)*FT2(g6)*cFT(g6,XX,i2,i3)
         *flavourTag(fmu,j11,j12)*Den(p4,xiw,M3)*Den(q2 + q3,xiw,M3)*Den( - p4
          + q2 + q3,xiz,M4)^2*ufoGC58*ufoGC76*ufoGC104*ufoGC85
          + 1/8*g_(1,6_,nu13)*FT1*g_(1,q3)*g_(2,nu14)*FT2(g6)*cFT(g6,XX,i2,i3)
         *flavourTag(fmu,j11,j12)*Den(p4,xiw,M3)^2*Den(q2 + q3,xiw,M3)*Den( - 
         p4 + q2 + q3,xiz,M4)^2*p4.p4*d^-1*ufoGC58*ufoGC76*ufoGC104*ufoGC85
          )

       + Vec(nu14,q3)*Vec(nu13,q2) * (
          + 1/8*g_(1,6_,nu13)*FT1*g_(1,p4)*g_(2,6_,nu14)*cFT(g6,XX,i2,i3)*
         flavourTag(fmu,j11,j12)*Den(p4,xiw,M3)*Den(q2 + q3,xiw,M3)*Den( - p4
          + q2 + q3,xiz,M4)^2*ufoGC58*ufoGC80*ufoGC104*ufoGC85
          - 1/8*g_(1,6_,nu13)*FT1*g_(1,p4)*g_(2,6_,nu14)*cFT(g6,XX,i2,i3)*
         flavourTag(fmu,j11,j12)*Den(p4,xiw,M3)^2*Den(q2 + q3,xiw,M3)*Den( - 
         p4 + q2 + q3,xiz,M4)^2*p4.p4*d^-1*ufoGC58*ufoGC80*ufoGC104*ufoGC85
          + 1/8*g_(1,6_,nu13)*FT1*g_(1,p4)*g_(2,nu14)*FT2(g6)*cFT(g6,XX,i2,i3)
         *flavourTag(fmu,j11,j12)*Den(p4,xiw,M3)*Den(q2 + q3,xiw,M3)*Den( - p4
          + q2 + q3,xiz,M4)^2*ufoGC58*ufoGC76*ufoGC104*ufoGC85
          - 1/8*g_(1,6_,nu13)*FT1*g_(1,p4)*g_(2,nu14)*FT2(g6)*cFT(g6,XX,i2,i3)
         *flavourTag(fmu,j11,j12)*Den(p4,xiw,M3)^2*Den(q2 + q3,xiw,M3)*Den( - 
         p4 + q2 + q3,xiz,M4)^2*p4.p4*d^-1*ufoGC58*ufoGC76*ufoGC104*ufoGC85
          - 1/8*g_(1,6_,nu13)*FT1*g_(1,q1)*g_(2,6_,nu14)*cFT(g6,XX,i2,i3)*
         flavourTag(fmu,j11,j12)*Den(p4,xiw,M3)*Den(q2 + q3,xiw,M3)*Den( - p4
          + q2 + q3,xiz,M4)^2*ufoGC58*ufoGC80*ufoGC104*ufoGC85
          + 1/8*g_(1,6_,nu13)*FT1*g_(1,q1)*g_(2,6_,nu14)*cFT(g6,XX,i2,i3)*
         flavourTag(fmu,j11,j12)*Den(p4,xiw,M3)^2*Den(q2 + q3,xiw,M3)*Den( - 
         p4 + q2 + q3,xiz,M4)^2*p4.p4*d^-1*ufoGC58*ufoGC80*ufoGC104*ufoGC85
          - 1/8*g_(1,6_,nu13)*FT1*g_(1,q1)*g_(2,nu14)*FT2(g6)*cFT(g6,XX,i2,i3)
         *flavourTag(fmu,j11,j12)*Den(p4,xiw,M3)*Den(q2 + q3,xiw,M3)*Den( - p4
          + q2 + q3,xiz,M4)^2*ufoGC58*ufoGC76*ufoGC104*ufoGC85
          + 1/8*g_(1,6_,nu13)*FT1*g_(1,q1)*g_(2,nu14)*FT2(g6)*cFT(g6,XX,i2,i3)
         *flavourTag(fmu,j11,j12)*Den(p4,xiw,M3)^2*Den(q2 + q3,xiw,M3)*Den( - 
         p4 + q2 + q3,xiz,M4)^2*p4.p4*d^-1*ufoGC58*ufoGC76*ufoGC104*ufoGC85
          - 1/8*g_(1,6_,nu13)*FT1*g_(1,q2)*g_(2,6_,nu14)*cFT(g6,XX,i2,i3)*
         flavourTag(fmu,j11,j12)*Den(p4,xiw,M3)*Den(q2 + q3,xiw,M3)*Den( - p4
          + q2 + q3,xiz,M4)^2*ufoGC58*ufoGC80*ufoGC104*ufoGC85
          + 1/8*g_(1,6_,nu13)*FT1*g_(1,q2)*g_(2,6_,nu14)*cFT(g6,XX,i2,i3)*
         flavourTag(fmu,j11,j12)*Den(p4,xiw,M3)^2*Den(q2 + q3,xiw,M3)*Den( - 
         p4 + q2 + q3,xiz,M4)^2*p4.p4*d^-1*ufoGC58*ufoGC80*ufoGC104*ufoGC85
          - 1/8*g_(1,6_,nu13)*FT1*g_(1,q2)*g_(2,nu14)*FT2(g6)*cFT(g6,XX,i2,i3)
         *flavourTag(fmu,j11,j12)*Den(p4,xiw,M3)*Den(q2 + q3,xiw,M3)*Den( - p4
          + q2 + q3,xiz,M4)^2*ufoGC58*ufoGC76*ufoGC104*ufoGC85
          + 1/8*g_(1,6_,nu13)*FT1*g_(1,q2)*g_(2,nu14)*FT2(g6)*cFT(g6,XX,i2,i3)
         *flavourTag(fmu,j11,j12)*Den(p4,xiw,M3)^2*Den(q2 + q3,xiw,M3)*Den( - 
         p4 + q2 + q3,xiz,M4)^2*p4.p4*d^-1*ufoGC58*ufoGC76*ufoGC104*ufoGC85
          - 1/8*g_(1,6_,nu13)*FT1*g_(1,q3)*g_(2,6_,nu14)*cFT(g6,XX,i2,i3)*
         flavourTag(fmu,j11,j12)*Den(p4,xiw,M3)*Den(q2 + q3,xiw,M3)*Den( - p4
          + q2 + q3,xiz,M4)^2*ufoGC58*ufoGC80*ufoGC104*ufoGC85
          + 1/8*g_(1,6_,nu13)*FT1*g_(1,q3)*g_(2,6_,nu14)*cFT(g6,XX,i2,i3)*
         flavourTag(fmu,j11,j12)*Den(p4,xiw,M3)^2*Den(q2 + q3,xiw,M3)*Den( - 
         p4 + q2 + q3,xiz,M4)^2*p4.p4*d^-1*ufoGC58*ufoGC80*ufoGC104*ufoGC85
          - 1/8*g_(1,6_,nu13)*FT1*g_(1,q3)*g_(2,nu14)*FT2(g6)*cFT(g6,XX,i2,i3)
         *flavourTag(fmu,j11,j12)*Den(p4,xiw,M3)*Den(q2 + q3,xiw,M3)*Den( - p4
          + q2 + q3,xiz,M4)^2*ufoGC58*ufoGC76*ufoGC104*ufoGC85
          + 1/8*g_(1,6_,nu13)*FT1*g_(1,q3)*g_(2,nu14)*FT2(g6)*cFT(g6,XX,i2,i3)
         *flavourTag(fmu,j11,j12)*Den(p4,xiw,M3)^2*Den(q2 + q3,xiw,M3)*Den( - 
         p4 + q2 + q3,xiz,M4)^2*p4.p4*d^-1*ufoGC58*ufoGC76*ufoGC104*ufoGC85
          )

       + Vec(nu14,q3)*Vec(nu13,q3) * (
          + 1/8*g_(1,6_,nu13)*FT1*g_(1,p4)*g_(2,6_,nu14)*cFT(g6,XX,i2,i3)*
         flavourTag(fmu,j11,j12)*Den(p4,xiw,M3)*Den(q2 + q3,xiw,M3)*Den( - p4
          + q2 + q3,xiz,M4)^2*ufoGC58*ufoGC80*ufoGC104*ufoGC85
          - 1/8*g_(1,6_,nu13)*FT1*g_(1,p4)*g_(2,6_,nu14)*cFT(g6,XX,i2,i3)*
         flavourTag(fmu,j11,j12)*Den(p4,xiw,M3)^2*Den(q2 + q3,xiw,M3)*Den( - 
         p4 + q2 + q3,xiz,M4)^2*p4.p4*d^-1*ufoGC58*ufoGC80*ufoGC104*ufoGC85
          + 1/8*g_(1,6_,nu13)*FT1*g_(1,p4)*g_(2,nu14)*FT2(g6)*cFT(g6,XX,i2,i3)
         *flavourTag(fmu,j11,j12)*Den(p4,xiw,M3)*Den(q2 + q3,xiw,M3)*Den( - p4
          + q2 + q3,xiz,M4)^2*ufoGC58*ufoGC76*ufoGC104*ufoGC85
          - 1/8*g_(1,6_,nu13)*FT1*g_(1,p4)*g_(2,nu14)*FT2(g6)*cFT(g6,XX,i2,i3)
         *flavourTag(fmu,j11,j12)*Den(p4,xiw,M3)^2*Den(q2 + q3,xiw,M3)*Den( - 
         p4 + q2 + q3,xiz,M4)^2*p4.p4*d^-1*ufoGC58*ufoGC76*ufoGC104*ufoGC85
          - 1/8*g_(1,6_,nu13)*FT1*g_(1,q1)*g_(2,6_,nu14)*cFT(g6,XX,i2,i3)*
         flavourTag(fmu,j11,j12)*Den(p4,xiw,M3)*Den(q2 + q3,xiw,M3)*Den( - p4
          + q2 + q3,xiz,M4)^2*ufoGC58*ufoGC80*ufoGC104*ufoGC85
          + 1/8*g_(1,6_,nu13)*FT1*g_(1,q1)*g_(2,6_,nu14)*cFT(g6,XX,i2,i3)*
         flavourTag(fmu,j11,j12)*Den(p4,xiw,M3)^2*Den(q2 + q3,xiw,M3)*Den( - 
         p4 + q2 + q3,xiz,M4)^2*p4.p4*d^-1*ufoGC58*ufoGC80*ufoGC104*ufoGC85
          - 1/8*g_(1,6_,nu13)*FT1*g_(1,q1)*g_(2,nu14)*FT2(g6)*cFT(g6,XX,i2,i3)
         *flavourTag(fmu,j11,j12)*Den(p4,xiw,M3)*Den(q2 + q3,xiw,M3)*Den( - p4
          + q2 + q3,xiz,M4)^2*ufoGC58*ufoGC76*ufoGC104*ufoGC85
          + 1/8*g_(1,6_,nu13)*FT1*g_(1,q1)*g_(2,nu14)*FT2(g6)*cFT(g6,XX,i2,i3)
         *flavourTag(fmu,j11,j12)*Den(p4,xiw,M3)^2*Den(q2 + q3,xiw,M3)*Den( - 
         p4 + q2 + q3,xiz,M4)^2*p4.p4*d^-1*ufoGC58*ufoGC76*ufoGC104*ufoGC85
          - 1/8*g_(1,6_,nu13)*FT1*g_(1,q2)*g_(2,6_,nu14)*cFT(g6,XX,i2,i3)*
         flavourTag(fmu,j11,j12)*Den(p4,xiw,M3)*Den(q2 + q3,xiw,M3)*Den( - p4
          + q2 + q3,xiz,M4)^2*ufoGC58*ufoGC80*ufoGC104*ufoGC85
          + 1/8*g_(1,6_,nu13)*FT1*g_(1,q2)*g_(2,6_,nu14)*cFT(g6,XX,i2,i3)*
         flavourTag(fmu,j11,j12)*Den(p4,xiw,M3)^2*Den(q2 + q3,xiw,M3)*Den( - 
         p4 + q2 + q3,xiz,M4)^2*p4.p4*d^-1*ufoGC58*ufoGC80*ufoGC104*ufoGC85
          - 1/8*g_(1,6_,nu13)*FT1*g_(1,q2)*g_(2,nu14)*FT2(g6)*cFT(g6,XX,i2,i3)
         *flavourTag(fmu,j11,j12)*Den(p4,xiw,M3)*Den(q2 + q3,xiw,M3)*Den( - p4
          + q2 + q3,xiz,M4)^2*ufoGC58*ufoGC76*ufoGC104*ufoGC85
          + 1/8*g_(1,6_,nu13)*FT1*g_(1,q2)*g_(2,nu14)*FT2(g6)*cFT(g6,XX,i2,i3)
         *flavourTag(fmu,j11,j12)*Den(p4,xiw,M3)^2*Den(q2 + q3,xiw,M3)*Den( - 
         p4 + q2 + q3,xiz,M4)^2*p4.p4*d^-1*ufoGC58*ufoGC76*ufoGC104*ufoGC85
          - 1/8*g_(1,6_,nu13)*FT1*g_(1,q3)*g_(2,6_,nu14)*cFT(g6,XX,i2,i3)*
         flavourTag(fmu,j11,j12)*Den(p4,xiw,M3)*Den(q2 + q3,xiw,M3)*Den( - p4
          + q2 + q3,xiz,M4)^2*ufoGC58*ufoGC80*ufoGC104*ufoGC85
          + 1/8*g_(1,6_,nu13)*FT1*g_(1,q3)*g_(2,6_,nu14)*cFT(g6,XX,i2,i3)*
         flavourTag(fmu,j11,j12)*Den(p4,xiw,M3)^2*Den(q2 + q3,xiw,M3)*Den( - 
         p4 + q2 + q3,xiz,M4)^2*p4.p4*d^-1*ufoGC58*ufoGC80*ufoGC104*ufoGC85
          - 1/8*g_(1,6_,nu13)*FT1*g_(1,q3)*g_(2,nu14)*FT2(g6)*cFT(g6,XX,i2,i3)
         *flavourTag(fmu,j11,j12)*Den(p4,xiw,M3)*Den(q2 + q3,xiw,M3)*Den( - p4
          + q2 + q3,xiz,M4)^2*ufoGC58*ufoGC76*ufoGC104*ufoGC85
          + 1/8*g_(1,6_,nu13)*FT1*g_(1,q3)*g_(2,nu14)*FT2(g6)*cFT(g6,XX,i2,i3)
         *flavourTag(fmu,j11,j12)*Den(p4,xiw,M3)^2*Den(q2 + q3,xiw,M3)*Den( - 
         p4 + q2 + q3,xiz,M4)^2*p4.p4*d^-1*ufoGC58*ufoGC76*ufoGC104*ufoGC85
          )

       - 1/8*g_(1,6_,nu14)*FT1*g_(1,p4)*g_(2,6_,nu14)*cFT(g6,XX,i2,i3)*
      flavourTag(fmu,j11,j12)*Den(p4,xiw,M3)*Den(q2 + q3,xiw,M3)*Den( - p4 + 
      q2 + q3,xiz,M4)*ufoGC58*ufoGC80*ufoGC104*ufoGC85
          + 1/8*g_(1,6_,nu14)*FT1*g_(1,p4)*g_(2,6_,nu14)*cFT(g6,XX,i2,i3)*
         flavourTag(fmu,j11,j12)*Den(p4,xiw,M3)^2*Den(q2 + q3,xiw,M3)*Den( - 
         p4 + q2 + q3,xiz,M4)*p4.p4*d^-1*ufoGC58*ufoGC80*ufoGC104*ufoGC85
          - 1/8*g_(1,6_,nu14)*FT1*g_(1,p4)*g_(2,6_,nu14)*cFT(g6,XX,i2,i3)*
         flavourTag(fmu,j11,j12)*Den(p4,xiw,M3)^2*Den(q2 + q3,xiw,M3)*Den( - 
         p4 + q2 + q3,xiz,M4)^2*p4.p4^2*d^-1*ufoGC58*ufoGC80*ufoGC104*ufoGC85
          - 1/8*g_(1,6_,nu14)*FT1*g_(1,p4)*g_(2,nu14)*FT2(g6)*cFT(g6,XX,i2,i3)
         *flavourTag(fmu,j11,j12)*Den(p4,xiw,M3)*Den(q2 + q3,xiw,M3)*Den( - p4
          + q2 + q3,xiz,M4)*ufoGC58*ufoGC76*ufoGC104*ufoGC85
          + 1/8*g_(1,6_,nu14)*FT1*g_(1,p4)*g_(2,nu14)*FT2(g6)*cFT(g6,XX,i2,i3)
         *flavourTag(fmu,j11,j12)*Den(p4,xiw,M3)^2*Den(q2 + q3,xiw,M3)*Den( - 
         p4 + q2 + q3,xiz,M4)*p4.p4*d^-1*ufoGC58*ufoGC76*ufoGC104*ufoGC85
          - 1/8*g_(1,6_,nu14)*FT1*g_(1,p4)*g_(2,nu14)*FT2(g6)*cFT(g6,XX,i2,i3)
         *flavourTag(fmu,j11,j12)*Den(p4,xiw,M3)^2*Den(q2 + q3,xiw,M3)*Den( - 
         p4 + q2 + q3,xiz,M4)^2*p4.p4^2*d^-1*ufoGC58*ufoGC76*ufoGC104*ufoGC85
          + 1/8*g_(1,6_,nu14)*FT1*g_(1,q1)*g_(2,6_,nu14)*cFT(g6,XX,i2,i3)*
         flavourTag(fmu,j11,j12)*Den(p4,xiw,M3)*Den(q2 + q3,xiw,M3)*Den( - p4
          + q2 + q3,xiz,M4)*ufoGC58*ufoGC80*ufoGC104*ufoGC85
          - 1/8*g_(1,6_,nu14)*FT1*g_(1,q1)*g_(2,6_,nu14)*cFT(g6,XX,i2,i3)*
         flavourTag(fmu,j11,j12)*Den(p4,xiw,M3)^2*Den(q2 + q3,xiw,M3)*Den( - 
         p4 + q2 + q3,xiz,M4)*p4.p4*d^-1*ufoGC58*ufoGC80*ufoGC104*ufoGC85
          + 1/8*g_(1,6_,nu14)*FT1*g_(1,q1)*g_(2,6_,nu14)*cFT(g6,XX,i2,i3)*
         flavourTag(fmu,j11,j12)*Den(p4,xiw,M3)^2*Den(q2 + q3,xiw,M3)*Den( - 
         p4 + q2 + q3,xiz,M4)^2*p4.p4^2*d^-1*ufoGC58*ufoGC80*ufoGC104*ufoGC85
          + 1/8*g_(1,6_,nu14)*FT1*g_(1,q1)*g_(2,nu14)*FT2(g6)*cFT(g6,XX,i2,i3)
         *flavourTag(fmu,j11,j12)*Den(p4,xiw,M3)*Den(q2 + q3,xiw,M3)*Den( - p4
          + q2 + q3,xiz,M4)*ufoGC58*ufoGC76*ufoGC104*ufoGC85
          - 1/8*g_(1,6_,nu14)*FT1*g_(1,q1)*g_(2,nu14)*FT2(g6)*cFT(g6,XX,i2,i3)
         *flavourTag(fmu,j11,j12)*Den(p4,xiw,M3)^2*Den(q2 + q3,xiw,M3)*Den( - 
         p4 + q2 + q3,xiz,M4)*p4.p4*d^-1*ufoGC58*ufoGC76*ufoGC104*ufoGC85
          + 1/8*g_(1,6_,nu14)*FT1*g_(1,q1)*g_(2,nu14)*FT2(g6)*cFT(g6,XX,i2,i3)
         *flavourTag(fmu,j11,j12)*Den(p4,xiw,M3)^2*Den(q2 + q3,xiw,M3)*Den( - 
         p4 + q2 + q3,xiz,M4)^2*p4.p4^2*d^-1*ufoGC58*ufoGC76*ufoGC104*ufoGC85
          + 1/8*g_(1,6_,nu14)*FT1*g_(1,q2)*g_(2,6_,nu14)*cFT(g6,XX,i2,i3)*
         flavourTag(fmu,j11,j12)*Den(p4,xiw,M3)*Den(q2 + q3,xiw,M3)*Den( - p4
          + q2 + q3,xiz,M4)*ufoGC58*ufoGC80*ufoGC104*ufoGC85
          - 1/8*g_(1,6_,nu14)*FT1*g_(1,q2)*g_(2,6_,nu14)*cFT(g6,XX,i2,i3)*
         flavourTag(fmu,j11,j12)*Den(p4,xiw,M3)^2*Den(q2 + q3,xiw,M3)*Den( - 
         p4 + q2 + q3,xiz,M4)*p4.p4*d^-1*ufoGC58*ufoGC80*ufoGC104*ufoGC85
          + 1/8*g_(1,6_,nu14)*FT1*g_(1,q2)*g_(2,6_,nu14)*cFT(g6,XX,i2,i3)*
         flavourTag(fmu,j11,j12)*Den(p4,xiw,M3)^2*Den(q2 + q3,xiw,M3)*Den( - 
         p4 + q2 + q3,xiz,M4)^2*p4.p4^2*d^-1*ufoGC58*ufoGC80*ufoGC104*ufoGC85
          + 1/8*g_(1,6_,nu14)*FT1*g_(1,q2)*g_(2,nu14)*FT2(g6)*cFT(g6,XX,i2,i3)
         *flavourTag(fmu,j11,j12)*Den(p4,xiw,M3)*Den(q2 + q3,xiw,M3)*Den( - p4
          + q2 + q3,xiz,M4)*ufoGC58*ufoGC76*ufoGC104*ufoGC85
          - 1/8*g_(1,6_,nu14)*FT1*g_(1,q2)*g_(2,nu14)*FT2(g6)*cFT(g6,XX,i2,i3)
         *flavourTag(fmu,j11,j12)*Den(p4,xiw,M3)^2*Den(q2 + q3,xiw,M3)*Den( - 
         p4 + q2 + q3,xiz,M4)*p4.p4*d^-1*ufoGC58*ufoGC76*ufoGC104*ufoGC85
          + 1/8*g_(1,6_,nu14)*FT1*g_(1,q2)*g_(2,nu14)*FT2(g6)*cFT(g6,XX,i2,i3)
         *flavourTag(fmu,j11,j12)*Den(p4,xiw,M3)^2*Den(q2 + q3,xiw,M3)*Den( - 
         p4 + q2 + q3,xiz,M4)^2*p4.p4^2*d^-1*ufoGC58*ufoGC76*ufoGC104*ufoGC85
          + 1/8*g_(1,6_,nu14)*FT1*g_(1,q3)*g_(2,6_,nu14)*cFT(g6,XX,i2,i3)*
         flavourTag(fmu,j11,j12)*Den(p4,xiw,M3)*Den(q2 + q3,xiw,M3)*Den( - p4
          + q2 + q3,xiz,M4)*ufoGC58*ufoGC80*ufoGC104*ufoGC85
          - 1/8*g_(1,6_,nu14)*FT1*g_(1,q3)*g_(2,6_,nu14)*cFT(g6,XX,i2,i3)*
         flavourTag(fmu,j11,j12)*Den(p4,xiw,M3)^2*Den(q2 + q3,xiw,M3)*Den( - 
         p4 + q2 + q3,xiz,M4)*p4.p4*d^-1*ufoGC58*ufoGC80*ufoGC104*ufoGC85
          + 1/8*g_(1,6_,nu14)*FT1*g_(1,q3)*g_(2,6_,nu14)*cFT(g6,XX,i2,i3)*
         flavourTag(fmu,j11,j12)*Den(p4,xiw,M3)^2*Den(q2 + q3,xiw,M3)*Den( - 
         p4 + q2 + q3,xiz,M4)^2*p4.p4^2*d^-1*ufoGC58*ufoGC80*ufoGC104*ufoGC85
          + 1/8*g_(1,6_,nu14)*FT1*g_(1,q3)*g_(2,nu14)*FT2(g6)*cFT(g6,XX,i2,i3)
         *flavourTag(fmu,j11,j12)*Den(p4,xiw,M3)*Den(q2 + q3,xiw,M3)*Den( - p4
          + q2 + q3,xiz,M4)*ufoGC58*ufoGC76*ufoGC104*ufoGC85
          - 1/8*g_(1,6_,nu14)*FT1*g_(1,q3)*g_(2,nu14)*FT2(g6)*cFT(g6,XX,i2,i3)
         *flavourTag(fmu,j11,j12)*Den(p4,xiw,M3)^2*Den(q2 + q3,xiw,M3)*Den( - 
         p4 + q2 + q3,xiz,M4)*p4.p4*d^-1*ufoGC58*ufoGC76*ufoGC104*ufoGC85
          + 1/8*g_(1,6_,nu14)*FT1*g_(1,q3)*g_(2,nu14)*FT2(g6)*cFT(g6,XX,i2,i3)
         *flavourTag(fmu,j11,j12)*Den(p4,xiw,M3)^2*Den(q2 + q3,xiw,M3)*Den( - 
         p4 + q2 + q3,xiz,M4)^2*p4.p4^2*d^-1*ufoGC58*ufoGC76*ufoGC104*ufoGC85
          + 1/8*g_(1,6_,nu13)*FT1*g_(1,p4)*g_(2,6_,nu13)*cFT(g6,XX,i2,i3)*
         flavourTag(fmu,j11,j12)*Den(p4,xiw,M3)*Den(q2 + q3,xiw,M3)*Den( - p4
          + q2 + q3,xiz,M4)^2*p4.p4*d^-1*ufoGC58*ufoGC80*ufoGC104*ufoGC85
          + 1/8*g_(1,6_,nu13)*FT1*g_(1,p4)*g_(2,nu13)*FT2(g6)*cFT(g6,XX,i2,i3)
         *flavourTag(fmu,j11,j12)*Den(p4,xiw,M3)*Den(q2 + q3,xiw,M3)*Den( - p4
          + q2 + q3,xiz,M4)^2*p4.p4*d^-1*ufoGC58*ufoGC76*ufoGC104*ufoGC85
          - 1/8*g_(1,6_,nu13)*FT1*g_(1,q1)*g_(2,6_,nu13)*cFT(g6,XX,i2,i3)*
         flavourTag(fmu,j11,j12)*Den(p4,xiw,M3)*Den(q2 + q3,xiw,M3)*Den( - p4
          + q2 + q3,xiz,M4)^2*p4.p4*d^-1*ufoGC58*ufoGC80*ufoGC104*ufoGC85
          - 1/8*g_(1,6_,nu13)*FT1*g_(1,q1)*g_(2,nu13)*FT2(g6)*cFT(g6,XX,i2,i3)
         *flavourTag(fmu,j11,j12)*Den(p4,xiw,M3)*Den(q2 + q3,xiw,M3)*Den( - p4
          + q2 + q3,xiz,M4)^2*p4.p4*d^-1*ufoGC58*ufoGC76*ufoGC104*ufoGC85
          - 1/8*g_(1,6_,nu13)*FT1*g_(1,q2)*g_(2,6_,nu13)*cFT(g6,XX,i2,i3)*
         flavourTag(fmu,j11,j12)*Den(p4,xiw,M3)*Den(q2 + q3,xiw,M3)*Den( - p4
          + q2 + q3,xiz,M4)^2*p4.p4*d^-1*ufoGC58*ufoGC80*ufoGC104*ufoGC85
          - 1/8*g_(1,6_,nu13)*FT1*g_(1,q2)*g_(2,nu13)*FT2(g6)*cFT(g6,XX,i2,i3)
         *flavourTag(fmu,j11,j12)*Den(p4,xiw,M3)*Den(q2 + q3,xiw,M3)*Den( - p4
          + q2 + q3,xiz,M4)^2*p4.p4*d^-1*ufoGC58*ufoGC76*ufoGC104*ufoGC85
          - 1/8*g_(1,6_,nu13)*FT1*g_(1,q3)*g_(2,6_,nu13)*cFT(g6,XX,i2,i3)*
         flavourTag(fmu,j11,j12)*Den(p4,xiw,M3)*Den(q2 + q3,xiw,M3)*Den( - p4
          + q2 + q3,xiz,M4)^2*p4.p4*d^-1*ufoGC58*ufoGC80*ufoGC104*ufoGC85
          - 1/8*g_(1,6_,nu13)*FT1*g_(1,q3)*g_(2,nu13)*FT2(g6)*cFT(g6,XX,i2,i3)
         *flavourTag(fmu,j11,j12)*Den(p4,xiw,M3)*Den(q2 + q3,xiw,M3)*Den( - p4
          + q2 + q3,xiz,M4)^2*p4.p4*d^-1*ufoGC58*ufoGC76*ufoGC104*ufoGC85
         ;

  0.00 sec out of 0.00 sec
