FORM 5.0.0-beta.1 (Jan 15 2026, v5.0.0-beta.1-292-g4341c63)  Run: Fri Feb 27 12:21:33 2026
    #-

   d1l219amp =
       - 1/16*g_(1,6_,nu11)*FT1*g_(1,p2)*g_(2,6_,nu10)*FT2*g_(2,p2)*cFT(nu12,
      XX,i1,iufo13)*cFT(g7,XX,iufo13,j13)*cFT(nu9,XX,i2,iufo3)*cFT(g7,XX,iufo3
      ,i3)*flavourTag(fve,j15,j16)*flavourTag(fe,j13,j14)*Vec(nu10,q2)*Vec(nu9
      ,q2)*Vecr(nu11,p2)*Vecr(nu12,p2)*Deng(p2,xiz,M4)^2*Deng(q2 + q3,xiw,M3)^
      2*xiw*xiz*ufoGC81*ufoGC58^2*ufoGC80
       - 1/16*g_(1,6_,nu11)*FT1*g_(1,p2)*g_(2,6_,nu10)*FT2*g_(2,p2)*cFT(nu12,
      XX,i1,iufo13)*cFT(g7,XX,iufo13,j13)*cFT(nu9,XX,i2,iufo3)*cFT(g7,XX,iufo3
      ,i3)*flavourTag(fve,j15,j16)*flavourTag(fe,j13,j14)*Vec(nu10,q2)*Vec(nu9
      ,q3)*Vecr(nu11,p2)*Vecr(nu12,p2)*Deng(p2,xiz,M4)^2*Deng(q2 + q3,xiw,M3)^
      2*xiw*xiz*ufoGC81*ufoGC58^2*ufoGC80
       - 1/16*g_(1,6_,nu11)*FT1*g_(1,p2)*g_(2,6_,nu10)*FT2*g_(2,p2)*cFT(nu12,
      XX,i1,iufo13)*cFT(g7,XX,iufo13,j13)*cFT(nu9,XX,i2,iufo3)*cFT(g7,XX,iufo3
      ,i3)*flavourTag(fve,j15,j16)*flavourTag(fe,j13,j14)*Vec(nu10,q3)*Vec(nu9
      ,q2)*Vecr(nu11,p2)*Vecr(nu12,p2)*Deng(p2,xiz,M4)^2*Deng(q2 + q3,xiw,M3)^
      2*xiw*xiz*ufoGC81*ufoGC58^2*ufoGC80
       - 1/16*g_(1,6_,nu11)*FT1*g_(1,p2)*g_(2,6_,nu10)*FT2*g_(2,p2)*cFT(nu12,
      XX,i1,iufo13)*cFT(g7,XX,iufo13,j13)*cFT(nu9,XX,i2,iufo3)*cFT(g7,XX,iufo3
      ,i3)*flavourTag(fve,j15,j16)*flavourTag(fe,j13,j14)*Vec(nu10,q3)*Vec(nu9
      ,q3)*Vecr(nu11,p2)*Vecr(nu12,p2)*Deng(p2,xiz,M4)^2*Deng(q2 + q3,xiw,M3)^
      2*xiw*xiz*ufoGC81*ufoGC58^2*ufoGC80
       - 1/16*g_(1,6_,nu11)*FT1*g_(1,p2)*g_(2,6_,nu10)*FT2*g_(2,p2)*cFT(nu12,
      XX,i1,iufo13)*cFT(g6,XX,iufo13,j13)*cFT(nu9,XX,i2,iufo3)*cFT(g7,XX,iufo3
      ,i3)*flavourTag(fve,j15,j16)*flavourTag(fe,j13,j14)*Vec(nu10,q2)*Vec(nu9
      ,q2)*Vecr(nu11,p2)*Vecr(nu12,p2)*Deng(p2,xiz,M4)^2*Deng(q2 + q3,xiw,M3)^
      2*xiw*xiz*ufoGC81*ufoGC58^2*ufoGC76
       - 1/16*g_(1,6_,nu11)*FT1*g_(1,p2)*g_(2,6_,nu10)*FT2*g_(2,p2)*cFT(nu12,
      XX,i1,iufo13)*cFT(g6,XX,iufo13,j13)*cFT(nu9,XX,i2,iufo3)*cFT(g7,XX,iufo3
      ,i3)*flavourTag(fve,j15,j16)*flavourTag(fe,j13,j14)*Vec(nu10,q2)*Vec(nu9
      ,q3)*Vecr(nu11,p2)*Vecr(nu12,p2)*Deng(p2,xiz,M4)^2*Deng(q2 + q3,xiw,M3)^
      2*xiw*xiz*ufoGC81*ufoGC58^2*ufoGC76
       - 1/16*g_(1,6_,nu11)*FT1*g_(1,p2)*g_(2,6_,nu10)*FT2*g_(2,p2)*cFT(nu12,
      XX,i1,iufo13)*cFT(g6,XX,iufo13,j13)*cFT(nu9,XX,i2,iufo3)*cFT(g7,XX,iufo3
      ,i3)*flavourTag(fve,j15,j16)*flavourTag(fe,j13,j14)*Vec(nu10,q3)*Vec(nu9
      ,q2)*Vecr(nu11,p2)*Vecr(nu12,p2)*Deng(p2,xiz,M4)^2*Deng(q2 + q3,xiw,M3)^
      2*xiw*xiz*ufoGC81*ufoGC58^2*ufoGC76
       - 1/16*g_(1,6_,nu11)*FT1*g_(1,p2)*g_(2,6_,nu10)*FT2*g_(2,p2)*cFT(nu12,
      XX,i1,iufo13)*cFT(g6,XX,iufo13,j13)*cFT(nu9,XX,i2,iufo3)*cFT(g7,XX,iufo3
      ,i3)*flavourTag(fve,j15,j16)*flavourTag(fe,j13,j14)*Vec(nu10,q3)*Vec(nu9
      ,q3)*Vecr(nu11,p2)*Vecr(nu12,p2)*Deng(p2,xiz,M4)^2*Deng(q2 + q3,xiw,M3)^
      2*xiw*xiz*ufoGC81*ufoGC58^2*ufoGC76
       - 1/16*g_(1,6_,nu11)*FT1*g_(1,p2)*g_(2,6_,nu10)*FT2*g_(2,q1)*cFT(nu12,
      XX,i1,iufo13)*cFT(g7,XX,iufo13,j13)*cFT(nu9,XX,i2,iufo3)*cFT(g7,XX,iufo3
      ,i3)*flavourTag(fve,j15,j16)*flavourTag(fe,j13,j14)*Vec(nu10,q2)*Vec(nu9
      ,q2)*Vecr(nu11,p2)*Vecr(nu12,p2)*Deng(p2,xiz,M4)^2*Deng(q2 + q3,xiw,M3)^
      2*xiw*xiz*ufoGC81*ufoGC58^2*ufoGC80
       - 1/16*g_(1,6_,nu11)*FT1*g_(1,p2)*g_(2,6_,nu10)*FT2*g_(2,q1)*cFT(nu12,
      XX,i1,iufo13)*cFT(g7,XX,iufo13,j13)*cFT(nu9,XX,i2,iufo3)*cFT(g7,XX,iufo3
      ,i3)*flavourTag(fve,j15,j16)*flavourTag(fe,j13,j14)*Vec(nu10,q2)*Vec(nu9
      ,q3)*Vecr(nu11,p2)*Vecr(nu12,p2)*Deng(p2,xiz,M4)^2*Deng(q2 + q3,xiw,M3)^
      2*xiw*xiz*ufoGC81*ufoGC58^2*ufoGC80
       - 1/16*g_(1,6_,nu11)*FT1*g_(1,p2)*g_(2,6_,nu10)*FT2*g_(2,q1)*cFT(nu12,
      XX,i1,iufo13)*cFT(g7,XX,iufo13,j13)*cFT(nu9,XX,i2,iufo3)*cFT(g7,XX,iufo3
      ,i3)*flavourTag(fve,j15,j16)*flavourTag(fe,j13,j14)*Vec(nu10,q3)*Vec(nu9
      ,q2)*Vecr(nu11,p2)*Vecr(nu12,p2)*Deng(p2,xiz,M4)^2*Deng(q2 + q3,xiw,M3)^
      2*xiw*xiz*ufoGC81*ufoGC58^2*ufoGC80
       - 1/16*g_(1,6_,nu11)*FT1*g_(1,p2)*g_(2,6_,nu10)*FT2*g_(2,q1)*cFT(nu12,
      XX,i1,iufo13)*cFT(g7,XX,iufo13,j13)*cFT(nu9,XX,i2,iufo3)*cFT(g7,XX,iufo3
      ,i3)*flavourTag(fve,j15,j16)*flavourTag(fe,j13,j14)*Vec(nu10,q3)*Vec(nu9
      ,q3)*Vecr(nu11,p2)*Vecr(nu12,p2)*Deng(p2,xiz,M4)^2*Deng(q2 + q3,xiw,M3)^
      2*xiw*xiz*ufoGC81*ufoGC58^2*ufoGC80
       - 1/16*g_(1,6_,nu11)*FT1*g_(1,p2)*g_(2,6_,nu10)*FT2*g_(2,q1)*cFT(nu12,
      XX,i1,iufo13)*cFT(g6,XX,iufo13,j13)*cFT(nu9,XX,i2,iufo3)*cFT(g7,XX,iufo3
      ,i3)*flavourTag(fve,j15,j16)*flavourTag(fe,j13,j14)*Vec(nu10,q2)*Vec(nu9
      ,q2)*Vecr(nu11,p2)*Vecr(nu12,p2)*Deng(p2,xiz,M4)^2*Deng(q2 + q3,xiw,M3)^
      2*xiw*xiz*ufoGC81*ufoGC58^2*ufoGC76
       - 1/16*g_(1,6_,nu11)*FT1*g_(1,p2)*g_(2,6_,nu10)*FT2*g_(2,q1)*cFT(nu12,
      XX,i1,iufo13)*cFT(g6,XX,iufo13,j13)*cFT(nu9,XX,i2,iufo3)*cFT(g7,XX,iufo3
      ,i3)*flavourTag(fve,j15,j16)*flavourTag(fe,j13,j14)*Vec(nu10,q2)*Vec(nu9
      ,q3)*Vecr(nu11,p2)*Vecr(nu12,p2)*Deng(p2,xiz,M4)^2*Deng(q2 + q3,xiw,M3)^
      2*xiw*xiz*ufoGC81*ufoGC58^2*ufoGC76
       - 1/16*g_(1,6_,nu11)*FT1*g_(1,p2)*g_(2,6_,nu10)*FT2*g_(2,q1)*cFT(nu12,
      XX,i1,iufo13)*cFT(g6,XX,iufo13,j13)*cFT(nu9,XX,i2,iufo3)*cFT(g7,XX,iufo3
      ,i3)*flavourTag(fve,j15,j16)*flavourTag(fe,j13,j14)*Vec(nu10,q3)*Vec(nu9
      ,q2)*Vecr(nu11,p2)*Vecr(nu12,p2)*Deng(p2,xiz,M4)^2*Deng(q2 + q3,xiw,M3)^
      2*xiw*xiz*ufoGC81*ufoGC58^2*ufoGC76
       - 1/16*g_(1,6_,nu11)*FT1*g_(1,p2)*g_(2,6_,nu10)*FT2*g_(2,q1)*cFT(nu12,
      XX,i1,iufo13)*cFT(g6,XX,iufo13,j13)*cFT(nu9,XX,i2,iufo3)*cFT(g7,XX,iufo3
      ,i3)*flavourTag(fve,j15,j16)*flavourTag(fe,j13,j14)*Vec(nu10,q3)*Vec(nu9
      ,q3)*Vecr(nu11,p2)*Vecr(nu12,p2)*Deng(p2,xiz,M4)^2*Deng(q2 + q3,xiw,M3)^
      2*xiw*xiz*ufoGC81*ufoGC58^2*ufoGC76
       - 1/16*g_(1,6_,nu11)*FT1*g_(1,q1)*g_(2,6_,nu10)*FT2*g_(2,p2)*cFT(nu12,
      XX,i1,iufo13)*cFT(g7,XX,iufo13,j13)*cFT(nu9,XX,i2,iufo3)*cFT(g7,XX,iufo3
      ,i3)*flavourTag(fve,j15,j16)*flavourTag(fe,j13,j14)*Vec(nu10,q2)*Vec(nu9
      ,q2)*Vecr(nu11,p2)*Vecr(nu12,p2)*Deng(p2,xiz,M4)^2*Deng(q2 + q3,xiw,M3)^
      2*xiw*xiz*ufoGC81*ufoGC58^2*ufoGC80
       - 1/16*g_(1,6_,nu11)*FT1*g_(1,q1)*g_(2,6_,nu10)*FT2*g_(2,p2)*cFT(nu12,
      XX,i1,iufo13)*cFT(g7,XX,iufo13,j13)*cFT(nu9,XX,i2,iufo3)*cFT(g7,XX,iufo3
      ,i3)*flavourTag(fve,j15,j16)*flavourTag(fe,j13,j14)*Vec(nu10,q2)*Vec(nu9
      ,q3)*Vecr(nu11,p2)*Vecr(nu12,p2)*Deng(p2,xiz,M4)^2*Deng(q2 + q3,xiw,M3)^
      2*xiw*xiz*ufoGC81*ufoGC58^2*ufoGC80
       - 1/16*g_(1,6_,nu11)*FT1*g_(1,q1)*g_(2,6_,nu10)*FT2*g_(2,p2)*cFT(nu12,
      XX,i1,iufo13)*cFT(g7,XX,iufo13,j13)*cFT(nu9,XX,i2,iufo3)*cFT(g7,XX,iufo3
      ,i3)*flavourTag(fve,j15,j16)*flavourTag(fe,j13,j14)*Vec(nu10,q3)*Vec(nu9
      ,q2)*Vecr(nu11,p2)*Vecr(nu12,p2)*Deng(p2,xiz,M4)^2*Deng(q2 + q3,xiw,M3)^
      2*xiw*xiz*ufoGC81*ufoGC58^2*ufoGC80
       - 1/16*g_(1,6_,nu11)*FT1*g_(1,q1)*g_(2,6_,nu10)*FT2*g_(2,p2)*cFT(nu12,
      XX,i1,iufo13)*cFT(g7,XX,iufo13,j13)*cFT(nu9,XX,i2,iufo3)*cFT(g7,XX,iufo3
      ,i3)*flavourTag(fve,j15,j16)*flavourTag(fe,j13,j14)*Vec(nu10,q3)*Vec(nu9
      ,q3)*Vecr(nu11,p2)*Vecr(nu12,p2)*Deng(p2,xiz,M4)^2*Deng(q2 + q3,xiw,M3)^
      2*xiw*xiz*ufoGC81*ufoGC58^2*ufoGC80
       - 1/16*g_(1,6_,nu11)*FT1*g_(1,q1)*g_(2,6_,nu10)*FT2*g_(2,p2)*cFT(nu12,
      XX,i1,iufo13)*cFT(g6,XX,iufo13,j13)*cFT(nu9,XX,i2,iufo3)*cFT(g7,XX,iufo3
      ,i3)*flavourTag(fve,j15,j16)*flavourTag(fe,j13,j14)*Vec(nu10,q2)*Vec(nu9
      ,q2)*Vecr(nu11,p2)*Vecr(nu12,p2)*Deng(p2,xiz,M4)^2*Deng(q2 + q3,xiw,M3)^
      2*xiw*xiz*ufoGC81*ufoGC58^2*ufoGC76
       - 1/16*g_(1,6_,nu11)*FT1*g_(1,q1)*g_(2,6_,nu10)*FT2*g_(2,p2)*cFT(nu12,
      XX,i1,iufo13)*cFT(g6,XX,iufo13,j13)*cFT(nu9,XX,i2,iufo3)*cFT(g7,XX,iufo3
      ,i3)*flavourTag(fve,j15,j16)*flavourTag(fe,j13,j14)*Vec(nu10,q2)*Vec(nu9
      ,q3)*Vecr(nu11,p2)*Vecr(nu12,p2)*Deng(p2,xiz,M4)^2*Deng(q2 + q3,xiw,M3)^
      2*xiw*xiz*ufoGC81*ufoGC58^2*ufoGC76
       - 1/16*g_(1,6_,nu11)*FT1*g_(1,q1)*g_(2,6_,nu10)*FT2*g_(2,p2)*cFT(nu12,
      XX,i1,iufo13)*cFT(g6,XX,iufo13,j13)*cFT(nu9,XX,i2,iufo3)*cFT(g7,XX,iufo3
      ,i3)*flavourTag(fve,j15,j16)*flavourTag(fe,j13,j14)*Vec(nu10,q3)*Vec(nu9
      ,q2)*Vecr(nu11,p2)*Vecr(nu12,p2)*Deng(p2,xiz,M4)^2*Deng(q2 + q3,xiw,M3)^
      2*xiw*xiz*ufoGC81*ufoGC58^2*ufoGC76
       - 1/16*g_(1,6_,nu11)*FT1*g_(1,q1)*g_(2,6_,nu10)*FT2*g_(2,p2)*cFT(nu12,
      XX,i1,iufo13)*cFT(g6,XX,iufo13,j13)*cFT(nu9,XX,i2,iufo3)*cFT(g7,XX,iufo3
      ,i3)*flavourTag(fve,j15,j16)*flavourTag(fe,j13,j14)*Vec(nu10,q3)*Vec(nu9
      ,q3)*Vecr(nu11,p2)*Vecr(nu12,p2)*Deng(p2,xiz,M4)^2*Deng(q2 + q3,xiw,M3)^
      2*xiw*xiz*ufoGC81*ufoGC58^2*ufoGC76
       - 1/16*g_(1,6_,nu11)*FT1*g_(1,q1)*g_(2,6_,nu10)*FT2*g_(2,q1)*cFT(nu12,
      XX,i1,iufo13)*cFT(g7,XX,iufo13,j13)*cFT(nu9,XX,i2,iufo3)*cFT(g7,XX,iufo3
      ,i3)*flavourTag(fve,j15,j16)*flavourTag(fe,j13,j14)*Vec(nu10,q2)*Vec(nu9
      ,q2)*Vecr(nu11,p2)*Vecr(nu12,p2)*Deng(p2,xiz,M4)^2*Deng(q2 + q3,xiw,M3)^
      2*xiw*xiz*ufoGC81*ufoGC58^2*ufoGC80
       - 1/16*g_(1,6_,nu11)*FT1*g_(1,q1)*g_(2,6_,nu10)*FT2*g_(2,q1)*cFT(nu12,
      XX,i1,iufo13)*cFT(g7,XX,iufo13,j13)*cFT(nu9,XX,i2,iufo3)*cFT(g7,XX,iufo3
      ,i3)*flavourTag(fve,j15,j16)*flavourTag(fe,j13,j14)*Vec(nu10,q2)*Vec(nu9
      ,q3)*Vecr(nu11,p2)*Vecr(nu12,p2)*Deng(p2,xiz,M4)^2*Deng(q2 + q3,xiw,M3)^
      2*xiw*xiz*ufoGC81*ufoGC58^2*ufoGC80
       - 1/16*g_(1,6_,nu11)*FT1*g_(1,q1)*g_(2,6_,nu10)*FT2*g_(2,q1)*cFT(nu12,
      XX,i1,iufo13)*cFT(g7,XX,iufo13,j13)*cFT(nu9,XX,i2,iufo3)*cFT(g7,XX,iufo3
      ,i3)*flavourTag(fve,j15,j16)*flavourTag(fe,j13,j14)*Vec(nu10,q3)*Vec(nu9
      ,q2)*Vecr(nu11,p2)*Vecr(nu12,p2)*Deng(p2,xiz,M4)^2*Deng(q2 + q3,xiw,M3)^
      2*xiw*xiz*ufoGC81*ufoGC58^2*ufoGC80
       - 1/16*g_(1,6_,nu11)*FT1*g_(1,q1)*g_(2,6_,nu10)*FT2*g_(2,q1)*cFT(nu12,
      XX,i1,iufo13)*cFT(g7,XX,iufo13,j13)*cFT(nu9,XX,i2,iufo3)*cFT(g7,XX,iufo3
      ,i3)*flavourTag(fve,j15,j16)*flavourTag(fe,j13,j14)*Vec(nu10,q3)*Vec(nu9
      ,q3)*Vecr(nu11,p2)*Vecr(nu12,p2)*Deng(p2,xiz,M4)^2*Deng(q2 + q3,xiw,M3)^
      2*xiw*xiz*ufoGC81*ufoGC58^2*ufoGC80
       - 1/16*g_(1,6_,nu11)*FT1*g_(1,q1)*g_(2,6_,nu10)*FT2*g_(2,q1)*cFT(nu12,
      XX,i1,iufo13)*cFT(g6,XX,iufo13,j13)*cFT(nu9,XX,i2,iufo3)*cFT(g7,XX,iufo3
      ,i3)*flavourTag(fve,j15,j16)*flavourTag(fe,j13,j14)*Vec(nu10,q2)*Vec(nu9
      ,q2)*Vecr(nu11,p2)*Vecr(nu12,p2)*Deng(p2,xiz,M4)^2*Deng(q2 + q3,xiw,M3)^
      2*xiw*xiz*ufoGC81*ufoGC58^2*ufoGC76
       - 1/16*g_(1,6_,nu11)*FT1*g_(1,q1)*g_(2,6_,nu10)*FT2*g_(2,q1)*cFT(nu12,
      XX,i1,iufo13)*cFT(g6,XX,iufo13,j13)*cFT(nu9,XX,i2,iufo3)*cFT(g7,XX,iufo3
      ,i3)*flavourTag(fve,j15,j16)*flavourTag(fe,j13,j14)*Vec(nu10,q2)*Vec(nu9
      ,q3)*Vecr(nu11,p2)*Vecr(nu12,p2)*Deng(p2,xiz,M4)^2*Deng(q2 + q3,xiw,M3)^
      2*xiw*xiz*ufoGC81*ufoGC58^2*ufoGC76
       - 1/16*g_(1,6_,nu11)*FT1*g_(1,q1)*g_(2,6_,nu10)*FT2*g_(2,q1)*cFT(nu12,
      XX,i1,iufo13)*cFT(g6,XX,iufo13,j13)*cFT(nu9,XX,i2,iufo3)*cFT(g7,XX,iufo3
      ,i3)*flavourTag(fve,j15,j16)*flavourTag(fe,j13,j14)*Vec(nu10,q3)*Vec(nu9
      ,q2)*Vecr(nu11,p2)*Vecr(nu12,p2)*Deng(p2,xiz,M4)^2*Deng(q2 + q3,xiw,M3)^
      2*xiw*xiz*ufoGC81*ufoGC58^2*ufoGC76
       - 1/16*g_(1,6_,nu11)*FT1*g_(1,q1)*g_(2,6_,nu10)*FT2*g_(2,q1)*cFT(nu12,
      XX,i1,iufo13)*cFT(g6,XX,iufo13,j13)*cFT(nu9,XX,i2,iufo3)*cFT(g7,XX,iufo3
      ,i3)*flavourTag(fve,j15,j16)*flavourTag(fe,j13,j14)*Vec(nu10,q3)*Vec(nu9
      ,q3)*Vecr(nu11,p2)*Vecr(nu12,p2)*Deng(p2,xiz,M4)^2*Deng(q2 + q3,xiw,M3)^
      2*xiw*xiz*ufoGC81*ufoGC58^2*ufoGC76
       - 1/16*g_(1,6_,nu11)*FT1*g_(1,q2)*g_(2,6_,nu10)*FT2*g_(2,p2)*cFT(nu12,
      XX,i1,iufo13)*cFT(g7,XX,iufo13,j13)*cFT(nu9,XX,i2,iufo3)*cFT(g7,XX,iufo3
      ,i3)*flavourTag(fve,j15,j16)*flavourTag(fe,j13,j14)*Vec(nu10,q2)*Vec(nu9
      ,q2)*Vecr(nu11,p2)*Vecr(nu12,p2)*Deng(p2,xiz,M4)^2*Deng(q2 + q3,xiw,M3)^
      2*xiw*xiz*ufoGC81*ufoGC58^2*ufoGC80
       - 1/16*g_(1,6_,nu11)*FT1*g_(1,q2)*g_(2,6_,nu10)*FT2*g_(2,p2)*cFT(nu12,
      XX,i1,iufo13)*cFT(g7,XX,iufo13,j13)*cFT(nu9,XX,i2,iufo3)*cFT(g7,XX,iufo3
      ,i3)*flavourTag(fve,j15,j16)*flavourTag(fe,j13,j14)*Vec(nu10,q2)*Vec(nu9
      ,q3)*Vecr(nu11,p2)*Vecr(nu12,p2)*Deng(p2,xiz,M4)^2*Deng(q2 + q3,xiw,M3)^
      2*xiw*xiz*ufoGC81*ufoGC58^2*ufoGC80
       - 1/16*g_(1,6_,nu11)*FT1*g_(1,q2)*g_(2,6_,nu10)*FT2*g_(2,p2)*cFT(nu12,
      XX,i1,iufo13)*cFT(g7,XX,iufo13,j13)*cFT(nu9,XX,i2,iufo3)*cFT(g7,XX,iufo3
      ,i3)*flavourTag(fve,j15,j16)*flavourTag(fe,j13,j14)*Vec(nu10,q3)*Vec(nu9
      ,q2)*Vecr(nu11,p2)*Vecr(nu12,p2)*Deng(p2,xiz,M4)^2*Deng(q2 + q3,xiw,M3)^
      2*xiw*xiz*ufoGC81*ufoGC58^2*ufoGC80
       - 1/16*g_(1,6_,nu11)*FT1*g_(1,q2)*g_(2,6_,nu10)*FT2*g_(2,p2)*cFT(nu12,
      XX,i1,iufo13)*cFT(g7,XX,iufo13,j13)*cFT(nu9,XX,i2,iufo3)*cFT(g7,XX,iufo3
      ,i3)*flavourTag(fve,j15,j16)*flavourTag(fe,j13,j14)*Vec(nu10,q3)*Vec(nu9
      ,q3)*Vecr(nu11,p2)*Vecr(nu12,p2)*Deng(p2,xiz,M4)^2*Deng(q2 + q3,xiw,M3)^
      2*xiw*xiz*ufoGC81*ufoGC58^2*ufoGC80
       - 1/16*g_(1,6_,nu11)*FT1*g_(1,q2)*g_(2,6_,nu10)*FT2*g_(2,p2)*cFT(nu12,
      XX,i1,iufo13)*cFT(g6,XX,iufo13,j13)*cFT(nu9,XX,i2,iufo3)*cFT(g7,XX,iufo3
      ,i3)*flavourTag(fve,j15,j16)*flavourTag(fe,j13,j14)*Vec(nu10,q2)*Vec(nu9
      ,q2)*Vecr(nu11,p2)*Vecr(nu12,p2)*Deng(p2,xiz,M4)^2*Deng(q2 + q3,xiw,M3)^
      2*xiw*xiz*ufoGC81*ufoGC58^2*ufoGC76
       - 1/16*g_(1,6_,nu11)*FT1*g_(1,q2)*g_(2,6_,nu10)*FT2*g_(2,p2)*cFT(nu12,
      XX,i1,iufo13)*cFT(g6,XX,iufo13,j13)*cFT(nu9,XX,i2,iufo3)*cFT(g7,XX,iufo3
      ,i3)*flavourTag(fve,j15,j16)*flavourTag(fe,j13,j14)*Vec(nu10,q2)*Vec(nu9
      ,q3)*Vecr(nu11,p2)*Vecr(nu12,p2)*Deng(p2,xiz,M4)^2*Deng(q2 + q3,xiw,M3)^
      2*xiw*xiz*ufoGC81*ufoGC58^2*ufoGC76
       - 1/16*g_(1,6_,nu11)*FT1*g_(1,q2)*g_(2,6_,nu10)*FT2*g_(2,p2)*cFT(nu12,
      XX,i1,iufo13)*cFT(g6,XX,iufo13,j13)*cFT(nu9,XX,i2,iufo3)*cFT(g7,XX,iufo3
      ,i3)*flavourTag(fve,j15,j16)*flavourTag(fe,j13,j14)*Vec(nu10,q3)*Vec(nu9
      ,q2)*Vecr(nu11,p2)*Vecr(nu12,p2)*Deng(p2,xiz,M4)^2*Deng(q2 + q3,xiw,M3)^
      2*xiw*xiz*ufoGC81*ufoGC58^2*ufoGC76
       - 1/16*g_(1,6_,nu11)*FT1*g_(1,q2)*g_(2,6_,nu10)*FT2*g_(2,p2)*cFT(nu12,
      XX,i1,iufo13)*cFT(g6,XX,iufo13,j13)*cFT(nu9,XX,i2,iufo3)*cFT(g7,XX,iufo3
      ,i3)*flavourTag(fve,j15,j16)*flavourTag(fe,j13,j14)*Vec(nu10,q3)*Vec(nu9
      ,q3)*Vecr(nu11,p2)*Vecr(nu12,p2)*Deng(p2,xiz,M4)^2*Deng(q2 + q3,xiw,M3)^
      2*xiw*xiz*ufoGC81*ufoGC58^2*ufoGC76
       - 1/16*g_(1,6_,nu11)*FT1*g_(1,q2)*g_(2,6_,nu10)*FT2*g_(2,q1)*cFT(nu12,
      XX,i1,iufo13)*cFT(g7,XX,iufo13,j13)*cFT(nu9,XX,i2,iufo3)*cFT(g7,XX,iufo3
      ,i3)*flavourTag(fve,j15,j16)*flavourTag(fe,j13,j14)*Vec(nu10,q2)*Vec(nu9
      ,q2)*Vecr(nu11,p2)*Vecr(nu12,p2)*Deng(p2,xiz,M4)^2*Deng(q2 + q3,xiw,M3)^
      2*xiw*xiz*ufoGC81*ufoGC58^2*ufoGC80
       - 1/16*g_(1,6_,nu11)*FT1*g_(1,q2)*g_(2,6_,nu10)*FT2*g_(2,q1)*cFT(nu12,
      XX,i1,iufo13)*cFT(g7,XX,iufo13,j13)*cFT(nu9,XX,i2,iufo3)*cFT(g7,XX,iufo3
      ,i3)*flavourTag(fve,j15,j16)*flavourTag(fe,j13,j14)*Vec(nu10,q2)*Vec(nu9
      ,q3)*Vecr(nu11,p2)*Vecr(nu12,p2)*Deng(p2,xiz,M4)^2*Deng(q2 + q3,xiw,M3)^
      2*xiw*xiz*ufoGC81*ufoGC58^2*ufoGC80
       - 1/16*g_(1,6_,nu11)*FT1*g_(1,q2)*g_(2,6_,nu10)*FT2*g_(2,q1)*cFT(nu12,
      XX,i1,iufo13)*cFT(g7,XX,iufo13,j13)*cFT(nu9,XX,i2,iufo3)*cFT(g7,XX,iufo3
      ,i3)*flavourTag(fve,j15,j16)*flavourTag(fe,j13,j14)*Vec(nu10,q3)*Vec(nu9
      ,q2)*Vecr(nu11,p2)*Vecr(nu12,p2)*Deng(p2,xiz,M4)^2*Deng(q2 + q3,xiw,M3)^
      2*xiw*xiz*ufoGC81*ufoGC58^2*ufoGC80
       - 1/16*g_(1,6_,nu11)*FT1*g_(1,q2)*g_(2,6_,nu10)*FT2*g_(2,q1)*cFT(nu12,
      XX,i1,iufo13)*cFT(g7,XX,iufo13,j13)*cFT(nu9,XX,i2,iufo3)*cFT(g7,XX,iufo3
      ,i3)*flavourTag(fve,j15,j16)*flavourTag(fe,j13,j14)*Vec(nu10,q3)*Vec(nu9
      ,q3)*Vecr(nu11,p2)*Vecr(nu12,p2)*Deng(p2,xiz,M4)^2*Deng(q2 + q3,xiw,M3)^
      2*xiw*xiz*ufoGC81*ufoGC58^2*ufoGC80
       - 1/16*g_(1,6_,nu11)*FT1*g_(1,q2)*g_(2,6_,nu10)*FT2*g_(2,q1)*cFT(nu12,
      XX,i1,iufo13)*cFT(g6,XX,iufo13,j13)*cFT(nu9,XX,i2,iufo3)*cFT(g7,XX,iufo3
      ,i3)*flavourTag(fve,j15,j16)*flavourTag(fe,j13,j14)*Vec(nu10,q2)*Vec(nu9
      ,q2)*Vecr(nu11,p2)*Vecr(nu12,p2)*Deng(p2,xiz,M4)^2*Deng(q2 + q3,xiw,M3)^
      2*xiw*xiz*ufoGC81*ufoGC58^2*ufoGC76
       - 1/16*g_(1,6_,nu11)*FT1*g_(1,q2)*g_(2,6_,nu10)*FT2*g_(2,q1)*cFT(nu12,
      XX,i1,iufo13)*cFT(g6,XX,iufo13,j13)*cFT(nu9,XX,i2,iufo3)*cFT(g7,XX,iufo3
      ,i3)*flavourTag(fve,j15,j16)*flavourTag(fe,j13,j14)*Vec(nu10,q2)*Vec(nu9
      ,q3)*Vecr(nu11,p2)*Vecr(nu12,p2)*Deng(p2,xiz,M4)^2*Deng(q2 + q3,xiw,M3)^
      2*xiw*xiz*ufoGC81*ufoGC58^2*ufoGC76
       - 1/16*g_(1,6_,nu11)*FT1*g_(1,q2)*g_(2,6_,nu10)*FT2*g_(2,q1)*cFT(nu12,
      XX,i1,iufo13)*cFT(g6,XX,iufo13,j13)*cFT(nu9,XX,i2,iufo3)*cFT(g7,XX,iufo3
      ,i3)*flavourTag(fve,j15,j16)*flavourTag(fe,j13,j14)*Vec(nu10,q3)*Vec(nu9
      ,q2)*Vecr(nu11,p2)*Vecr(nu12,p2)*Deng(p2,xiz,M4)^2*Deng(q2 + q3,xiw,M3)^
      2*xiw*xiz*ufoGC81*ufoGC58^2*ufoGC76
       - 1/16*g_(1,6_,nu11)*FT1*g_(1,q2)*g_(2,6_,nu10)*FT2*g_(2,q1)*cFT(nu12,
      XX,i1,iufo13)*cFT(g6,XX,iufo13,j13)*cFT(nu9,XX,i2,iufo3)*cFT(g7,XX,iufo3
      ,i3)*flavourTag(fve,j15,j16)*flavourTag(fe,j13,j14)*Vec(nu10,q3)*Vec(nu9
      ,q3)*Vecr(nu11,p2)*Vecr(nu12,p2)*Deng(p2,xiz,M4)^2*Deng(q2 + q3,xiw,M3)^
      2*xiw*xiz*ufoGC81*ufoGC58^2*ufoGC76
       - 1/16*g_(1,6_,nu11)*FT1*g_(1,q3)*g_(2,6_,nu10)*FT2*g_(2,p2)*cFT(nu12,
      XX,i1,iufo13)*cFT(g7,XX,iufo13,j13)*cFT(nu9,XX,i2,iufo3)*cFT(g7,XX,iufo3
      ,i3)*flavourTag(fve,j15,j16)*flavourTag(fe,j13,j14)*Vec(nu10,q2)*Vec(nu9
      ,q2)*Vecr(nu11,p2)*Vecr(nu12,p2)*Deng(p2,xiz,M4)^2*Deng(q2 + q3,xiw,M3)^
      2*xiw*xiz*ufoGC81*ufoGC58^2*ufoGC80
       - 1/16*g_(1,6_,nu11)*FT1*g_(1,q3)*g_(2,6_,nu10)*FT2*g_(2,p2)*cFT(nu12,
      XX,i1,iufo13)*cFT(g7,XX,iufo13,j13)*cFT(nu9,XX,i2,iufo3)*cFT(g7,XX,iufo3
      ,i3)*flavourTag(fve,j15,j16)*flavourTag(fe,j13,j14)*Vec(nu10,q2)*Vec(nu9
      ,q3)*Vecr(nu11,p2)*Vecr(nu12,p2)*Deng(p2,xiz,M4)^2*Deng(q2 + q3,xiw,M3)^
      2*xiw*xiz*ufoGC81*ufoGC58^2*ufoGC80
       - 1/16*g_(1,6_,nu11)*FT1*g_(1,q3)*g_(2,6_,nu10)*FT2*g_(2,p2)*cFT(nu12,
      XX,i1,iufo13)*cFT(g7,XX,iufo13,j13)*cFT(nu9,XX,i2,iufo3)*cFT(g7,XX,iufo3
      ,i3)*flavourTag(fve,j15,j16)*flavourTag(fe,j13,j14)*Vec(nu10,q3)*Vec(nu9
      ,q2)*Vecr(nu11,p2)*Vecr(nu12,p2)*Deng(p2,xiz,M4)^2*Deng(q2 + q3,xiw,M3)^
      2*xiw*xiz*ufoGC81*ufoGC58^2*ufoGC80
       - 1/16*g_(1,6_,nu11)*FT1*g_(1,q3)*g_(2,6_,nu10)*FT2*g_(2,p2)*cFT(nu12,
      XX,i1,iufo13)*cFT(g7,XX,iufo13,j13)*cFT(nu9,XX,i2,iufo3)*cFT(g7,XX,iufo3
      ,i3)*flavourTag(fve,j15,j16)*flavourTag(fe,j13,j14)*Vec(nu10,q3)*Vec(nu9
      ,q3)*Vecr(nu11,p2)*Vecr(nu12,p2)*Deng(p2,xiz,M4)^2*Deng(q2 + q3,xiw,M3)^
      2*xiw*xiz*ufoGC81*ufoGC58^2*ufoGC80
       - 1/16*g_(1,6_,nu11)*FT1*g_(1,q3)*g_(2,6_,nu10)*FT2*g_(2,p2)*cFT(nu12,
      XX,i1,iufo13)*cFT(g6,XX,iufo13,j13)*cFT(nu9,XX,i2,iufo3)*cFT(g7,XX,iufo3
      ,i3)*flavourTag(fve,j15,j16)*flavourTag(fe,j13,j14)*Vec(nu10,q2)*Vec(nu9
      ,q2)*Vecr(nu11,p2)*Vecr(nu12,p2)*Deng(p2,xiz,M4)^2*Deng(q2 + q3,xiw,M3)^
      2*xiw*xiz*ufoGC81*ufoGC58^2*ufoGC76
       - 1/16*g_(1,6_,nu11)*FT1*g_(1,q3)*g_(2,6_,nu10)*FT2*g_(2,p2)*cFT(nu12,
      XX,i1,iufo13)*cFT(g6,XX,iufo13,j13)*cFT(nu9,XX,i2,iufo3)*cFT(g7,XX,iufo3
      ,i3)*flavourTag(fve,j15,j16)*flavourTag(fe,j13,j14)*Vec(nu10,q2)*Vec(nu9
      ,q3)*Vecr(nu11,p2)*Vecr(nu12,p2)*Deng(p2,xiz,M4)^2*Deng(q2 + q3,xiw,M3)^
      2*xiw*xiz*ufoGC81*ufoGC58^2*ufoGC76
       - 1/16*g_(1,6_,nu11)*FT1*g_(1,q3)*g_(2,6_,nu10)*FT2*g_(2,p2)*cFT(nu12,
      XX,i1,iufo13)*cFT(g6,XX,iufo13,j13)*cFT(nu9,XX,i2,iufo3)*cFT(g7,XX,iufo3
      ,i3)*flavourTag(fve,j15,j16)*flavourTag(fe,j13,j14)*Vec(nu10,q3)*Vec(nu9
      ,q2)*Vecr(nu11,p2)*Vecr(nu12,p2)*Deng(p2,xiz,M4)^2*Deng(q2 + q3,xiw,M3)^
      2*xiw*xiz*ufoGC81*ufoGC58^2*ufoGC76
       - 1/16*g_(1,6_,nu11)*FT1*g_(1,q3)*g_(2,6_,nu10)*FT2*g_(2,p2)*cFT(nu12,
      XX,i1,iufo13)*cFT(g6,XX,iufo13,j13)*cFT(nu9,XX,i2,iufo3)*cFT(g7,XX,iufo3
      ,i3)*flavourTag(fve,j15,j16)*flavourTag(fe,j13,j14)*Vec(nu10,q3)*Vec(nu9
      ,q3)*Vecr(nu11,p2)*Vecr(nu12,p2)*Deng(p2,xiz,M4)^2*Deng(q2 + q3,xiw,M3)^
      2*xiw*xiz*ufoGC81*ufoGC58^2*ufoGC76
       - 1/16*g_(1,6_,nu11)*FT1*g_(1,q3)*g_(2,6_,nu10)*FT2*g_(2,q1)*cFT(nu12,
      XX,i1,iufo13)*cFT(g7,XX,iufo13,j13)*cFT(nu9,XX,i2,iufo3)*cFT(g7,XX,iufo3
      ,i3)*flavourTag(fve,j15,j16)*flavourTag(fe,j13,j14)*Vec(nu10,q2)*Vec(nu9
      ,q2)*Vecr(nu11,p2)*Vecr(nu12,p2)*Deng(p2,xiz,M4)^2*Deng(q2 + q3,xiw,M3)^
      2*xiw*xiz*ufoGC81*ufoGC58^2*ufoGC80
       - 1/16*g_(1,6_,nu11)*FT1*g_(1,q3)*g_(2,6_,nu10)*FT2*g_(2,q1)*cFT(nu12,
      XX,i1,iufo13)*cFT(g7,XX,iufo13,j13)*cFT(nu9,XX,i2,iufo3)*cFT(g7,XX,iufo3
      ,i3)*flavourTag(fve,j15,j16)*flavourTag(fe,j13,j14)*Vec(nu10,q2)*Vec(nu9
      ,q3)*Vecr(nu11,p2)*Vecr(nu12,p2)*Deng(p2,xiz,M4)^2*Deng(q2 + q3,xiw,M3)^
      2*xiw*xiz*ufoGC81*ufoGC58^2*ufoGC80
       - 1/16*g_(1,6_,nu11)*FT1*g_(1,q3)*g_(2,6_,nu10)*FT2*g_(2,q1)*cFT(nu12,
      XX,i1,iufo13)*cFT(g7,XX,iufo13,j13)*cFT(nu9,XX,i2,iufo3)*cFT(g7,XX,iufo3
      ,i3)*flavourTag(fve,j15,j16)*flavourTag(fe,j13,j14)*Vec(nu10,q3)*Vec(nu9
      ,q2)*Vecr(nu11,p2)*Vecr(nu12,p2)*Deng(p2,xiz,M4)^2*Deng(q2 + q3,xiw,M3)^
      2*xiw*xiz*ufoGC81*ufoGC58^2*ufoGC80
       - 1/16*g_(1,6_,nu11)*FT1*g_(1,q3)*g_(2,6_,nu10)*FT2*g_(2,q1)*cFT(nu12,
      XX,i1,iufo13)*cFT(g7,XX,iufo13,j13)*cFT(nu9,XX,i2,iufo3)*cFT(g7,XX,iufo3
      ,i3)*flavourTag(fve,j15,j16)*flavourTag(fe,j13,j14)*Vec(nu10,q3)*Vec(nu9
      ,q3)*Vecr(nu11,p2)*Vecr(nu12,p2)*Deng(p2,xiz,M4)^2*Deng(q2 + q3,xiw,M3)^
      2*xiw*xiz*ufoGC81*ufoGC58^2*ufoGC80
       - 1/16*g_(1,6_,nu11)*FT1*g_(1,q3)*g_(2,6_,nu10)*FT2*g_(2,q1)*cFT(nu12,
      XX,i1,iufo13)*cFT(g6,XX,iufo13,j13)*cFT(nu9,XX,i2,iufo3)*cFT(g7,XX,iufo3
      ,i3)*flavourTag(fve,j15,j16)*flavourTag(fe,j13,j14)*Vec(nu10,q2)*Vec(nu9
      ,q2)*Vecr(nu11,p2)*Vecr(nu12,p2)*Deng(p2,xiz,M4)^2*Deng(q2 + q3,xiw,M3)^
      2*xiw*xiz*ufoGC81*ufoGC58^2*ufoGC76
       - 1/16*g_(1,6_,nu11)*FT1*g_(1,q3)*g_(2,6_,nu10)*FT2*g_(2,q1)*cFT(nu12,
      XX,i1,iufo13)*cFT(g6,XX,iufo13,j13)*cFT(nu9,XX,i2,iufo3)*cFT(g7,XX,iufo3
      ,i3)*flavourTag(fve,j15,j16)*flavourTag(fe,j13,j14)*Vec(nu10,q2)*Vec(nu9
      ,q3)*Vecr(nu11,p2)*Vecr(nu12,p2)*Deng(p2,xiz,M4)^2*Deng(q2 + q3,xiw,M3)^
      2*xiw*xiz*ufoGC81*ufoGC58^2*ufoGC76
       - 1/16*g_(1,6_,nu11)*FT1*g_(1,q3)*g_(2,6_,nu10)*FT2*g_(2,q1)*cFT(nu12,
      XX,i1,iufo13)*cFT(g6,XX,iufo13,j13)*cFT(nu9,XX,i2,iufo3)*cFT(g7,XX,iufo3
      ,i3)*flavourTag(fve,j15,j16)*flavourTag(fe,j13,j14)*Vec(nu10,q3)*Vec(nu9
      ,q2)*Vecr(nu11,p2)*Vecr(nu12,p2)*Deng(p2,xiz,M4)^2*Deng(q2 + q3,xiw,M3)^
      2*xiw*xiz*ufoGC81*ufoGC58^2*ufoGC76
       - 1/16*g_(1,6_,nu11)*FT1*g_(1,q3)*g_(2,6_,nu10)*FT2*g_(2,q1)*cFT(nu12,
      XX,i1,iufo13)*cFT(g6,XX,iufo13,j13)*cFT(nu9,XX,i2,iufo3)*cFT(g7,XX,iufo3
      ,i3)*flavourTag(fve,j15,j16)*flavourTag(fe,j13,j14)*Vec(nu10,q3)*Vec(nu9
      ,q3)*Vecr(nu11,p2)*Vecr(nu12,p2)*Deng(p2,xiz,M4)^2*Deng(q2 + q3,xiw,M3)^
      2*xiw*xiz*ufoGC81*ufoGC58^2*ufoGC76
      ;

  0.00 sec out of 0.00 sec
