FORM 5.0.0-beta.1 (Jan 15 2026, v5.0.0-beta.1-292-g4341c63)  Run: Thu Mar 12 12:02:06 2026
    #-

   d1l218amp =

       + Int1(p4,sqrt(xiw)*M3,1) * (
          - 1/4*g_(1,6_,nu16)*g_(2,6_,p4,nu16)*spinIndExt(1,i1,i4)*spinIndExt(
         2,i2,i3)*flavourTag(fe,j11,j12)*prf(1,M3^2*xiw)*prf(1, - sqrt(xiw)^2*
         M3^2 + sqrt(xiz)^2*M4^2)*ufoGC58*ufoGC76*ufoGC104*ufoGC85
          - 1/4*g_(1,6_,nu16)*g_(2,6_,q3,nu16)*spinIndExt(1,i1,i4)*spinIndExt(
         2,i2,i3)*flavourTag(fe,j11,j12)*prf(1,M3^2*xiw)*prf(1, - sqrt(xiw)^2*
         M3^2 + sqrt(xiz)^2*M4^2)*ufoGC58*ufoGC76*ufoGC104*ufoGC85
          )

       + Int1(p4,sqrt(xiz)*M4,1) * (
          + 1/4*g_(1,6_,nu16)*g_(2,6_,p4,nu16)*spinIndExt(1,i1,i4)*spinIndExt(
         2,i2,i3)*flavourTag(fe,j11,j12)*prf(1,M3^2*xiw)*prf(1, - sqrt(xiw)^2*
         M3^2 + sqrt(xiz)^2*M4^2)*ufoGC58*ufoGC76*ufoGC104*ufoGC85
          + 1/4*g_(1,6_,nu16)*g_(2,6_,q3,nu16)*spinIndExt(1,i1,i4)*spinIndExt(
         2,i2,i3)*flavourTag(fe,j11,j12)*prf(1,M3^2*xiw)*prf(1, - sqrt(xiw)^2*
         M3^2 + sqrt(xiz)^2*M4^2)*ufoGC58*ufoGC76*ufoGC104*ufoGC85
          )

       + Int1(p4,0,-1,p4,sqrt(xiw)*M3,1) * (
          + 1/4*g_(1,6_,nu15)*g_(2,6_,p4,nu15)*spinIndExt(1,i1,i4)*spinIndExt(
         2,i2,i3)*flavourTag(fe,j11,j12)*prf(1, - sqrt(xiw)^2*M3^2 + sqrt(xiz)
         ^2*M4^2)^2*prf(d^-1,M3^2*xiw)*ufoGC58*ufoGC76*ufoGC104*ufoGC85
          + 1/4*g_(1,6_,nu15)*g_(2,6_,q3,nu15)*spinIndExt(1,i1,i4)*spinIndExt(
         2,i2,i3)*flavourTag(fe,j11,j12)*prf(1, - sqrt(xiw)^2*M3^2 + sqrt(xiz)
         ^2*M4^2)^2*prf(d^-1,M3^2*xiw)*ufoGC58*ufoGC76*ufoGC104*ufoGC85
          )

       + Int1(p4,0,-1,p4,sqrt(xiz)*M4,1) * (
          - 1/4*g_(1,6_,nu15)*g_(2,6_,p4,nu15)*spinIndExt(1,i1,i4)*spinIndExt(
         2,i2,i3)*flavourTag(fe,j11,j12)*prf(1, - sqrt(xiw)^2*M3^2 + sqrt(xiz)
         ^2*M4^2)^2*prf(d^-1,M3^2*xiw)*ufoGC58*ufoGC76*ufoGC104*ufoGC85
          - 1/4*g_(1,6_,nu15)*g_(2,6_,q3,nu15)*spinIndExt(1,i1,i4)*spinIndExt(
         2,i2,i3)*flavourTag(fe,j11,j12)*prf(1, - sqrt(xiw)^2*M3^2 + sqrt(xiz)
         ^2*M4^2)^2*prf(d^-1,M3^2*xiw)*ufoGC58*ufoGC76*ufoGC104*ufoGC85
          )

       + Int1(p4,0,-1,p4,sqrt(xiz)*M4,2) * (
          - 1/4*g_(1,6_,nu15)*g_(2,6_,p4,nu15)*spinIndExt(1,i1,i4)*spinIndExt(
         2,i2,i3)*flavourTag(fe,j11,j12)*prf(1, - sqrt(xiw)^2*M3^2 + sqrt(xiz)
         ^2*M4^2)*prf(d^-1,M3^2*xiw)*ufoGC58*ufoGC76*ufoGC104*ufoGC85
          - 1/4*g_(1,6_,nu15)*g_(2,6_,q3,nu15)*spinIndExt(1,i1,i4)*spinIndExt(
         2,i2,i3)*flavourTag(fe,j11,j12)*prf(1, - sqrt(xiw)^2*M3^2 + sqrt(xiz)
         ^2*M4^2)*prf(d^-1,M3^2*xiw)*ufoGC58*ufoGC76*ufoGC104*ufoGC85
          );

  0.00 sec out of 0.00 sec
