FORM 5.0.0-beta.1 (Jan 15 2026, v5.0.0-beta.1-292-g4341c63)  Run: Thu Mar  5 11:47:21 2026
    #-

   d1l200amp =

       + Den(p4,xiw,M3)*Den(p4,xiz,M4)^2*Den(xiw,M3)^2 * (
          - 1/8*g_(1,6_,nu10)*g_(2,6_,nu15)*FT2*g_(2,p4)*cFT(g6,XX,i2,j11)*
         flavourTag(fmu,j11,j12)*Vec(nu10,q2)*Vec(nu15,q2)*p4.p4*d^-1*xiw*xiz*
         ufoGC58*ufoGC80*ufoGC107*ufoGC85
          - 1/8*g_(1,6_,nu10)*g_(2,6_,nu15)*FT2*g_(2,p4)*cFT(g6,XX,i2,j11)*
         flavourTag(fmu,j11,j12)*Vec(nu10,q2)*Vec(nu15,q3)*p4.p4*d^-1*xiw*xiz*
         ufoGC58*ufoGC80*ufoGC107*ufoGC85
          - 1/8*g_(1,6_,nu10)*g_(2,6_,nu15)*FT2*g_(2,p4)*cFT(g6,XX,i2,j11)*
         flavourTag(fmu,j11,j12)*Vec(nu10,q3)*Vec(nu15,q2)*p4.p4*d^-1*xiw*xiz*
         ufoGC58*ufoGC80*ufoGC107*ufoGC85
          - 1/8*g_(1,6_,nu10)*g_(2,6_,nu15)*FT2*g_(2,p4)*cFT(g6,XX,i2,j11)*
         flavourTag(fmu,j11,j12)*Vec(nu10,q3)*Vec(nu15,q3)*p4.p4*d^-1*xiw*xiz*
         ufoGC58*ufoGC80*ufoGC107*ufoGC85
          - 1/8*g_(1,6_,nu10)*g_(2,6_,nu15)*FT2*g_(2,q3)*cFT(g6,XX,i2,j11)*
         flavourTag(fmu,j11,j12)*Vec(nu10,q2)*Vec(nu15,q2)*p4.p4*d^-1*xiw*xiz*
         ufoGC58*ufoGC80*ufoGC107*ufoGC85
          - 1/8*g_(1,6_,nu10)*g_(2,6_,nu15)*FT2*g_(2,q3)*cFT(g6,XX,i2,j11)*
         flavourTag(fmu,j11,j12)*Vec(nu10,q2)*Vec(nu15,q3)*p4.p4*d^-1*xiw*xiz*
         ufoGC58*ufoGC80*ufoGC107*ufoGC85
          - 1/8*g_(1,6_,nu10)*g_(2,6_,nu15)*FT2*g_(2,q3)*cFT(g6,XX,i2,j11)*
         flavourTag(fmu,j11,j12)*Vec(nu10,q3)*Vec(nu15,q2)*p4.p4*d^-1*xiw*xiz*
         ufoGC58*ufoGC80*ufoGC107*ufoGC85
          - 1/8*g_(1,6_,nu10)*g_(2,6_,nu15)*FT2*g_(2,q3)*cFT(g6,XX,i2,j11)*
         flavourTag(fmu,j11,j12)*Vec(nu10,q3)*Vec(nu15,q3)*p4.p4*d^-1*xiw*xiz*
         ufoGC58*ufoGC80*ufoGC107*ufoGC85
          - 1/8*g_(1,6_,nu10)*g_(2,nu15)*FT2(g6)*FT2*g_(2,p4)*cFT(g6,XX,i2,j11
         )*flavourTag(fmu,j11,j12)*Vec(nu10,q2)*Vec(nu15,q2)*p4.p4*d^-1*xiw*
         xiz*ufoGC58*ufoGC76*ufoGC107*ufoGC85
          - 1/8*g_(1,6_,nu10)*g_(2,nu15)*FT2(g6)*FT2*g_(2,p4)*cFT(g6,XX,i2,j11
         )*flavourTag(fmu,j11,j12)*Vec(nu10,q2)*Vec(nu15,q3)*p4.p4*d^-1*xiw*
         xiz*ufoGC58*ufoGC76*ufoGC107*ufoGC85
          - 1/8*g_(1,6_,nu10)*g_(2,nu15)*FT2(g6)*FT2*g_(2,p4)*cFT(g6,XX,i2,j11
         )*flavourTag(fmu,j11,j12)*Vec(nu10,q3)*Vec(nu15,q2)*p4.p4*d^-1*xiw*
         xiz*ufoGC58*ufoGC76*ufoGC107*ufoGC85
          - 1/8*g_(1,6_,nu10)*g_(2,nu15)*FT2(g6)*FT2*g_(2,p4)*cFT(g6,XX,i2,j11
         )*flavourTag(fmu,j11,j12)*Vec(nu10,q3)*Vec(nu15,q3)*p4.p4*d^-1*xiw*
         xiz*ufoGC58*ufoGC76*ufoGC107*ufoGC85
          - 1/8*g_(1,6_,nu10)*g_(2,nu15)*FT2(g6)*FT2*g_(2,q3)*cFT(g6,XX,i2,j11
         )*flavourTag(fmu,j11,j12)*Vec(nu10,q2)*Vec(nu15,q2)*p4.p4*d^-1*xiw*
         xiz*ufoGC58*ufoGC76*ufoGC107*ufoGC85
          - 1/8*g_(1,6_,nu10)*g_(2,nu15)*FT2(g6)*FT2*g_(2,q3)*cFT(g6,XX,i2,j11
         )*flavourTag(fmu,j11,j12)*Vec(nu10,q2)*Vec(nu15,q3)*p4.p4*d^-1*xiw*
         xiz*ufoGC58*ufoGC76*ufoGC107*ufoGC85
          - 1/8*g_(1,6_,nu10)*g_(2,nu15)*FT2(g6)*FT2*g_(2,q3)*cFT(g6,XX,i2,j11
         )*flavourTag(fmu,j11,j12)*Vec(nu10,q3)*Vec(nu15,q2)*p4.p4*d^-1*xiw*
         xiz*ufoGC58*ufoGC76*ufoGC107*ufoGC85
          - 1/8*g_(1,6_,nu10)*g_(2,nu15)*FT2(g6)*FT2*g_(2,q3)*cFT(g6,XX,i2,j11
         )*flavourTag(fmu,j11,j12)*Vec(nu10,q3)*Vec(nu15,q3)*p4.p4*d^-1*xiw*
         xiz*ufoGC58*ufoGC76*ufoGC107*ufoGC85
          );

  0.00 sec out of 0.00 sec
