FORM 5.0.0-beta.1 (Jan 15 2026, v5.0.0-beta.1-292-g4341c63)  Run: Thu Mar  5 11:47:25 2026
    #-

   d1l245amp =

       + Den(p4,xiw,M3)^2*Den(p4,xiz,M4)^2*Den(xiw,M3) * (
          + 1/8*g_(1,6_,nu14)*FT1*g_(1,p4)*g_(2,6_,nu14)*cFT(g6,XX,i2,i3)*
         flavourTag(fve,j11,j12)*p4.p4^2*d^-1*xiz*ufoGC81*ufoGC58*ufoGC107*
         ufoGC85
          - 1/8*g_(1,6_,nu14)*FT1*g_(1,q1)*g_(2,6_,nu14)*cFT(g6,XX,i2,i3)*
         flavourTag(fve,j11,j12)*p4.p4^2*d^-1*xiz*ufoGC81*ufoGC58*ufoGC107*
         ufoGC85
          - 1/8*g_(1,6_,nu14)*FT1*g_(1,q2)*g_(2,6_,nu14)*cFT(g6,XX,i2,i3)*
         flavourTag(fve,j11,j12)*p4.p4^2*d^-1*xiz*ufoGC81*ufoGC58*ufoGC107*
         ufoGC85
          - 1/8*g_(1,6_,nu14)*FT1*g_(1,q3)*g_(2,6_,nu14)*cFT(g6,XX,i2,i3)*
         flavourTag(fve,j11,j12)*p4.p4^2*d^-1*xiz*ufoGC81*ufoGC58*ufoGC107*
         ufoGC85
          + 1/8*g_(1,6_,nu15)*FT1*g_(1,p4)*g_(2,6_,nu14)*cFT(g6,XX,i2,i3)*
         flavourTag(fve,j11,j12)*Vec(nu14,q2)*Vec(nu15,q2)*p4.p4*d^-1*xiz*
         ufoGC81*ufoGC58*ufoGC107*ufoGC85
          + 1/8*g_(1,6_,nu15)*FT1*g_(1,p4)*g_(2,6_,nu14)*cFT(g6,XX,i2,i3)*
         flavourTag(fve,j11,j12)*Vec(nu14,q2)*Vec(nu15,q3)*p4.p4*d^-1*xiz*
         ufoGC81*ufoGC58*ufoGC107*ufoGC85
          + 1/8*g_(1,6_,nu15)*FT1*g_(1,p4)*g_(2,6_,nu14)*cFT(g6,XX,i2,i3)*
         flavourTag(fve,j11,j12)*Vec(nu14,q3)*Vec(nu15,q2)*p4.p4*d^-1*xiz*
         ufoGC81*ufoGC58*ufoGC107*ufoGC85
          + 1/8*g_(1,6_,nu15)*FT1*g_(1,p4)*g_(2,6_,nu14)*cFT(g6,XX,i2,i3)*
         flavourTag(fve,j11,j12)*Vec(nu14,q3)*Vec(nu15,q3)*p4.p4*d^-1*xiz*
         ufoGC81*ufoGC58*ufoGC107*ufoGC85
          - 1/8*g_(1,6_,nu15)*FT1*g_(1,q1)*g_(2,6_,nu14)*cFT(g6,XX,i2,i3)*
         flavourTag(fve,j11,j12)*Vec(nu14,q2)*Vec(nu15,q2)*p4.p4*d^-1*xiz*
         ufoGC81*ufoGC58*ufoGC107*ufoGC85
          - 1/8*g_(1,6_,nu15)*FT1*g_(1,q1)*g_(2,6_,nu14)*cFT(g6,XX,i2,i3)*
         flavourTag(fve,j11,j12)*Vec(nu14,q2)*Vec(nu15,q3)*p4.p4*d^-1*xiz*
         ufoGC81*ufoGC58*ufoGC107*ufoGC85
          - 1/8*g_(1,6_,nu15)*FT1*g_(1,q1)*g_(2,6_,nu14)*cFT(g6,XX,i2,i3)*
         flavourTag(fve,j11,j12)*Vec(nu14,q3)*Vec(nu15,q2)*p4.p4*d^-1*xiz*
         ufoGC81*ufoGC58*ufoGC107*ufoGC85
          - 1/8*g_(1,6_,nu15)*FT1*g_(1,q1)*g_(2,6_,nu14)*cFT(g6,XX,i2,i3)*
         flavourTag(fve,j11,j12)*Vec(nu14,q3)*Vec(nu15,q3)*p4.p4*d^-1*xiz*
         ufoGC81*ufoGC58*ufoGC107*ufoGC85
          - 1/8*g_(1,6_,nu15)*FT1*g_(1,q2)*g_(2,6_,nu14)*cFT(g6,XX,i2,i3)*
         flavourTag(fve,j11,j12)*Vec(nu14,q2)*Vec(nu15,q2)*p4.p4*d^-1*xiz*
         ufoGC81*ufoGC58*ufoGC107*ufoGC85
          - 1/8*g_(1,6_,nu15)*FT1*g_(1,q2)*g_(2,6_,nu14)*cFT(g6,XX,i2,i3)*
         flavourTag(fve,j11,j12)*Vec(nu14,q2)*Vec(nu15,q3)*p4.p4*d^-1*xiz*
         ufoGC81*ufoGC58*ufoGC107*ufoGC85
          - 1/8*g_(1,6_,nu15)*FT1*g_(1,q2)*g_(2,6_,nu14)*cFT(g6,XX,i2,i3)*
         flavourTag(fve,j11,j12)*Vec(nu14,q3)*Vec(nu15,q2)*p4.p4*d^-1*xiz*
         ufoGC81*ufoGC58*ufoGC107*ufoGC85
          - 1/8*g_(1,6_,nu15)*FT1*g_(1,q2)*g_(2,6_,nu14)*cFT(g6,XX,i2,i3)*
         flavourTag(fve,j11,j12)*Vec(nu14,q3)*Vec(nu15,q3)*p4.p4*d^-1*xiz*
         ufoGC81*ufoGC58*ufoGC107*ufoGC85
          - 1/8*g_(1,6_,nu15)*FT1*g_(1,q3)*g_(2,6_,nu14)*cFT(g6,XX,i2,i3)*
         flavourTag(fve,j11,j12)*Vec(nu14,q2)*Vec(nu15,q2)*p4.p4*d^-1*xiz*
         ufoGC81*ufoGC58*ufoGC107*ufoGC85
          - 1/8*g_(1,6_,nu15)*FT1*g_(1,q3)*g_(2,6_,nu14)*cFT(g6,XX,i2,i3)*
         flavourTag(fve,j11,j12)*Vec(nu14,q2)*Vec(nu15,q3)*p4.p4*d^-1*xiz*
         ufoGC81*ufoGC58*ufoGC107*ufoGC85
          - 1/8*g_(1,6_,nu15)*FT1*g_(1,q3)*g_(2,6_,nu14)*cFT(g6,XX,i2,i3)*
         flavourTag(fve,j11,j12)*Vec(nu14,q3)*Vec(nu15,q2)*p4.p4*d^-1*xiz*
         ufoGC81*ufoGC58*ufoGC107*ufoGC85
          - 1/8*g_(1,6_,nu15)*FT1*g_(1,q3)*g_(2,6_,nu14)*cFT(g6,XX,i2,i3)*
         flavourTag(fve,j11,j12)*Vec(nu14,q3)*Vec(nu15,q3)*p4.p4*d^-1*xiz*
         ufoGC81*ufoGC58*ufoGC107*ufoGC85
          )

       + Den(p4,xiw,M3)*Den(p4,xiz,M4)^2*Den(xiw,M3) * (
          - 1/8*g_(1,6_,nu15)*FT1*g_(1,p4)*g_(2,6_,nu15)*cFT(g6,XX,i2,i3)*
         flavourTag(fve,j11,j12)*p4.p4*d^-1*xiz*ufoGC81*ufoGC58*ufoGC107*
         ufoGC85
          + 1/8*g_(1,6_,nu15)*FT1*g_(1,q1)*g_(2,6_,nu15)*cFT(g6,XX,i2,i3)*
         flavourTag(fve,j11,j12)*p4.p4*d^-1*xiz*ufoGC81*ufoGC58*ufoGC107*
         ufoGC85
          + 1/8*g_(1,6_,nu15)*FT1*g_(1,q2)*g_(2,6_,nu15)*cFT(g6,XX,i2,i3)*
         flavourTag(fve,j11,j12)*p4.p4*d^-1*xiz*ufoGC81*ufoGC58*ufoGC107*
         ufoGC85
          + 1/8*g_(1,6_,nu15)*FT1*g_(1,q3)*g_(2,6_,nu15)*cFT(g6,XX,i2,i3)*
         flavourTag(fve,j11,j12)*p4.p4*d^-1*xiz*ufoGC81*ufoGC58*ufoGC107*
         ufoGC85
          );

  0.00 sec out of 0.00 sec
