FORM 5.0.0-beta.1 (Jan 15 2026, v5.0.0-beta.1-292-g4341c63)  Run: Thu Mar  5 17:27:30 2026
    #-

   d1l270amp =

       + Den(p4,xiw,M3)*Den(p4,xiz,M4) * (
          - 1/16*g_(1,6_,nu16)*FT1*g_(2,6_,nu9)*cFT(nu9,XX,j14,iufo3)*cFT(g7,
         XX,iufo3,i3)*cFT(p4 - q2,0,XX,j13,j14)*cFT(nu16,XX,i2,iufo13)*cFT(g7,
         XX,iufo13,j13)*flavourTag(fve,j11,j12)*flavourTag(fvm,j13,j14)*
         ufoGC81^2*ufoGC58^2
          )

       + Den(p4,0,0)*Den(p4,xiw,M3)^2*Den(p4,xiz,M4) * (
          + 1/16*g_(1,6_,nu16)*FT1*g_(2,6_,nu9)*cFT(nu9,XX,j14,iufo3)*cFT(g7,
         XX,iufo3,i3)*cFT(p4 - q2,0,XX,j13,j14)*cFT(nu16,XX,i2,iufo13)*cFT(g7,
         XX,iufo13,j13)*flavourTag(fve,j11,j12)*flavourTag(fvm,j13,j14)*d^-1*
         ufoGC81^2*ufoGC58^2
          )

       + Den(p4,0,0)*Den(p4,xiw,M3)*Den(p4,xiz,M4)^2 * (
          + 1/16*g_(1,6_,nu15)*FT1*g_(2,6_,nu9)*cFT(nu9,XX,j14,iufo3)*cFT(g7,
         XX,iufo3,i3)*cFT(p4 - q2,0,XX,j13,j14)*cFT(nu15,XX,i2,iufo13)*cFT(g7,
         XX,iufo13,j13)*flavourTag(fve,j11,j12)*flavourTag(fvm,j13,j14)*d^-1*
         ufoGC81^2*ufoGC58^2
          )

       + Den(p4,0,0)^2*Den(p4,xiw,M3)^2*Den(p4,xiz,M4)^2 * (
          - 1/16*g_(1,6_,nu9)*FT1*g_(2,6_,nu15)*cFT(nu9,XX,j14,iufo3)*cFT(g7,
         XX,iufo3,i3)*cFT(p4 - q2,0,XX,j13,j14)*cFT(nu15,XX,i2,iufo13)*cFT(g7,
         XX,iufo13,j13)/(d^3 + d^2 - 2*d)*flavourTag(fve,j11,j12)*flavourTag(
         fvm,j13,j14)*d*ufoGC81^2*ufoGC58^2
          + 1/16*g_(1,6_,nu9)*FT1*g_(2,6_,nu15)*cFT(nu9,XX,j14,iufo3)*cFT(g7,
         XX,iufo3,i3)*cFT(p4 - q2,0,XX,j13,j14)*cFT(nu15,XX,i2,iufo13)*cFT(g7,
         XX,iufo13,j13)/(d^3 + d^2 - 2*d)*flavourTag(fve,j11,j12)*flavourTag(
         fvm,j13,j14)*ufoGC81^2*ufoGC58^2
          - 1/16*g_(1,6_,nu15)*FT1*g_(2,6_,nu9)*cFT(nu9,XX,j14,iufo3)*cFT(g7,
         XX,iufo3,i3)*cFT(p4 - q2,0,XX,j13,j14)*cFT(nu15,XX,i2,iufo13)*cFT(g7,
         XX,iufo13,j13)/(d^3 + d^2 - 2*d)*flavourTag(fve,j11,j12)*flavourTag(
         fvm,j13,j14)*d*ufoGC81^2*ufoGC58^2
          + 1/16*g_(1,6_,nu15)*FT1*g_(2,6_,nu9)*cFT(nu9,XX,j14,iufo3)*cFT(g7,
         XX,iufo3,i3)*cFT(p4 - q2,0,XX,j13,j14)*cFT(nu15,XX,i2,iufo13)*cFT(g7,
         XX,iufo13,j13)/(d^3 + d^2 - 2*d)*flavourTag(fve,j11,j12)*flavourTag(
         fvm,j13,j14)*ufoGC81^2*ufoGC58^2
          );

  0.00 sec out of 0.00 sec
