FORM 5.0.0-beta.1 (Jan 15 2026, v5.0.0-beta.1-292-g4341c63)  Run: Thu Mar 12 12:02:08 2026
    #-

   d1l250amp =

       + Int1(p4,0,-2,p4,sqrt(xiw)*M3,1) * (
          - 1/2*g_(1,6_,nu14,p4,nu14)*g_(2,6_)*spinIndExt(1,i1,i4)*spinIndExt(
         2,i2,i3)*flavourTag(fmu,j11,j12)*prf(1, - sqrt(xiw)^2*M3^2 + sqrt(xiz
         )^2*M4^2)^3*prf(d^-1,M3^2*xiw)*xiz*ufoGC58*ufoGC80*ufoGC104*ufoGC85
          + 1/2*g_(1,6_,nu14,q1,nu14)*g_(2,6_)*spinIndExt(1,i1,i4)*spinIndExt(
         2,i2,i3)*flavourTag(fmu,j11,j12)*prf(1, - sqrt(xiw)^2*M3^2 + sqrt(xiz
         )^2*M4^2)^3*prf(d^-1,M3^2*xiw)*xiz*ufoGC58*ufoGC80*ufoGC104*ufoGC85
          + 1/2*g_(1,6_,nu14,q2,nu14)*g_(2,6_)*spinIndExt(1,i1,i4)*spinIndExt(
         2,i2,i3)*flavourTag(fmu,j11,j12)*prf(1, - sqrt(xiw)^2*M3^2 + sqrt(xiz
         )^2*M4^2)^3*prf(d^-1,M3^2*xiw)*xiz*ufoGC58*ufoGC80*ufoGC104*ufoGC85
          + 1/2*g_(1,6_,nu14,q3,nu14)*g_(2,6_)*spinIndExt(1,i1,i4)*spinIndExt(
         2,i2,i3)*flavourTag(fmu,j11,j12)*prf(1, - sqrt(xiw)^2*M3^2 + sqrt(xiz
         )^2*M4^2)^3*prf(d^-1,M3^2*xiw)*xiz*ufoGC58*ufoGC80*ufoGC104*ufoGC85
          )

       + Int1(p4,0,-2,p4,sqrt(xiw)*M3,2) * (
          + 1/4*g_(1,6_,nu14,p4,nu14)*g_(2,6_)*spinIndExt(1,i1,i4)*spinIndExt(
         2,i2,i3)*flavourTag(fmu,j11,j12)*prf(1, - sqrt(xiw)^2*M3^2 + sqrt(xiz
         )^2*M4^2)^2*prf(d^-1,M3^2*xiw)*xiz*ufoGC58*ufoGC80*ufoGC104*ufoGC85
          - 1/4*g_(1,6_,nu14,q1,nu14)*g_(2,6_)*spinIndExt(1,i1,i4)*spinIndExt(
         2,i2,i3)*flavourTag(fmu,j11,j12)*prf(1, - sqrt(xiw)^2*M3^2 + sqrt(xiz
         )^2*M4^2)^2*prf(d^-1,M3^2*xiw)*xiz*ufoGC58*ufoGC80*ufoGC104*ufoGC85
          - 1/4*g_(1,6_,nu14,q2,nu14)*g_(2,6_)*spinIndExt(1,i1,i4)*spinIndExt(
         2,i2,i3)*flavourTag(fmu,j11,j12)*prf(1, - sqrt(xiw)^2*M3^2 + sqrt(xiz
         )^2*M4^2)^2*prf(d^-1,M3^2*xiw)*xiz*ufoGC58*ufoGC80*ufoGC104*ufoGC85
          - 1/4*g_(1,6_,nu14,q3,nu14)*g_(2,6_)*spinIndExt(1,i1,i4)*spinIndExt(
         2,i2,i3)*flavourTag(fmu,j11,j12)*prf(1, - sqrt(xiw)^2*M3^2 + sqrt(xiz
         )^2*M4^2)^2*prf(d^-1,M3^2*xiw)*xiz*ufoGC58*ufoGC80*ufoGC104*ufoGC85
          )

       + Int1(p4,0,-2,p4,sqrt(xiz)*M4,1) * (
          + 1/2*g_(1,6_,nu14,p4,nu14)*g_(2,6_)*spinIndExt(1,i1,i4)*spinIndExt(
         2,i2,i3)*flavourTag(fmu,j11,j12)*prf(1, - sqrt(xiw)^2*M3^2 + sqrt(xiz
         )^2*M4^2)^3*prf(d^-1,M3^2*xiw)*xiz*ufoGC58*ufoGC80*ufoGC104*ufoGC85
          - 1/2*g_(1,6_,nu14,q1,nu14)*g_(2,6_)*spinIndExt(1,i1,i4)*spinIndExt(
         2,i2,i3)*flavourTag(fmu,j11,j12)*prf(1, - sqrt(xiw)^2*M3^2 + sqrt(xiz
         )^2*M4^2)^3*prf(d^-1,M3^2*xiw)*xiz*ufoGC58*ufoGC80*ufoGC104*ufoGC85
          - 1/2*g_(1,6_,nu14,q2,nu14)*g_(2,6_)*spinIndExt(1,i1,i4)*spinIndExt(
         2,i2,i3)*flavourTag(fmu,j11,j12)*prf(1, - sqrt(xiw)^2*M3^2 + sqrt(xiz
         )^2*M4^2)^3*prf(d^-1,M3^2*xiw)*xiz*ufoGC58*ufoGC80*ufoGC104*ufoGC85
          - 1/2*g_(1,6_,nu14,q3,nu14)*g_(2,6_)*spinIndExt(1,i1,i4)*spinIndExt(
         2,i2,i3)*flavourTag(fmu,j11,j12)*prf(1, - sqrt(xiw)^2*M3^2 + sqrt(xiz
         )^2*M4^2)^3*prf(d^-1,M3^2*xiw)*xiz*ufoGC58*ufoGC80*ufoGC104*ufoGC85
          )

       + Int1(p4,0,-2,p4,sqrt(xiz)*M4,2) * (
          + 1/4*g_(1,6_,nu14,p4,nu14)*g_(2,6_)*spinIndExt(1,i1,i4)*spinIndExt(
         2,i2,i3)*flavourTag(fmu,j11,j12)*prf(1, - sqrt(xiw)^2*M3^2 + sqrt(xiz
         )^2*M4^2)^2*prf(d^-1,M3^2*xiw)*xiz*ufoGC58*ufoGC80*ufoGC104*ufoGC85
          - 1/4*g_(1,6_,nu14,q1,nu14)*g_(2,6_)*spinIndExt(1,i1,i4)*spinIndExt(
         2,i2,i3)*flavourTag(fmu,j11,j12)*prf(1, - sqrt(xiw)^2*M3^2 + sqrt(xiz
         )^2*M4^2)^2*prf(d^-1,M3^2*xiw)*xiz*ufoGC58*ufoGC80*ufoGC104*ufoGC85
          - 1/4*g_(1,6_,nu14,q2,nu14)*g_(2,6_)*spinIndExt(1,i1,i4)*spinIndExt(
         2,i2,i3)*flavourTag(fmu,j11,j12)*prf(1, - sqrt(xiw)^2*M3^2 + sqrt(xiz
         )^2*M4^2)^2*prf(d^-1,M3^2*xiw)*xiz*ufoGC58*ufoGC80*ufoGC104*ufoGC85
          - 1/4*g_(1,6_,nu14,q3,nu14)*g_(2,6_)*spinIndExt(1,i1,i4)*spinIndExt(
         2,i2,i3)*flavourTag(fmu,j11,j12)*prf(1, - sqrt(xiw)^2*M3^2 + sqrt(xiz
         )^2*M4^2)^2*prf(d^-1,M3^2*xiw)*xiz*ufoGC58*ufoGC80*ufoGC104*ufoGC85
          )

       + Int1(p4,0,-1,p4,sqrt(xiw)*M3,1) * (
          - 1/4*g_(1,6_,nu13,p4,nu13)*g_(2,6_)*spinIndExt(1,i1,i4)*spinIndExt(
         2,i2,i3)*flavourTag(fmu,j11,j12)*prf(1, - sqrt(xiw)^2*M3^2 + sqrt(xiz
         )^2*M4^2)^2*prf(d^-1,M3^2*xiw)*xiz*ufoGC58*ufoGC80*ufoGC104*ufoGC85
          + 1/4*g_(1,6_,nu13,q1,nu13)*g_(2,6_)*spinIndExt(1,i1,i4)*spinIndExt(
         2,i2,i3)*flavourTag(fmu,j11,j12)*prf(1, - sqrt(xiw)^2*M3^2 + sqrt(xiz
         )^2*M4^2)^2*prf(d^-1,M3^2*xiw)*xiz*ufoGC58*ufoGC80*ufoGC104*ufoGC85
          + 1/4*g_(1,6_,nu13,q2,nu13)*g_(2,6_)*spinIndExt(1,i1,i4)*spinIndExt(
         2,i2,i3)*flavourTag(fmu,j11,j12)*prf(1, - sqrt(xiw)^2*M3^2 + sqrt(xiz
         )^2*M4^2)^2*prf(d^-1,M3^2*xiw)*xiz*ufoGC58*ufoGC80*ufoGC104*ufoGC85
          + 1/4*g_(1,6_,nu13,q3,nu13)*g_(2,6_)*spinIndExt(1,i1,i4)*spinIndExt(
         2,i2,i3)*flavourTag(fmu,j11,j12)*prf(1, - sqrt(xiw)^2*M3^2 + sqrt(xiz
         )^2*M4^2)^2*prf(d^-1,M3^2*xiw)*xiz*ufoGC58*ufoGC80*ufoGC104*ufoGC85
          )

       + Int1(p4,0,-1,p4,sqrt(xiz)*M4,1) * (
          + 1/4*g_(1,6_,nu13,p4,nu13)*g_(2,6_)*spinIndExt(1,i1,i4)*spinIndExt(
         2,i2,i3)*flavourTag(fmu,j11,j12)*prf(1, - sqrt(xiw)^2*M3^2 + sqrt(xiz
         )^2*M4^2)^2*prf(d^-1,M3^2*xiw)*xiz*ufoGC58*ufoGC80*ufoGC104*ufoGC85
          - 1/4*g_(1,6_,nu13,q1,nu13)*g_(2,6_)*spinIndExt(1,i1,i4)*spinIndExt(
         2,i2,i3)*flavourTag(fmu,j11,j12)*prf(1, - sqrt(xiw)^2*M3^2 + sqrt(xiz
         )^2*M4^2)^2*prf(d^-1,M3^2*xiw)*xiz*ufoGC58*ufoGC80*ufoGC104*ufoGC85
          - 1/4*g_(1,6_,nu13,q2,nu13)*g_(2,6_)*spinIndExt(1,i1,i4)*spinIndExt(
         2,i2,i3)*flavourTag(fmu,j11,j12)*prf(1, - sqrt(xiw)^2*M3^2 + sqrt(xiz
         )^2*M4^2)^2*prf(d^-1,M3^2*xiw)*xiz*ufoGC58*ufoGC80*ufoGC104*ufoGC85
          - 1/4*g_(1,6_,nu13,q3,nu13)*g_(2,6_)*spinIndExt(1,i1,i4)*spinIndExt(
         2,i2,i3)*flavourTag(fmu,j11,j12)*prf(1, - sqrt(xiw)^2*M3^2 + sqrt(xiz
         )^2*M4^2)^2*prf(d^-1,M3^2*xiw)*xiz*ufoGC58*ufoGC80*ufoGC104*ufoGC85
          )

       + Int1(p4,0,-1,p4,sqrt(xiz)*M4,2) * (
          + 1/4*g_(1,6_,nu13,p4,nu13)*g_(2,6_)*spinIndExt(1,i1,i4)*spinIndExt(
         2,i2,i3)*flavourTag(fmu,j11,j12)*prf(1, - sqrt(xiw)^2*M3^2 + sqrt(xiz
         )^2*M4^2)*prf(d^-1,M3^2*xiw)*xiz*ufoGC58*ufoGC80*ufoGC104*ufoGC85
          - 1/4*g_(1,6_,nu13,q1,nu13)*g_(2,6_)*spinIndExt(1,i1,i4)*spinIndExt(
         2,i2,i3)*flavourTag(fmu,j11,j12)*prf(1, - sqrt(xiw)^2*M3^2 + sqrt(xiz
         )^2*M4^2)*prf(d^-1,M3^2*xiw)*xiz*ufoGC58*ufoGC80*ufoGC104*ufoGC85
          - 1/4*g_(1,6_,nu13,q2,nu13)*g_(2,6_)*spinIndExt(1,i1,i4)*spinIndExt(
         2,i2,i3)*flavourTag(fmu,j11,j12)*prf(1, - sqrt(xiw)^2*M3^2 + sqrt(xiz
         )^2*M4^2)*prf(d^-1,M3^2*xiw)*xiz*ufoGC58*ufoGC80*ufoGC104*ufoGC85
          - 1/4*g_(1,6_,nu13,q3,nu13)*g_(2,6_)*spinIndExt(1,i1,i4)*spinIndExt(
         2,i2,i3)*flavourTag(fmu,j11,j12)*prf(1, - sqrt(xiw)^2*M3^2 + sqrt(xiz
         )^2*M4^2)*prf(d^-1,M3^2*xiw)*xiz*ufoGC58*ufoGC80*ufoGC104*ufoGC85
          );

  0.00 sec out of 0.00 sec
