FORM 5.0.0-beta.1 (Jan 15 2026, v5.0.0-beta.1-292-g4341c63)  Run: Thu Mar  5 11:47:23 2026
    #-

   d1l231amp =

       + Den(p2,xiz,M4)^2*Den(xiw,M3)^2 * (
          + 1/16*g_(1,6_,nu12)*FT1*g_(1,p2)*g_(2,6_,nu10)*FT2*g_(2,p2)*cFT(
         nu12,XX,i1,iufo13)*cFT(g7,XX,iufo13,j13)*cFT(nu9,XX,i2,iufo3)*cFT(g7,
         XX,iufo3,i3)*flavourTag(fve,j15,j16)*flavourTag(fe,j13,j14)*Vec(nu10,
         q2)*Vec(nu9,q2)*p2.p2*d^-1*xiz*ufoGC81*ufoGC58^2*ufoGC80
          + 1/16*g_(1,6_,nu12)*FT1*g_(1,p2)*g_(2,6_,nu10)*FT2*g_(2,p2)*cFT(
         nu12,XX,i1,iufo13)*cFT(g7,XX,iufo13,j13)*cFT(nu9,XX,i2,iufo3)*cFT(g7,
         XX,iufo3,i3)*flavourTag(fve,j15,j16)*flavourTag(fe,j13,j14)*Vec(nu10,
         q2)*Vec(nu9,q3)*p2.p2*d^-1*xiz*ufoGC81*ufoGC58^2*ufoGC80
          + 1/16*g_(1,6_,nu12)*FT1*g_(1,p2)*g_(2,6_,nu10)*FT2*g_(2,p2)*cFT(
         nu12,XX,i1,iufo13)*cFT(g7,XX,iufo13,j13)*cFT(nu9,XX,i2,iufo3)*cFT(g7,
         XX,iufo3,i3)*flavourTag(fve,j15,j16)*flavourTag(fe,j13,j14)*Vec(nu10,
         q3)*Vec(nu9,q2)*p2.p2*d^-1*xiz*ufoGC81*ufoGC58^2*ufoGC80
          + 1/16*g_(1,6_,nu12)*FT1*g_(1,p2)*g_(2,6_,nu10)*FT2*g_(2,p2)*cFT(
         nu12,XX,i1,iufo13)*cFT(g7,XX,iufo13,j13)*cFT(nu9,XX,i2,iufo3)*cFT(g7,
         XX,iufo3,i3)*flavourTag(fve,j15,j16)*flavourTag(fe,j13,j14)*Vec(nu10,
         q3)*Vec(nu9,q3)*p2.p2*d^-1*xiz*ufoGC81*ufoGC58^2*ufoGC80
          + 1/16*g_(1,6_,nu12)*FT1*g_(1,p2)*g_(2,6_,nu10)*FT2*g_(2,p2)*cFT(
         nu12,XX,i1,iufo13)*cFT(g6,XX,iufo13,j13)*cFT(nu9,XX,i2,iufo3)*cFT(g7,
         XX,iufo3,i3)*flavourTag(fve,j15,j16)*flavourTag(fe,j13,j14)*Vec(nu10,
         q2)*Vec(nu9,q2)*p2.p2*d^-1*xiz*ufoGC81*ufoGC58^2*ufoGC76
          + 1/16*g_(1,6_,nu12)*FT1*g_(1,p2)*g_(2,6_,nu10)*FT2*g_(2,p2)*cFT(
         nu12,XX,i1,iufo13)*cFT(g6,XX,iufo13,j13)*cFT(nu9,XX,i2,iufo3)*cFT(g7,
         XX,iufo3,i3)*flavourTag(fve,j15,j16)*flavourTag(fe,j13,j14)*Vec(nu10,
         q2)*Vec(nu9,q3)*p2.p2*d^-1*xiz*ufoGC81*ufoGC58^2*ufoGC76
          + 1/16*g_(1,6_,nu12)*FT1*g_(1,p2)*g_(2,6_,nu10)*FT2*g_(2,p2)*cFT(
         nu12,XX,i1,iufo13)*cFT(g6,XX,iufo13,j13)*cFT(nu9,XX,i2,iufo3)*cFT(g7,
         XX,iufo3,i3)*flavourTag(fve,j15,j16)*flavourTag(fe,j13,j14)*Vec(nu10,
         q3)*Vec(nu9,q2)*p2.p2*d^-1*xiz*ufoGC81*ufoGC58^2*ufoGC76
          + 1/16*g_(1,6_,nu12)*FT1*g_(1,p2)*g_(2,6_,nu10)*FT2*g_(2,p2)*cFT(
         nu12,XX,i1,iufo13)*cFT(g6,XX,iufo13,j13)*cFT(nu9,XX,i2,iufo3)*cFT(g7,
         XX,iufo3,i3)*flavourTag(fve,j15,j16)*flavourTag(fe,j13,j14)*Vec(nu10,
         q3)*Vec(nu9,q3)*p2.p2*d^-1*xiz*ufoGC81*ufoGC58^2*ufoGC76
          + 1/16*g_(1,6_,nu12)*FT1*g_(1,p2)*g_(2,6_,nu10)*FT2*g_(2,q1)*cFT(
         nu12,XX,i1,iufo13)*cFT(g7,XX,iufo13,j13)*cFT(nu9,XX,i2,iufo3)*cFT(g7,
         XX,iufo3,i3)*flavourTag(fve,j15,j16)*flavourTag(fe,j13,j14)*Vec(nu10,
         q2)*Vec(nu9,q2)*p2.p2*d^-1*xiz*ufoGC81*ufoGC58^2*ufoGC80
          + 1/16*g_(1,6_,nu12)*FT1*g_(1,p2)*g_(2,6_,nu10)*FT2*g_(2,q1)*cFT(
         nu12,XX,i1,iufo13)*cFT(g7,XX,iufo13,j13)*cFT(nu9,XX,i2,iufo3)*cFT(g7,
         XX,iufo3,i3)*flavourTag(fve,j15,j16)*flavourTag(fe,j13,j14)*Vec(nu10,
         q2)*Vec(nu9,q3)*p2.p2*d^-1*xiz*ufoGC81*ufoGC58^2*ufoGC80
          + 1/16*g_(1,6_,nu12)*FT1*g_(1,p2)*g_(2,6_,nu10)*FT2*g_(2,q1)*cFT(
         nu12,XX,i1,iufo13)*cFT(g7,XX,iufo13,j13)*cFT(nu9,XX,i2,iufo3)*cFT(g7,
         XX,iufo3,i3)*flavourTag(fve,j15,j16)*flavourTag(fe,j13,j14)*Vec(nu10,
         q3)*Vec(nu9,q2)*p2.p2*d^-1*xiz*ufoGC81*ufoGC58^2*ufoGC80
          + 1/16*g_(1,6_,nu12)*FT1*g_(1,p2)*g_(2,6_,nu10)*FT2*g_(2,q1)*cFT(
         nu12,XX,i1,iufo13)*cFT(g7,XX,iufo13,j13)*cFT(nu9,XX,i2,iufo3)*cFT(g7,
         XX,iufo3,i3)*flavourTag(fve,j15,j16)*flavourTag(fe,j13,j14)*Vec(nu10,
         q3)*Vec(nu9,q3)*p2.p2*d^-1*xiz*ufoGC81*ufoGC58^2*ufoGC80
          + 1/16*g_(1,6_,nu12)*FT1*g_(1,p2)*g_(2,6_,nu10)*FT2*g_(2,q1)*cFT(
         nu12,XX,i1,iufo13)*cFT(g6,XX,iufo13,j13)*cFT(nu9,XX,i2,iufo3)*cFT(g7,
         XX,iufo3,i3)*flavourTag(fve,j15,j16)*flavourTag(fe,j13,j14)*Vec(nu10,
         q2)*Vec(nu9,q2)*p2.p2*d^-1*xiz*ufoGC81*ufoGC58^2*ufoGC76
          + 1/16*g_(1,6_,nu12)*FT1*g_(1,p2)*g_(2,6_,nu10)*FT2*g_(2,q1)*cFT(
         nu12,XX,i1,iufo13)*cFT(g6,XX,iufo13,j13)*cFT(nu9,XX,i2,iufo3)*cFT(g7,
         XX,iufo3,i3)*flavourTag(fve,j15,j16)*flavourTag(fe,j13,j14)*Vec(nu10,
         q2)*Vec(nu9,q3)*p2.p2*d^-1*xiz*ufoGC81*ufoGC58^2*ufoGC76
          + 1/16*g_(1,6_,nu12)*FT1*g_(1,p2)*g_(2,6_,nu10)*FT2*g_(2,q1)*cFT(
         nu12,XX,i1,iufo13)*cFT(g6,XX,iufo13,j13)*cFT(nu9,XX,i2,iufo3)*cFT(g7,
         XX,iufo3,i3)*flavourTag(fve,j15,j16)*flavourTag(fe,j13,j14)*Vec(nu10,
         q3)*Vec(nu9,q2)*p2.p2*d^-1*xiz*ufoGC81*ufoGC58^2*ufoGC76
          + 1/16*g_(1,6_,nu12)*FT1*g_(1,p2)*g_(2,6_,nu10)*FT2*g_(2,q1)*cFT(
         nu12,XX,i1,iufo13)*cFT(g6,XX,iufo13,j13)*cFT(nu9,XX,i2,iufo3)*cFT(g7,
         XX,iufo3,i3)*flavourTag(fve,j15,j16)*flavourTag(fe,j13,j14)*Vec(nu10,
         q3)*Vec(nu9,q3)*p2.p2*d^-1*xiz*ufoGC81*ufoGC58^2*ufoGC76
          + 1/16*g_(1,6_,nu12)*FT1*g_(1,q1)*g_(2,6_,nu10)*FT2*g_(2,p2)*cFT(
         nu12,XX,i1,iufo13)*cFT(g7,XX,iufo13,j13)*cFT(nu9,XX,i2,iufo3)*cFT(g7,
         XX,iufo3,i3)*flavourTag(fve,j15,j16)*flavourTag(fe,j13,j14)*Vec(nu10,
         q2)*Vec(nu9,q2)*p2.p2*d^-1*xiz*ufoGC81*ufoGC58^2*ufoGC80
          + 1/16*g_(1,6_,nu12)*FT1*g_(1,q1)*g_(2,6_,nu10)*FT2*g_(2,p2)*cFT(
         nu12,XX,i1,iufo13)*cFT(g7,XX,iufo13,j13)*cFT(nu9,XX,i2,iufo3)*cFT(g7,
         XX,iufo3,i3)*flavourTag(fve,j15,j16)*flavourTag(fe,j13,j14)*Vec(nu10,
         q2)*Vec(nu9,q3)*p2.p2*d^-1*xiz*ufoGC81*ufoGC58^2*ufoGC80
          + 1/16*g_(1,6_,nu12)*FT1*g_(1,q1)*g_(2,6_,nu10)*FT2*g_(2,p2)*cFT(
         nu12,XX,i1,iufo13)*cFT(g7,XX,iufo13,j13)*cFT(nu9,XX,i2,iufo3)*cFT(g7,
         XX,iufo3,i3)*flavourTag(fve,j15,j16)*flavourTag(fe,j13,j14)*Vec(nu10,
         q3)*Vec(nu9,q2)*p2.p2*d^-1*xiz*ufoGC81*ufoGC58^2*ufoGC80
          + 1/16*g_(1,6_,nu12)*FT1*g_(1,q1)*g_(2,6_,nu10)*FT2*g_(2,p2)*cFT(
         nu12,XX,i1,iufo13)*cFT(g7,XX,iufo13,j13)*cFT(nu9,XX,i2,iufo3)*cFT(g7,
         XX,iufo3,i3)*flavourTag(fve,j15,j16)*flavourTag(fe,j13,j14)*Vec(nu10,
         q3)*Vec(nu9,q3)*p2.p2*d^-1*xiz*ufoGC81*ufoGC58^2*ufoGC80
          + 1/16*g_(1,6_,nu12)*FT1*g_(1,q1)*g_(2,6_,nu10)*FT2*g_(2,p2)*cFT(
         nu12,XX,i1,iufo13)*cFT(g6,XX,iufo13,j13)*cFT(nu9,XX,i2,iufo3)*cFT(g7,
         XX,iufo3,i3)*flavourTag(fve,j15,j16)*flavourTag(fe,j13,j14)*Vec(nu10,
         q2)*Vec(nu9,q2)*p2.p2*d^-1*xiz*ufoGC81*ufoGC58^2*ufoGC76
          + 1/16*g_(1,6_,nu12)*FT1*g_(1,q1)*g_(2,6_,nu10)*FT2*g_(2,p2)*cFT(
         nu12,XX,i1,iufo13)*cFT(g6,XX,iufo13,j13)*cFT(nu9,XX,i2,iufo3)*cFT(g7,
         XX,iufo3,i3)*flavourTag(fve,j15,j16)*flavourTag(fe,j13,j14)*Vec(nu10,
         q2)*Vec(nu9,q3)*p2.p2*d^-1*xiz*ufoGC81*ufoGC58^2*ufoGC76
          + 1/16*g_(1,6_,nu12)*FT1*g_(1,q1)*g_(2,6_,nu10)*FT2*g_(2,p2)*cFT(
         nu12,XX,i1,iufo13)*cFT(g6,XX,iufo13,j13)*cFT(nu9,XX,i2,iufo3)*cFT(g7,
         XX,iufo3,i3)*flavourTag(fve,j15,j16)*flavourTag(fe,j13,j14)*Vec(nu10,
         q3)*Vec(nu9,q2)*p2.p2*d^-1*xiz*ufoGC81*ufoGC58^2*ufoGC76
          + 1/16*g_(1,6_,nu12)*FT1*g_(1,q1)*g_(2,6_,nu10)*FT2*g_(2,p2)*cFT(
         nu12,XX,i1,iufo13)*cFT(g6,XX,iufo13,j13)*cFT(nu9,XX,i2,iufo3)*cFT(g7,
         XX,iufo3,i3)*flavourTag(fve,j15,j16)*flavourTag(fe,j13,j14)*Vec(nu10,
         q3)*Vec(nu9,q3)*p2.p2*d^-1*xiz*ufoGC81*ufoGC58^2*ufoGC76
          + 1/16*g_(1,6_,nu12)*FT1*g_(1,q1)*g_(2,6_,nu10)*FT2*g_(2,q1)*cFT(
         nu12,XX,i1,iufo13)*cFT(g7,XX,iufo13,j13)*cFT(nu9,XX,i2,iufo3)*cFT(g7,
         XX,iufo3,i3)*flavourTag(fve,j15,j16)*flavourTag(fe,j13,j14)*Vec(nu10,
         q2)*Vec(nu9,q2)*p2.p2*d^-1*xiz*ufoGC81*ufoGC58^2*ufoGC80
          + 1/16*g_(1,6_,nu12)*FT1*g_(1,q1)*g_(2,6_,nu10)*FT2*g_(2,q1)*cFT(
         nu12,XX,i1,iufo13)*cFT(g7,XX,iufo13,j13)*cFT(nu9,XX,i2,iufo3)*cFT(g7,
         XX,iufo3,i3)*flavourTag(fve,j15,j16)*flavourTag(fe,j13,j14)*Vec(nu10,
         q2)*Vec(nu9,q3)*p2.p2*d^-1*xiz*ufoGC81*ufoGC58^2*ufoGC80
          + 1/16*g_(1,6_,nu12)*FT1*g_(1,q1)*g_(2,6_,nu10)*FT2*g_(2,q1)*cFT(
         nu12,XX,i1,iufo13)*cFT(g7,XX,iufo13,j13)*cFT(nu9,XX,i2,iufo3)*cFT(g7,
         XX,iufo3,i3)*flavourTag(fve,j15,j16)*flavourTag(fe,j13,j14)*Vec(nu10,
         q3)*Vec(nu9,q2)*p2.p2*d^-1*xiz*ufoGC81*ufoGC58^2*ufoGC80
          + 1/16*g_(1,6_,nu12)*FT1*g_(1,q1)*g_(2,6_,nu10)*FT2*g_(2,q1)*cFT(
         nu12,XX,i1,iufo13)*cFT(g7,XX,iufo13,j13)*cFT(nu9,XX,i2,iufo3)*cFT(g7,
         XX,iufo3,i3)*flavourTag(fve,j15,j16)*flavourTag(fe,j13,j14)*Vec(nu10,
         q3)*Vec(nu9,q3)*p2.p2*d^-1*xiz*ufoGC81*ufoGC58^2*ufoGC80
          + 1/16*g_(1,6_,nu12)*FT1*g_(1,q1)*g_(2,6_,nu10)*FT2*g_(2,q1)*cFT(
         nu12,XX,i1,iufo13)*cFT(g6,XX,iufo13,j13)*cFT(nu9,XX,i2,iufo3)*cFT(g7,
         XX,iufo3,i3)*flavourTag(fve,j15,j16)*flavourTag(fe,j13,j14)*Vec(nu10,
         q2)*Vec(nu9,q2)*p2.p2*d^-1*xiz*ufoGC81*ufoGC58^2*ufoGC76
          + 1/16*g_(1,6_,nu12)*FT1*g_(1,q1)*g_(2,6_,nu10)*FT2*g_(2,q1)*cFT(
         nu12,XX,i1,iufo13)*cFT(g6,XX,iufo13,j13)*cFT(nu9,XX,i2,iufo3)*cFT(g7,
         XX,iufo3,i3)*flavourTag(fve,j15,j16)*flavourTag(fe,j13,j14)*Vec(nu10,
         q2)*Vec(nu9,q3)*p2.p2*d^-1*xiz*ufoGC81*ufoGC58^2*ufoGC76
          + 1/16*g_(1,6_,nu12)*FT1*g_(1,q1)*g_(2,6_,nu10)*FT2*g_(2,q1)*cFT(
         nu12,XX,i1,iufo13)*cFT(g6,XX,iufo13,j13)*cFT(nu9,XX,i2,iufo3)*cFT(g7,
         XX,iufo3,i3)*flavourTag(fve,j15,j16)*flavourTag(fe,j13,j14)*Vec(nu10,
         q3)*Vec(nu9,q2)*p2.p2*d^-1*xiz*ufoGC81*ufoGC58^2*ufoGC76
          + 1/16*g_(1,6_,nu12)*FT1*g_(1,q1)*g_(2,6_,nu10)*FT2*g_(2,q1)*cFT(
         nu12,XX,i1,iufo13)*cFT(g6,XX,iufo13,j13)*cFT(nu9,XX,i2,iufo3)*cFT(g7,
         XX,iufo3,i3)*flavourTag(fve,j15,j16)*flavourTag(fe,j13,j14)*Vec(nu10,
         q3)*Vec(nu9,q3)*p2.p2*d^-1*xiz*ufoGC81*ufoGC58^2*ufoGC76
          + 1/16*g_(1,6_,nu12)*FT1*g_(1,q2)*g_(2,6_,nu10)*FT2*g_(2,p2)*cFT(
         nu12,XX,i1,iufo13)*cFT(g7,XX,iufo13,j13)*cFT(nu9,XX,i2,iufo3)*cFT(g7,
         XX,iufo3,i3)*flavourTag(fve,j15,j16)*flavourTag(fe,j13,j14)*Vec(nu10,
         q2)*Vec(nu9,q2)*p2.p2*d^-1*xiz*ufoGC81*ufoGC58^2*ufoGC80
          + 1/16*g_(1,6_,nu12)*FT1*g_(1,q2)*g_(2,6_,nu10)*FT2*g_(2,p2)*cFT(
         nu12,XX,i1,iufo13)*cFT(g7,XX,iufo13,j13)*cFT(nu9,XX,i2,iufo3)*cFT(g7,
         XX,iufo3,i3)*flavourTag(fve,j15,j16)*flavourTag(fe,j13,j14)*Vec(nu10,
         q2)*Vec(nu9,q3)*p2.p2*d^-1*xiz*ufoGC81*ufoGC58^2*ufoGC80
          + 1/16*g_(1,6_,nu12)*FT1*g_(1,q2)*g_(2,6_,nu10)*FT2*g_(2,p2)*cFT(
         nu12,XX,i1,iufo13)*cFT(g7,XX,iufo13,j13)*cFT(nu9,XX,i2,iufo3)*cFT(g7,
         XX,iufo3,i3)*flavourTag(fve,j15,j16)*flavourTag(fe,j13,j14)*Vec(nu10,
         q3)*Vec(nu9,q2)*p2.p2*d^-1*xiz*ufoGC81*ufoGC58^2*ufoGC80
          + 1/16*g_(1,6_,nu12)*FT1*g_(1,q2)*g_(2,6_,nu10)*FT2*g_(2,p2)*cFT(
         nu12,XX,i1,iufo13)*cFT(g7,XX,iufo13,j13)*cFT(nu9,XX,i2,iufo3)*cFT(g7,
         XX,iufo3,i3)*flavourTag(fve,j15,j16)*flavourTag(fe,j13,j14)*Vec(nu10,
         q3)*Vec(nu9,q3)*p2.p2*d^-1*xiz*ufoGC81*ufoGC58^2*ufoGC80
          + 1/16*g_(1,6_,nu12)*FT1*g_(1,q2)*g_(2,6_,nu10)*FT2*g_(2,p2)*cFT(
         nu12,XX,i1,iufo13)*cFT(g6,XX,iufo13,j13)*cFT(nu9,XX,i2,iufo3)*cFT(g7,
         XX,iufo3,i3)*flavourTag(fve,j15,j16)*flavourTag(fe,j13,j14)*Vec(nu10,
         q2)*Vec(nu9,q2)*p2.p2*d^-1*xiz*ufoGC81*ufoGC58^2*ufoGC76
          + 1/16*g_(1,6_,nu12)*FT1*g_(1,q2)*g_(2,6_,nu10)*FT2*g_(2,p2)*cFT(
         nu12,XX,i1,iufo13)*cFT(g6,XX,iufo13,j13)*cFT(nu9,XX,i2,iufo3)*cFT(g7,
         XX,iufo3,i3)*flavourTag(fve,j15,j16)*flavourTag(fe,j13,j14)*Vec(nu10,
         q2)*Vec(nu9,q3)*p2.p2*d^-1*xiz*ufoGC81*ufoGC58^2*ufoGC76
          + 1/16*g_(1,6_,nu12)*FT1*g_(1,q2)*g_(2,6_,nu10)*FT2*g_(2,p2)*cFT(
         nu12,XX,i1,iufo13)*cFT(g6,XX,iufo13,j13)*cFT(nu9,XX,i2,iufo3)*cFT(g7,
         XX,iufo3,i3)*flavourTag(fve,j15,j16)*flavourTag(fe,j13,j14)*Vec(nu10,
         q3)*Vec(nu9,q2)*p2.p2*d^-1*xiz*ufoGC81*ufoGC58^2*ufoGC76
          + 1/16*g_(1,6_,nu12)*FT1*g_(1,q2)*g_(2,6_,nu10)*FT2*g_(2,p2)*cFT(
         nu12,XX,i1,iufo13)*cFT(g6,XX,iufo13,j13)*cFT(nu9,XX,i2,iufo3)*cFT(g7,
         XX,iufo3,i3)*flavourTag(fve,j15,j16)*flavourTag(fe,j13,j14)*Vec(nu10,
         q3)*Vec(nu9,q3)*p2.p2*d^-1*xiz*ufoGC81*ufoGC58^2*ufoGC76
          + 1/16*g_(1,6_,nu12)*FT1*g_(1,q2)*g_(2,6_,nu10)*FT2*g_(2,q1)*cFT(
         nu12,XX,i1,iufo13)*cFT(g7,XX,iufo13,j13)*cFT(nu9,XX,i2,iufo3)*cFT(g7,
         XX,iufo3,i3)*flavourTag(fve,j15,j16)*flavourTag(fe,j13,j14)*Vec(nu10,
         q2)*Vec(nu9,q2)*p2.p2*d^-1*xiz*ufoGC81*ufoGC58^2*ufoGC80
          + 1/16*g_(1,6_,nu12)*FT1*g_(1,q2)*g_(2,6_,nu10)*FT2*g_(2,q1)*cFT(
         nu12,XX,i1,iufo13)*cFT(g7,XX,iufo13,j13)*cFT(nu9,XX,i2,iufo3)*cFT(g7,
         XX,iufo3,i3)*flavourTag(fve,j15,j16)*flavourTag(fe,j13,j14)*Vec(nu10,
         q2)*Vec(nu9,q3)*p2.p2*d^-1*xiz*ufoGC81*ufoGC58^2*ufoGC80
          + 1/16*g_(1,6_,nu12)*FT1*g_(1,q2)*g_(2,6_,nu10)*FT2*g_(2,q1)*cFT(
         nu12,XX,i1,iufo13)*cFT(g7,XX,iufo13,j13)*cFT(nu9,XX,i2,iufo3)*cFT(g7,
         XX,iufo3,i3)*flavourTag(fve,j15,j16)*flavourTag(fe,j13,j14)*Vec(nu10,
         q3)*Vec(nu9,q2)*p2.p2*d^-1*xiz*ufoGC81*ufoGC58^2*ufoGC80
          + 1/16*g_(1,6_,nu12)*FT1*g_(1,q2)*g_(2,6_,nu10)*FT2*g_(2,q1)*cFT(
         nu12,XX,i1,iufo13)*cFT(g7,XX,iufo13,j13)*cFT(nu9,XX,i2,iufo3)*cFT(g7,
         XX,iufo3,i3)*flavourTag(fve,j15,j16)*flavourTag(fe,j13,j14)*Vec(nu10,
         q3)*Vec(nu9,q3)*p2.p2*d^-1*xiz*ufoGC81*ufoGC58^2*ufoGC80
          + 1/16*g_(1,6_,nu12)*FT1*g_(1,q2)*g_(2,6_,nu10)*FT2*g_(2,q1)*cFT(
         nu12,XX,i1,iufo13)*cFT(g6,XX,iufo13,j13)*cFT(nu9,XX,i2,iufo3)*cFT(g7,
         XX,iufo3,i3)*flavourTag(fve,j15,j16)*flavourTag(fe,j13,j14)*Vec(nu10,
         q2)*Vec(nu9,q2)*p2.p2*d^-1*xiz*ufoGC81*ufoGC58^2*ufoGC76
          + 1/16*g_(1,6_,nu12)*FT1*g_(1,q2)*g_(2,6_,nu10)*FT2*g_(2,q1)*cFT(
         nu12,XX,i1,iufo13)*cFT(g6,XX,iufo13,j13)*cFT(nu9,XX,i2,iufo3)*cFT(g7,
         XX,iufo3,i3)*flavourTag(fve,j15,j16)*flavourTag(fe,j13,j14)*Vec(nu10,
         q2)*Vec(nu9,q3)*p2.p2*d^-1*xiz*ufoGC81*ufoGC58^2*ufoGC76
          + 1/16*g_(1,6_,nu12)*FT1*g_(1,q2)*g_(2,6_,nu10)*FT2*g_(2,q1)*cFT(
         nu12,XX,i1,iufo13)*cFT(g6,XX,iufo13,j13)*cFT(nu9,XX,i2,iufo3)*cFT(g7,
         XX,iufo3,i3)*flavourTag(fve,j15,j16)*flavourTag(fe,j13,j14)*Vec(nu10,
         q3)*Vec(nu9,q2)*p2.p2*d^-1*xiz*ufoGC81*ufoGC58^2*ufoGC76
          + 1/16*g_(1,6_,nu12)*FT1*g_(1,q2)*g_(2,6_,nu10)*FT2*g_(2,q1)*cFT(
         nu12,XX,i1,iufo13)*cFT(g6,XX,iufo13,j13)*cFT(nu9,XX,i2,iufo3)*cFT(g7,
         XX,iufo3,i3)*flavourTag(fve,j15,j16)*flavourTag(fe,j13,j14)*Vec(nu10,
         q3)*Vec(nu9,q3)*p2.p2*d^-1*xiz*ufoGC81*ufoGC58^2*ufoGC76
          + 1/16*g_(1,6_,nu12)*FT1*g_(1,q3)*g_(2,6_,nu10)*FT2*g_(2,p2)*cFT(
         nu12,XX,i1,iufo13)*cFT(g7,XX,iufo13,j13)*cFT(nu9,XX,i2,iufo3)*cFT(g7,
         XX,iufo3,i3)*flavourTag(fve,j15,j16)*flavourTag(fe,j13,j14)*Vec(nu10,
         q2)*Vec(nu9,q2)*p2.p2*d^-1*xiz*ufoGC81*ufoGC58^2*ufoGC80
          + 1/16*g_(1,6_,nu12)*FT1*g_(1,q3)*g_(2,6_,nu10)*FT2*g_(2,p2)*cFT(
         nu12,XX,i1,iufo13)*cFT(g7,XX,iufo13,j13)*cFT(nu9,XX,i2,iufo3)*cFT(g7,
         XX,iufo3,i3)*flavourTag(fve,j15,j16)*flavourTag(fe,j13,j14)*Vec(nu10,
         q2)*Vec(nu9,q3)*p2.p2*d^-1*xiz*ufoGC81*ufoGC58^2*ufoGC80
          + 1/16*g_(1,6_,nu12)*FT1*g_(1,q3)*g_(2,6_,nu10)*FT2*g_(2,p2)*cFT(
         nu12,XX,i1,iufo13)*cFT(g7,XX,iufo13,j13)*cFT(nu9,XX,i2,iufo3)*cFT(g7,
         XX,iufo3,i3)*flavourTag(fve,j15,j16)*flavourTag(fe,j13,j14)*Vec(nu10,
         q3)*Vec(nu9,q2)*p2.p2*d^-1*xiz*ufoGC81*ufoGC58^2*ufoGC80
          + 1/16*g_(1,6_,nu12)*FT1*g_(1,q3)*g_(2,6_,nu10)*FT2*g_(2,p2)*cFT(
         nu12,XX,i1,iufo13)*cFT(g7,XX,iufo13,j13)*cFT(nu9,XX,i2,iufo3)*cFT(g7,
         XX,iufo3,i3)*flavourTag(fve,j15,j16)*flavourTag(fe,j13,j14)*Vec(nu10,
         q3)*Vec(nu9,q3)*p2.p2*d^-1*xiz*ufoGC81*ufoGC58^2*ufoGC80
          + 1/16*g_(1,6_,nu12)*FT1*g_(1,q3)*g_(2,6_,nu10)*FT2*g_(2,p2)*cFT(
         nu12,XX,i1,iufo13)*cFT(g6,XX,iufo13,j13)*cFT(nu9,XX,i2,iufo3)*cFT(g7,
         XX,iufo3,i3)*flavourTag(fve,j15,j16)*flavourTag(fe,j13,j14)*Vec(nu10,
         q2)*Vec(nu9,q2)*p2.p2*d^-1*xiz*ufoGC81*ufoGC58^2*ufoGC76
          + 1/16*g_(1,6_,nu12)*FT1*g_(1,q3)*g_(2,6_,nu10)*FT2*g_(2,p2)*cFT(
         nu12,XX,i1,iufo13)*cFT(g6,XX,iufo13,j13)*cFT(nu9,XX,i2,iufo3)*cFT(g7,
         XX,iufo3,i3)*flavourTag(fve,j15,j16)*flavourTag(fe,j13,j14)*Vec(nu10,
         q2)*Vec(nu9,q3)*p2.p2*d^-1*xiz*ufoGC81*ufoGC58^2*ufoGC76
          + 1/16*g_(1,6_,nu12)*FT1*g_(1,q3)*g_(2,6_,nu10)*FT2*g_(2,p2)*cFT(
         nu12,XX,i1,iufo13)*cFT(g6,XX,iufo13,j13)*cFT(nu9,XX,i2,iufo3)*cFT(g7,
         XX,iufo3,i3)*flavourTag(fve,j15,j16)*flavourTag(fe,j13,j14)*Vec(nu10,
         q3)*Vec(nu9,q2)*p2.p2*d^-1*xiz*ufoGC81*ufoGC58^2*ufoGC76
          + 1/16*g_(1,6_,nu12)*FT1*g_(1,q3)*g_(2,6_,nu10)*FT2*g_(2,p2)*cFT(
         nu12,XX,i1,iufo13)*cFT(g6,XX,iufo13,j13)*cFT(nu9,XX,i2,iufo3)*cFT(g7,
         XX,iufo3,i3)*flavourTag(fve,j15,j16)*flavourTag(fe,j13,j14)*Vec(nu10,
         q3)*Vec(nu9,q3)*p2.p2*d^-1*xiz*ufoGC81*ufoGC58^2*ufoGC76
          + 1/16*g_(1,6_,nu12)*FT1*g_(1,q3)*g_(2,6_,nu10)*FT2*g_(2,q1)*cFT(
         nu12,XX,i1,iufo13)*cFT(g7,XX,iufo13,j13)*cFT(nu9,XX,i2,iufo3)*cFT(g7,
         XX,iufo3,i3)*flavourTag(fve,j15,j16)*flavourTag(fe,j13,j14)*Vec(nu10,
         q2)*Vec(nu9,q2)*p2.p2*d^-1*xiz*ufoGC81*ufoGC58^2*ufoGC80
          + 1/16*g_(1,6_,nu12)*FT1*g_(1,q3)*g_(2,6_,nu10)*FT2*g_(2,q1)*cFT(
         nu12,XX,i1,iufo13)*cFT(g7,XX,iufo13,j13)*cFT(nu9,XX,i2,iufo3)*cFT(g7,
         XX,iufo3,i3)*flavourTag(fve,j15,j16)*flavourTag(fe,j13,j14)*Vec(nu10,
         q2)*Vec(nu9,q3)*p2.p2*d^-1*xiz*ufoGC81*ufoGC58^2*ufoGC80
          + 1/16*g_(1,6_,nu12)*FT1*g_(1,q3)*g_(2,6_,nu10)*FT2*g_(2,q1)*cFT(
         nu12,XX,i1,iufo13)*cFT(g7,XX,iufo13,j13)*cFT(nu9,XX,i2,iufo3)*cFT(g7,
         XX,iufo3,i3)*flavourTag(fve,j15,j16)*flavourTag(fe,j13,j14)*Vec(nu10,
         q3)*Vec(nu9,q2)*p2.p2*d^-1*xiz*ufoGC81*ufoGC58^2*ufoGC80
          + 1/16*g_(1,6_,nu12)*FT1*g_(1,q3)*g_(2,6_,nu10)*FT2*g_(2,q1)*cFT(
         nu12,XX,i1,iufo13)*cFT(g7,XX,iufo13,j13)*cFT(nu9,XX,i2,iufo3)*cFT(g7,
         XX,iufo3,i3)*flavourTag(fve,j15,j16)*flavourTag(fe,j13,j14)*Vec(nu10,
         q3)*Vec(nu9,q3)*p2.p2*d^-1*xiz*ufoGC81*ufoGC58^2*ufoGC80
          + 1/16*g_(1,6_,nu12)*FT1*g_(1,q3)*g_(2,6_,nu10)*FT2*g_(2,q1)*cFT(
         nu12,XX,i1,iufo13)*cFT(g6,XX,iufo13,j13)*cFT(nu9,XX,i2,iufo3)*cFT(g7,
         XX,iufo3,i3)*flavourTag(fve,j15,j16)*flavourTag(fe,j13,j14)*Vec(nu10,
         q2)*Vec(nu9,q2)*p2.p2*d^-1*xiz*ufoGC81*ufoGC58^2*ufoGC76
          + 1/16*g_(1,6_,nu12)*FT1*g_(1,q3)*g_(2,6_,nu10)*FT2*g_(2,q1)*cFT(
         nu12,XX,i1,iufo13)*cFT(g6,XX,iufo13,j13)*cFT(nu9,XX,i2,iufo3)*cFT(g7,
         XX,iufo3,i3)*flavourTag(fve,j15,j16)*flavourTag(fe,j13,j14)*Vec(nu10,
         q2)*Vec(nu9,q3)*p2.p2*d^-1*xiz*ufoGC81*ufoGC58^2*ufoGC76
          + 1/16*g_(1,6_,nu12)*FT1*g_(1,q3)*g_(2,6_,nu10)*FT2*g_(2,q1)*cFT(
         nu12,XX,i1,iufo13)*cFT(g6,XX,iufo13,j13)*cFT(nu9,XX,i2,iufo3)*cFT(g7,
         XX,iufo3,i3)*flavourTag(fve,j15,j16)*flavourTag(fe,j13,j14)*Vec(nu10,
         q3)*Vec(nu9,q2)*p2.p2*d^-1*xiz*ufoGC81*ufoGC58^2*ufoGC76
          + 1/16*g_(1,6_,nu12)*FT1*g_(1,q3)*g_(2,6_,nu10)*FT2*g_(2,q1)*cFT(
         nu12,XX,i1,iufo13)*cFT(g6,XX,iufo13,j13)*cFT(nu9,XX,i2,iufo3)*cFT(g7,
         XX,iufo3,i3)*flavourTag(fve,j15,j16)*flavourTag(fe,j13,j14)*Vec(nu10,
         q3)*Vec(nu9,q3)*p2.p2*d^-1*xiz*ufoGC81*ufoGC58^2*ufoGC76
          )

       + Den(p2,xiz,M4)^2*Den(xiw,M3) * (
          - 1/16*g_(1,6_,nu12)*FT1*g_(1,p2)*g_(2,6_,nu9)*FT2*g_(2,p2)*cFT(nu12
         ,XX,i1,iufo13)*cFT(g7,XX,iufo13,j13)*cFT(nu9,XX,i2,iufo3)*cFT(g7,XX,
         iufo3,i3)*flavourTag(fve,j15,j16)*flavourTag(fe,j13,j14)*p2.p2*d^-1*
         xiz*ufoGC81*ufoGC58^2*ufoGC80
          - 1/16*g_(1,6_,nu12)*FT1*g_(1,p2)*g_(2,6_,nu9)*FT2*g_(2,p2)*cFT(nu12
         ,XX,i1,iufo13)*cFT(g6,XX,iufo13,j13)*cFT(nu9,XX,i2,iufo3)*cFT(g7,XX,
         iufo3,i3)*flavourTag(fve,j15,j16)*flavourTag(fe,j13,j14)*p2.p2*d^-1*
         xiz*ufoGC81*ufoGC58^2*ufoGC76
          - 1/16*g_(1,6_,nu12)*FT1*g_(1,p2)*g_(2,6_,nu9)*FT2*g_(2,q1)*cFT(nu12
         ,XX,i1,iufo13)*cFT(g7,XX,iufo13,j13)*cFT(nu9,XX,i2,iufo3)*cFT(g7,XX,
         iufo3,i3)*flavourTag(fve,j15,j16)*flavourTag(fe,j13,j14)*p2.p2*d^-1*
         xiz*ufoGC81*ufoGC58^2*ufoGC80
          - 1/16*g_(1,6_,nu12)*FT1*g_(1,p2)*g_(2,6_,nu9)*FT2*g_(2,q1)*cFT(nu12
         ,XX,i1,iufo13)*cFT(g6,XX,iufo13,j13)*cFT(nu9,XX,i2,iufo3)*cFT(g7,XX,
         iufo3,i3)*flavourTag(fve,j15,j16)*flavourTag(fe,j13,j14)*p2.p2*d^-1*
         xiz*ufoGC81*ufoGC58^2*ufoGC76
          - 1/16*g_(1,6_,nu12)*FT1*g_(1,q1)*g_(2,6_,nu9)*FT2*g_(2,p2)*cFT(nu12
         ,XX,i1,iufo13)*cFT(g7,XX,iufo13,j13)*cFT(nu9,XX,i2,iufo3)*cFT(g7,XX,
         iufo3,i3)*flavourTag(fve,j15,j16)*flavourTag(fe,j13,j14)*p2.p2*d^-1*
         xiz*ufoGC81*ufoGC58^2*ufoGC80
          - 1/16*g_(1,6_,nu12)*FT1*g_(1,q1)*g_(2,6_,nu9)*FT2*g_(2,p2)*cFT(nu12
         ,XX,i1,iufo13)*cFT(g6,XX,iufo13,j13)*cFT(nu9,XX,i2,iufo3)*cFT(g7,XX,
         iufo3,i3)*flavourTag(fve,j15,j16)*flavourTag(fe,j13,j14)*p2.p2*d^-1*
         xiz*ufoGC81*ufoGC58^2*ufoGC76
          - 1/16*g_(1,6_,nu12)*FT1*g_(1,q1)*g_(2,6_,nu9)*FT2*g_(2,q1)*cFT(nu12
         ,XX,i1,iufo13)*cFT(g7,XX,iufo13,j13)*cFT(nu9,XX,i2,iufo3)*cFT(g7,XX,
         iufo3,i3)*flavourTag(fve,j15,j16)*flavourTag(fe,j13,j14)*p2.p2*d^-1*
         xiz*ufoGC81*ufoGC58^2*ufoGC80
          - 1/16*g_(1,6_,nu12)*FT1*g_(1,q1)*g_(2,6_,nu9)*FT2*g_(2,q1)*cFT(nu12
         ,XX,i1,iufo13)*cFT(g6,XX,iufo13,j13)*cFT(nu9,XX,i2,iufo3)*cFT(g7,XX,
         iufo3,i3)*flavourTag(fve,j15,j16)*flavourTag(fe,j13,j14)*p2.p2*d^-1*
         xiz*ufoGC81*ufoGC58^2*ufoGC76
          - 1/16*g_(1,6_,nu12)*FT1*g_(1,q2)*g_(2,6_,nu9)*FT2*g_(2,p2)*cFT(nu12
         ,XX,i1,iufo13)*cFT(g7,XX,iufo13,j13)*cFT(nu9,XX,i2,iufo3)*cFT(g7,XX,
         iufo3,i3)*flavourTag(fve,j15,j16)*flavourTag(fe,j13,j14)*p2.p2*d^-1*
         xiz*ufoGC81*ufoGC58^2*ufoGC80
          - 1/16*g_(1,6_,nu12)*FT1*g_(1,q2)*g_(2,6_,nu9)*FT2*g_(2,p2)*cFT(nu12
         ,XX,i1,iufo13)*cFT(g6,XX,iufo13,j13)*cFT(nu9,XX,i2,iufo3)*cFT(g7,XX,
         iufo3,i3)*flavourTag(fve,j15,j16)*flavourTag(fe,j13,j14)*p2.p2*d^-1*
         xiz*ufoGC81*ufoGC58^2*ufoGC76
          - 1/16*g_(1,6_,nu12)*FT1*g_(1,q2)*g_(2,6_,nu9)*FT2*g_(2,q1)*cFT(nu12
         ,XX,i1,iufo13)*cFT(g7,XX,iufo13,j13)*cFT(nu9,XX,i2,iufo3)*cFT(g7,XX,
         iufo3,i3)*flavourTag(fve,j15,j16)*flavourTag(fe,j13,j14)*p2.p2*d^-1*
         xiz*ufoGC81*ufoGC58^2*ufoGC80
          - 1/16*g_(1,6_,nu12)*FT1*g_(1,q2)*g_(2,6_,nu9)*FT2*g_(2,q1)*cFT(nu12
         ,XX,i1,iufo13)*cFT(g6,XX,iufo13,j13)*cFT(nu9,XX,i2,iufo3)*cFT(g7,XX,
         iufo3,i3)*flavourTag(fve,j15,j16)*flavourTag(fe,j13,j14)*p2.p2*d^-1*
         xiz*ufoGC81*ufoGC58^2*ufoGC76
          - 1/16*g_(1,6_,nu12)*FT1*g_(1,q3)*g_(2,6_,nu9)*FT2*g_(2,p2)*cFT(nu12
         ,XX,i1,iufo13)*cFT(g7,XX,iufo13,j13)*cFT(nu9,XX,i2,iufo3)*cFT(g7,XX,
         iufo3,i3)*flavourTag(fve,j15,j16)*flavourTag(fe,j13,j14)*p2.p2*d^-1*
         xiz*ufoGC81*ufoGC58^2*ufoGC80
          - 1/16*g_(1,6_,nu12)*FT1*g_(1,q3)*g_(2,6_,nu9)*FT2*g_(2,p2)*cFT(nu12
         ,XX,i1,iufo13)*cFT(g6,XX,iufo13,j13)*cFT(nu9,XX,i2,iufo3)*cFT(g7,XX,
         iufo3,i3)*flavourTag(fve,j15,j16)*flavourTag(fe,j13,j14)*p2.p2*d^-1*
         xiz*ufoGC81*ufoGC58^2*ufoGC76
          - 1/16*g_(1,6_,nu12)*FT1*g_(1,q3)*g_(2,6_,nu9)*FT2*g_(2,q1)*cFT(nu12
         ,XX,i1,iufo13)*cFT(g7,XX,iufo13,j13)*cFT(nu9,XX,i2,iufo3)*cFT(g7,XX,
         iufo3,i3)*flavourTag(fve,j15,j16)*flavourTag(fe,j13,j14)*p2.p2*d^-1*
         xiz*ufoGC81*ufoGC58^2*ufoGC80
          - 1/16*g_(1,6_,nu12)*FT1*g_(1,q3)*g_(2,6_,nu9)*FT2*g_(2,q1)*cFT(nu12
         ,XX,i1,iufo13)*cFT(g6,XX,iufo13,j13)*cFT(nu9,XX,i2,iufo3)*cFT(g7,XX,
         iufo3,i3)*flavourTag(fve,j15,j16)*flavourTag(fe,j13,j14)*p2.p2*d^-1*
         xiz*ufoGC81*ufoGC58^2*ufoGC76
          );

  0.00 sec out of 0.00 sec
