FORM 5.0.0-beta.1 (Jan 15 2026, v5.0.0-beta.1-292-g4341c63)  Run: Tue Mar  3 13:54:23 2026
    #-

   d1l258amp =
       - 1/16*g_(1,6_,nu16)*FT1*g_(1,p4)*g_(2,6_,nu10)*cFT(nu16,XX,j14,iufo3)*
      cFT(g7,XX,iufo3,i3)*cFT( - p4 + q3,XX,j13,j14)*cFT(nu9,XX,i2,iufo13)*
      cFT(g7,XX,iufo13,j13)*flavourTag(fve,j11,j12)*flavourTag(fmu,j13,j14)*
      Vec(nu10,q2)*Vec(nu9,q2)*Deng(p4,xiz,M4)*Deng( - p4 + q2 + q3,xiw,M3)^2*
      xiw*ufoGC81*ufoGC58^2*ufoGC80
       - 1/16*g_(1,6_,nu16)*FT1*g_(1,p4)*g_(2,6_,nu10)*cFT(nu16,XX,j14,iufo3)*
      cFT(g7,XX,iufo3,i3)*cFT( - p4 + q3,XX,j13,j14)*cFT(nu9,XX,i2,iufo13)*
      cFT(g7,XX,iufo13,j13)*flavourTag(fve,j11,j12)*flavourTag(fmu,j13,j14)*
      Vec(nu10,q2)*Vec(nu9,q3)*Deng(p4,xiz,M4)*Deng( - p4 + q2 + q3,xiw,M3)^2*
      xiw*ufoGC81*ufoGC58^2*ufoGC80
       - 1/16*g_(1,6_,nu16)*FT1*g_(1,p4)*g_(2,6_,nu10)*cFT(nu16,XX,j14,iufo3)*
      cFT(g7,XX,iufo3,i3)*cFT( - p4 + q3,XX,j13,j14)*cFT(nu9,XX,i2,iufo13)*
      cFT(g7,XX,iufo13,j13)*flavourTag(fve,j11,j12)*flavourTag(fmu,j13,j14)*
      Vec(nu10,q3)*Vec(nu9,q2)*Deng(p4,xiz,M4)*Deng( - p4 + q2 + q3,xiw,M3)^2*
      xiw*ufoGC81*ufoGC58^2*ufoGC80
       - 1/16*g_(1,6_,nu16)*FT1*g_(1,p4)*g_(2,6_,nu10)*cFT(nu16,XX,j14,iufo3)*
      cFT(g7,XX,iufo3,i3)*cFT( - p4 + q3,XX,j13,j14)*cFT(nu9,XX,i2,iufo13)*
      cFT(g7,XX,iufo13,j13)*flavourTag(fve,j11,j12)*flavourTag(fmu,j13,j14)*
      Vec(nu10,q3)*Vec(nu9,q3)*Deng(p4,xiz,M4)*Deng( - p4 + q2 + q3,xiw,M3)^2*
      xiw*ufoGC81*ufoGC58^2*ufoGC80
       - 1/16*g_(1,6_,nu16)*FT1*g_(1,p4)*g_(2,6_,nu10)*cFT(nu16,XX,j14,iufo3)*
      cFT(g6,XX,iufo3,i3)*cFT( - p4 + q3,XX,j13,j14)*cFT(nu9,XX,i2,iufo13)*
      cFT(g7,XX,iufo13,j13)*flavourTag(fve,j11,j12)*flavourTag(fmu,j13,j14)*
      Vec(nu10,q2)*Vec(nu9,q2)*Deng(p4,xiz,M4)*Deng( - p4 + q2 + q3,xiw,M3)^2*
      xiw*ufoGC81*ufoGC58^2*ufoGC76
       - 1/16*g_(1,6_,nu16)*FT1*g_(1,p4)*g_(2,6_,nu10)*cFT(nu16,XX,j14,iufo3)*
      cFT(g6,XX,iufo3,i3)*cFT( - p4 + q3,XX,j13,j14)*cFT(nu9,XX,i2,iufo13)*
      cFT(g7,XX,iufo13,j13)*flavourTag(fve,j11,j12)*flavourTag(fmu,j13,j14)*
      Vec(nu10,q2)*Vec(nu9,q3)*Deng(p4,xiz,M4)*Deng( - p4 + q2 + q3,xiw,M3)^2*
      xiw*ufoGC81*ufoGC58^2*ufoGC76
       - 1/16*g_(1,6_,nu16)*FT1*g_(1,p4)*g_(2,6_,nu10)*cFT(nu16,XX,j14,iufo3)*
      cFT(g6,XX,iufo3,i3)*cFT( - p4 + q3,XX,j13,j14)*cFT(nu9,XX,i2,iufo13)*
      cFT(g7,XX,iufo13,j13)*flavourTag(fve,j11,j12)*flavourTag(fmu,j13,j14)*
      Vec(nu10,q3)*Vec(nu9,q2)*Deng(p4,xiz,M4)*Deng( - p4 + q2 + q3,xiw,M3)^2*
      xiw*ufoGC81*ufoGC58^2*ufoGC76
       - 1/16*g_(1,6_,nu16)*FT1*g_(1,p4)*g_(2,6_,nu10)*cFT(nu16,XX,j14,iufo3)*
      cFT(g6,XX,iufo3,i3)*cFT( - p4 + q3,XX,j13,j14)*cFT(nu9,XX,i2,iufo13)*
      cFT(g7,XX,iufo13,j13)*flavourTag(fve,j11,j12)*flavourTag(fmu,j13,j14)*
      Vec(nu10,q3)*Vec(nu9,q3)*Deng(p4,xiz,M4)*Deng( - p4 + q2 + q3,xiw,M3)^2*
      xiw*ufoGC81*ufoGC58^2*ufoGC76
       - 1/16*g_(1,6_,nu16)*FT1*g_(1,p4)*g_(2,6_,nu9)*cFT(nu16,XX,j14,iufo3)*
      cFT(g7,XX,iufo3,i3)*cFT( - p4 + q3,XX,j13,j14)*cFT(nu9,XX,i2,iufo13)*
      cFT(g7,XX,iufo13,j13)*flavourTag(fve,j11,j12)*flavourTag(fmu,j13,j14)*
      Deng(p4,xiz,M4)*Deng( - p4 + q2 + q3,xiw,M3)^2*p4.p4*d^-1*xiw*ufoGC81*
      ufoGC58^2*ufoGC80
       - 1/16*g_(1,6_,nu16)*FT1*g_(1,p4)*g_(2,6_,nu9)*cFT(nu16,XX,j14,iufo3)*
      cFT(g6,XX,iufo3,i3)*cFT( - p4 + q3,XX,j13,j14)*cFT(nu9,XX,i2,iufo13)*
      cFT(g7,XX,iufo13,j13)*flavourTag(fve,j11,j12)*flavourTag(fmu,j13,j14)*
      Deng(p4,xiz,M4)*Deng( - p4 + q2 + q3,xiw,M3)^2*p4.p4*d^-1*xiw*ufoGC81*
      ufoGC58^2*ufoGC76
       + 1/16*g_(1,6_,nu16)*FT1*g_(1,q1)*g_(2,6_,nu10)*cFT(nu16,XX,j14,iufo3)*
      cFT(g7,XX,iufo3,i3)*cFT( - p4 + q3,XX,j13,j14)*cFT(nu9,XX,i2,iufo13)*
      cFT(g7,XX,iufo13,j13)*flavourTag(fve,j11,j12)*flavourTag(fmu,j13,j14)*
      Vec(nu10,q2)*Vec(nu9,q2)*Deng(p4,xiz,M4)*Deng( - p4 + q2 + q3,xiw,M3)^2*
      xiw*ufoGC81*ufoGC58^2*ufoGC80
       + 1/16*g_(1,6_,nu16)*FT1*g_(1,q1)*g_(2,6_,nu10)*cFT(nu16,XX,j14,iufo3)*
      cFT(g7,XX,iufo3,i3)*cFT( - p4 + q3,XX,j13,j14)*cFT(nu9,XX,i2,iufo13)*
      cFT(g7,XX,iufo13,j13)*flavourTag(fve,j11,j12)*flavourTag(fmu,j13,j14)*
      Vec(nu10,q2)*Vec(nu9,q3)*Deng(p4,xiz,M4)*Deng( - p4 + q2 + q3,xiw,M3)^2*
      xiw*ufoGC81*ufoGC58^2*ufoGC80
       + 1/16*g_(1,6_,nu16)*FT1*g_(1,q1)*g_(2,6_,nu10)*cFT(nu16,XX,j14,iufo3)*
      cFT(g7,XX,iufo3,i3)*cFT( - p4 + q3,XX,j13,j14)*cFT(nu9,XX,i2,iufo13)*
      cFT(g7,XX,iufo13,j13)*flavourTag(fve,j11,j12)*flavourTag(fmu,j13,j14)*
      Vec(nu10,q3)*Vec(nu9,q2)*Deng(p4,xiz,M4)*Deng( - p4 + q2 + q3,xiw,M3)^2*
      xiw*ufoGC81*ufoGC58^2*ufoGC80
       + 1/16*g_(1,6_,nu16)*FT1*g_(1,q1)*g_(2,6_,nu10)*cFT(nu16,XX,j14,iufo3)*
      cFT(g7,XX,iufo3,i3)*cFT( - p4 + q3,XX,j13,j14)*cFT(nu9,XX,i2,iufo13)*
      cFT(g7,XX,iufo13,j13)*flavourTag(fve,j11,j12)*flavourTag(fmu,j13,j14)*
      Vec(nu10,q3)*Vec(nu9,q3)*Deng(p4,xiz,M4)*Deng( - p4 + q2 + q3,xiw,M3)^2*
      xiw*ufoGC81*ufoGC58^2*ufoGC80
       + 1/16*g_(1,6_,nu16)*FT1*g_(1,q1)*g_(2,6_,nu10)*cFT(nu16,XX,j14,iufo3)*
      cFT(g6,XX,iufo3,i3)*cFT( - p4 + q3,XX,j13,j14)*cFT(nu9,XX,i2,iufo13)*
      cFT(g7,XX,iufo13,j13)*flavourTag(fve,j11,j12)*flavourTag(fmu,j13,j14)*
      Vec(nu10,q2)*Vec(nu9,q2)*Deng(p4,xiz,M4)*Deng( - p4 + q2 + q3,xiw,M3)^2*
      xiw*ufoGC81*ufoGC58^2*ufoGC76
       + 1/16*g_(1,6_,nu16)*FT1*g_(1,q1)*g_(2,6_,nu10)*cFT(nu16,XX,j14,iufo3)*
      cFT(g6,XX,iufo3,i3)*cFT( - p4 + q3,XX,j13,j14)*cFT(nu9,XX,i2,iufo13)*
      cFT(g7,XX,iufo13,j13)*flavourTag(fve,j11,j12)*flavourTag(fmu,j13,j14)*
      Vec(nu10,q2)*Vec(nu9,q3)*Deng(p4,xiz,M4)*Deng( - p4 + q2 + q3,xiw,M3)^2*
      xiw*ufoGC81*ufoGC58^2*ufoGC76
       + 1/16*g_(1,6_,nu16)*FT1*g_(1,q1)*g_(2,6_,nu10)*cFT(nu16,XX,j14,iufo3)*
      cFT(g6,XX,iufo3,i3)*cFT( - p4 + q3,XX,j13,j14)*cFT(nu9,XX,i2,iufo13)*
      cFT(g7,XX,iufo13,j13)*flavourTag(fve,j11,j12)*flavourTag(fmu,j13,j14)*
      Vec(nu10,q3)*Vec(nu9,q2)*Deng(p4,xiz,M4)*Deng( - p4 + q2 + q3,xiw,M3)^2*
      xiw*ufoGC81*ufoGC58^2*ufoGC76
       + 1/16*g_(1,6_,nu16)*FT1*g_(1,q1)*g_(2,6_,nu10)*cFT(nu16,XX,j14,iufo3)*
      cFT(g6,XX,iufo3,i3)*cFT( - p4 + q3,XX,j13,j14)*cFT(nu9,XX,i2,iufo13)*
      cFT(g7,XX,iufo13,j13)*flavourTag(fve,j11,j12)*flavourTag(fmu,j13,j14)*
      Vec(nu10,q3)*Vec(nu9,q3)*Deng(p4,xiz,M4)*Deng( - p4 + q2 + q3,xiw,M3)^2*
      xiw*ufoGC81*ufoGC58^2*ufoGC76
       + 1/16*g_(1,6_,nu16)*FT1*g_(1,q1)*g_(2,6_,nu9)*cFT(nu16,XX,j14,iufo3)*
      cFT(g7,XX,iufo3,i3)*cFT( - p4 + q3,XX,j13,j14)*cFT(nu9,XX,i2,iufo13)*
      cFT(g7,XX,iufo13,j13)*flavourTag(fve,j11,j12)*flavourTag(fmu,j13,j14)*
      Deng(p4,xiz,M4)*Deng( - p4 + q2 + q3,xiw,M3)^2*p4.p4*d^-1*xiw*ufoGC81*
      ufoGC58^2*ufoGC80
       + 1/16*g_(1,6_,nu16)*FT1*g_(1,q1)*g_(2,6_,nu9)*cFT(nu16,XX,j14,iufo3)*
      cFT(g6,XX,iufo3,i3)*cFT( - p4 + q3,XX,j13,j14)*cFT(nu9,XX,i2,iufo13)*
      cFT(g7,XX,iufo13,j13)*flavourTag(fve,j11,j12)*flavourTag(fmu,j13,j14)*
      Deng(p4,xiz,M4)*Deng( - p4 + q2 + q3,xiw,M3)^2*p4.p4*d^-1*xiw*ufoGC81*
      ufoGC58^2*ufoGC76
       + 1/16*g_(1,6_,nu16)*FT1*g_(1,q2)*g_(2,6_,nu10)*cFT(nu16,XX,j14,iufo3)*
      cFT(g7,XX,iufo3,i3)*cFT( - p4 + q3,XX,j13,j14)*cFT(nu9,XX,i2,iufo13)*
      cFT(g7,XX,iufo13,j13)*flavourTag(fve,j11,j12)*flavourTag(fmu,j13,j14)*
      Vec(nu10,q2)*Vec(nu9,q2)*Deng(p4,xiz,M4)*Deng( - p4 + q2 + q3,xiw,M3)^2*
      xiw*ufoGC81*ufoGC58^2*ufoGC80
       + 1/16*g_(1,6_,nu16)*FT1*g_(1,q2)*g_(2,6_,nu10)*cFT(nu16,XX,j14,iufo3)*
      cFT(g7,XX,iufo3,i3)*cFT( - p4 + q3,XX,j13,j14)*cFT(nu9,XX,i2,iufo13)*
      cFT(g7,XX,iufo13,j13)*flavourTag(fve,j11,j12)*flavourTag(fmu,j13,j14)*
      Vec(nu10,q2)*Vec(nu9,q3)*Deng(p4,xiz,M4)*Deng( - p4 + q2 + q3,xiw,M3)^2*
      xiw*ufoGC81*ufoGC58^2*ufoGC80
       + 1/16*g_(1,6_,nu16)*FT1*g_(1,q2)*g_(2,6_,nu10)*cFT(nu16,XX,j14,iufo3)*
      cFT(g7,XX,iufo3,i3)*cFT( - p4 + q3,XX,j13,j14)*cFT(nu9,XX,i2,iufo13)*
      cFT(g7,XX,iufo13,j13)*flavourTag(fve,j11,j12)*flavourTag(fmu,j13,j14)*
      Vec(nu10,q3)*Vec(nu9,q2)*Deng(p4,xiz,M4)*Deng( - p4 + q2 + q3,xiw,M3)^2*
      xiw*ufoGC81*ufoGC58^2*ufoGC80
       + 1/16*g_(1,6_,nu16)*FT1*g_(1,q2)*g_(2,6_,nu10)*cFT(nu16,XX,j14,iufo3)*
      cFT(g7,XX,iufo3,i3)*cFT( - p4 + q3,XX,j13,j14)*cFT(nu9,XX,i2,iufo13)*
      cFT(g7,XX,iufo13,j13)*flavourTag(fve,j11,j12)*flavourTag(fmu,j13,j14)*
      Vec(nu10,q3)*Vec(nu9,q3)*Deng(p4,xiz,M4)*Deng( - p4 + q2 + q3,xiw,M3)^2*
      xiw*ufoGC81*ufoGC58^2*ufoGC80
       + 1/16*g_(1,6_,nu16)*FT1*g_(1,q2)*g_(2,6_,nu10)*cFT(nu16,XX,j14,iufo3)*
      cFT(g6,XX,iufo3,i3)*cFT( - p4 + q3,XX,j13,j14)*cFT(nu9,XX,i2,iufo13)*
      cFT(g7,XX,iufo13,j13)*flavourTag(fve,j11,j12)*flavourTag(fmu,j13,j14)*
      Vec(nu10,q2)*Vec(nu9,q2)*Deng(p4,xiz,M4)*Deng( - p4 + q2 + q3,xiw,M3)^2*
      xiw*ufoGC81*ufoGC58^2*ufoGC76
       + 1/16*g_(1,6_,nu16)*FT1*g_(1,q2)*g_(2,6_,nu10)*cFT(nu16,XX,j14,iufo3)*
      cFT(g6,XX,iufo3,i3)*cFT( - p4 + q3,XX,j13,j14)*cFT(nu9,XX,i2,iufo13)*
      cFT(g7,XX,iufo13,j13)*flavourTag(fve,j11,j12)*flavourTag(fmu,j13,j14)*
      Vec(nu10,q2)*Vec(nu9,q3)*Deng(p4,xiz,M4)*Deng( - p4 + q2 + q3,xiw,M3)^2*
      xiw*ufoGC81*ufoGC58^2*ufoGC76
       + 1/16*g_(1,6_,nu16)*FT1*g_(1,q2)*g_(2,6_,nu10)*cFT(nu16,XX,j14,iufo3)*
      cFT(g6,XX,iufo3,i3)*cFT( - p4 + q3,XX,j13,j14)*cFT(nu9,XX,i2,iufo13)*
      cFT(g7,XX,iufo13,j13)*flavourTag(fve,j11,j12)*flavourTag(fmu,j13,j14)*
      Vec(nu10,q3)*Vec(nu9,q2)*Deng(p4,xiz,M4)*Deng( - p4 + q2 + q3,xiw,M3)^2*
      xiw*ufoGC81*ufoGC58^2*ufoGC76
       + 1/16*g_(1,6_,nu16)*FT1*g_(1,q2)*g_(2,6_,nu10)*cFT(nu16,XX,j14,iufo3)*
      cFT(g6,XX,iufo3,i3)*cFT( - p4 + q3,XX,j13,j14)*cFT(nu9,XX,i2,iufo13)*
      cFT(g7,XX,iufo13,j13)*flavourTag(fve,j11,j12)*flavourTag(fmu,j13,j14)*
      Vec(nu10,q3)*Vec(nu9,q3)*Deng(p4,xiz,M4)*Deng( - p4 + q2 + q3,xiw,M3)^2*
      xiw*ufoGC81*ufoGC58^2*ufoGC76
       + 1/16*g_(1,6_,nu16)*FT1*g_(1,q2)*g_(2,6_,nu9)*cFT(nu16,XX,j14,iufo3)*
      cFT(g7,XX,iufo3,i3)*cFT( - p4 + q3,XX,j13,j14)*cFT(nu9,XX,i2,iufo13)*
      cFT(g7,XX,iufo13,j13)*flavourTag(fve,j11,j12)*flavourTag(fmu,j13,j14)*
      Deng(p4,xiz,M4)*Deng( - p4 + q2 + q3,xiw,M3)^2*p4.p4*d^-1*xiw*ufoGC81*
      ufoGC58^2*ufoGC80
       + 1/16*g_(1,6_,nu16)*FT1*g_(1,q2)*g_(2,6_,nu9)*cFT(nu16,XX,j14,iufo3)*
      cFT(g6,XX,iufo3,i3)*cFT( - p4 + q3,XX,j13,j14)*cFT(nu9,XX,i2,iufo13)*
      cFT(g7,XX,iufo13,j13)*flavourTag(fve,j11,j12)*flavourTag(fmu,j13,j14)*
      Deng(p4,xiz,M4)*Deng( - p4 + q2 + q3,xiw,M3)^2*p4.p4*d^-1*xiw*ufoGC81*
      ufoGC58^2*ufoGC76
       + 1/16*g_(1,6_,nu16)*FT1*g_(1,q3)*g_(2,6_,nu10)*cFT(nu16,XX,j14,iufo3)*
      cFT(g7,XX,iufo3,i3)*cFT( - p4 + q3,XX,j13,j14)*cFT(nu9,XX,i2,iufo13)*
      cFT(g7,XX,iufo13,j13)*flavourTag(fve,j11,j12)*flavourTag(fmu,j13,j14)*
      Vec(nu10,q2)*Vec(nu9,q2)*Deng(p4,xiz,M4)*Deng( - p4 + q2 + q3,xiw,M3)^2*
      xiw*ufoGC81*ufoGC58^2*ufoGC80
       + 1/16*g_(1,6_,nu16)*FT1*g_(1,q3)*g_(2,6_,nu10)*cFT(nu16,XX,j14,iufo3)*
      cFT(g7,XX,iufo3,i3)*cFT( - p4 + q3,XX,j13,j14)*cFT(nu9,XX,i2,iufo13)*
      cFT(g7,XX,iufo13,j13)*flavourTag(fve,j11,j12)*flavourTag(fmu,j13,j14)*
      Vec(nu10,q2)*Vec(nu9,q3)*Deng(p4,xiz,M4)*Deng( - p4 + q2 + q3,xiw,M3)^2*
      xiw*ufoGC81*ufoGC58^2*ufoGC80
       + 1/16*g_(1,6_,nu16)*FT1*g_(1,q3)*g_(2,6_,nu10)*cFT(nu16,XX,j14,iufo3)*
      cFT(g7,XX,iufo3,i3)*cFT( - p4 + q3,XX,j13,j14)*cFT(nu9,XX,i2,iufo13)*
      cFT(g7,XX,iufo13,j13)*flavourTag(fve,j11,j12)*flavourTag(fmu,j13,j14)*
      Vec(nu10,q3)*Vec(nu9,q2)*Deng(p4,xiz,M4)*Deng( - p4 + q2 + q3,xiw,M3)^2*
      xiw*ufoGC81*ufoGC58^2*ufoGC80
       + 1/16*g_(1,6_,nu16)*FT1*g_(1,q3)*g_(2,6_,nu10)*cFT(nu16,XX,j14,iufo3)*
      cFT(g7,XX,iufo3,i3)*cFT( - p4 + q3,XX,j13,j14)*cFT(nu9,XX,i2,iufo13)*
      cFT(g7,XX,iufo13,j13)*flavourTag(fve,j11,j12)*flavourTag(fmu,j13,j14)*
      Vec(nu10,q3)*Vec(nu9,q3)*Deng(p4,xiz,M4)*Deng( - p4 + q2 + q3,xiw,M3)^2*
      xiw*ufoGC81*ufoGC58^2*ufoGC80
       + 1/16*g_(1,6_,nu16)*FT1*g_(1,q3)*g_(2,6_,nu10)*cFT(nu16,XX,j14,iufo3)*
      cFT(g6,XX,iufo3,i3)*cFT( - p4 + q3,XX,j13,j14)*cFT(nu9,XX,i2,iufo13)*
      cFT(g7,XX,iufo13,j13)*flavourTag(fve,j11,j12)*flavourTag(fmu,j13,j14)*
      Vec(nu10,q2)*Vec(nu9,q2)*Deng(p4,xiz,M4)*Deng( - p4 + q2 + q3,xiw,M3)^2*
      xiw*ufoGC81*ufoGC58^2*ufoGC76
       + 1/16*g_(1,6_,nu16)*FT1*g_(1,q3)*g_(2,6_,nu10)*cFT(nu16,XX,j14,iufo3)*
      cFT(g6,XX,iufo3,i3)*cFT( - p4 + q3,XX,j13,j14)*cFT(nu9,XX,i2,iufo13)*
      cFT(g7,XX,iufo13,j13)*flavourTag(fve,j11,j12)*flavourTag(fmu,j13,j14)*
      Vec(nu10,q2)*Vec(nu9,q3)*Deng(p4,xiz,M4)*Deng( - p4 + q2 + q3,xiw,M3)^2*
      xiw*ufoGC81*ufoGC58^2*ufoGC76
       + 1/16*g_(1,6_,nu16)*FT1*g_(1,q3)*g_(2,6_,nu10)*cFT(nu16,XX,j14,iufo3)*
      cFT(g6,XX,iufo3,i3)*cFT( - p4 + q3,XX,j13,j14)*cFT(nu9,XX,i2,iufo13)*
      cFT(g7,XX,iufo13,j13)*flavourTag(fve,j11,j12)*flavourTag(fmu,j13,j14)*
      Vec(nu10,q3)*Vec(nu9,q2)*Deng(p4,xiz,M4)*Deng( - p4 + q2 + q3,xiw,M3)^2*
      xiw*ufoGC81*ufoGC58^2*ufoGC76
       + 1/16*g_(1,6_,nu16)*FT1*g_(1,q3)*g_(2,6_,nu10)*cFT(nu16,XX,j14,iufo3)*
      cFT(g6,XX,iufo3,i3)*cFT( - p4 + q3,XX,j13,j14)*cFT(nu9,XX,i2,iufo13)*
      cFT(g7,XX,iufo13,j13)*flavourTag(fve,j11,j12)*flavourTag(fmu,j13,j14)*
      Vec(nu10,q3)*Vec(nu9,q3)*Deng(p4,xiz,M4)*Deng( - p4 + q2 + q3,xiw,M3)^2*
      xiw*ufoGC81*ufoGC58^2*ufoGC76
       + 1/16*g_(1,6_,nu16)*FT1*g_(1,q3)*g_(2,6_,nu9)*cFT(nu16,XX,j14,iufo3)*
      cFT(g7,XX,iufo3,i3)*cFT( - p4 + q3,XX,j13,j14)*cFT(nu9,XX,i2,iufo13)*
      cFT(g7,XX,iufo13,j13)*flavourTag(fve,j11,j12)*flavourTag(fmu,j13,j14)*
      Deng(p4,xiz,M4)*Deng( - p4 + q2 + q3,xiw,M3)^2*p4.p4*d^-1*xiw*ufoGC81*
      ufoGC58^2*ufoGC80
       + 1/16*g_(1,6_,nu16)*FT1*g_(1,q3)*g_(2,6_,nu9)*cFT(nu16,XX,j14,iufo3)*
      cFT(g6,XX,iufo3,i3)*cFT( - p4 + q3,XX,j13,j14)*cFT(nu9,XX,i2,iufo13)*
      cFT(g7,XX,iufo13,j13)*flavourTag(fve,j11,j12)*flavourTag(fmu,j13,j14)*
      Deng(p4,xiz,M4)*Deng( - p4 + q2 + q3,xiw,M3)^2*p4.p4*d^-1*xiw*ufoGC81*
      ufoGC58^2*ufoGC76
       + 1/16*g_(1,6_,nu15)*FT1*g_(1,p4)*g_(2,6_,nu10)*cFT(nu15,XX,j14,iufo3)*
      cFT(g7,XX,iufo3,i3)*cFT( - p4 + q3,XX,j13,j14)*cFT(nu9,XX,i2,iufo13)*
      cFT(g7,XX,iufo13,j13)*flavourTag(fve,j11,j12)*flavourTag(fmu,j13,j14)*
      Vec(nu10,q2)*Vec(nu9,q2)*Deng(p4,xiz,M4)^2*Deng( - p4 + q2 + q3,xiw,M3)^
      2*p4.p4*d^-1*xiw*ufoGC81*ufoGC58^2*ufoGC80
       + 1/16*g_(1,6_,nu15)*FT1*g_(1,p4)*g_(2,6_,nu10)*cFT(nu15,XX,j14,iufo3)*
      cFT(g7,XX,iufo3,i3)*cFT( - p4 + q3,XX,j13,j14)*cFT(nu9,XX,i2,iufo13)*
      cFT(g7,XX,iufo13,j13)*flavourTag(fve,j11,j12)*flavourTag(fmu,j13,j14)*
      Vec(nu10,q2)*Vec(nu9,q3)*Deng(p4,xiz,M4)^2*Deng( - p4 + q2 + q3,xiw,M3)^
      2*p4.p4*d^-1*xiw*ufoGC81*ufoGC58^2*ufoGC80
       + 1/16*g_(1,6_,nu15)*FT1*g_(1,p4)*g_(2,6_,nu10)*cFT(nu15,XX,j14,iufo3)*
      cFT(g7,XX,iufo3,i3)*cFT( - p4 + q3,XX,j13,j14)*cFT(nu9,XX,i2,iufo13)*
      cFT(g7,XX,iufo13,j13)*flavourTag(fve,j11,j12)*flavourTag(fmu,j13,j14)*
      Vec(nu10,q3)*Vec(nu9,q2)*Deng(p4,xiz,M4)^2*Deng( - p4 + q2 + q3,xiw,M3)^
      2*p4.p4*d^-1*xiw*ufoGC81*ufoGC58^2*ufoGC80
       + 1/16*g_(1,6_,nu15)*FT1*g_(1,p4)*g_(2,6_,nu10)*cFT(nu15,XX,j14,iufo3)*
      cFT(g7,XX,iufo3,i3)*cFT( - p4 + q3,XX,j13,j14)*cFT(nu9,XX,i2,iufo13)*
      cFT(g7,XX,iufo13,j13)*flavourTag(fve,j11,j12)*flavourTag(fmu,j13,j14)*
      Vec(nu10,q3)*Vec(nu9,q3)*Deng(p4,xiz,M4)^2*Deng( - p4 + q2 + q3,xiw,M3)^
      2*p4.p4*d^-1*xiw*ufoGC81*ufoGC58^2*ufoGC80
       + 1/16*g_(1,6_,nu15)*FT1*g_(1,p4)*g_(2,6_,nu10)*cFT(nu15,XX,j14,iufo3)*
      cFT(g6,XX,iufo3,i3)*cFT( - p4 + q3,XX,j13,j14)*cFT(nu9,XX,i2,iufo13)*
      cFT(g7,XX,iufo13,j13)*flavourTag(fve,j11,j12)*flavourTag(fmu,j13,j14)*
      Vec(nu10,q2)*Vec(nu9,q2)*Deng(p4,xiz,M4)^2*Deng( - p4 + q2 + q3,xiw,M3)^
      2*p4.p4*d^-1*xiw*ufoGC81*ufoGC58^2*ufoGC76
       + 1/16*g_(1,6_,nu15)*FT1*g_(1,p4)*g_(2,6_,nu10)*cFT(nu15,XX,j14,iufo3)*
      cFT(g6,XX,iufo3,i3)*cFT( - p4 + q3,XX,j13,j14)*cFT(nu9,XX,i2,iufo13)*
      cFT(g7,XX,iufo13,j13)*flavourTag(fve,j11,j12)*flavourTag(fmu,j13,j14)*
      Vec(nu10,q2)*Vec(nu9,q3)*Deng(p4,xiz,M4)^2*Deng( - p4 + q2 + q3,xiw,M3)^
      2*p4.p4*d^-1*xiw*ufoGC81*ufoGC58^2*ufoGC76
       + 1/16*g_(1,6_,nu15)*FT1*g_(1,p4)*g_(2,6_,nu10)*cFT(nu15,XX,j14,iufo3)*
      cFT(g6,XX,iufo3,i3)*cFT( - p4 + q3,XX,j13,j14)*cFT(nu9,XX,i2,iufo13)*
      cFT(g7,XX,iufo13,j13)*flavourTag(fve,j11,j12)*flavourTag(fmu,j13,j14)*
      Vec(nu10,q3)*Vec(nu9,q2)*Deng(p4,xiz,M4)^2*Deng( - p4 + q2 + q3,xiw,M3)^
      2*p4.p4*d^-1*xiw*ufoGC81*ufoGC58^2*ufoGC76
       + 1/16*g_(1,6_,nu15)*FT1*g_(1,p4)*g_(2,6_,nu10)*cFT(nu15,XX,j14,iufo3)*
      cFT(g6,XX,iufo3,i3)*cFT( - p4 + q3,XX,j13,j14)*cFT(nu9,XX,i2,iufo13)*
      cFT(g7,XX,iufo13,j13)*flavourTag(fve,j11,j12)*flavourTag(fmu,j13,j14)*
      Vec(nu10,q3)*Vec(nu9,q3)*Deng(p4,xiz,M4)^2*Deng( - p4 + q2 + q3,xiw,M3)^
      2*p4.p4*d^-1*xiw*ufoGC81*ufoGC58^2*ufoGC76
       + 1/16*g_(1,6_,nu15)*FT1*g_(1,p4)*g_(2,6_,nu9)*cFT(nu15,XX,j14,iufo3)*
      cFT(g7,XX,iufo3,i3)*cFT( - p4 + q3,XX,j13,j14)*cFT(nu9,XX,i2,iufo13)*
      cFT(g7,XX,iufo13,j13)/(d^3 + d^2 - 2*d)*flavourTag(fve,j11,j12)*
      flavourTag(fmu,j13,j14)*Deng(p4,xiz,M4)^2*Deng( - p4 + q2 + q3,xiw,M3)^2
      *p4.p4^2*d*xiw*ufoGC81*ufoGC58^2*ufoGC80
       - 1/16*g_(1,6_,nu15)*FT1*g_(1,p4)*g_(2,6_,nu9)*cFT(nu15,XX,j14,iufo3)*
      cFT(g7,XX,iufo3,i3)*cFT( - p4 + q3,XX,j13,j14)*cFT(nu9,XX,i2,iufo13)*
      cFT(g7,XX,iufo13,j13)/(d^3 + d^2 - 2*d)*flavourTag(fve,j11,j12)*
      flavourTag(fmu,j13,j14)*Deng(p4,xiz,M4)^2*Deng( - p4 + q2 + q3,xiw,M3)^2
      *p4.p4^2*xiw*ufoGC81*ufoGC58^2*ufoGC80
       + 1/16*g_(1,6_,nu15)*FT1*g_(1,p4)*g_(2,6_,nu9)*cFT(nu15,XX,j14,iufo3)*
      cFT(g6,XX,iufo3,i3)*cFT( - p4 + q3,XX,j13,j14)*cFT(nu9,XX,i2,iufo13)*
      cFT(g7,XX,iufo13,j13)/(d^3 + d^2 - 2*d)*flavourTag(fve,j11,j12)*
      flavourTag(fmu,j13,j14)*Deng(p4,xiz,M4)^2*Deng( - p4 + q2 + q3,xiw,M3)^2
      *p4.p4^2*d*xiw*ufoGC81*ufoGC58^2*ufoGC76
       - 1/16*g_(1,6_,nu15)*FT1*g_(1,p4)*g_(2,6_,nu9)*cFT(nu15,XX,j14,iufo3)*
      cFT(g6,XX,iufo3,i3)*cFT( - p4 + q3,XX,j13,j14)*cFT(nu9,XX,i2,iufo13)*
      cFT(g7,XX,iufo13,j13)/(d^3 + d^2 - 2*d)*flavourTag(fve,j11,j12)*
      flavourTag(fmu,j13,j14)*Deng(p4,xiz,M4)^2*Deng( - p4 + q2 + q3,xiw,M3)^2
      *p4.p4^2*xiw*ufoGC81*ufoGC58^2*ufoGC76
       - 1/16*g_(1,6_,nu15)*FT1*g_(1,q1)*g_(2,6_,nu10)*cFT(nu15,XX,j14,iufo3)*
      cFT(g7,XX,iufo3,i3)*cFT( - p4 + q3,XX,j13,j14)*cFT(nu9,XX,i2,iufo13)*
      cFT(g7,XX,iufo13,j13)*flavourTag(fve,j11,j12)*flavourTag(fmu,j13,j14)*
      Vec(nu10,q2)*Vec(nu9,q2)*Deng(p4,xiz,M4)^2*Deng( - p4 + q2 + q3,xiw,M3)^
      2*p4.p4*d^-1*xiw*ufoGC81*ufoGC58^2*ufoGC80
       - 1/16*g_(1,6_,nu15)*FT1*g_(1,q1)*g_(2,6_,nu10)*cFT(nu15,XX,j14,iufo3)*
      cFT(g7,XX,iufo3,i3)*cFT( - p4 + q3,XX,j13,j14)*cFT(nu9,XX,i2,iufo13)*
      cFT(g7,XX,iufo13,j13)*flavourTag(fve,j11,j12)*flavourTag(fmu,j13,j14)*
      Vec(nu10,q2)*Vec(nu9,q3)*Deng(p4,xiz,M4)^2*Deng( - p4 + q2 + q3,xiw,M3)^
      2*p4.p4*d^-1*xiw*ufoGC81*ufoGC58^2*ufoGC80
       - 1/16*g_(1,6_,nu15)*FT1*g_(1,q1)*g_(2,6_,nu10)*cFT(nu15,XX,j14,iufo3)*
      cFT(g7,XX,iufo3,i3)*cFT( - p4 + q3,XX,j13,j14)*cFT(nu9,XX,i2,iufo13)*
      cFT(g7,XX,iufo13,j13)*flavourTag(fve,j11,j12)*flavourTag(fmu,j13,j14)*
      Vec(nu10,q3)*Vec(nu9,q2)*Deng(p4,xiz,M4)^2*Deng( - p4 + q2 + q3,xiw,M3)^
      2*p4.p4*d^-1*xiw*ufoGC81*ufoGC58^2*ufoGC80
       - 1/16*g_(1,6_,nu15)*FT1*g_(1,q1)*g_(2,6_,nu10)*cFT(nu15,XX,j14,iufo3)*
      cFT(g7,XX,iufo3,i3)*cFT( - p4 + q3,XX,j13,j14)*cFT(nu9,XX,i2,iufo13)*
      cFT(g7,XX,iufo13,j13)*flavourTag(fve,j11,j12)*flavourTag(fmu,j13,j14)*
      Vec(nu10,q3)*Vec(nu9,q3)*Deng(p4,xiz,M4)^2*Deng( - p4 + q2 + q3,xiw,M3)^
      2*p4.p4*d^-1*xiw*ufoGC81*ufoGC58^2*ufoGC80
       - 1/16*g_(1,6_,nu15)*FT1*g_(1,q1)*g_(2,6_,nu10)*cFT(nu15,XX,j14,iufo3)*
      cFT(g6,XX,iufo3,i3)*cFT( - p4 + q3,XX,j13,j14)*cFT(nu9,XX,i2,iufo13)*
      cFT(g7,XX,iufo13,j13)*flavourTag(fve,j11,j12)*flavourTag(fmu,j13,j14)*
      Vec(nu10,q2)*Vec(nu9,q2)*Deng(p4,xiz,M4)^2*Deng( - p4 + q2 + q3,xiw,M3)^
      2*p4.p4*d^-1*xiw*ufoGC81*ufoGC58^2*ufoGC76
       - 1/16*g_(1,6_,nu15)*FT1*g_(1,q1)*g_(2,6_,nu10)*cFT(nu15,XX,j14,iufo3)*
      cFT(g6,XX,iufo3,i3)*cFT( - p4 + q3,XX,j13,j14)*cFT(nu9,XX,i2,iufo13)*
      cFT(g7,XX,iufo13,j13)*flavourTag(fve,j11,j12)*flavourTag(fmu,j13,j14)*
      Vec(nu10,q2)*Vec(nu9,q3)*Deng(p4,xiz,M4)^2*Deng( - p4 + q2 + q3,xiw,M3)^
      2*p4.p4*d^-1*xiw*ufoGC81*ufoGC58^2*ufoGC76
       - 1/16*g_(1,6_,nu15)*FT1*g_(1,q1)*g_(2,6_,nu10)*cFT(nu15,XX,j14,iufo3)*
      cFT(g6,XX,iufo3,i3)*cFT( - p4 + q3,XX,j13,j14)*cFT(nu9,XX,i2,iufo13)*
      cFT(g7,XX,iufo13,j13)*flavourTag(fve,j11,j12)*flavourTag(fmu,j13,j14)*
      Vec(nu10,q3)*Vec(nu9,q2)*Deng(p4,xiz,M4)^2*Deng( - p4 + q2 + q3,xiw,M3)^
      2*p4.p4*d^-1*xiw*ufoGC81*ufoGC58^2*ufoGC76
       - 1/16*g_(1,6_,nu15)*FT1*g_(1,q1)*g_(2,6_,nu10)*cFT(nu15,XX,j14,iufo3)*
      cFT(g6,XX,iufo3,i3)*cFT( - p4 + q3,XX,j13,j14)*cFT(nu9,XX,i2,iufo13)*
      cFT(g7,XX,iufo13,j13)*flavourTag(fve,j11,j12)*flavourTag(fmu,j13,j14)*
      Vec(nu10,q3)*Vec(nu9,q3)*Deng(p4,xiz,M4)^2*Deng( - p4 + q2 + q3,xiw,M3)^
      2*p4.p4*d^-1*xiw*ufoGC81*ufoGC58^2*ufoGC76
       - 1/16*g_(1,6_,nu15)*FT1*g_(1,q1)*g_(2,6_,nu9)*cFT(nu15,XX,j14,iufo3)*
      cFT(g7,XX,iufo3,i3)*cFT( - p4 + q3,XX,j13,j14)*cFT(nu9,XX,i2,iufo13)*
      cFT(g7,XX,iufo13,j13)/(d^3 + d^2 - 2*d)*flavourTag(fve,j11,j12)*
      flavourTag(fmu,j13,j14)*Deng(p4,xiz,M4)^2*Deng( - p4 + q2 + q3,xiw,M3)^2
      *p4.p4^2*d*xiw*ufoGC81*ufoGC58^2*ufoGC80
       + 1/16*g_(1,6_,nu15)*FT1*g_(1,q1)*g_(2,6_,nu9)*cFT(nu15,XX,j14,iufo3)*
      cFT(g7,XX,iufo3,i3)*cFT( - p4 + q3,XX,j13,j14)*cFT(nu9,XX,i2,iufo13)*
      cFT(g7,XX,iufo13,j13)/(d^3 + d^2 - 2*d)*flavourTag(fve,j11,j12)*
      flavourTag(fmu,j13,j14)*Deng(p4,xiz,M4)^2*Deng( - p4 + q2 + q3,xiw,M3)^2
      *p4.p4^2*xiw*ufoGC81*ufoGC58^2*ufoGC80
       - 1/16*g_(1,6_,nu15)*FT1*g_(1,q1)*g_(2,6_,nu9)*cFT(nu15,XX,j14,iufo3)*
      cFT(g6,XX,iufo3,i3)*cFT( - p4 + q3,XX,j13,j14)*cFT(nu9,XX,i2,iufo13)*
      cFT(g7,XX,iufo13,j13)/(d^3 + d^2 - 2*d)*flavourTag(fve,j11,j12)*
      flavourTag(fmu,j13,j14)*Deng(p4,xiz,M4)^2*Deng( - p4 + q2 + q3,xiw,M3)^2
      *p4.p4^2*d*xiw*ufoGC81*ufoGC58^2*ufoGC76
       + 1/16*g_(1,6_,nu15)*FT1*g_(1,q1)*g_(2,6_,nu9)*cFT(nu15,XX,j14,iufo3)*
      cFT(g6,XX,iufo3,i3)*cFT( - p4 + q3,XX,j13,j14)*cFT(nu9,XX,i2,iufo13)*
      cFT(g7,XX,iufo13,j13)/(d^3 + d^2 - 2*d)*flavourTag(fve,j11,j12)*
      flavourTag(fmu,j13,j14)*Deng(p4,xiz,M4)^2*Deng( - p4 + q2 + q3,xiw,M3)^2
      *p4.p4^2*xiw*ufoGC81*ufoGC58^2*ufoGC76
       - 1/16*g_(1,6_,nu15)*FT1*g_(1,q2)*g_(2,6_,nu10)*cFT(nu15,XX,j14,iufo3)*
      cFT(g7,XX,iufo3,i3)*cFT( - p4 + q3,XX,j13,j14)*cFT(nu9,XX,i2,iufo13)*
      cFT(g7,XX,iufo13,j13)*flavourTag(fve,j11,j12)*flavourTag(fmu,j13,j14)*
      Vec(nu10,q2)*Vec(nu9,q2)*Deng(p4,xiz,M4)^2*Deng( - p4 + q2 + q3,xiw,M3)^
      2*p4.p4*d^-1*xiw*ufoGC81*ufoGC58^2*ufoGC80
       - 1/16*g_(1,6_,nu15)*FT1*g_(1,q2)*g_(2,6_,nu10)*cFT(nu15,XX,j14,iufo3)*
      cFT(g7,XX,iufo3,i3)*cFT( - p4 + q3,XX,j13,j14)*cFT(nu9,XX,i2,iufo13)*
      cFT(g7,XX,iufo13,j13)*flavourTag(fve,j11,j12)*flavourTag(fmu,j13,j14)*
      Vec(nu10,q2)*Vec(nu9,q3)*Deng(p4,xiz,M4)^2*Deng( - p4 + q2 + q3,xiw,M3)^
      2*p4.p4*d^-1*xiw*ufoGC81*ufoGC58^2*ufoGC80
       - 1/16*g_(1,6_,nu15)*FT1*g_(1,q2)*g_(2,6_,nu10)*cFT(nu15,XX,j14,iufo3)*
      cFT(g7,XX,iufo3,i3)*cFT( - p4 + q3,XX,j13,j14)*cFT(nu9,XX,i2,iufo13)*
      cFT(g7,XX,iufo13,j13)*flavourTag(fve,j11,j12)*flavourTag(fmu,j13,j14)*
      Vec(nu10,q3)*Vec(nu9,q2)*Deng(p4,xiz,M4)^2*Deng( - p4 + q2 + q3,xiw,M3)^
      2*p4.p4*d^-1*xiw*ufoGC81*ufoGC58^2*ufoGC80
       - 1/16*g_(1,6_,nu15)*FT1*g_(1,q2)*g_(2,6_,nu10)*cFT(nu15,XX,j14,iufo3)*
      cFT(g7,XX,iufo3,i3)*cFT( - p4 + q3,XX,j13,j14)*cFT(nu9,XX,i2,iufo13)*
      cFT(g7,XX,iufo13,j13)*flavourTag(fve,j11,j12)*flavourTag(fmu,j13,j14)*
      Vec(nu10,q3)*Vec(nu9,q3)*Deng(p4,xiz,M4)^2*Deng( - p4 + q2 + q3,xiw,M3)^
      2*p4.p4*d^-1*xiw*ufoGC81*ufoGC58^2*ufoGC80
       - 1/16*g_(1,6_,nu15)*FT1*g_(1,q2)*g_(2,6_,nu10)*cFT(nu15,XX,j14,iufo3)*
      cFT(g6,XX,iufo3,i3)*cFT( - p4 + q3,XX,j13,j14)*cFT(nu9,XX,i2,iufo13)*
      cFT(g7,XX,iufo13,j13)*flavourTag(fve,j11,j12)*flavourTag(fmu,j13,j14)*
      Vec(nu10,q2)*Vec(nu9,q2)*Deng(p4,xiz,M4)^2*Deng( - p4 + q2 + q3,xiw,M3)^
      2*p4.p4*d^-1*xiw*ufoGC81*ufoGC58^2*ufoGC76
       - 1/16*g_(1,6_,nu15)*FT1*g_(1,q2)*g_(2,6_,nu10)*cFT(nu15,XX,j14,iufo3)*
      cFT(g6,XX,iufo3,i3)*cFT( - p4 + q3,XX,j13,j14)*cFT(nu9,XX,i2,iufo13)*
      cFT(g7,XX,iufo13,j13)*flavourTag(fve,j11,j12)*flavourTag(fmu,j13,j14)*
      Vec(nu10,q2)*Vec(nu9,q3)*Deng(p4,xiz,M4)^2*Deng( - p4 + q2 + q3,xiw,M3)^
      2*p4.p4*d^-1*xiw*ufoGC81*ufoGC58^2*ufoGC76
       - 1/16*g_(1,6_,nu15)*FT1*g_(1,q2)*g_(2,6_,nu10)*cFT(nu15,XX,j14,iufo3)*
      cFT(g6,XX,iufo3,i3)*cFT( - p4 + q3,XX,j13,j14)*cFT(nu9,XX,i2,iufo13)*
      cFT(g7,XX,iufo13,j13)*flavourTag(fve,j11,j12)*flavourTag(fmu,j13,j14)*
      Vec(nu10,q3)*Vec(nu9,q2)*Deng(p4,xiz,M4)^2*Deng( - p4 + q2 + q3,xiw,M3)^
      2*p4.p4*d^-1*xiw*ufoGC81*ufoGC58^2*ufoGC76
       - 1/16*g_(1,6_,nu15)*FT1*g_(1,q2)*g_(2,6_,nu10)*cFT(nu15,XX,j14,iufo3)*
      cFT(g6,XX,iufo3,i3)*cFT( - p4 + q3,XX,j13,j14)*cFT(nu9,XX,i2,iufo13)*
      cFT(g7,XX,iufo13,j13)*flavourTag(fve,j11,j12)*flavourTag(fmu,j13,j14)*
      Vec(nu10,q3)*Vec(nu9,q3)*Deng(p4,xiz,M4)^2*Deng( - p4 + q2 + q3,xiw,M3)^
      2*p4.p4*d^-1*xiw*ufoGC81*ufoGC58^2*ufoGC76
       - 1/16*g_(1,6_,nu15)*FT1*g_(1,q2)*g_(2,6_,nu9)*cFT(nu15,XX,j14,iufo3)*
      cFT(g7,XX,iufo3,i3)*cFT( - p4 + q3,XX,j13,j14)*cFT(nu9,XX,i2,iufo13)*
      cFT(g7,XX,iufo13,j13)/(d^3 + d^2 - 2*d)*flavourTag(fve,j11,j12)*
      flavourTag(fmu,j13,j14)*Deng(p4,xiz,M4)^2*Deng( - p4 + q2 + q3,xiw,M3)^2
      *p4.p4^2*d*xiw*ufoGC81*ufoGC58^2*ufoGC80
       + 1/16*g_(1,6_,nu15)*FT1*g_(1,q2)*g_(2,6_,nu9)*cFT(nu15,XX,j14,iufo3)*
      cFT(g7,XX,iufo3,i3)*cFT( - p4 + q3,XX,j13,j14)*cFT(nu9,XX,i2,iufo13)*
      cFT(g7,XX,iufo13,j13)/(d^3 + d^2 - 2*d)*flavourTag(fve,j11,j12)*
      flavourTag(fmu,j13,j14)*Deng(p4,xiz,M4)^2*Deng( - p4 + q2 + q3,xiw,M3)^2
      *p4.p4^2*xiw*ufoGC81*ufoGC58^2*ufoGC80
       - 1/16*g_(1,6_,nu15)*FT1*g_(1,q2)*g_(2,6_,nu9)*cFT(nu15,XX,j14,iufo3)*
      cFT(g6,XX,iufo3,i3)*cFT( - p4 + q3,XX,j13,j14)*cFT(nu9,XX,i2,iufo13)*
      cFT(g7,XX,iufo13,j13)/(d^3 + d^2 - 2*d)*flavourTag(fve,j11,j12)*
      flavourTag(fmu,j13,j14)*Deng(p4,xiz,M4)^2*Deng( - p4 + q2 + q3,xiw,M3)^2
      *p4.p4^2*d*xiw*ufoGC81*ufoGC58^2*ufoGC76
       + 1/16*g_(1,6_,nu15)*FT1*g_(1,q2)*g_(2,6_,nu9)*cFT(nu15,XX,j14,iufo3)*
      cFT(g6,XX,iufo3,i3)*cFT( - p4 + q3,XX,j13,j14)*cFT(nu9,XX,i2,iufo13)*
      cFT(g7,XX,iufo13,j13)/(d^3 + d^2 - 2*d)*flavourTag(fve,j11,j12)*
      flavourTag(fmu,j13,j14)*Deng(p4,xiz,M4)^2*Deng( - p4 + q2 + q3,xiw,M3)^2
      *p4.p4^2*xiw*ufoGC81*ufoGC58^2*ufoGC76
       - 1/16*g_(1,6_,nu15)*FT1*g_(1,q3)*g_(2,6_,nu10)*cFT(nu15,XX,j14,iufo3)*
      cFT(g7,XX,iufo3,i3)*cFT( - p4 + q3,XX,j13,j14)*cFT(nu9,XX,i2,iufo13)*
      cFT(g7,XX,iufo13,j13)*flavourTag(fve,j11,j12)*flavourTag(fmu,j13,j14)*
      Vec(nu10,q2)*Vec(nu9,q2)*Deng(p4,xiz,M4)^2*Deng( - p4 + q2 + q3,xiw,M3)^
      2*p4.p4*d^-1*xiw*ufoGC81*ufoGC58^2*ufoGC80
       - 1/16*g_(1,6_,nu15)*FT1*g_(1,q3)*g_(2,6_,nu10)*cFT(nu15,XX,j14,iufo3)*
      cFT(g7,XX,iufo3,i3)*cFT( - p4 + q3,XX,j13,j14)*cFT(nu9,XX,i2,iufo13)*
      cFT(g7,XX,iufo13,j13)*flavourTag(fve,j11,j12)*flavourTag(fmu,j13,j14)*
      Vec(nu10,q2)*Vec(nu9,q3)*Deng(p4,xiz,M4)^2*Deng( - p4 + q2 + q3,xiw,M3)^
      2*p4.p4*d^-1*xiw*ufoGC81*ufoGC58^2*ufoGC80
       - 1/16*g_(1,6_,nu15)*FT1*g_(1,q3)*g_(2,6_,nu10)*cFT(nu15,XX,j14,iufo3)*
      cFT(g7,XX,iufo3,i3)*cFT( - p4 + q3,XX,j13,j14)*cFT(nu9,XX,i2,iufo13)*
      cFT(g7,XX,iufo13,j13)*flavourTag(fve,j11,j12)*flavourTag(fmu,j13,j14)*
      Vec(nu10,q3)*Vec(nu9,q2)*Deng(p4,xiz,M4)^2*Deng( - p4 + q2 + q3,xiw,M3)^
      2*p4.p4*d^-1*xiw*ufoGC81*ufoGC58^2*ufoGC80
       - 1/16*g_(1,6_,nu15)*FT1*g_(1,q3)*g_(2,6_,nu10)*cFT(nu15,XX,j14,iufo3)*
      cFT(g7,XX,iufo3,i3)*cFT( - p4 + q3,XX,j13,j14)*cFT(nu9,XX,i2,iufo13)*
      cFT(g7,XX,iufo13,j13)*flavourTag(fve,j11,j12)*flavourTag(fmu,j13,j14)*
      Vec(nu10,q3)*Vec(nu9,q3)*Deng(p4,xiz,M4)^2*Deng( - p4 + q2 + q3,xiw,M3)^
      2*p4.p4*d^-1*xiw*ufoGC81*ufoGC58^2*ufoGC80
       - 1/16*g_(1,6_,nu15)*FT1*g_(1,q3)*g_(2,6_,nu10)*cFT(nu15,XX,j14,iufo3)*
      cFT(g6,XX,iufo3,i3)*cFT( - p4 + q3,XX,j13,j14)*cFT(nu9,XX,i2,iufo13)*
      cFT(g7,XX,iufo13,j13)*flavourTag(fve,j11,j12)*flavourTag(fmu,j13,j14)*
      Vec(nu10,q2)*Vec(nu9,q2)*Deng(p4,xiz,M4)^2*Deng( - p4 + q2 + q3,xiw,M3)^
      2*p4.p4*d^-1*xiw*ufoGC81*ufoGC58^2*ufoGC76
       - 1/16*g_(1,6_,nu15)*FT1*g_(1,q3)*g_(2,6_,nu10)*cFT(nu15,XX,j14,iufo3)*
      cFT(g6,XX,iufo3,i3)*cFT( - p4 + q3,XX,j13,j14)*cFT(nu9,XX,i2,iufo13)*
      cFT(g7,XX,iufo13,j13)*flavourTag(fve,j11,j12)*flavourTag(fmu,j13,j14)*
      Vec(nu10,q2)*Vec(nu9,q3)*Deng(p4,xiz,M4)^2*Deng( - p4 + q2 + q3,xiw,M3)^
      2*p4.p4*d^-1*xiw*ufoGC81*ufoGC58^2*ufoGC76
       - 1/16*g_(1,6_,nu15)*FT1*g_(1,q3)*g_(2,6_,nu10)*cFT(nu15,XX,j14,iufo3)*
      cFT(g6,XX,iufo3,i3)*cFT( - p4 + q3,XX,j13,j14)*cFT(nu9,XX,i2,iufo13)*
      cFT(g7,XX,iufo13,j13)*flavourTag(fve,j11,j12)*flavourTag(fmu,j13,j14)*
      Vec(nu10,q3)*Vec(nu9,q2)*Deng(p4,xiz,M4)^2*Deng( - p4 + q2 + q3,xiw,M3)^
      2*p4.p4*d^-1*xiw*ufoGC81*ufoGC58^2*ufoGC76
       - 1/16*g_(1,6_,nu15)*FT1*g_(1,q3)*g_(2,6_,nu10)*cFT(nu15,XX,j14,iufo3)*
      cFT(g6,XX,iufo3,i3)*cFT( - p4 + q3,XX,j13,j14)*cFT(nu9,XX,i2,iufo13)*
      cFT(g7,XX,iufo13,j13)*flavourTag(fve,j11,j12)*flavourTag(fmu,j13,j14)*
      Vec(nu10,q3)*Vec(nu9,q3)*Deng(p4,xiz,M4)^2*Deng( - p4 + q2 + q3,xiw,M3)^
      2*p4.p4*d^-1*xiw*ufoGC81*ufoGC58^2*ufoGC76
       - 1/16*g_(1,6_,nu15)*FT1*g_(1,q3)*g_(2,6_,nu9)*cFT(nu15,XX,j14,iufo3)*
      cFT(g7,XX,iufo3,i3)*cFT( - p4 + q3,XX,j13,j14)*cFT(nu9,XX,i2,iufo13)*
      cFT(g7,XX,iufo13,j13)/(d^3 + d^2 - 2*d)*flavourTag(fve,j11,j12)*
      flavourTag(fmu,j13,j14)*Deng(p4,xiz,M4)^2*Deng( - p4 + q2 + q3,xiw,M3)^2
      *p4.p4^2*d*xiw*ufoGC81*ufoGC58^2*ufoGC80
       + 1/16*g_(1,6_,nu15)*FT1*g_(1,q3)*g_(2,6_,nu9)*cFT(nu15,XX,j14,iufo3)*
      cFT(g7,XX,iufo3,i3)*cFT( - p4 + q3,XX,j13,j14)*cFT(nu9,XX,i2,iufo13)*
      cFT(g7,XX,iufo13,j13)/(d^3 + d^2 - 2*d)*flavourTag(fve,j11,j12)*
      flavourTag(fmu,j13,j14)*Deng(p4,xiz,M4)^2*Deng( - p4 + q2 + q3,xiw,M3)^2
      *p4.p4^2*xiw*ufoGC81*ufoGC58^2*ufoGC80
       - 1/16*g_(1,6_,nu15)*FT1*g_(1,q3)*g_(2,6_,nu9)*cFT(nu15,XX,j14,iufo3)*
      cFT(g6,XX,iufo3,i3)*cFT( - p4 + q3,XX,j13,j14)*cFT(nu9,XX,i2,iufo13)*
      cFT(g7,XX,iufo13,j13)/(d^3 + d^2 - 2*d)*flavourTag(fve,j11,j12)*
      flavourTag(fmu,j13,j14)*Deng(p4,xiz,M4)^2*Deng( - p4 + q2 + q3,xiw,M3)^2
      *p4.p4^2*d*xiw*ufoGC81*ufoGC58^2*ufoGC76
       + 1/16*g_(1,6_,nu15)*FT1*g_(1,q3)*g_(2,6_,nu9)*cFT(nu15,XX,j14,iufo3)*
      cFT(g6,XX,iufo3,i3)*cFT( - p4 + q3,XX,j13,j14)*cFT(nu9,XX,i2,iufo13)*
      cFT(g7,XX,iufo13,j13)/(d^3 + d^2 - 2*d)*flavourTag(fve,j11,j12)*
      flavourTag(fmu,j13,j14)*Deng(p4,xiz,M4)^2*Deng( - p4 + q2 + q3,xiw,M3)^2
      *p4.p4^2*xiw*ufoGC81*ufoGC58^2*ufoGC76
       + 1/16*g_(1,6_,nu9)*FT1*g_(1,p4)*g_(2,6_,nu15)*cFT(nu15,XX,j14,iufo3)*
      cFT(g7,XX,iufo3,i3)*cFT( - p4 + q3,XX,j13,j14)*cFT(nu9,XX,i2,iufo13)*
      cFT(g7,XX,iufo13,j13)/(d^3 + d^2 - 2*d)*flavourTag(fve,j11,j12)*
      flavourTag(fmu,j13,j14)*Deng(p4,xiz,M4)^2*Deng( - p4 + q2 + q3,xiw,M3)^2
      *p4.p4^2*d*xiw*ufoGC81*ufoGC58^2*ufoGC80
       - 1/16*g_(1,6_,nu9)*FT1*g_(1,p4)*g_(2,6_,nu15)*cFT(nu15,XX,j14,iufo3)*
      cFT(g7,XX,iufo3,i3)*cFT( - p4 + q3,XX,j13,j14)*cFT(nu9,XX,i2,iufo13)*
      cFT(g7,XX,iufo13,j13)/(d^3 + d^2 - 2*d)*flavourTag(fve,j11,j12)*
      flavourTag(fmu,j13,j14)*Deng(p4,xiz,M4)^2*Deng( - p4 + q2 + q3,xiw,M3)^2
      *p4.p4^2*xiw*ufoGC81*ufoGC58^2*ufoGC80
       + 1/16*g_(1,6_,nu9)*FT1*g_(1,p4)*g_(2,6_,nu15)*cFT(nu15,XX,j14,iufo3)*
      cFT(g6,XX,iufo3,i3)*cFT( - p4 + q3,XX,j13,j14)*cFT(nu9,XX,i2,iufo13)*
      cFT(g7,XX,iufo13,j13)/(d^3 + d^2 - 2*d)*flavourTag(fve,j11,j12)*
      flavourTag(fmu,j13,j14)*Deng(p4,xiz,M4)^2*Deng( - p4 + q2 + q3,xiw,M3)^2
      *p4.p4^2*d*xiw*ufoGC81*ufoGC58^2*ufoGC76
       - 1/16*g_(1,6_,nu9)*FT1*g_(1,p4)*g_(2,6_,nu15)*cFT(nu15,XX,j14,iufo3)*
      cFT(g6,XX,iufo3,i3)*cFT( - p4 + q3,XX,j13,j14)*cFT(nu9,XX,i2,iufo13)*
      cFT(g7,XX,iufo13,j13)/(d^3 + d^2 - 2*d)*flavourTag(fve,j11,j12)*
      flavourTag(fmu,j13,j14)*Deng(p4,xiz,M4)^2*Deng( - p4 + q2 + q3,xiw,M3)^2
      *p4.p4^2*xiw*ufoGC81*ufoGC58^2*ufoGC76
       - 1/16*g_(1,6_,nu9)*FT1*g_(1,q1)*g_(2,6_,nu15)*cFT(nu15,XX,j14,iufo3)*
      cFT(g7,XX,iufo3,i3)*cFT( - p4 + q3,XX,j13,j14)*cFT(nu9,XX,i2,iufo13)*
      cFT(g7,XX,iufo13,j13)/(d^3 + d^2 - 2*d)*flavourTag(fve,j11,j12)*
      flavourTag(fmu,j13,j14)*Deng(p4,xiz,M4)^2*Deng( - p4 + q2 + q3,xiw,M3)^2
      *p4.p4^2*d*xiw*ufoGC81*ufoGC58^2*ufoGC80
       + 1/16*g_(1,6_,nu9)*FT1*g_(1,q1)*g_(2,6_,nu15)*cFT(nu15,XX,j14,iufo3)*
      cFT(g7,XX,iufo3,i3)*cFT( - p4 + q3,XX,j13,j14)*cFT(nu9,XX,i2,iufo13)*
      cFT(g7,XX,iufo13,j13)/(d^3 + d^2 - 2*d)*flavourTag(fve,j11,j12)*
      flavourTag(fmu,j13,j14)*Deng(p4,xiz,M4)^2*Deng( - p4 + q2 + q3,xiw,M3)^2
      *p4.p4^2*xiw*ufoGC81*ufoGC58^2*ufoGC80
       - 1/16*g_(1,6_,nu9)*FT1*g_(1,q1)*g_(2,6_,nu15)*cFT(nu15,XX,j14,iufo3)*
      cFT(g6,XX,iufo3,i3)*cFT( - p4 + q3,XX,j13,j14)*cFT(nu9,XX,i2,iufo13)*
      cFT(g7,XX,iufo13,j13)/(d^3 + d^2 - 2*d)*flavourTag(fve,j11,j12)*
      flavourTag(fmu,j13,j14)*Deng(p4,xiz,M4)^2*Deng( - p4 + q2 + q3,xiw,M3)^2
      *p4.p4^2*d*xiw*ufoGC81*ufoGC58^2*ufoGC76
       + 1/16*g_(1,6_,nu9)*FT1*g_(1,q1)*g_(2,6_,nu15)*cFT(nu15,XX,j14,iufo3)*
      cFT(g6,XX,iufo3,i3)*cFT( - p4 + q3,XX,j13,j14)*cFT(nu9,XX,i2,iufo13)*
      cFT(g7,XX,iufo13,j13)/(d^3 + d^2 - 2*d)*flavourTag(fve,j11,j12)*
      flavourTag(fmu,j13,j14)*Deng(p4,xiz,M4)^2*Deng( - p4 + q2 + q3,xiw,M3)^2
      *p4.p4^2*xiw*ufoGC81*ufoGC58^2*ufoGC76
       - 1/16*g_(1,6_,nu9)*FT1*g_(1,q2)*g_(2,6_,nu15)*cFT(nu15,XX,j14,iufo3)*
      cFT(g7,XX,iufo3,i3)*cFT( - p4 + q3,XX,j13,j14)*cFT(nu9,XX,i2,iufo13)*
      cFT(g7,XX,iufo13,j13)/(d^3 + d^2 - 2*d)*flavourTag(fve,j11,j12)*
      flavourTag(fmu,j13,j14)*Deng(p4,xiz,M4)^2*Deng( - p4 + q2 + q3,xiw,M3)^2
      *p4.p4^2*d*xiw*ufoGC81*ufoGC58^2*ufoGC80
       + 1/16*g_(1,6_,nu9)*FT1*g_(1,q2)*g_(2,6_,nu15)*cFT(nu15,XX,j14,iufo3)*
      cFT(g7,XX,iufo3,i3)*cFT( - p4 + q3,XX,j13,j14)*cFT(nu9,XX,i2,iufo13)*
      cFT(g7,XX,iufo13,j13)/(d^3 + d^2 - 2*d)*flavourTag(fve,j11,j12)*
      flavourTag(fmu,j13,j14)*Deng(p4,xiz,M4)^2*Deng( - p4 + q2 + q3,xiw,M3)^2
      *p4.p4^2*xiw*ufoGC81*ufoGC58^2*ufoGC80
       - 1/16*g_(1,6_,nu9)*FT1*g_(1,q2)*g_(2,6_,nu15)*cFT(nu15,XX,j14,iufo3)*
      cFT(g6,XX,iufo3,i3)*cFT( - p4 + q3,XX,j13,j14)*cFT(nu9,XX,i2,iufo13)*
      cFT(g7,XX,iufo13,j13)/(d^3 + d^2 - 2*d)*flavourTag(fve,j11,j12)*
      flavourTag(fmu,j13,j14)*Deng(p4,xiz,M4)^2*Deng( - p4 + q2 + q3,xiw,M3)^2
      *p4.p4^2*d*xiw*ufoGC81*ufoGC58^2*ufoGC76
       + 1/16*g_(1,6_,nu9)*FT1*g_(1,q2)*g_(2,6_,nu15)*cFT(nu15,XX,j14,iufo3)*
      cFT(g6,XX,iufo3,i3)*cFT( - p4 + q3,XX,j13,j14)*cFT(nu9,XX,i2,iufo13)*
      cFT(g7,XX,iufo13,j13)/(d^3 + d^2 - 2*d)*flavourTag(fve,j11,j12)*
      flavourTag(fmu,j13,j14)*Deng(p4,xiz,M4)^2*Deng( - p4 + q2 + q3,xiw,M3)^2
      *p4.p4^2*xiw*ufoGC81*ufoGC58^2*ufoGC76
       - 1/16*g_(1,6_,nu9)*FT1*g_(1,q3)*g_(2,6_,nu15)*cFT(nu15,XX,j14,iufo3)*
      cFT(g7,XX,iufo3,i3)*cFT( - p4 + q3,XX,j13,j14)*cFT(nu9,XX,i2,iufo13)*
      cFT(g7,XX,iufo13,j13)/(d^3 + d^2 - 2*d)*flavourTag(fve,j11,j12)*
      flavourTag(fmu,j13,j14)*Deng(p4,xiz,M4)^2*Deng( - p4 + q2 + q3,xiw,M3)^2
      *p4.p4^2*d*xiw*ufoGC81*ufoGC58^2*ufoGC80
       + 1/16*g_(1,6_,nu9)*FT1*g_(1,q3)*g_(2,6_,nu15)*cFT(nu15,XX,j14,iufo3)*
      cFT(g7,XX,iufo3,i3)*cFT( - p4 + q3,XX,j13,j14)*cFT(nu9,XX,i2,iufo13)*
      cFT(g7,XX,iufo13,j13)/(d^3 + d^2 - 2*d)*flavourTag(fve,j11,j12)*
      flavourTag(fmu,j13,j14)*Deng(p4,xiz,M4)^2*Deng( - p4 + q2 + q3,xiw,M3)^2
      *p4.p4^2*xiw*ufoGC81*ufoGC58^2*ufoGC80
       - 1/16*g_(1,6_,nu9)*FT1*g_(1,q3)*g_(2,6_,nu15)*cFT(nu15,XX,j14,iufo3)*
      cFT(g6,XX,iufo3,i3)*cFT( - p4 + q3,XX,j13,j14)*cFT(nu9,XX,i2,iufo13)*
      cFT(g7,XX,iufo13,j13)/(d^3 + d^2 - 2*d)*flavourTag(fve,j11,j12)*
      flavourTag(fmu,j13,j14)*Deng(p4,xiz,M4)^2*Deng( - p4 + q2 + q3,xiw,M3)^2
      *p4.p4^2*d*xiw*ufoGC81*ufoGC58^2*ufoGC76
       + 1/16*g_(1,6_,nu9)*FT1*g_(1,q3)*g_(2,6_,nu15)*cFT(nu15,XX,j14,iufo3)*
      cFT(g6,XX,iufo3,i3)*cFT( - p4 + q3,XX,j13,j14)*cFT(nu9,XX,i2,iufo13)*
      cFT(g7,XX,iufo13,j13)/(d^3 + d^2 - 2*d)*flavourTag(fve,j11,j12)*
      flavourTag(fmu,j13,j14)*Deng(p4,xiz,M4)^2*Deng( - p4 + q2 + q3,xiw,M3)^2
      *p4.p4^2*xiw*ufoGC81*ufoGC58^2*ufoGC76
      ;

  0.00 sec out of 0.00 sec
