FORM 5.0.0-beta.1 (Jan 15 2026, v5.0.0-beta.1-292-g4341c63)  Run: Thu Mar  5 17:27:29 2026
    #-

   d1l248amp =

       + Den(p4,0,0)*Den(p4,xiw,M3)*Den(xiw,M3) * (
          - 1/4*g_(1,6_,nu15)*FT1*g_(2,nu15)*cFT(g6,XX,i2,i3)*flavourTag(fe,
         j11,j12)*ufoGC58*ufoGC3*ufoGC107*ufoGC93
          )

       + Den(p4,0,0)^2*Den(p4,xiw,M3)^2*Den(xiw,M3) * (
          + 1/4*g_(1,6_,nu15)*FT1*g_(2,nu15)*cFT(g6,XX,i2,i3)*flavourTag(fe,
         j11,j12)*d^-1*ufoGC58*ufoGC3*ufoGC107*ufoGC93
          )

       + Den(p4,0,0)^3*Den(p4,xiw,M3)*Den(xiw,M3) * (
          - 1/4*g_(1,6_,nu15)*FT1*g_(2,nu15)*cFT(g6,XX,i2,i3)*flavourTag(fe,
         j11,j12)*d^-1*xia*ufoGC58*ufoGC3*ufoGC107*ufoGC93
          + 1/4*g_(1,6_,nu15)*FT1*g_(2,nu15)*cFT(g6,XX,i2,i3)*flavourTag(fe,
         j11,j12)*d^-1*ufoGC58*ufoGC3*ufoGC107*ufoGC93
          )

       + Den(p4,0,0)^4*Den(p4,xiw,M3)^2*Den(xiw,M3) * (
          + 1/4*g_(1,6_,nu14)*FT1*g_(2,nu14)*cFT(g6,XX,i2,i3)*flavourTag(fe,
         j11,j12)*d^-1*xia*ufoGC58*ufoGC3*ufoGC107*ufoGC93
          - 1/4*g_(1,6_,nu14)*FT1*g_(2,nu14)*cFT(g6,XX,i2,i3)*flavourTag(fe,
         j11,j12)*d^-1*ufoGC58*ufoGC3*ufoGC107*ufoGC93
          );

  0.00 sec out of 0.00 sec
