FORM 5.0.0-beta.1 (Jan 15 2026, v5.0.0-beta.1-292-g4341c63)  Run: Thu Mar  5 17:27:30 2026
    #-

   d1l262amp =

       + Den(p4,0,0)*Den(p4,xiw,M3) * (
          - 1/4*g_(1,6_,nu15)*FT1*g_(2,nu9)*cFT(nu9,XX,j14,i3)*cFT(p4 - q2,0,
         XX,j13,j14)*cFT(nu15,XX,i2,iufo13)*cFT(g7,XX,iufo13,j13)*flavourTag(
         fe,j11,j12)*flavourTag(fmu,j13,j14)*ufoGC58^2*ufoGC3^2
          )

       + Den(p4,0,0)^2*Den(p4,xiw,M3)^2 * (
          + 1/4*g_(1,6_,nu15)*FT1*g_(2,nu9)*cFT(nu9,XX,j14,i3)*cFT(p4 - q2,0,
         XX,j13,j14)*cFT(nu15,XX,i2,iufo13)*cFT(g7,XX,iufo13,j13)*flavourTag(
         fe,j11,j12)*flavourTag(fmu,j13,j14)*d^-1*ufoGC58^2*ufoGC3^2
          )

       + Den(p4,0,0)^3*Den(p4,xiw,M3) * (
          - 1/4*g_(1,6_,nu15)*FT1*g_(2,nu9)*cFT(nu9,XX,j14,i3)*cFT(p4 - q2,0,
         XX,j13,j14)*cFT(nu15,XX,i2,iufo13)*cFT(g7,XX,iufo13,j13)*flavourTag(
         fe,j11,j12)*flavourTag(fmu,j13,j14)*d^-1*xia*ufoGC58^2*ufoGC3^2
          + 1/4*g_(1,6_,nu15)*FT1*g_(2,nu9)*cFT(nu9,XX,j14,i3)*cFT(p4 - q2,0,
         XX,j13,j14)*cFT(nu15,XX,i2,iufo13)*cFT(g7,XX,iufo13,j13)*flavourTag(
         fe,j11,j12)*flavourTag(fmu,j13,j14)*d^-1*ufoGC58^2*ufoGC3^2
          )

       + Den(p4,0,0)^4*Den(p4,xiw,M3)^2 * (
          + 1/4*g_(1,6_,nu9)*FT1*g_(2,nu15)*cFT(nu9,XX,j14,i3)*cFT(p4 - q2,0,
         XX,j13,j14)*cFT(nu15,XX,i2,iufo13)*cFT(g7,XX,iufo13,j13)/(d^3 + d^2
          - 2*d)*flavourTag(fe,j11,j12)*flavourTag(fmu,j13,j14)*d*xia*
         ufoGC58^2*ufoGC3^2
          - 1/4*g_(1,6_,nu9)*FT1*g_(2,nu15)*cFT(nu9,XX,j14,i3)*cFT(p4 - q2,0,
         XX,j13,j14)*cFT(nu15,XX,i2,iufo13)*cFT(g7,XX,iufo13,j13)/(d^3 + d^2
          - 2*d)*flavourTag(fe,j11,j12)*flavourTag(fmu,j13,j14)*d*ufoGC58^2*
         ufoGC3^2
          - 1/4*g_(1,6_,nu9)*FT1*g_(2,nu15)*cFT(nu9,XX,j14,i3)*cFT(p4 - q2,0,
         XX,j13,j14)*cFT(nu15,XX,i2,iufo13)*cFT(g7,XX,iufo13,j13)/(d^3 + d^2
          - 2*d)*flavourTag(fe,j11,j12)*flavourTag(fmu,j13,j14)*xia*ufoGC58^2*
         ufoGC3^2
          + 1/4*g_(1,6_,nu9)*FT1*g_(2,nu15)*cFT(nu9,XX,j14,i3)*cFT(p4 - q2,0,
         XX,j13,j14)*cFT(nu15,XX,i2,iufo13)*cFT(g7,XX,iufo13,j13)/(d^3 + d^2
          - 2*d)*flavourTag(fe,j11,j12)*flavourTag(fmu,j13,j14)*ufoGC58^2*
         ufoGC3^2
          + 1/4*g_(1,6_,nu15)*FT1*g_(2,nu9)*cFT(nu9,XX,j14,i3)*cFT(p4 - q2,0,
         XX,j13,j14)*cFT(nu15,XX,i2,iufo13)*cFT(g7,XX,iufo13,j13)/(d^3 + d^2
          - 2*d)*flavourTag(fe,j11,j12)*flavourTag(fmu,j13,j14)*d*xia*
         ufoGC58^2*ufoGC3^2
          - 1/4*g_(1,6_,nu15)*FT1*g_(2,nu9)*cFT(nu9,XX,j14,i3)*cFT(p4 - q2,0,
         XX,j13,j14)*cFT(nu15,XX,i2,iufo13)*cFT(g7,XX,iufo13,j13)/(d^3 + d^2
          - 2*d)*flavourTag(fe,j11,j12)*flavourTag(fmu,j13,j14)*d*ufoGC58^2*
         ufoGC3^2
          - 1/4*g_(1,6_,nu15)*FT1*g_(2,nu9)*cFT(nu9,XX,j14,i3)*cFT(p4 - q2,0,
         XX,j13,j14)*cFT(nu15,XX,i2,iufo13)*cFT(g7,XX,iufo13,j13)/(d^3 + d^2
          - 2*d)*flavourTag(fe,j11,j12)*flavourTag(fmu,j13,j14)*xia*ufoGC58^2*
         ufoGC3^2
          + 1/4*g_(1,6_,nu15)*FT1*g_(2,nu9)*cFT(nu9,XX,j14,i3)*cFT(p4 - q2,0,
         XX,j13,j14)*cFT(nu15,XX,i2,iufo13)*cFT(g7,XX,iufo13,j13)/(d^3 + d^2
          - 2*d)*flavourTag(fe,j11,j12)*flavourTag(fmu,j13,j14)*ufoGC58^2*
         ufoGC3^2
          );

  0.00 sec out of 0.00 sec
