FORM 5.0.0-beta.1 (Jan 15 2026, v5.0.0-beta.1-292-g4341c63)  Run: Fri Mar  6 11:51:54 2026
    #-

   d1l220amp =

       + Vec(nu10,q2)*Vec(nu9,q2) * (
          - 1/16*g_(1,6_,nu12)*FT1*g_(1,p2)*g_(2,6_,nu10)*FT2*g_(2,p2)*cFT(
         nu12,XX,i1,iufo13)*cFT(g7,XX,iufo13,j13)*cFT(nu9,XX,i2,iufo3)*cFT(g7,
         XX,iufo3,i3)*flavourTag(fvm,j15,j16)*flavourTag(fmu,j13,j14)*Den(p2,
         xiz,M4)*Den(q2 + q3,xiw,M3)^2*xiw*ufoGC81*ufoGC58^2*ufoGC80
          + 1/16*g_(1,6_,nu12)*FT1*g_(1,p2)*g_(2,6_,nu10)*FT2*g_(2,p2)*cFT(
         nu12,XX,i1,iufo13)*cFT(g7,XX,iufo13,j13)*cFT(nu9,XX,i2,iufo3)*cFT(g7,
         XX,iufo3,i3)*flavourTag(fvm,j15,j16)*flavourTag(fmu,j13,j14)*Den(p2,
         xiz,M4)^2*Den(q2 + q3,xiw,M3)^2*p2.p2*d^-1*xiw*ufoGC81*ufoGC58^2*
         ufoGC80
          - 1/16*g_(1,6_,nu12)*FT1*g_(1,p2)*g_(2,6_,nu10)*FT2*g_(2,p2)*cFT(
         nu12,XX,i1,iufo13)*cFT(g6,XX,iufo13,j13)*cFT(nu9,XX,i2,iufo3)*cFT(g7,
         XX,iufo3,i3)*flavourTag(fvm,j15,j16)*flavourTag(fmu,j13,j14)*Den(p2,
         xiz,M4)*Den(q2 + q3,xiw,M3)^2*xiw*ufoGC81*ufoGC58^2*ufoGC76
          + 1/16*g_(1,6_,nu12)*FT1*g_(1,p2)*g_(2,6_,nu10)*FT2*g_(2,p2)*cFT(
         nu12,XX,i1,iufo13)*cFT(g6,XX,iufo13,j13)*cFT(nu9,XX,i2,iufo3)*cFT(g7,
         XX,iufo3,i3)*flavourTag(fvm,j15,j16)*flavourTag(fmu,j13,j14)*Den(p2,
         xiz,M4)^2*Den(q2 + q3,xiw,M3)^2*p2.p2*d^-1*xiw*ufoGC81*ufoGC58^2*
         ufoGC76
          - 1/16*g_(1,6_,nu12)*FT1*g_(1,p2)*g_(2,6_,nu10)*FT2*g_(2,q1)*cFT(
         nu12,XX,i1,iufo13)*cFT(g7,XX,iufo13,j13)*cFT(nu9,XX,i2,iufo3)*cFT(g7,
         XX,iufo3,i3)*flavourTag(fvm,j15,j16)*flavourTag(fmu,j13,j14)*Den(p2,
         xiz,M4)*Den(q2 + q3,xiw,M3)^2*xiw*ufoGC81*ufoGC58^2*ufoGC80
          + 1/16*g_(1,6_,nu12)*FT1*g_(1,p2)*g_(2,6_,nu10)*FT2*g_(2,q1)*cFT(
         nu12,XX,i1,iufo13)*cFT(g7,XX,iufo13,j13)*cFT(nu9,XX,i2,iufo3)*cFT(g7,
         XX,iufo3,i3)*flavourTag(fvm,j15,j16)*flavourTag(fmu,j13,j14)*Den(p2,
         xiz,M4)^2*Den(q2 + q3,xiw,M3)^2*p2.p2*d^-1*xiw*ufoGC81*ufoGC58^2*
         ufoGC80
          - 1/16*g_(1,6_,nu12)*FT1*g_(1,p2)*g_(2,6_,nu10)*FT2*g_(2,q1)*cFT(
         nu12,XX,i1,iufo13)*cFT(g6,XX,iufo13,j13)*cFT(nu9,XX,i2,iufo3)*cFT(g7,
         XX,iufo3,i3)*flavourTag(fvm,j15,j16)*flavourTag(fmu,j13,j14)*Den(p2,
         xiz,M4)*Den(q2 + q3,xiw,M3)^2*xiw*ufoGC81*ufoGC58^2*ufoGC76
          + 1/16*g_(1,6_,nu12)*FT1*g_(1,p2)*g_(2,6_,nu10)*FT2*g_(2,q1)*cFT(
         nu12,XX,i1,iufo13)*cFT(g6,XX,iufo13,j13)*cFT(nu9,XX,i2,iufo3)*cFT(g7,
         XX,iufo3,i3)*flavourTag(fvm,j15,j16)*flavourTag(fmu,j13,j14)*Den(p2,
         xiz,M4)^2*Den(q2 + q3,xiw,M3)^2*p2.p2*d^-1*xiw*ufoGC81*ufoGC58^2*
         ufoGC76
          - 1/16*g_(1,6_,nu12)*FT1*g_(1,q1)*g_(2,6_,nu10)*FT2*g_(2,p2)*cFT(
         nu12,XX,i1,iufo13)*cFT(g7,XX,iufo13,j13)*cFT(nu9,XX,i2,iufo3)*cFT(g7,
         XX,iufo3,i3)*flavourTag(fvm,j15,j16)*flavourTag(fmu,j13,j14)*Den(p2,
         xiz,M4)*Den(q2 + q3,xiw,M3)^2*xiw*ufoGC81*ufoGC58^2*ufoGC80
          + 1/16*g_(1,6_,nu12)*FT1*g_(1,q1)*g_(2,6_,nu10)*FT2*g_(2,p2)*cFT(
         nu12,XX,i1,iufo13)*cFT(g7,XX,iufo13,j13)*cFT(nu9,XX,i2,iufo3)*cFT(g7,
         XX,iufo3,i3)*flavourTag(fvm,j15,j16)*flavourTag(fmu,j13,j14)*Den(p2,
         xiz,M4)^2*Den(q2 + q3,xiw,M3)^2*p2.p2*d^-1*xiw*ufoGC81*ufoGC58^2*
         ufoGC80
          - 1/16*g_(1,6_,nu12)*FT1*g_(1,q1)*g_(2,6_,nu10)*FT2*g_(2,p2)*cFT(
         nu12,XX,i1,iufo13)*cFT(g6,XX,iufo13,j13)*cFT(nu9,XX,i2,iufo3)*cFT(g7,
         XX,iufo3,i3)*flavourTag(fvm,j15,j16)*flavourTag(fmu,j13,j14)*Den(p2,
         xiz,M4)*Den(q2 + q3,xiw,M3)^2*xiw*ufoGC81*ufoGC58^2*ufoGC76
          + 1/16*g_(1,6_,nu12)*FT1*g_(1,q1)*g_(2,6_,nu10)*FT2*g_(2,p2)*cFT(
         nu12,XX,i1,iufo13)*cFT(g6,XX,iufo13,j13)*cFT(nu9,XX,i2,iufo3)*cFT(g7,
         XX,iufo3,i3)*flavourTag(fvm,j15,j16)*flavourTag(fmu,j13,j14)*Den(p2,
         xiz,M4)^2*Den(q2 + q3,xiw,M3)^2*p2.p2*d^-1*xiw*ufoGC81*ufoGC58^2*
         ufoGC76
          - 1/16*g_(1,6_,nu12)*FT1*g_(1,q1)*g_(2,6_,nu10)*FT2*g_(2,q1)*cFT(
         nu12,XX,i1,iufo13)*cFT(g7,XX,iufo13,j13)*cFT(nu9,XX,i2,iufo3)*cFT(g7,
         XX,iufo3,i3)*flavourTag(fvm,j15,j16)*flavourTag(fmu,j13,j14)*Den(p2,
         xiz,M4)*Den(q2 + q3,xiw,M3)^2*xiw*ufoGC81*ufoGC58^2*ufoGC80
          + 1/16*g_(1,6_,nu12)*FT1*g_(1,q1)*g_(2,6_,nu10)*FT2*g_(2,q1)*cFT(
         nu12,XX,i1,iufo13)*cFT(g7,XX,iufo13,j13)*cFT(nu9,XX,i2,iufo3)*cFT(g7,
         XX,iufo3,i3)*flavourTag(fvm,j15,j16)*flavourTag(fmu,j13,j14)*Den(p2,
         xiz,M4)^2*Den(q2 + q3,xiw,M3)^2*p2.p2*d^-1*xiw*ufoGC81*ufoGC58^2*
         ufoGC80
          - 1/16*g_(1,6_,nu12)*FT1*g_(1,q1)*g_(2,6_,nu10)*FT2*g_(2,q1)*cFT(
         nu12,XX,i1,iufo13)*cFT(g6,XX,iufo13,j13)*cFT(nu9,XX,i2,iufo3)*cFT(g7,
         XX,iufo3,i3)*flavourTag(fvm,j15,j16)*flavourTag(fmu,j13,j14)*Den(p2,
         xiz,M4)*Den(q2 + q3,xiw,M3)^2*xiw*ufoGC81*ufoGC58^2*ufoGC76
          + 1/16*g_(1,6_,nu12)*FT1*g_(1,q1)*g_(2,6_,nu10)*FT2*g_(2,q1)*cFT(
         nu12,XX,i1,iufo13)*cFT(g6,XX,iufo13,j13)*cFT(nu9,XX,i2,iufo3)*cFT(g7,
         XX,iufo3,i3)*flavourTag(fvm,j15,j16)*flavourTag(fmu,j13,j14)*Den(p2,
         xiz,M4)^2*Den(q2 + q3,xiw,M3)^2*p2.p2*d^-1*xiw*ufoGC81*ufoGC58^2*
         ufoGC76
          - 1/16*g_(1,6_,nu12)*FT1*g_(1,q2)*g_(2,6_,nu10)*FT2*g_(2,p2)*cFT(
         nu12,XX,i1,iufo13)*cFT(g7,XX,iufo13,j13)*cFT(nu9,XX,i2,iufo3)*cFT(g7,
         XX,iufo3,i3)*flavourTag(fvm,j15,j16)*flavourTag(fmu,j13,j14)*Den(p2,
         xiz,M4)*Den(q2 + q3,xiw,M3)^2*xiw*ufoGC81*ufoGC58^2*ufoGC80
          + 1/16*g_(1,6_,nu12)*FT1*g_(1,q2)*g_(2,6_,nu10)*FT2*g_(2,p2)*cFT(
         nu12,XX,i1,iufo13)*cFT(g7,XX,iufo13,j13)*cFT(nu9,XX,i2,iufo3)*cFT(g7,
         XX,iufo3,i3)*flavourTag(fvm,j15,j16)*flavourTag(fmu,j13,j14)*Den(p2,
         xiz,M4)^2*Den(q2 + q3,xiw,M3)^2*p2.p2*d^-1*xiw*ufoGC81*ufoGC58^2*
         ufoGC80
          - 1/16*g_(1,6_,nu12)*FT1*g_(1,q2)*g_(2,6_,nu10)*FT2*g_(2,p2)*cFT(
         nu12,XX,i1,iufo13)*cFT(g6,XX,iufo13,j13)*cFT(nu9,XX,i2,iufo3)*cFT(g7,
         XX,iufo3,i3)*flavourTag(fvm,j15,j16)*flavourTag(fmu,j13,j14)*Den(p2,
         xiz,M4)*Den(q2 + q3,xiw,M3)^2*xiw*ufoGC81*ufoGC58^2*ufoGC76
          + 1/16*g_(1,6_,nu12)*FT1*g_(1,q2)*g_(2,6_,nu10)*FT2*g_(2,p2)*cFT(
         nu12,XX,i1,iufo13)*cFT(g6,XX,iufo13,j13)*cFT(nu9,XX,i2,iufo3)*cFT(g7,
         XX,iufo3,i3)*flavourTag(fvm,j15,j16)*flavourTag(fmu,j13,j14)*Den(p2,
         xiz,M4)^2*Den(q2 + q3,xiw,M3)^2*p2.p2*d^-1*xiw*ufoGC81*ufoGC58^2*
         ufoGC76
          - 1/16*g_(1,6_,nu12)*FT1*g_(1,q2)*g_(2,6_,nu10)*FT2*g_(2,q1)*cFT(
         nu12,XX,i1,iufo13)*cFT(g7,XX,iufo13,j13)*cFT(nu9,XX,i2,iufo3)*cFT(g7,
         XX,iufo3,i3)*flavourTag(fvm,j15,j16)*flavourTag(fmu,j13,j14)*Den(p2,
         xiz,M4)*Den(q2 + q3,xiw,M3)^2*xiw*ufoGC81*ufoGC58^2*ufoGC80
          + 1/16*g_(1,6_,nu12)*FT1*g_(1,q2)*g_(2,6_,nu10)*FT2*g_(2,q1)*cFT(
         nu12,XX,i1,iufo13)*cFT(g7,XX,iufo13,j13)*cFT(nu9,XX,i2,iufo3)*cFT(g7,
         XX,iufo3,i3)*flavourTag(fvm,j15,j16)*flavourTag(fmu,j13,j14)*Den(p2,
         xiz,M4)^2*Den(q2 + q3,xiw,M3)^2*p2.p2*d^-1*xiw*ufoGC81*ufoGC58^2*
         ufoGC80
          - 1/16*g_(1,6_,nu12)*FT1*g_(1,q2)*g_(2,6_,nu10)*FT2*g_(2,q1)*cFT(
         nu12,XX,i1,iufo13)*cFT(g6,XX,iufo13,j13)*cFT(nu9,XX,i2,iufo3)*cFT(g7,
         XX,iufo3,i3)*flavourTag(fvm,j15,j16)*flavourTag(fmu,j13,j14)*Den(p2,
         xiz,M4)*Den(q2 + q3,xiw,M3)^2*xiw*ufoGC81*ufoGC58^2*ufoGC76
          + 1/16*g_(1,6_,nu12)*FT1*g_(1,q2)*g_(2,6_,nu10)*FT2*g_(2,q1)*cFT(
         nu12,XX,i1,iufo13)*cFT(g6,XX,iufo13,j13)*cFT(nu9,XX,i2,iufo3)*cFT(g7,
         XX,iufo3,i3)*flavourTag(fvm,j15,j16)*flavourTag(fmu,j13,j14)*Den(p2,
         xiz,M4)^2*Den(q2 + q3,xiw,M3)^2*p2.p2*d^-1*xiw*ufoGC81*ufoGC58^2*
         ufoGC76
          - 1/16*g_(1,6_,nu12)*FT1*g_(1,q3)*g_(2,6_,nu10)*FT2*g_(2,p2)*cFT(
         nu12,XX,i1,iufo13)*cFT(g7,XX,iufo13,j13)*cFT(nu9,XX,i2,iufo3)*cFT(g7,
         XX,iufo3,i3)*flavourTag(fvm,j15,j16)*flavourTag(fmu,j13,j14)*Den(p2,
         xiz,M4)*Den(q2 + q3,xiw,M3)^2*xiw*ufoGC81*ufoGC58^2*ufoGC80
          + 1/16*g_(1,6_,nu12)*FT1*g_(1,q3)*g_(2,6_,nu10)*FT2*g_(2,p2)*cFT(
         nu12,XX,i1,iufo13)*cFT(g7,XX,iufo13,j13)*cFT(nu9,XX,i2,iufo3)*cFT(g7,
         XX,iufo3,i3)*flavourTag(fvm,j15,j16)*flavourTag(fmu,j13,j14)*Den(p2,
         xiz,M4)^2*Den(q2 + q3,xiw,M3)^2*p2.p2*d^-1*xiw*ufoGC81*ufoGC58^2*
         ufoGC80
          - 1/16*g_(1,6_,nu12)*FT1*g_(1,q3)*g_(2,6_,nu10)*FT2*g_(2,p2)*cFT(
         nu12,XX,i1,iufo13)*cFT(g6,XX,iufo13,j13)*cFT(nu9,XX,i2,iufo3)*cFT(g7,
         XX,iufo3,i3)*flavourTag(fvm,j15,j16)*flavourTag(fmu,j13,j14)*Den(p2,
         xiz,M4)*Den(q2 + q3,xiw,M3)^2*xiw*ufoGC81*ufoGC58^2*ufoGC76
          + 1/16*g_(1,6_,nu12)*FT1*g_(1,q3)*g_(2,6_,nu10)*FT2*g_(2,p2)*cFT(
         nu12,XX,i1,iufo13)*cFT(g6,XX,iufo13,j13)*cFT(nu9,XX,i2,iufo3)*cFT(g7,
         XX,iufo3,i3)*flavourTag(fvm,j15,j16)*flavourTag(fmu,j13,j14)*Den(p2,
         xiz,M4)^2*Den(q2 + q3,xiw,M3)^2*p2.p2*d^-1*xiw*ufoGC81*ufoGC58^2*
         ufoGC76
          - 1/16*g_(1,6_,nu12)*FT1*g_(1,q3)*g_(2,6_,nu10)*FT2*g_(2,q1)*cFT(
         nu12,XX,i1,iufo13)*cFT(g7,XX,iufo13,j13)*cFT(nu9,XX,i2,iufo3)*cFT(g7,
         XX,iufo3,i3)*flavourTag(fvm,j15,j16)*flavourTag(fmu,j13,j14)*Den(p2,
         xiz,M4)*Den(q2 + q3,xiw,M3)^2*xiw*ufoGC81*ufoGC58^2*ufoGC80
          + 1/16*g_(1,6_,nu12)*FT1*g_(1,q3)*g_(2,6_,nu10)*FT2*g_(2,q1)*cFT(
         nu12,XX,i1,iufo13)*cFT(g7,XX,iufo13,j13)*cFT(nu9,XX,i2,iufo3)*cFT(g7,
         XX,iufo3,i3)*flavourTag(fvm,j15,j16)*flavourTag(fmu,j13,j14)*Den(p2,
         xiz,M4)^2*Den(q2 + q3,xiw,M3)^2*p2.p2*d^-1*xiw*ufoGC81*ufoGC58^2*
         ufoGC80
          - 1/16*g_(1,6_,nu12)*FT1*g_(1,q3)*g_(2,6_,nu10)*FT2*g_(2,q1)*cFT(
         nu12,XX,i1,iufo13)*cFT(g6,XX,iufo13,j13)*cFT(nu9,XX,i2,iufo3)*cFT(g7,
         XX,iufo3,i3)*flavourTag(fvm,j15,j16)*flavourTag(fmu,j13,j14)*Den(p2,
         xiz,M4)*Den(q2 + q3,xiw,M3)^2*xiw*ufoGC81*ufoGC58^2*ufoGC76
          + 1/16*g_(1,6_,nu12)*FT1*g_(1,q3)*g_(2,6_,nu10)*FT2*g_(2,q1)*cFT(
         nu12,XX,i1,iufo13)*cFT(g6,XX,iufo13,j13)*cFT(nu9,XX,i2,iufo3)*cFT(g7,
         XX,iufo3,i3)*flavourTag(fvm,j15,j16)*flavourTag(fmu,j13,j14)*Den(p2,
         xiz,M4)^2*Den(q2 + q3,xiw,M3)^2*p2.p2*d^-1*xiw*ufoGC81*ufoGC58^2*
         ufoGC76
          )

       + Vec(nu10,q2)*Vec(nu9,q3) * (
          - 1/16*g_(1,6_,nu12)*FT1*g_(1,p2)*g_(2,6_,nu10)*FT2*g_(2,p2)*cFT(
         nu12,XX,i1,iufo13)*cFT(g7,XX,iufo13,j13)*cFT(nu9,XX,i2,iufo3)*cFT(g7,
         XX,iufo3,i3)*flavourTag(fvm,j15,j16)*flavourTag(fmu,j13,j14)*Den(p2,
         xiz,M4)*Den(q2 + q3,xiw,M3)^2*xiw*ufoGC81*ufoGC58^2*ufoGC80
          + 1/16*g_(1,6_,nu12)*FT1*g_(1,p2)*g_(2,6_,nu10)*FT2*g_(2,p2)*cFT(
         nu12,XX,i1,iufo13)*cFT(g7,XX,iufo13,j13)*cFT(nu9,XX,i2,iufo3)*cFT(g7,
         XX,iufo3,i3)*flavourTag(fvm,j15,j16)*flavourTag(fmu,j13,j14)*Den(p2,
         xiz,M4)^2*Den(q2 + q3,xiw,M3)^2*p2.p2*d^-1*xiw*ufoGC81*ufoGC58^2*
         ufoGC80
          - 1/16*g_(1,6_,nu12)*FT1*g_(1,p2)*g_(2,6_,nu10)*FT2*g_(2,p2)*cFT(
         nu12,XX,i1,iufo13)*cFT(g6,XX,iufo13,j13)*cFT(nu9,XX,i2,iufo3)*cFT(g7,
         XX,iufo3,i3)*flavourTag(fvm,j15,j16)*flavourTag(fmu,j13,j14)*Den(p2,
         xiz,M4)*Den(q2 + q3,xiw,M3)^2*xiw*ufoGC81*ufoGC58^2*ufoGC76
          + 1/16*g_(1,6_,nu12)*FT1*g_(1,p2)*g_(2,6_,nu10)*FT2*g_(2,p2)*cFT(
         nu12,XX,i1,iufo13)*cFT(g6,XX,iufo13,j13)*cFT(nu9,XX,i2,iufo3)*cFT(g7,
         XX,iufo3,i3)*flavourTag(fvm,j15,j16)*flavourTag(fmu,j13,j14)*Den(p2,
         xiz,M4)^2*Den(q2 + q3,xiw,M3)^2*p2.p2*d^-1*xiw*ufoGC81*ufoGC58^2*
         ufoGC76
          - 1/16*g_(1,6_,nu12)*FT1*g_(1,p2)*g_(2,6_,nu10)*FT2*g_(2,q1)*cFT(
         nu12,XX,i1,iufo13)*cFT(g7,XX,iufo13,j13)*cFT(nu9,XX,i2,iufo3)*cFT(g7,
         XX,iufo3,i3)*flavourTag(fvm,j15,j16)*flavourTag(fmu,j13,j14)*Den(p2,
         xiz,M4)*Den(q2 + q3,xiw,M3)^2*xiw*ufoGC81*ufoGC58^2*ufoGC80
          + 1/16*g_(1,6_,nu12)*FT1*g_(1,p2)*g_(2,6_,nu10)*FT2*g_(2,q1)*cFT(
         nu12,XX,i1,iufo13)*cFT(g7,XX,iufo13,j13)*cFT(nu9,XX,i2,iufo3)*cFT(g7,
         XX,iufo3,i3)*flavourTag(fvm,j15,j16)*flavourTag(fmu,j13,j14)*Den(p2,
         xiz,M4)^2*Den(q2 + q3,xiw,M3)^2*p2.p2*d^-1*xiw*ufoGC81*ufoGC58^2*
         ufoGC80
          - 1/16*g_(1,6_,nu12)*FT1*g_(1,p2)*g_(2,6_,nu10)*FT2*g_(2,q1)*cFT(
         nu12,XX,i1,iufo13)*cFT(g6,XX,iufo13,j13)*cFT(nu9,XX,i2,iufo3)*cFT(g7,
         XX,iufo3,i3)*flavourTag(fvm,j15,j16)*flavourTag(fmu,j13,j14)*Den(p2,
         xiz,M4)*Den(q2 + q3,xiw,M3)^2*xiw*ufoGC81*ufoGC58^2*ufoGC76
          + 1/16*g_(1,6_,nu12)*FT1*g_(1,p2)*g_(2,6_,nu10)*FT2*g_(2,q1)*cFT(
         nu12,XX,i1,iufo13)*cFT(g6,XX,iufo13,j13)*cFT(nu9,XX,i2,iufo3)*cFT(g7,
         XX,iufo3,i3)*flavourTag(fvm,j15,j16)*flavourTag(fmu,j13,j14)*Den(p2,
         xiz,M4)^2*Den(q2 + q3,xiw,M3)^2*p2.p2*d^-1*xiw*ufoGC81*ufoGC58^2*
         ufoGC76
          - 1/16*g_(1,6_,nu12)*FT1*g_(1,q1)*g_(2,6_,nu10)*FT2*g_(2,p2)*cFT(
         nu12,XX,i1,iufo13)*cFT(g7,XX,iufo13,j13)*cFT(nu9,XX,i2,iufo3)*cFT(g7,
         XX,iufo3,i3)*flavourTag(fvm,j15,j16)*flavourTag(fmu,j13,j14)*Den(p2,
         xiz,M4)*Den(q2 + q3,xiw,M3)^2*xiw*ufoGC81*ufoGC58^2*ufoGC80
          + 1/16*g_(1,6_,nu12)*FT1*g_(1,q1)*g_(2,6_,nu10)*FT2*g_(2,p2)*cFT(
         nu12,XX,i1,iufo13)*cFT(g7,XX,iufo13,j13)*cFT(nu9,XX,i2,iufo3)*cFT(g7,
         XX,iufo3,i3)*flavourTag(fvm,j15,j16)*flavourTag(fmu,j13,j14)*Den(p2,
         xiz,M4)^2*Den(q2 + q3,xiw,M3)^2*p2.p2*d^-1*xiw*ufoGC81*ufoGC58^2*
         ufoGC80
          - 1/16*g_(1,6_,nu12)*FT1*g_(1,q1)*g_(2,6_,nu10)*FT2*g_(2,p2)*cFT(
         nu12,XX,i1,iufo13)*cFT(g6,XX,iufo13,j13)*cFT(nu9,XX,i2,iufo3)*cFT(g7,
         XX,iufo3,i3)*flavourTag(fvm,j15,j16)*flavourTag(fmu,j13,j14)*Den(p2,
         xiz,M4)*Den(q2 + q3,xiw,M3)^2*xiw*ufoGC81*ufoGC58^2*ufoGC76
          + 1/16*g_(1,6_,nu12)*FT1*g_(1,q1)*g_(2,6_,nu10)*FT2*g_(2,p2)*cFT(
         nu12,XX,i1,iufo13)*cFT(g6,XX,iufo13,j13)*cFT(nu9,XX,i2,iufo3)*cFT(g7,
         XX,iufo3,i3)*flavourTag(fvm,j15,j16)*flavourTag(fmu,j13,j14)*Den(p2,
         xiz,M4)^2*Den(q2 + q3,xiw,M3)^2*p2.p2*d^-1*xiw*ufoGC81*ufoGC58^2*
         ufoGC76
          - 1/16*g_(1,6_,nu12)*FT1*g_(1,q1)*g_(2,6_,nu10)*FT2*g_(2,q1)*cFT(
         nu12,XX,i1,iufo13)*cFT(g7,XX,iufo13,j13)*cFT(nu9,XX,i2,iufo3)*cFT(g7,
         XX,iufo3,i3)*flavourTag(fvm,j15,j16)*flavourTag(fmu,j13,j14)*Den(p2,
         xiz,M4)*Den(q2 + q3,xiw,M3)^2*xiw*ufoGC81*ufoGC58^2*ufoGC80
          + 1/16*g_(1,6_,nu12)*FT1*g_(1,q1)*g_(2,6_,nu10)*FT2*g_(2,q1)*cFT(
         nu12,XX,i1,iufo13)*cFT(g7,XX,iufo13,j13)*cFT(nu9,XX,i2,iufo3)*cFT(g7,
         XX,iufo3,i3)*flavourTag(fvm,j15,j16)*flavourTag(fmu,j13,j14)*Den(p2,
         xiz,M4)^2*Den(q2 + q3,xiw,M3)^2*p2.p2*d^-1*xiw*ufoGC81*ufoGC58^2*
         ufoGC80
          - 1/16*g_(1,6_,nu12)*FT1*g_(1,q1)*g_(2,6_,nu10)*FT2*g_(2,q1)*cFT(
         nu12,XX,i1,iufo13)*cFT(g6,XX,iufo13,j13)*cFT(nu9,XX,i2,iufo3)*cFT(g7,
         XX,iufo3,i3)*flavourTag(fvm,j15,j16)*flavourTag(fmu,j13,j14)*Den(p2,
         xiz,M4)*Den(q2 + q3,xiw,M3)^2*xiw*ufoGC81*ufoGC58^2*ufoGC76
          + 1/16*g_(1,6_,nu12)*FT1*g_(1,q1)*g_(2,6_,nu10)*FT2*g_(2,q1)*cFT(
         nu12,XX,i1,iufo13)*cFT(g6,XX,iufo13,j13)*cFT(nu9,XX,i2,iufo3)*cFT(g7,
         XX,iufo3,i3)*flavourTag(fvm,j15,j16)*flavourTag(fmu,j13,j14)*Den(p2,
         xiz,M4)^2*Den(q2 + q3,xiw,M3)^2*p2.p2*d^-1*xiw*ufoGC81*ufoGC58^2*
         ufoGC76
          - 1/16*g_(1,6_,nu12)*FT1*g_(1,q2)*g_(2,6_,nu10)*FT2*g_(2,p2)*cFT(
         nu12,XX,i1,iufo13)*cFT(g7,XX,iufo13,j13)*cFT(nu9,XX,i2,iufo3)*cFT(g7,
         XX,iufo3,i3)*flavourTag(fvm,j15,j16)*flavourTag(fmu,j13,j14)*Den(p2,
         xiz,M4)*Den(q2 + q3,xiw,M3)^2*xiw*ufoGC81*ufoGC58^2*ufoGC80
          + 1/16*g_(1,6_,nu12)*FT1*g_(1,q2)*g_(2,6_,nu10)*FT2*g_(2,p2)*cFT(
         nu12,XX,i1,iufo13)*cFT(g7,XX,iufo13,j13)*cFT(nu9,XX,i2,iufo3)*cFT(g7,
         XX,iufo3,i3)*flavourTag(fvm,j15,j16)*flavourTag(fmu,j13,j14)*Den(p2,
         xiz,M4)^2*Den(q2 + q3,xiw,M3)^2*p2.p2*d^-1*xiw*ufoGC81*ufoGC58^2*
         ufoGC80
          - 1/16*g_(1,6_,nu12)*FT1*g_(1,q2)*g_(2,6_,nu10)*FT2*g_(2,p2)*cFT(
         nu12,XX,i1,iufo13)*cFT(g6,XX,iufo13,j13)*cFT(nu9,XX,i2,iufo3)*cFT(g7,
         XX,iufo3,i3)*flavourTag(fvm,j15,j16)*flavourTag(fmu,j13,j14)*Den(p2,
         xiz,M4)*Den(q2 + q3,xiw,M3)^2*xiw*ufoGC81*ufoGC58^2*ufoGC76
          + 1/16*g_(1,6_,nu12)*FT1*g_(1,q2)*g_(2,6_,nu10)*FT2*g_(2,p2)*cFT(
         nu12,XX,i1,iufo13)*cFT(g6,XX,iufo13,j13)*cFT(nu9,XX,i2,iufo3)*cFT(g7,
         XX,iufo3,i3)*flavourTag(fvm,j15,j16)*flavourTag(fmu,j13,j14)*Den(p2,
         xiz,M4)^2*Den(q2 + q3,xiw,M3)^2*p2.p2*d^-1*xiw*ufoGC81*ufoGC58^2*
         ufoGC76
          - 1/16*g_(1,6_,nu12)*FT1*g_(1,q2)*g_(2,6_,nu10)*FT2*g_(2,q1)*cFT(
         nu12,XX,i1,iufo13)*cFT(g7,XX,iufo13,j13)*cFT(nu9,XX,i2,iufo3)*cFT(g7,
         XX,iufo3,i3)*flavourTag(fvm,j15,j16)*flavourTag(fmu,j13,j14)*Den(p2,
         xiz,M4)*Den(q2 + q3,xiw,M3)^2*xiw*ufoGC81*ufoGC58^2*ufoGC80
          + 1/16*g_(1,6_,nu12)*FT1*g_(1,q2)*g_(2,6_,nu10)*FT2*g_(2,q1)*cFT(
         nu12,XX,i1,iufo13)*cFT(g7,XX,iufo13,j13)*cFT(nu9,XX,i2,iufo3)*cFT(g7,
         XX,iufo3,i3)*flavourTag(fvm,j15,j16)*flavourTag(fmu,j13,j14)*Den(p2,
         xiz,M4)^2*Den(q2 + q3,xiw,M3)^2*p2.p2*d^-1*xiw*ufoGC81*ufoGC58^2*
         ufoGC80
          - 1/16*g_(1,6_,nu12)*FT1*g_(1,q2)*g_(2,6_,nu10)*FT2*g_(2,q1)*cFT(
         nu12,XX,i1,iufo13)*cFT(g6,XX,iufo13,j13)*cFT(nu9,XX,i2,iufo3)*cFT(g7,
         XX,iufo3,i3)*flavourTag(fvm,j15,j16)*flavourTag(fmu,j13,j14)*Den(p2,
         xiz,M4)*Den(q2 + q3,xiw,M3)^2*xiw*ufoGC81*ufoGC58^2*ufoGC76
          + 1/16*g_(1,6_,nu12)*FT1*g_(1,q2)*g_(2,6_,nu10)*FT2*g_(2,q1)*cFT(
         nu12,XX,i1,iufo13)*cFT(g6,XX,iufo13,j13)*cFT(nu9,XX,i2,iufo3)*cFT(g7,
         XX,iufo3,i3)*flavourTag(fvm,j15,j16)*flavourTag(fmu,j13,j14)*Den(p2,
         xiz,M4)^2*Den(q2 + q3,xiw,M3)^2*p2.p2*d^-1*xiw*ufoGC81*ufoGC58^2*
         ufoGC76
          - 1/16*g_(1,6_,nu12)*FT1*g_(1,q3)*g_(2,6_,nu10)*FT2*g_(2,p2)*cFT(
         nu12,XX,i1,iufo13)*cFT(g7,XX,iufo13,j13)*cFT(nu9,XX,i2,iufo3)*cFT(g7,
         XX,iufo3,i3)*flavourTag(fvm,j15,j16)*flavourTag(fmu,j13,j14)*Den(p2,
         xiz,M4)*Den(q2 + q3,xiw,M3)^2*xiw*ufoGC81*ufoGC58^2*ufoGC80
          + 1/16*g_(1,6_,nu12)*FT1*g_(1,q3)*g_(2,6_,nu10)*FT2*g_(2,p2)*cFT(
         nu12,XX,i1,iufo13)*cFT(g7,XX,iufo13,j13)*cFT(nu9,XX,i2,iufo3)*cFT(g7,
         XX,iufo3,i3)*flavourTag(fvm,j15,j16)*flavourTag(fmu,j13,j14)*Den(p2,
         xiz,M4)^2*Den(q2 + q3,xiw,M3)^2*p2.p2*d^-1*xiw*ufoGC81*ufoGC58^2*
         ufoGC80
          - 1/16*g_(1,6_,nu12)*FT1*g_(1,q3)*g_(2,6_,nu10)*FT2*g_(2,p2)*cFT(
         nu12,XX,i1,iufo13)*cFT(g6,XX,iufo13,j13)*cFT(nu9,XX,i2,iufo3)*cFT(g7,
         XX,iufo3,i3)*flavourTag(fvm,j15,j16)*flavourTag(fmu,j13,j14)*Den(p2,
         xiz,M4)*Den(q2 + q3,xiw,M3)^2*xiw*ufoGC81*ufoGC58^2*ufoGC76
          + 1/16*g_(1,6_,nu12)*FT1*g_(1,q3)*g_(2,6_,nu10)*FT2*g_(2,p2)*cFT(
         nu12,XX,i1,iufo13)*cFT(g6,XX,iufo13,j13)*cFT(nu9,XX,i2,iufo3)*cFT(g7,
         XX,iufo3,i3)*flavourTag(fvm,j15,j16)*flavourTag(fmu,j13,j14)*Den(p2,
         xiz,M4)^2*Den(q2 + q3,xiw,M3)^2*p2.p2*d^-1*xiw*ufoGC81*ufoGC58^2*
         ufoGC76
          - 1/16*g_(1,6_,nu12)*FT1*g_(1,q3)*g_(2,6_,nu10)*FT2*g_(2,q1)*cFT(
         nu12,XX,i1,iufo13)*cFT(g7,XX,iufo13,j13)*cFT(nu9,XX,i2,iufo3)*cFT(g7,
         XX,iufo3,i3)*flavourTag(fvm,j15,j16)*flavourTag(fmu,j13,j14)*Den(p2,
         xiz,M4)*Den(q2 + q3,xiw,M3)^2*xiw*ufoGC81*ufoGC58^2*ufoGC80
          + 1/16*g_(1,6_,nu12)*FT1*g_(1,q3)*g_(2,6_,nu10)*FT2*g_(2,q1)*cFT(
         nu12,XX,i1,iufo13)*cFT(g7,XX,iufo13,j13)*cFT(nu9,XX,i2,iufo3)*cFT(g7,
         XX,iufo3,i3)*flavourTag(fvm,j15,j16)*flavourTag(fmu,j13,j14)*Den(p2,
         xiz,M4)^2*Den(q2 + q3,xiw,M3)^2*p2.p2*d^-1*xiw*ufoGC81*ufoGC58^2*
         ufoGC80
          - 1/16*g_(1,6_,nu12)*FT1*g_(1,q3)*g_(2,6_,nu10)*FT2*g_(2,q1)*cFT(
         nu12,XX,i1,iufo13)*cFT(g6,XX,iufo13,j13)*cFT(nu9,XX,i2,iufo3)*cFT(g7,
         XX,iufo3,i3)*flavourTag(fvm,j15,j16)*flavourTag(fmu,j13,j14)*Den(p2,
         xiz,M4)*Den(q2 + q3,xiw,M3)^2*xiw*ufoGC81*ufoGC58^2*ufoGC76
          + 1/16*g_(1,6_,nu12)*FT1*g_(1,q3)*g_(2,6_,nu10)*FT2*g_(2,q1)*cFT(
         nu12,XX,i1,iufo13)*cFT(g6,XX,iufo13,j13)*cFT(nu9,XX,i2,iufo3)*cFT(g7,
         XX,iufo3,i3)*flavourTag(fvm,j15,j16)*flavourTag(fmu,j13,j14)*Den(p2,
         xiz,M4)^2*Den(q2 + q3,xiw,M3)^2*p2.p2*d^-1*xiw*ufoGC81*ufoGC58^2*
         ufoGC76
          )

       + Vec(nu10,q3)*Vec(nu9,q2) * (
          - 1/16*g_(1,6_,nu12)*FT1*g_(1,p2)*g_(2,6_,nu10)*FT2*g_(2,p2)*cFT(
         nu12,XX,i1,iufo13)*cFT(g7,XX,iufo13,j13)*cFT(nu9,XX,i2,iufo3)*cFT(g7,
         XX,iufo3,i3)*flavourTag(fvm,j15,j16)*flavourTag(fmu,j13,j14)*Den(p2,
         xiz,M4)*Den(q2 + q3,xiw,M3)^2*xiw*ufoGC81*ufoGC58^2*ufoGC80
          + 1/16*g_(1,6_,nu12)*FT1*g_(1,p2)*g_(2,6_,nu10)*FT2*g_(2,p2)*cFT(
         nu12,XX,i1,iufo13)*cFT(g7,XX,iufo13,j13)*cFT(nu9,XX,i2,iufo3)*cFT(g7,
         XX,iufo3,i3)*flavourTag(fvm,j15,j16)*flavourTag(fmu,j13,j14)*Den(p2,
         xiz,M4)^2*Den(q2 + q3,xiw,M3)^2*p2.p2*d^-1*xiw*ufoGC81*ufoGC58^2*
         ufoGC80
          - 1/16*g_(1,6_,nu12)*FT1*g_(1,p2)*g_(2,6_,nu10)*FT2*g_(2,p2)*cFT(
         nu12,XX,i1,iufo13)*cFT(g6,XX,iufo13,j13)*cFT(nu9,XX,i2,iufo3)*cFT(g7,
         XX,iufo3,i3)*flavourTag(fvm,j15,j16)*flavourTag(fmu,j13,j14)*Den(p2,
         xiz,M4)*Den(q2 + q3,xiw,M3)^2*xiw*ufoGC81*ufoGC58^2*ufoGC76
          + 1/16*g_(1,6_,nu12)*FT1*g_(1,p2)*g_(2,6_,nu10)*FT2*g_(2,p2)*cFT(
         nu12,XX,i1,iufo13)*cFT(g6,XX,iufo13,j13)*cFT(nu9,XX,i2,iufo3)*cFT(g7,
         XX,iufo3,i3)*flavourTag(fvm,j15,j16)*flavourTag(fmu,j13,j14)*Den(p2,
         xiz,M4)^2*Den(q2 + q3,xiw,M3)^2*p2.p2*d^-1*xiw*ufoGC81*ufoGC58^2*
         ufoGC76
          - 1/16*g_(1,6_,nu12)*FT1*g_(1,p2)*g_(2,6_,nu10)*FT2*g_(2,q1)*cFT(
         nu12,XX,i1,iufo13)*cFT(g7,XX,iufo13,j13)*cFT(nu9,XX,i2,iufo3)*cFT(g7,
         XX,iufo3,i3)*flavourTag(fvm,j15,j16)*flavourTag(fmu,j13,j14)*Den(p2,
         xiz,M4)*Den(q2 + q3,xiw,M3)^2*xiw*ufoGC81*ufoGC58^2*ufoGC80
          + 1/16*g_(1,6_,nu12)*FT1*g_(1,p2)*g_(2,6_,nu10)*FT2*g_(2,q1)*cFT(
         nu12,XX,i1,iufo13)*cFT(g7,XX,iufo13,j13)*cFT(nu9,XX,i2,iufo3)*cFT(g7,
         XX,iufo3,i3)*flavourTag(fvm,j15,j16)*flavourTag(fmu,j13,j14)*Den(p2,
         xiz,M4)^2*Den(q2 + q3,xiw,M3)^2*p2.p2*d^-1*xiw*ufoGC81*ufoGC58^2*
         ufoGC80
          - 1/16*g_(1,6_,nu12)*FT1*g_(1,p2)*g_(2,6_,nu10)*FT2*g_(2,q1)*cFT(
         nu12,XX,i1,iufo13)*cFT(g6,XX,iufo13,j13)*cFT(nu9,XX,i2,iufo3)*cFT(g7,
         XX,iufo3,i3)*flavourTag(fvm,j15,j16)*flavourTag(fmu,j13,j14)*Den(p2,
         xiz,M4)*Den(q2 + q3,xiw,M3)^2*xiw*ufoGC81*ufoGC58^2*ufoGC76
          + 1/16*g_(1,6_,nu12)*FT1*g_(1,p2)*g_(2,6_,nu10)*FT2*g_(2,q1)*cFT(
         nu12,XX,i1,iufo13)*cFT(g6,XX,iufo13,j13)*cFT(nu9,XX,i2,iufo3)*cFT(g7,
         XX,iufo3,i3)*flavourTag(fvm,j15,j16)*flavourTag(fmu,j13,j14)*Den(p2,
         xiz,M4)^2*Den(q2 + q3,xiw,M3)^2*p2.p2*d^-1*xiw*ufoGC81*ufoGC58^2*
         ufoGC76
          - 1/16*g_(1,6_,nu12)*FT1*g_(1,q1)*g_(2,6_,nu10)*FT2*g_(2,p2)*cFT(
         nu12,XX,i1,iufo13)*cFT(g7,XX,iufo13,j13)*cFT(nu9,XX,i2,iufo3)*cFT(g7,
         XX,iufo3,i3)*flavourTag(fvm,j15,j16)*flavourTag(fmu,j13,j14)*Den(p2,
         xiz,M4)*Den(q2 + q3,xiw,M3)^2*xiw*ufoGC81*ufoGC58^2*ufoGC80
          + 1/16*g_(1,6_,nu12)*FT1*g_(1,q1)*g_(2,6_,nu10)*FT2*g_(2,p2)*cFT(
         nu12,XX,i1,iufo13)*cFT(g7,XX,iufo13,j13)*cFT(nu9,XX,i2,iufo3)*cFT(g7,
         XX,iufo3,i3)*flavourTag(fvm,j15,j16)*flavourTag(fmu,j13,j14)*Den(p2,
         xiz,M4)^2*Den(q2 + q3,xiw,M3)^2*p2.p2*d^-1*xiw*ufoGC81*ufoGC58^2*
         ufoGC80
          - 1/16*g_(1,6_,nu12)*FT1*g_(1,q1)*g_(2,6_,nu10)*FT2*g_(2,p2)*cFT(
         nu12,XX,i1,iufo13)*cFT(g6,XX,iufo13,j13)*cFT(nu9,XX,i2,iufo3)*cFT(g7,
         XX,iufo3,i3)*flavourTag(fvm,j15,j16)*flavourTag(fmu,j13,j14)*Den(p2,
         xiz,M4)*Den(q2 + q3,xiw,M3)^2*xiw*ufoGC81*ufoGC58^2*ufoGC76
          + 1/16*g_(1,6_,nu12)*FT1*g_(1,q1)*g_(2,6_,nu10)*FT2*g_(2,p2)*cFT(
         nu12,XX,i1,iufo13)*cFT(g6,XX,iufo13,j13)*cFT(nu9,XX,i2,iufo3)*cFT(g7,
         XX,iufo3,i3)*flavourTag(fvm,j15,j16)*flavourTag(fmu,j13,j14)*Den(p2,
         xiz,M4)^2*Den(q2 + q3,xiw,M3)^2*p2.p2*d^-1*xiw*ufoGC81*ufoGC58^2*
         ufoGC76
          - 1/16*g_(1,6_,nu12)*FT1*g_(1,q1)*g_(2,6_,nu10)*FT2*g_(2,q1)*cFT(
         nu12,XX,i1,iufo13)*cFT(g7,XX,iufo13,j13)*cFT(nu9,XX,i2,iufo3)*cFT(g7,
         XX,iufo3,i3)*flavourTag(fvm,j15,j16)*flavourTag(fmu,j13,j14)*Den(p2,
         xiz,M4)*Den(q2 + q3,xiw,M3)^2*xiw*ufoGC81*ufoGC58^2*ufoGC80
          + 1/16*g_(1,6_,nu12)*FT1*g_(1,q1)*g_(2,6_,nu10)*FT2*g_(2,q1)*cFT(
         nu12,XX,i1,iufo13)*cFT(g7,XX,iufo13,j13)*cFT(nu9,XX,i2,iufo3)*cFT(g7,
         XX,iufo3,i3)*flavourTag(fvm,j15,j16)*flavourTag(fmu,j13,j14)*Den(p2,
         xiz,M4)^2*Den(q2 + q3,xiw,M3)^2*p2.p2*d^-1*xiw*ufoGC81*ufoGC58^2*
         ufoGC80
          - 1/16*g_(1,6_,nu12)*FT1*g_(1,q1)*g_(2,6_,nu10)*FT2*g_(2,q1)*cFT(
         nu12,XX,i1,iufo13)*cFT(g6,XX,iufo13,j13)*cFT(nu9,XX,i2,iufo3)*cFT(g7,
         XX,iufo3,i3)*flavourTag(fvm,j15,j16)*flavourTag(fmu,j13,j14)*Den(p2,
         xiz,M4)*Den(q2 + q3,xiw,M3)^2*xiw*ufoGC81*ufoGC58^2*ufoGC76
          + 1/16*g_(1,6_,nu12)*FT1*g_(1,q1)*g_(2,6_,nu10)*FT2*g_(2,q1)*cFT(
         nu12,XX,i1,iufo13)*cFT(g6,XX,iufo13,j13)*cFT(nu9,XX,i2,iufo3)*cFT(g7,
         XX,iufo3,i3)*flavourTag(fvm,j15,j16)*flavourTag(fmu,j13,j14)*Den(p2,
         xiz,M4)^2*Den(q2 + q3,xiw,M3)^2*p2.p2*d^-1*xiw*ufoGC81*ufoGC58^2*
         ufoGC76
          - 1/16*g_(1,6_,nu12)*FT1*g_(1,q2)*g_(2,6_,nu10)*FT2*g_(2,p2)*cFT(
         nu12,XX,i1,iufo13)*cFT(g7,XX,iufo13,j13)*cFT(nu9,XX,i2,iufo3)*cFT(g7,
         XX,iufo3,i3)*flavourTag(fvm,j15,j16)*flavourTag(fmu,j13,j14)*Den(p2,
         xiz,M4)*Den(q2 + q3,xiw,M3)^2*xiw*ufoGC81*ufoGC58^2*ufoGC80
          + 1/16*g_(1,6_,nu12)*FT1*g_(1,q2)*g_(2,6_,nu10)*FT2*g_(2,p2)*cFT(
         nu12,XX,i1,iufo13)*cFT(g7,XX,iufo13,j13)*cFT(nu9,XX,i2,iufo3)*cFT(g7,
         XX,iufo3,i3)*flavourTag(fvm,j15,j16)*flavourTag(fmu,j13,j14)*Den(p2,
         xiz,M4)^2*Den(q2 + q3,xiw,M3)^2*p2.p2*d^-1*xiw*ufoGC81*ufoGC58^2*
         ufoGC80
          - 1/16*g_(1,6_,nu12)*FT1*g_(1,q2)*g_(2,6_,nu10)*FT2*g_(2,p2)*cFT(
         nu12,XX,i1,iufo13)*cFT(g6,XX,iufo13,j13)*cFT(nu9,XX,i2,iufo3)*cFT(g7,
         XX,iufo3,i3)*flavourTag(fvm,j15,j16)*flavourTag(fmu,j13,j14)*Den(p2,
         xiz,M4)*Den(q2 + q3,xiw,M3)^2*xiw*ufoGC81*ufoGC58^2*ufoGC76
          + 1/16*g_(1,6_,nu12)*FT1*g_(1,q2)*g_(2,6_,nu10)*FT2*g_(2,p2)*cFT(
         nu12,XX,i1,iufo13)*cFT(g6,XX,iufo13,j13)*cFT(nu9,XX,i2,iufo3)*cFT(g7,
         XX,iufo3,i3)*flavourTag(fvm,j15,j16)*flavourTag(fmu,j13,j14)*Den(p2,
         xiz,M4)^2*Den(q2 + q3,xiw,M3)^2*p2.p2*d^-1*xiw*ufoGC81*ufoGC58^2*
         ufoGC76
          - 1/16*g_(1,6_,nu12)*FT1*g_(1,q2)*g_(2,6_,nu10)*FT2*g_(2,q1)*cFT(
         nu12,XX,i1,iufo13)*cFT(g7,XX,iufo13,j13)*cFT(nu9,XX,i2,iufo3)*cFT(g7,
         XX,iufo3,i3)*flavourTag(fvm,j15,j16)*flavourTag(fmu,j13,j14)*Den(p2,
         xiz,M4)*Den(q2 + q3,xiw,M3)^2*xiw*ufoGC81*ufoGC58^2*ufoGC80
          + 1/16*g_(1,6_,nu12)*FT1*g_(1,q2)*g_(2,6_,nu10)*FT2*g_(2,q1)*cFT(
         nu12,XX,i1,iufo13)*cFT(g7,XX,iufo13,j13)*cFT(nu9,XX,i2,iufo3)*cFT(g7,
         XX,iufo3,i3)*flavourTag(fvm,j15,j16)*flavourTag(fmu,j13,j14)*Den(p2,
         xiz,M4)^2*Den(q2 + q3,xiw,M3)^2*p2.p2*d^-1*xiw*ufoGC81*ufoGC58^2*
         ufoGC80
          - 1/16*g_(1,6_,nu12)*FT1*g_(1,q2)*g_(2,6_,nu10)*FT2*g_(2,q1)*cFT(
         nu12,XX,i1,iufo13)*cFT(g6,XX,iufo13,j13)*cFT(nu9,XX,i2,iufo3)*cFT(g7,
         XX,iufo3,i3)*flavourTag(fvm,j15,j16)*flavourTag(fmu,j13,j14)*Den(p2,
         xiz,M4)*Den(q2 + q3,xiw,M3)^2*xiw*ufoGC81*ufoGC58^2*ufoGC76
          + 1/16*g_(1,6_,nu12)*FT1*g_(1,q2)*g_(2,6_,nu10)*FT2*g_(2,q1)*cFT(
         nu12,XX,i1,iufo13)*cFT(g6,XX,iufo13,j13)*cFT(nu9,XX,i2,iufo3)*cFT(g7,
         XX,iufo3,i3)*flavourTag(fvm,j15,j16)*flavourTag(fmu,j13,j14)*Den(p2,
         xiz,M4)^2*Den(q2 + q3,xiw,M3)^2*p2.p2*d^-1*xiw*ufoGC81*ufoGC58^2*
         ufoGC76
          - 1/16*g_(1,6_,nu12)*FT1*g_(1,q3)*g_(2,6_,nu10)*FT2*g_(2,p2)*cFT(
         nu12,XX,i1,iufo13)*cFT(g7,XX,iufo13,j13)*cFT(nu9,XX,i2,iufo3)*cFT(g7,
         XX,iufo3,i3)*flavourTag(fvm,j15,j16)*flavourTag(fmu,j13,j14)*Den(p2,
         xiz,M4)*Den(q2 + q3,xiw,M3)^2*xiw*ufoGC81*ufoGC58^2*ufoGC80
          + 1/16*g_(1,6_,nu12)*FT1*g_(1,q3)*g_(2,6_,nu10)*FT2*g_(2,p2)*cFT(
         nu12,XX,i1,iufo13)*cFT(g7,XX,iufo13,j13)*cFT(nu9,XX,i2,iufo3)*cFT(g7,
         XX,iufo3,i3)*flavourTag(fvm,j15,j16)*flavourTag(fmu,j13,j14)*Den(p2,
         xiz,M4)^2*Den(q2 + q3,xiw,M3)^2*p2.p2*d^-1*xiw*ufoGC81*ufoGC58^2*
         ufoGC80
          - 1/16*g_(1,6_,nu12)*FT1*g_(1,q3)*g_(2,6_,nu10)*FT2*g_(2,p2)*cFT(
         nu12,XX,i1,iufo13)*cFT(g6,XX,iufo13,j13)*cFT(nu9,XX,i2,iufo3)*cFT(g7,
         XX,iufo3,i3)*flavourTag(fvm,j15,j16)*flavourTag(fmu,j13,j14)*Den(p2,
         xiz,M4)*Den(q2 + q3,xiw,M3)^2*xiw*ufoGC81*ufoGC58^2*ufoGC76
          + 1/16*g_(1,6_,nu12)*FT1*g_(1,q3)*g_(2,6_,nu10)*FT2*g_(2,p2)*cFT(
         nu12,XX,i1,iufo13)*cFT(g6,XX,iufo13,j13)*cFT(nu9,XX,i2,iufo3)*cFT(g7,
         XX,iufo3,i3)*flavourTag(fvm,j15,j16)*flavourTag(fmu,j13,j14)*Den(p2,
         xiz,M4)^2*Den(q2 + q3,xiw,M3)^2*p2.p2*d^-1*xiw*ufoGC81*ufoGC58^2*
         ufoGC76
          - 1/16*g_(1,6_,nu12)*FT1*g_(1,q3)*g_(2,6_,nu10)*FT2*g_(2,q1)*cFT(
         nu12,XX,i1,iufo13)*cFT(g7,XX,iufo13,j13)*cFT(nu9,XX,i2,iufo3)*cFT(g7,
         XX,iufo3,i3)*flavourTag(fvm,j15,j16)*flavourTag(fmu,j13,j14)*Den(p2,
         xiz,M4)*Den(q2 + q3,xiw,M3)^2*xiw*ufoGC81*ufoGC58^2*ufoGC80
          + 1/16*g_(1,6_,nu12)*FT1*g_(1,q3)*g_(2,6_,nu10)*FT2*g_(2,q1)*cFT(
         nu12,XX,i1,iufo13)*cFT(g7,XX,iufo13,j13)*cFT(nu9,XX,i2,iufo3)*cFT(g7,
         XX,iufo3,i3)*flavourTag(fvm,j15,j16)*flavourTag(fmu,j13,j14)*Den(p2,
         xiz,M4)^2*Den(q2 + q3,xiw,M3)^2*p2.p2*d^-1*xiw*ufoGC81*ufoGC58^2*
         ufoGC80
          - 1/16*g_(1,6_,nu12)*FT1*g_(1,q3)*g_(2,6_,nu10)*FT2*g_(2,q1)*cFT(
         nu12,XX,i1,iufo13)*cFT(g6,XX,iufo13,j13)*cFT(nu9,XX,i2,iufo3)*cFT(g7,
         XX,iufo3,i3)*flavourTag(fvm,j15,j16)*flavourTag(fmu,j13,j14)*Den(p2,
         xiz,M4)*Den(q2 + q3,xiw,M3)^2*xiw*ufoGC81*ufoGC58^2*ufoGC76
          + 1/16*g_(1,6_,nu12)*FT1*g_(1,q3)*g_(2,6_,nu10)*FT2*g_(2,q1)*cFT(
         nu12,XX,i1,iufo13)*cFT(g6,XX,iufo13,j13)*cFT(nu9,XX,i2,iufo3)*cFT(g7,
         XX,iufo3,i3)*flavourTag(fvm,j15,j16)*flavourTag(fmu,j13,j14)*Den(p2,
         xiz,M4)^2*Den(q2 + q3,xiw,M3)^2*p2.p2*d^-1*xiw*ufoGC81*ufoGC58^2*
         ufoGC76
          )

       + Vec(nu10,q3)*Vec(nu9,q3) * (
          - 1/16*g_(1,6_,nu12)*FT1*g_(1,p2)*g_(2,6_,nu10)*FT2*g_(2,p2)*cFT(
         nu12,XX,i1,iufo13)*cFT(g7,XX,iufo13,j13)*cFT(nu9,XX,i2,iufo3)*cFT(g7,
         XX,iufo3,i3)*flavourTag(fvm,j15,j16)*flavourTag(fmu,j13,j14)*Den(p2,
         xiz,M4)*Den(q2 + q3,xiw,M3)^2*xiw*ufoGC81*ufoGC58^2*ufoGC80
          + 1/16*g_(1,6_,nu12)*FT1*g_(1,p2)*g_(2,6_,nu10)*FT2*g_(2,p2)*cFT(
         nu12,XX,i1,iufo13)*cFT(g7,XX,iufo13,j13)*cFT(nu9,XX,i2,iufo3)*cFT(g7,
         XX,iufo3,i3)*flavourTag(fvm,j15,j16)*flavourTag(fmu,j13,j14)*Den(p2,
         xiz,M4)^2*Den(q2 + q3,xiw,M3)^2*p2.p2*d^-1*xiw*ufoGC81*ufoGC58^2*
         ufoGC80
          - 1/16*g_(1,6_,nu12)*FT1*g_(1,p2)*g_(2,6_,nu10)*FT2*g_(2,p2)*cFT(
         nu12,XX,i1,iufo13)*cFT(g6,XX,iufo13,j13)*cFT(nu9,XX,i2,iufo3)*cFT(g7,
         XX,iufo3,i3)*flavourTag(fvm,j15,j16)*flavourTag(fmu,j13,j14)*Den(p2,
         xiz,M4)*Den(q2 + q3,xiw,M3)^2*xiw*ufoGC81*ufoGC58^2*ufoGC76
          + 1/16*g_(1,6_,nu12)*FT1*g_(1,p2)*g_(2,6_,nu10)*FT2*g_(2,p2)*cFT(
         nu12,XX,i1,iufo13)*cFT(g6,XX,iufo13,j13)*cFT(nu9,XX,i2,iufo3)*cFT(g7,
         XX,iufo3,i3)*flavourTag(fvm,j15,j16)*flavourTag(fmu,j13,j14)*Den(p2,
         xiz,M4)^2*Den(q2 + q3,xiw,M3)^2*p2.p2*d^-1*xiw*ufoGC81*ufoGC58^2*
         ufoGC76
          - 1/16*g_(1,6_,nu12)*FT1*g_(1,p2)*g_(2,6_,nu10)*FT2*g_(2,q1)*cFT(
         nu12,XX,i1,iufo13)*cFT(g7,XX,iufo13,j13)*cFT(nu9,XX,i2,iufo3)*cFT(g7,
         XX,iufo3,i3)*flavourTag(fvm,j15,j16)*flavourTag(fmu,j13,j14)*Den(p2,
         xiz,M4)*Den(q2 + q3,xiw,M3)^2*xiw*ufoGC81*ufoGC58^2*ufoGC80
          + 1/16*g_(1,6_,nu12)*FT1*g_(1,p2)*g_(2,6_,nu10)*FT2*g_(2,q1)*cFT(
         nu12,XX,i1,iufo13)*cFT(g7,XX,iufo13,j13)*cFT(nu9,XX,i2,iufo3)*cFT(g7,
         XX,iufo3,i3)*flavourTag(fvm,j15,j16)*flavourTag(fmu,j13,j14)*Den(p2,
         xiz,M4)^2*Den(q2 + q3,xiw,M3)^2*p2.p2*d^-1*xiw*ufoGC81*ufoGC58^2*
         ufoGC80
          - 1/16*g_(1,6_,nu12)*FT1*g_(1,p2)*g_(2,6_,nu10)*FT2*g_(2,q1)*cFT(
         nu12,XX,i1,iufo13)*cFT(g6,XX,iufo13,j13)*cFT(nu9,XX,i2,iufo3)*cFT(g7,
         XX,iufo3,i3)*flavourTag(fvm,j15,j16)*flavourTag(fmu,j13,j14)*Den(p2,
         xiz,M4)*Den(q2 + q3,xiw,M3)^2*xiw*ufoGC81*ufoGC58^2*ufoGC76
          + 1/16*g_(1,6_,nu12)*FT1*g_(1,p2)*g_(2,6_,nu10)*FT2*g_(2,q1)*cFT(
         nu12,XX,i1,iufo13)*cFT(g6,XX,iufo13,j13)*cFT(nu9,XX,i2,iufo3)*cFT(g7,
         XX,iufo3,i3)*flavourTag(fvm,j15,j16)*flavourTag(fmu,j13,j14)*Den(p2,
         xiz,M4)^2*Den(q2 + q3,xiw,M3)^2*p2.p2*d^-1*xiw*ufoGC81*ufoGC58^2*
         ufoGC76
          - 1/16*g_(1,6_,nu12)*FT1*g_(1,q1)*g_(2,6_,nu10)*FT2*g_(2,p2)*cFT(
         nu12,XX,i1,iufo13)*cFT(g7,XX,iufo13,j13)*cFT(nu9,XX,i2,iufo3)*cFT(g7,
         XX,iufo3,i3)*flavourTag(fvm,j15,j16)*flavourTag(fmu,j13,j14)*Den(p2,
         xiz,M4)*Den(q2 + q3,xiw,M3)^2*xiw*ufoGC81*ufoGC58^2*ufoGC80
          + 1/16*g_(1,6_,nu12)*FT1*g_(1,q1)*g_(2,6_,nu10)*FT2*g_(2,p2)*cFT(
         nu12,XX,i1,iufo13)*cFT(g7,XX,iufo13,j13)*cFT(nu9,XX,i2,iufo3)*cFT(g7,
         XX,iufo3,i3)*flavourTag(fvm,j15,j16)*flavourTag(fmu,j13,j14)*Den(p2,
         xiz,M4)^2*Den(q2 + q3,xiw,M3)^2*p2.p2*d^-1*xiw*ufoGC81*ufoGC58^2*
         ufoGC80
          - 1/16*g_(1,6_,nu12)*FT1*g_(1,q1)*g_(2,6_,nu10)*FT2*g_(2,p2)*cFT(
         nu12,XX,i1,iufo13)*cFT(g6,XX,iufo13,j13)*cFT(nu9,XX,i2,iufo3)*cFT(g7,
         XX,iufo3,i3)*flavourTag(fvm,j15,j16)*flavourTag(fmu,j13,j14)*Den(p2,
         xiz,M4)*Den(q2 + q3,xiw,M3)^2*xiw*ufoGC81*ufoGC58^2*ufoGC76
          + 1/16*g_(1,6_,nu12)*FT1*g_(1,q1)*g_(2,6_,nu10)*FT2*g_(2,p2)*cFT(
         nu12,XX,i1,iufo13)*cFT(g6,XX,iufo13,j13)*cFT(nu9,XX,i2,iufo3)*cFT(g7,
         XX,iufo3,i3)*flavourTag(fvm,j15,j16)*flavourTag(fmu,j13,j14)*Den(p2,
         xiz,M4)^2*Den(q2 + q3,xiw,M3)^2*p2.p2*d^-1*xiw*ufoGC81*ufoGC58^2*
         ufoGC76
          - 1/16*g_(1,6_,nu12)*FT1*g_(1,q1)*g_(2,6_,nu10)*FT2*g_(2,q1)*cFT(
         nu12,XX,i1,iufo13)*cFT(g7,XX,iufo13,j13)*cFT(nu9,XX,i2,iufo3)*cFT(g7,
         XX,iufo3,i3)*flavourTag(fvm,j15,j16)*flavourTag(fmu,j13,j14)*Den(p2,
         xiz,M4)*Den(q2 + q3,xiw,M3)^2*xiw*ufoGC81*ufoGC58^2*ufoGC80
          + 1/16*g_(1,6_,nu12)*FT1*g_(1,q1)*g_(2,6_,nu10)*FT2*g_(2,q1)*cFT(
         nu12,XX,i1,iufo13)*cFT(g7,XX,iufo13,j13)*cFT(nu9,XX,i2,iufo3)*cFT(g7,
         XX,iufo3,i3)*flavourTag(fvm,j15,j16)*flavourTag(fmu,j13,j14)*Den(p2,
         xiz,M4)^2*Den(q2 + q3,xiw,M3)^2*p2.p2*d^-1*xiw*ufoGC81*ufoGC58^2*
         ufoGC80
          - 1/16*g_(1,6_,nu12)*FT1*g_(1,q1)*g_(2,6_,nu10)*FT2*g_(2,q1)*cFT(
         nu12,XX,i1,iufo13)*cFT(g6,XX,iufo13,j13)*cFT(nu9,XX,i2,iufo3)*cFT(g7,
         XX,iufo3,i3)*flavourTag(fvm,j15,j16)*flavourTag(fmu,j13,j14)*Den(p2,
         xiz,M4)*Den(q2 + q3,xiw,M3)^2*xiw*ufoGC81*ufoGC58^2*ufoGC76
          + 1/16*g_(1,6_,nu12)*FT1*g_(1,q1)*g_(2,6_,nu10)*FT2*g_(2,q1)*cFT(
         nu12,XX,i1,iufo13)*cFT(g6,XX,iufo13,j13)*cFT(nu9,XX,i2,iufo3)*cFT(g7,
         XX,iufo3,i3)*flavourTag(fvm,j15,j16)*flavourTag(fmu,j13,j14)*Den(p2,
         xiz,M4)^2*Den(q2 + q3,xiw,M3)^2*p2.p2*d^-1*xiw*ufoGC81*ufoGC58^2*
         ufoGC76
          - 1/16*g_(1,6_,nu12)*FT1*g_(1,q2)*g_(2,6_,nu10)*FT2*g_(2,p2)*cFT(
         nu12,XX,i1,iufo13)*cFT(g7,XX,iufo13,j13)*cFT(nu9,XX,i2,iufo3)*cFT(g7,
         XX,iufo3,i3)*flavourTag(fvm,j15,j16)*flavourTag(fmu,j13,j14)*Den(p2,
         xiz,M4)*Den(q2 + q3,xiw,M3)^2*xiw*ufoGC81*ufoGC58^2*ufoGC80
          + 1/16*g_(1,6_,nu12)*FT1*g_(1,q2)*g_(2,6_,nu10)*FT2*g_(2,p2)*cFT(
         nu12,XX,i1,iufo13)*cFT(g7,XX,iufo13,j13)*cFT(nu9,XX,i2,iufo3)*cFT(g7,
         XX,iufo3,i3)*flavourTag(fvm,j15,j16)*flavourTag(fmu,j13,j14)*Den(p2,
         xiz,M4)^2*Den(q2 + q3,xiw,M3)^2*p2.p2*d^-1*xiw*ufoGC81*ufoGC58^2*
         ufoGC80
          - 1/16*g_(1,6_,nu12)*FT1*g_(1,q2)*g_(2,6_,nu10)*FT2*g_(2,p2)*cFT(
         nu12,XX,i1,iufo13)*cFT(g6,XX,iufo13,j13)*cFT(nu9,XX,i2,iufo3)*cFT(g7,
         XX,iufo3,i3)*flavourTag(fvm,j15,j16)*flavourTag(fmu,j13,j14)*Den(p2,
         xiz,M4)*Den(q2 + q3,xiw,M3)^2*xiw*ufoGC81*ufoGC58^2*ufoGC76
          + 1/16*g_(1,6_,nu12)*FT1*g_(1,q2)*g_(2,6_,nu10)*FT2*g_(2,p2)*cFT(
         nu12,XX,i1,iufo13)*cFT(g6,XX,iufo13,j13)*cFT(nu9,XX,i2,iufo3)*cFT(g7,
         XX,iufo3,i3)*flavourTag(fvm,j15,j16)*flavourTag(fmu,j13,j14)*Den(p2,
         xiz,M4)^2*Den(q2 + q3,xiw,M3)^2*p2.p2*d^-1*xiw*ufoGC81*ufoGC58^2*
         ufoGC76
          - 1/16*g_(1,6_,nu12)*FT1*g_(1,q2)*g_(2,6_,nu10)*FT2*g_(2,q1)*cFT(
         nu12,XX,i1,iufo13)*cFT(g7,XX,iufo13,j13)*cFT(nu9,XX,i2,iufo3)*cFT(g7,
         XX,iufo3,i3)*flavourTag(fvm,j15,j16)*flavourTag(fmu,j13,j14)*Den(p2,
         xiz,M4)*Den(q2 + q3,xiw,M3)^2*xiw*ufoGC81*ufoGC58^2*ufoGC80
          + 1/16*g_(1,6_,nu12)*FT1*g_(1,q2)*g_(2,6_,nu10)*FT2*g_(2,q1)*cFT(
         nu12,XX,i1,iufo13)*cFT(g7,XX,iufo13,j13)*cFT(nu9,XX,i2,iufo3)*cFT(g7,
         XX,iufo3,i3)*flavourTag(fvm,j15,j16)*flavourTag(fmu,j13,j14)*Den(p2,
         xiz,M4)^2*Den(q2 + q3,xiw,M3)^2*p2.p2*d^-1*xiw*ufoGC81*ufoGC58^2*
         ufoGC80
          - 1/16*g_(1,6_,nu12)*FT1*g_(1,q2)*g_(2,6_,nu10)*FT2*g_(2,q1)*cFT(
         nu12,XX,i1,iufo13)*cFT(g6,XX,iufo13,j13)*cFT(nu9,XX,i2,iufo3)*cFT(g7,
         XX,iufo3,i3)*flavourTag(fvm,j15,j16)*flavourTag(fmu,j13,j14)*Den(p2,
         xiz,M4)*Den(q2 + q3,xiw,M3)^2*xiw*ufoGC81*ufoGC58^2*ufoGC76
          + 1/16*g_(1,6_,nu12)*FT1*g_(1,q2)*g_(2,6_,nu10)*FT2*g_(2,q1)*cFT(
         nu12,XX,i1,iufo13)*cFT(g6,XX,iufo13,j13)*cFT(nu9,XX,i2,iufo3)*cFT(g7,
         XX,iufo3,i3)*flavourTag(fvm,j15,j16)*flavourTag(fmu,j13,j14)*Den(p2,
         xiz,M4)^2*Den(q2 + q3,xiw,M3)^2*p2.p2*d^-1*xiw*ufoGC81*ufoGC58^2*
         ufoGC76
          - 1/16*g_(1,6_,nu12)*FT1*g_(1,q3)*g_(2,6_,nu10)*FT2*g_(2,p2)*cFT(
         nu12,XX,i1,iufo13)*cFT(g7,XX,iufo13,j13)*cFT(nu9,XX,i2,iufo3)*cFT(g7,
         XX,iufo3,i3)*flavourTag(fvm,j15,j16)*flavourTag(fmu,j13,j14)*Den(p2,
         xiz,M4)*Den(q2 + q3,xiw,M3)^2*xiw*ufoGC81*ufoGC58^2*ufoGC80
          + 1/16*g_(1,6_,nu12)*FT1*g_(1,q3)*g_(2,6_,nu10)*FT2*g_(2,p2)*cFT(
         nu12,XX,i1,iufo13)*cFT(g7,XX,iufo13,j13)*cFT(nu9,XX,i2,iufo3)*cFT(g7,
         XX,iufo3,i3)*flavourTag(fvm,j15,j16)*flavourTag(fmu,j13,j14)*Den(p2,
         xiz,M4)^2*Den(q2 + q3,xiw,M3)^2*p2.p2*d^-1*xiw*ufoGC81*ufoGC58^2*
         ufoGC80
          - 1/16*g_(1,6_,nu12)*FT1*g_(1,q3)*g_(2,6_,nu10)*FT2*g_(2,p2)*cFT(
         nu12,XX,i1,iufo13)*cFT(g6,XX,iufo13,j13)*cFT(nu9,XX,i2,iufo3)*cFT(g7,
         XX,iufo3,i3)*flavourTag(fvm,j15,j16)*flavourTag(fmu,j13,j14)*Den(p2,
         xiz,M4)*Den(q2 + q3,xiw,M3)^2*xiw*ufoGC81*ufoGC58^2*ufoGC76
          + 1/16*g_(1,6_,nu12)*FT1*g_(1,q3)*g_(2,6_,nu10)*FT2*g_(2,p2)*cFT(
         nu12,XX,i1,iufo13)*cFT(g6,XX,iufo13,j13)*cFT(nu9,XX,i2,iufo3)*cFT(g7,
         XX,iufo3,i3)*flavourTag(fvm,j15,j16)*flavourTag(fmu,j13,j14)*Den(p2,
         xiz,M4)^2*Den(q2 + q3,xiw,M3)^2*p2.p2*d^-1*xiw*ufoGC81*ufoGC58^2*
         ufoGC76
          - 1/16*g_(1,6_,nu12)*FT1*g_(1,q3)*g_(2,6_,nu10)*FT2*g_(2,q1)*cFT(
         nu12,XX,i1,iufo13)*cFT(g7,XX,iufo13,j13)*cFT(nu9,XX,i2,iufo3)*cFT(g7,
         XX,iufo3,i3)*flavourTag(fvm,j15,j16)*flavourTag(fmu,j13,j14)*Den(p2,
         xiz,M4)*Den(q2 + q3,xiw,M3)^2*xiw*ufoGC81*ufoGC58^2*ufoGC80
          + 1/16*g_(1,6_,nu12)*FT1*g_(1,q3)*g_(2,6_,nu10)*FT2*g_(2,q1)*cFT(
         nu12,XX,i1,iufo13)*cFT(g7,XX,iufo13,j13)*cFT(nu9,XX,i2,iufo3)*cFT(g7,
         XX,iufo3,i3)*flavourTag(fvm,j15,j16)*flavourTag(fmu,j13,j14)*Den(p2,
         xiz,M4)^2*Den(q2 + q3,xiw,M3)^2*p2.p2*d^-1*xiw*ufoGC81*ufoGC58^2*
         ufoGC80
          - 1/16*g_(1,6_,nu12)*FT1*g_(1,q3)*g_(2,6_,nu10)*FT2*g_(2,q1)*cFT(
         nu12,XX,i1,iufo13)*cFT(g6,XX,iufo13,j13)*cFT(nu9,XX,i2,iufo3)*cFT(g7,
         XX,iufo3,i3)*flavourTag(fvm,j15,j16)*flavourTag(fmu,j13,j14)*Den(p2,
         xiz,M4)*Den(q2 + q3,xiw,M3)^2*xiw*ufoGC81*ufoGC58^2*ufoGC76
          + 1/16*g_(1,6_,nu12)*FT1*g_(1,q3)*g_(2,6_,nu10)*FT2*g_(2,q1)*cFT(
         nu12,XX,i1,iufo13)*cFT(g6,XX,iufo13,j13)*cFT(nu9,XX,i2,iufo3)*cFT(g7,
         XX,iufo3,i3)*flavourTag(fvm,j15,j16)*flavourTag(fmu,j13,j14)*Den(p2,
         xiz,M4)^2*Den(q2 + q3,xiw,M3)^2*p2.p2*d^-1*xiw*ufoGC81*ufoGC58^2*
         ufoGC76
          );

  0.00 sec out of 0.00 sec
