FORM 5.0.0-beta.1 (Jan 15 2026, v5.0.0-beta.1-292-g4341c63)  Run: Thu Mar  5 16:57:07 2026
    #-

   d1l217amp =

       + Den(p4,xiz,M4)^2*Den(q2 + q3,xiw,M3)*Den(p4 + q2 + q3,xiw,M3) * (
          - 1/8*g_(1,6_,nu15)*g_(2,6_,nu15)*FT2*cFT(g6,XX,i2,j11)*flavourTag(
         fmu,j11,j12)*p4.p4*d^-1*xiz*ufoGC58*ufoGC80*ufoGC107*ufoGC85
          - 1/8*g_(1,6_,nu15)*g_(2,nu15)*FT2(g6)*FT2*cFT(g6,XX,i2,j11)*
         flavourTag(fmu,j11,j12)*p4.p4*d^-1*xiz*ufoGC58*ufoGC76*ufoGC107*
         ufoGC85
          )

       + Den(p4,xiz,M4)^2*Den(q2 + q3,xiw,M3)^2*Den(p4 + q2 + q3,xiw,M3) * (
          + 1/8*g_(1,6_,nu10)*g_(2,6_,nu15)*FT2*cFT(g6,XX,i2,j11)*flavourTag(
         fmu,j11,j12)*Vec(nu10,q2)*Vec(nu15,q2)*p4.p4*d^-1*xiz*ufoGC58*ufoGC80
         *ufoGC107*ufoGC85
          + 1/8*g_(1,6_,nu10)*g_(2,6_,nu15)*FT2*cFT(g6,XX,i2,j11)*flavourTag(
         fmu,j11,j12)*Vec(nu10,q2)*Vec(nu15,q3)*p4.p4*d^-1*xiz*ufoGC58*ufoGC80
         *ufoGC107*ufoGC85
          + 1/8*g_(1,6_,nu10)*g_(2,6_,nu15)*FT2*cFT(g6,XX,i2,j11)*flavourTag(
         fmu,j11,j12)*Vec(nu10,q3)*Vec(nu15,q2)*p4.p4*d^-1*xiz*ufoGC58*ufoGC80
         *ufoGC107*ufoGC85
          + 1/8*g_(1,6_,nu10)*g_(2,6_,nu15)*FT2*cFT(g6,XX,i2,j11)*flavourTag(
         fmu,j11,j12)*Vec(nu10,q3)*Vec(nu15,q3)*p4.p4*d^-1*xiz*ufoGC58*ufoGC80
         *ufoGC107*ufoGC85
          + 1/8*g_(1,6_,nu10)*g_(2,nu15)*FT2(g6)*FT2*cFT(g6,XX,i2,j11)*
         flavourTag(fmu,j11,j12)*Vec(nu10,q2)*Vec(nu15,q2)*p4.p4*d^-1*xiz*
         ufoGC58*ufoGC76*ufoGC107*ufoGC85
          + 1/8*g_(1,6_,nu10)*g_(2,nu15)*FT2(g6)*FT2*cFT(g6,XX,i2,j11)*
         flavourTag(fmu,j11,j12)*Vec(nu10,q2)*Vec(nu15,q3)*p4.p4*d^-1*xiz*
         ufoGC58*ufoGC76*ufoGC107*ufoGC85
          + 1/8*g_(1,6_,nu10)*g_(2,nu15)*FT2(g6)*FT2*cFT(g6,XX,i2,j11)*
         flavourTag(fmu,j11,j12)*Vec(nu10,q3)*Vec(nu15,q2)*p4.p4*d^-1*xiz*
         ufoGC58*ufoGC76*ufoGC107*ufoGC85
          + 1/8*g_(1,6_,nu10)*g_(2,nu15)*FT2(g6)*FT2*cFT(g6,XX,i2,j11)*
         flavourTag(fmu,j11,j12)*Vec(nu10,q3)*Vec(nu15,q3)*p4.p4*d^-1*xiz*
         ufoGC58*ufoGC76*ufoGC107*ufoGC85
          );

  0.00 sec out of 0.00 sec
