FORM 5.0.0-beta.1 (Jan 15 2026, v5.0.0-beta.1-292-g4341c63)  Run: Fri Feb 27 12:21:33 2026
    #-

   d1l206amp =
       - 1/8*g_(1,6_,nu10)*FT2(g6)*g_(2,p4)*cFT(nu14,XX,i2,iufo11)*cFT(g7,XX,
      iufo11,j11)*flavourTag(fvm,j11,j12)*Vec(nu10,q2)*Vec(nu14,-q2)*Vec(nu13,
      q2)*Vecr(nu13,p4)*Deng(p4,xiw,0)*Deng(q2 + q3,xiw,M3)^2*Deng(p4 - q2 - 
      q3,xiz,M4)^2*xiz*ufoGC58*ufoGC107*ufoGC81*ufoGC85
       - 1/8*g_(1,6_,nu10)*FT2(g6)*g_(2,p4)*cFT(nu14,XX,i2,iufo11)*cFT(g7,XX,
      iufo11,j11)*flavourTag(fvm,j11,j12)*Vec(nu10,q2)*Vec(nu14,-q2)*Vec(nu13,
      q3)*Vecr(nu13,p4)*Deng(p4,xiw,0)*Deng(q2 + q3,xiw,M3)^2*Deng(p4 - q2 - 
      q3,xiz,M4)^2*xiz*ufoGC58*ufoGC107*ufoGC81*ufoGC85
       - 1/8*g_(1,6_,nu10)*FT2(g6)*g_(2,p4)*cFT(nu14,XX,i2,iufo11)*cFT(g7,XX,
      iufo11,j11)*flavourTag(fvm,j11,j12)*Vec(nu10,q2)*Vec(nu14,-q2)*Vec(nu13,
      -q2)*Vec(nu13,q2)*Deng(p4,xiw,0)*Deng(q2 + q3,xiw,M3)^2*Deng(p4 - q2 - 
      q3,xiz,M4)^2*xiz*ufoGC58*ufoGC107*ufoGC81*ufoGC85
       - 1/8*g_(1,6_,nu10)*FT2(g6)*g_(2,p4)*cFT(nu14,XX,i2,iufo11)*cFT(g7,XX,
      iufo11,j11)*flavourTag(fvm,j11,j12)*Vec(nu10,q2)*Vec(nu14,-q2)*Vec(nu13,
      -q2)*Vec(nu13,q3)*Deng(p4,xiw,0)*Deng(q2 + q3,xiw,M3)^2*Deng(p4 - q2 - 
      q3,xiz,M4)^2*xiz*ufoGC58*ufoGC107*ufoGC81*ufoGC85
       - 1/8*g_(1,6_,nu10)*FT2(g6)*g_(2,p4)*cFT(nu14,XX,i2,iufo11)*cFT(g7,XX,
      iufo11,j11)*flavourTag(fvm,j11,j12)*Vec(nu10,q2)*Vec(nu14,-q2)*Vec(nu13,
      -q3)*Vec(nu13,q2)*Deng(p4,xiw,0)*Deng(q2 + q3,xiw,M3)^2*Deng(p4 - q2 - 
      q3,xiz,M4)^2*xiz*ufoGC58*ufoGC107*ufoGC81*ufoGC85
       - 1/8*g_(1,6_,nu10)*FT2(g6)*g_(2,p4)*cFT(nu14,XX,i2,iufo11)*cFT(g7,XX,
      iufo11,j11)*flavourTag(fvm,j11,j12)*Vec(nu10,q2)*Vec(nu14,-q2)*Vec(nu13,
      -q3)*Vec(nu13,q3)*Deng(p4,xiw,0)*Deng(q2 + q3,xiw,M3)^2*Deng(p4 - q2 - 
      q3,xiz,M4)^2*xiz*ufoGC58*ufoGC107*ufoGC81*ufoGC85
       - 1/8*g_(1,6_,nu10)*FT2(g6)*g_(2,p4)*cFT(nu14,XX,i2,iufo11)*cFT(g7,XX,
      iufo11,j11)*flavourTag(fvm,j11,j12)*Vec(nu10,q2)*Vec(nu14,-q3)*Vec(nu13,
      q2)*Vecr(nu13,p4)*Deng(p4,xiw,0)*Deng(q2 + q3,xiw,M3)^2*Deng(p4 - q2 - 
      q3,xiz,M4)^2*xiz*ufoGC58*ufoGC107*ufoGC81*ufoGC85
       - 1/8*g_(1,6_,nu10)*FT2(g6)*g_(2,p4)*cFT(nu14,XX,i2,iufo11)*cFT(g7,XX,
      iufo11,j11)*flavourTag(fvm,j11,j12)*Vec(nu10,q2)*Vec(nu14,-q3)*Vec(nu13,
      q3)*Vecr(nu13,p4)*Deng(p4,xiw,0)*Deng(q2 + q3,xiw,M3)^2*Deng(p4 - q2 - 
      q3,xiz,M4)^2*xiz*ufoGC58*ufoGC107*ufoGC81*ufoGC85
       - 1/8*g_(1,6_,nu10)*FT2(g6)*g_(2,p4)*cFT(nu14,XX,i2,iufo11)*cFT(g7,XX,
      iufo11,j11)*flavourTag(fvm,j11,j12)*Vec(nu10,q2)*Vec(nu14,-q3)*Vec(nu13,
      -q2)*Vec(nu13,q2)*Deng(p4,xiw,0)*Deng(q2 + q3,xiw,M3)^2*Deng(p4 - q2 - 
      q3,xiz,M4)^2*xiz*ufoGC58*ufoGC107*ufoGC81*ufoGC85
       - 1/8*g_(1,6_,nu10)*FT2(g6)*g_(2,p4)*cFT(nu14,XX,i2,iufo11)*cFT(g7,XX,
      iufo11,j11)*flavourTag(fvm,j11,j12)*Vec(nu10,q2)*Vec(nu14,-q3)*Vec(nu13,
      -q2)*Vec(nu13,q3)*Deng(p4,xiw,0)*Deng(q2 + q3,xiw,M3)^2*Deng(p4 - q2 - 
      q3,xiz,M4)^2*xiz*ufoGC58*ufoGC107*ufoGC81*ufoGC85
       - 1/8*g_(1,6_,nu10)*FT2(g6)*g_(2,p4)*cFT(nu14,XX,i2,iufo11)*cFT(g7,XX,
      iufo11,j11)*flavourTag(fvm,j11,j12)*Vec(nu10,q2)*Vec(nu14,-q3)*Vec(nu13,
      -q3)*Vec(nu13,q2)*Deng(p4,xiw,0)*Deng(q2 + q3,xiw,M3)^2*Deng(p4 - q2 - 
      q3,xiz,M4)^2*xiz*ufoGC58*ufoGC107*ufoGC81*ufoGC85
       - 1/8*g_(1,6_,nu10)*FT2(g6)*g_(2,p4)*cFT(nu14,XX,i2,iufo11)*cFT(g7,XX,
      iufo11,j11)*flavourTag(fvm,j11,j12)*Vec(nu10,q2)*Vec(nu14,-q3)*Vec(nu13,
      -q3)*Vec(nu13,q3)*Deng(p4,xiw,0)*Deng(q2 + q3,xiw,M3)^2*Deng(p4 - q2 - 
      q3,xiz,M4)^2*xiz*ufoGC58*ufoGC107*ufoGC81*ufoGC85
       - 1/8*g_(1,6_,nu10)*FT2(g6)*g_(2,p4)*cFT(nu14,XX,i2,iufo11)*cFT(g7,XX,
      iufo11,j11)*flavourTag(fvm,j11,j12)*Vec(nu10,q2)*Vec(nu13,q2)*Vecr(nu14,
      p4)*Vecr(nu13,p4)*Deng(p4,xiw,0)*Deng(q2 + q3,xiw,M3)^2*Deng(p4 - q2 - 
      q3,xiz,M4)^2*xiz*ufoGC58*ufoGC107*ufoGC81*ufoGC85
       - 1/8*g_(1,6_,nu10)*FT2(g6)*g_(2,p4)*cFT(nu14,XX,i2,iufo11)*cFT(g7,XX,
      iufo11,j11)*flavourTag(fvm,j11,j12)*Vec(nu10,q2)*Vec(nu13,q3)*Vecr(nu14,
      p4)*Vecr(nu13,p4)*Deng(p4,xiw,0)*Deng(q2 + q3,xiw,M3)^2*Deng(p4 - q2 - 
      q3,xiz,M4)^2*xiz*ufoGC58*ufoGC107*ufoGC81*ufoGC85
       - 1/8*g_(1,6_,nu10)*FT2(g6)*g_(2,p4)*cFT(nu14,XX,i2,iufo11)*cFT(g7,XX,
      iufo11,j11)*flavourTag(fvm,j11,j12)*Vec(nu10,q2)*Vec(nu13,-q2)*Vec(nu13,
      q2)*Vecr(nu14,p4)*Deng(p4,xiw,0)*Deng(q2 + q3,xiw,M3)^2*Deng(p4 - q2 - 
      q3,xiz,M4)^2*xiz*ufoGC58*ufoGC107*ufoGC81*ufoGC85
       - 1/8*g_(1,6_,nu10)*FT2(g6)*g_(2,p4)*cFT(nu14,XX,i2,iufo11)*cFT(g7,XX,
      iufo11,j11)*flavourTag(fvm,j11,j12)*Vec(nu10,q2)*Vec(nu13,-q2)*Vec(nu13,
      q3)*Vecr(nu14,p4)*Deng(p4,xiw,0)*Deng(q2 + q3,xiw,M3)^2*Deng(p4 - q2 - 
      q3,xiz,M4)^2*xiz*ufoGC58*ufoGC107*ufoGC81*ufoGC85
       - 1/8*g_(1,6_,nu10)*FT2(g6)*g_(2,p4)*cFT(nu14,XX,i2,iufo11)*cFT(g7,XX,
      iufo11,j11)*flavourTag(fvm,j11,j12)*Vec(nu10,q2)*Vec(nu13,-q3)*Vec(nu13,
      q2)*Vecr(nu14,p4)*Deng(p4,xiw,0)*Deng(q2 + q3,xiw,M3)^2*Deng(p4 - q2 - 
      q3,xiz,M4)^2*xiz*ufoGC58*ufoGC107*ufoGC81*ufoGC85
       - 1/8*g_(1,6_,nu10)*FT2(g6)*g_(2,p4)*cFT(nu14,XX,i2,iufo11)*cFT(g7,XX,
      iufo11,j11)*flavourTag(fvm,j11,j12)*Vec(nu10,q2)*Vec(nu13,-q3)*Vec(nu13,
      q3)*Vecr(nu14,p4)*Deng(p4,xiw,0)*Deng(q2 + q3,xiw,M3)^2*Deng(p4 - q2 - 
      q3,xiz,M4)^2*xiz*ufoGC58*ufoGC107*ufoGC81*ufoGC85
       - 1/8*g_(1,6_,nu10)*FT2(g6)*g_(2,p4)*cFT(nu14,XX,i2,iufo11)*cFT(g7,XX,
      iufo11,j11)*flavourTag(fvm,j11,j12)*Vec(nu10,q3)*Vec(nu14,-q2)*Vec(nu13,
      q2)*Vecr(nu13,p4)*Deng(p4,xiw,0)*Deng(q2 + q3,xiw,M3)^2*Deng(p4 - q2 - 
      q3,xiz,M4)^2*xiz*ufoGC58*ufoGC107*ufoGC81*ufoGC85
       - 1/8*g_(1,6_,nu10)*FT2(g6)*g_(2,p4)*cFT(nu14,XX,i2,iufo11)*cFT(g7,XX,
      iufo11,j11)*flavourTag(fvm,j11,j12)*Vec(nu10,q3)*Vec(nu14,-q2)*Vec(nu13,
      q3)*Vecr(nu13,p4)*Deng(p4,xiw,0)*Deng(q2 + q3,xiw,M3)^2*Deng(p4 - q2 - 
      q3,xiz,M4)^2*xiz*ufoGC58*ufoGC107*ufoGC81*ufoGC85
       - 1/8*g_(1,6_,nu10)*FT2(g6)*g_(2,p4)*cFT(nu14,XX,i2,iufo11)*cFT(g7,XX,
      iufo11,j11)*flavourTag(fvm,j11,j12)*Vec(nu10,q3)*Vec(nu14,-q2)*Vec(nu13,
      -q2)*Vec(nu13,q2)*Deng(p4,xiw,0)*Deng(q2 + q3,xiw,M3)^2*Deng(p4 - q2 - 
      q3,xiz,M4)^2*xiz*ufoGC58*ufoGC107*ufoGC81*ufoGC85
       - 1/8*g_(1,6_,nu10)*FT2(g6)*g_(2,p4)*cFT(nu14,XX,i2,iufo11)*cFT(g7,XX,
      iufo11,j11)*flavourTag(fvm,j11,j12)*Vec(nu10,q3)*Vec(nu14,-q2)*Vec(nu13,
      -q2)*Vec(nu13,q3)*Deng(p4,xiw,0)*Deng(q2 + q3,xiw,M3)^2*Deng(p4 - q2 - 
      q3,xiz,M4)^2*xiz*ufoGC58*ufoGC107*ufoGC81*ufoGC85
       - 1/8*g_(1,6_,nu10)*FT2(g6)*g_(2,p4)*cFT(nu14,XX,i2,iufo11)*cFT(g7,XX,
      iufo11,j11)*flavourTag(fvm,j11,j12)*Vec(nu10,q3)*Vec(nu14,-q2)*Vec(nu13,
      -q3)*Vec(nu13,q2)*Deng(p4,xiw,0)*Deng(q2 + q3,xiw,M3)^2*Deng(p4 - q2 - 
      q3,xiz,M4)^2*xiz*ufoGC58*ufoGC107*ufoGC81*ufoGC85
       - 1/8*g_(1,6_,nu10)*FT2(g6)*g_(2,p4)*cFT(nu14,XX,i2,iufo11)*cFT(g7,XX,
      iufo11,j11)*flavourTag(fvm,j11,j12)*Vec(nu10,q3)*Vec(nu14,-q2)*Vec(nu13,
      -q3)*Vec(nu13,q3)*Deng(p4,xiw,0)*Deng(q2 + q3,xiw,M3)^2*Deng(p4 - q2 - 
      q3,xiz,M4)^2*xiz*ufoGC58*ufoGC107*ufoGC81*ufoGC85
       - 1/8*g_(1,6_,nu10)*FT2(g6)*g_(2,p4)*cFT(nu14,XX,i2,iufo11)*cFT(g7,XX,
      iufo11,j11)*flavourTag(fvm,j11,j12)*Vec(nu10,q3)*Vec(nu14,-q3)*Vec(nu13,
      q2)*Vecr(nu13,p4)*Deng(p4,xiw,0)*Deng(q2 + q3,xiw,M3)^2*Deng(p4 - q2 - 
      q3,xiz,M4)^2*xiz*ufoGC58*ufoGC107*ufoGC81*ufoGC85
       - 1/8*g_(1,6_,nu10)*FT2(g6)*g_(2,p4)*cFT(nu14,XX,i2,iufo11)*cFT(g7,XX,
      iufo11,j11)*flavourTag(fvm,j11,j12)*Vec(nu10,q3)*Vec(nu14,-q3)*Vec(nu13,
      q3)*Vecr(nu13,p4)*Deng(p4,xiw,0)*Deng(q2 + q3,xiw,M3)^2*Deng(p4 - q2 - 
      q3,xiz,M4)^2*xiz*ufoGC58*ufoGC107*ufoGC81*ufoGC85
       - 1/8*g_(1,6_,nu10)*FT2(g6)*g_(2,p4)*cFT(nu14,XX,i2,iufo11)*cFT(g7,XX,
      iufo11,j11)*flavourTag(fvm,j11,j12)*Vec(nu10,q3)*Vec(nu14,-q3)*Vec(nu13,
      -q2)*Vec(nu13,q2)*Deng(p4,xiw,0)*Deng(q2 + q3,xiw,M3)^2*Deng(p4 - q2 - 
      q3,xiz,M4)^2*xiz*ufoGC58*ufoGC107*ufoGC81*ufoGC85
       - 1/8*g_(1,6_,nu10)*FT2(g6)*g_(2,p4)*cFT(nu14,XX,i2,iufo11)*cFT(g7,XX,
      iufo11,j11)*flavourTag(fvm,j11,j12)*Vec(nu10,q3)*Vec(nu14,-q3)*Vec(nu13,
      -q2)*Vec(nu13,q3)*Deng(p4,xiw,0)*Deng(q2 + q3,xiw,M3)^2*Deng(p4 - q2 - 
      q3,xiz,M4)^2*xiz*ufoGC58*ufoGC107*ufoGC81*ufoGC85
       - 1/8*g_(1,6_,nu10)*FT2(g6)*g_(2,p4)*cFT(nu14,XX,i2,iufo11)*cFT(g7,XX,
      iufo11,j11)*flavourTag(fvm,j11,j12)*Vec(nu10,q3)*Vec(nu14,-q3)*Vec(nu13,
      -q3)*Vec(nu13,q2)*Deng(p4,xiw,0)*Deng(q2 + q3,xiw,M3)^2*Deng(p4 - q2 - 
      q3,xiz,M4)^2*xiz*ufoGC58*ufoGC107*ufoGC81*ufoGC85
       - 1/8*g_(1,6_,nu10)*FT2(g6)*g_(2,p4)*cFT(nu14,XX,i2,iufo11)*cFT(g7,XX,
      iufo11,j11)*flavourTag(fvm,j11,j12)*Vec(nu10,q3)*Vec(nu14,-q3)*Vec(nu13,
      -q3)*Vec(nu13,q3)*Deng(p4,xiw,0)*Deng(q2 + q3,xiw,M3)^2*Deng(p4 - q2 - 
      q3,xiz,M4)^2*xiz*ufoGC58*ufoGC107*ufoGC81*ufoGC85
       - 1/8*g_(1,6_,nu10)*FT2(g6)*g_(2,p4)*cFT(nu14,XX,i2,iufo11)*cFT(g7,XX,
      iufo11,j11)*flavourTag(fvm,j11,j12)*Vec(nu10,q3)*Vec(nu13,q2)*Vecr(nu14,
      p4)*Vecr(nu13,p4)*Deng(p4,xiw,0)*Deng(q2 + q3,xiw,M3)^2*Deng(p4 - q2 - 
      q3,xiz,M4)^2*xiz*ufoGC58*ufoGC107*ufoGC81*ufoGC85
       - 1/8*g_(1,6_,nu10)*FT2(g6)*g_(2,p4)*cFT(nu14,XX,i2,iufo11)*cFT(g7,XX,
      iufo11,j11)*flavourTag(fvm,j11,j12)*Vec(nu10,q3)*Vec(nu13,q3)*Vecr(nu14,
      p4)*Vecr(nu13,p4)*Deng(p4,xiw,0)*Deng(q2 + q3,xiw,M3)^2*Deng(p4 - q2 - 
      q3,xiz,M4)^2*xiz*ufoGC58*ufoGC107*ufoGC81*ufoGC85
       - 1/8*g_(1,6_,nu10)*FT2(g6)*g_(2,p4)*cFT(nu14,XX,i2,iufo11)*cFT(g7,XX,
      iufo11,j11)*flavourTag(fvm,j11,j12)*Vec(nu10,q3)*Vec(nu13,-q2)*Vec(nu13,
      q2)*Vecr(nu14,p4)*Deng(p4,xiw,0)*Deng(q2 + q3,xiw,M3)^2*Deng(p4 - q2 - 
      q3,xiz,M4)^2*xiz*ufoGC58*ufoGC107*ufoGC81*ufoGC85
       - 1/8*g_(1,6_,nu10)*FT2(g6)*g_(2,p4)*cFT(nu14,XX,i2,iufo11)*cFT(g7,XX,
      iufo11,j11)*flavourTag(fvm,j11,j12)*Vec(nu10,q3)*Vec(nu13,-q2)*Vec(nu13,
      q3)*Vecr(nu14,p4)*Deng(p4,xiw,0)*Deng(q2 + q3,xiw,M3)^2*Deng(p4 - q2 - 
      q3,xiz,M4)^2*xiz*ufoGC58*ufoGC107*ufoGC81*ufoGC85
       - 1/8*g_(1,6_,nu10)*FT2(g6)*g_(2,p4)*cFT(nu14,XX,i2,iufo11)*cFT(g7,XX,
      iufo11,j11)*flavourTag(fvm,j11,j12)*Vec(nu10,q3)*Vec(nu13,-q3)*Vec(nu13,
      q2)*Vecr(nu14,p4)*Deng(p4,xiw,0)*Deng(q2 + q3,xiw,M3)^2*Deng(p4 - q2 - 
      q3,xiz,M4)^2*xiz*ufoGC58*ufoGC107*ufoGC81*ufoGC85
       - 1/8*g_(1,6_,nu10)*FT2(g6)*g_(2,p4)*cFT(nu14,XX,i2,iufo11)*cFT(g7,XX,
      iufo11,j11)*flavourTag(fvm,j11,j12)*Vec(nu10,q3)*Vec(nu13,-q3)*Vec(nu13,
      q3)*Vecr(nu14,p4)*Deng(p4,xiw,0)*Deng(q2 + q3,xiw,M3)^2*Deng(p4 - q2 - 
      q3,xiz,M4)^2*xiz*ufoGC58*ufoGC107*ufoGC81*ufoGC85
       + 1/8*g_(1,6_,nu10)*FT2(g6)*g_(2,q3)*cFT(nu14,XX,i2,iufo11)*cFT(g7,XX,
      iufo11,j11)*flavourTag(fvm,j11,j12)*Vec(nu10,q2)*Vec(nu14,-q2)*Vec(nu13,
      q2)*Vecr(nu13,p4)*Deng(p4,xiw,0)*Deng(q2 + q3,xiw,M3)^2*Deng(p4 - q2 - 
      q3,xiz,M4)^2*xiz*ufoGC58*ufoGC107*ufoGC81*ufoGC85
       + 1/8*g_(1,6_,nu10)*FT2(g6)*g_(2,q3)*cFT(nu14,XX,i2,iufo11)*cFT(g7,XX,
      iufo11,j11)*flavourTag(fvm,j11,j12)*Vec(nu10,q2)*Vec(nu14,-q2)*Vec(nu13,
      q3)*Vecr(nu13,p4)*Deng(p4,xiw,0)*Deng(q2 + q3,xiw,M3)^2*Deng(p4 - q2 - 
      q3,xiz,M4)^2*xiz*ufoGC58*ufoGC107*ufoGC81*ufoGC85
       + 1/8*g_(1,6_,nu10)*FT2(g6)*g_(2,q3)*cFT(nu14,XX,i2,iufo11)*cFT(g7,XX,
      iufo11,j11)*flavourTag(fvm,j11,j12)*Vec(nu10,q2)*Vec(nu14,-q2)*Vec(nu13,
      -q2)*Vec(nu13,q2)*Deng(p4,xiw,0)*Deng(q2 + q3,xiw,M3)^2*Deng(p4 - q2 - 
      q3,xiz,M4)^2*xiz*ufoGC58*ufoGC107*ufoGC81*ufoGC85
       + 1/8*g_(1,6_,nu10)*FT2(g6)*g_(2,q3)*cFT(nu14,XX,i2,iufo11)*cFT(g7,XX,
      iufo11,j11)*flavourTag(fvm,j11,j12)*Vec(nu10,q2)*Vec(nu14,-q2)*Vec(nu13,
      -q2)*Vec(nu13,q3)*Deng(p4,xiw,0)*Deng(q2 + q3,xiw,M3)^2*Deng(p4 - q2 - 
      q3,xiz,M4)^2*xiz*ufoGC58*ufoGC107*ufoGC81*ufoGC85
       + 1/8*g_(1,6_,nu10)*FT2(g6)*g_(2,q3)*cFT(nu14,XX,i2,iufo11)*cFT(g7,XX,
      iufo11,j11)*flavourTag(fvm,j11,j12)*Vec(nu10,q2)*Vec(nu14,-q2)*Vec(nu13,
      -q3)*Vec(nu13,q2)*Deng(p4,xiw,0)*Deng(q2 + q3,xiw,M3)^2*Deng(p4 - q2 - 
      q3,xiz,M4)^2*xiz*ufoGC58*ufoGC107*ufoGC81*ufoGC85
       + 1/8*g_(1,6_,nu10)*FT2(g6)*g_(2,q3)*cFT(nu14,XX,i2,iufo11)*cFT(g7,XX,
      iufo11,j11)*flavourTag(fvm,j11,j12)*Vec(nu10,q2)*Vec(nu14,-q2)*Vec(nu13,
      -q3)*Vec(nu13,q3)*Deng(p4,xiw,0)*Deng(q2 + q3,xiw,M3)^2*Deng(p4 - q2 - 
      q3,xiz,M4)^2*xiz*ufoGC58*ufoGC107*ufoGC81*ufoGC85
       + 1/8*g_(1,6_,nu10)*FT2(g6)*g_(2,q3)*cFT(nu14,XX,i2,iufo11)*cFT(g7,XX,
      iufo11,j11)*flavourTag(fvm,j11,j12)*Vec(nu10,q2)*Vec(nu14,-q3)*Vec(nu13,
      q2)*Vecr(nu13,p4)*Deng(p4,xiw,0)*Deng(q2 + q3,xiw,M3)^2*Deng(p4 - q2 - 
      q3,xiz,M4)^2*xiz*ufoGC58*ufoGC107*ufoGC81*ufoGC85
       + 1/8*g_(1,6_,nu10)*FT2(g6)*g_(2,q3)*cFT(nu14,XX,i2,iufo11)*cFT(g7,XX,
      iufo11,j11)*flavourTag(fvm,j11,j12)*Vec(nu10,q2)*Vec(nu14,-q3)*Vec(nu13,
      q3)*Vecr(nu13,p4)*Deng(p4,xiw,0)*Deng(q2 + q3,xiw,M3)^2*Deng(p4 - q2 - 
      q3,xiz,M4)^2*xiz*ufoGC58*ufoGC107*ufoGC81*ufoGC85
       + 1/8*g_(1,6_,nu10)*FT2(g6)*g_(2,q3)*cFT(nu14,XX,i2,iufo11)*cFT(g7,XX,
      iufo11,j11)*flavourTag(fvm,j11,j12)*Vec(nu10,q2)*Vec(nu14,-q3)*Vec(nu13,
      -q2)*Vec(nu13,q2)*Deng(p4,xiw,0)*Deng(q2 + q3,xiw,M3)^2*Deng(p4 - q2 - 
      q3,xiz,M4)^2*xiz*ufoGC58*ufoGC107*ufoGC81*ufoGC85
       + 1/8*g_(1,6_,nu10)*FT2(g6)*g_(2,q3)*cFT(nu14,XX,i2,iufo11)*cFT(g7,XX,
      iufo11,j11)*flavourTag(fvm,j11,j12)*Vec(nu10,q2)*Vec(nu14,-q3)*Vec(nu13,
      -q2)*Vec(nu13,q3)*Deng(p4,xiw,0)*Deng(q2 + q3,xiw,M3)^2*Deng(p4 - q2 - 
      q3,xiz,M4)^2*xiz*ufoGC58*ufoGC107*ufoGC81*ufoGC85
       + 1/8*g_(1,6_,nu10)*FT2(g6)*g_(2,q3)*cFT(nu14,XX,i2,iufo11)*cFT(g7,XX,
      iufo11,j11)*flavourTag(fvm,j11,j12)*Vec(nu10,q2)*Vec(nu14,-q3)*Vec(nu13,
      -q3)*Vec(nu13,q2)*Deng(p4,xiw,0)*Deng(q2 + q3,xiw,M3)^2*Deng(p4 - q2 - 
      q3,xiz,M4)^2*xiz*ufoGC58*ufoGC107*ufoGC81*ufoGC85
       + 1/8*g_(1,6_,nu10)*FT2(g6)*g_(2,q3)*cFT(nu14,XX,i2,iufo11)*cFT(g7,XX,
      iufo11,j11)*flavourTag(fvm,j11,j12)*Vec(nu10,q2)*Vec(nu14,-q3)*Vec(nu13,
      -q3)*Vec(nu13,q3)*Deng(p4,xiw,0)*Deng(q2 + q3,xiw,M3)^2*Deng(p4 - q2 - 
      q3,xiz,M4)^2*xiz*ufoGC58*ufoGC107*ufoGC81*ufoGC85
       + 1/8*g_(1,6_,nu10)*FT2(g6)*g_(2,q3)*cFT(nu14,XX,i2,iufo11)*cFT(g7,XX,
      iufo11,j11)*flavourTag(fvm,j11,j12)*Vec(nu10,q2)*Vec(nu13,q2)*Vecr(nu14,
      p4)*Vecr(nu13,p4)*Deng(p4,xiw,0)*Deng(q2 + q3,xiw,M3)^2*Deng(p4 - q2 - 
      q3,xiz,M4)^2*xiz*ufoGC58*ufoGC107*ufoGC81*ufoGC85
       + 1/8*g_(1,6_,nu10)*FT2(g6)*g_(2,q3)*cFT(nu14,XX,i2,iufo11)*cFT(g7,XX,
      iufo11,j11)*flavourTag(fvm,j11,j12)*Vec(nu10,q2)*Vec(nu13,q3)*Vecr(nu14,
      p4)*Vecr(nu13,p4)*Deng(p4,xiw,0)*Deng(q2 + q3,xiw,M3)^2*Deng(p4 - q2 - 
      q3,xiz,M4)^2*xiz*ufoGC58*ufoGC107*ufoGC81*ufoGC85
       + 1/8*g_(1,6_,nu10)*FT2(g6)*g_(2,q3)*cFT(nu14,XX,i2,iufo11)*cFT(g7,XX,
      iufo11,j11)*flavourTag(fvm,j11,j12)*Vec(nu10,q2)*Vec(nu13,-q2)*Vec(nu13,
      q2)*Vecr(nu14,p4)*Deng(p4,xiw,0)*Deng(q2 + q3,xiw,M3)^2*Deng(p4 - q2 - 
      q3,xiz,M4)^2*xiz*ufoGC58*ufoGC107*ufoGC81*ufoGC85
       + 1/8*g_(1,6_,nu10)*FT2(g6)*g_(2,q3)*cFT(nu14,XX,i2,iufo11)*cFT(g7,XX,
      iufo11,j11)*flavourTag(fvm,j11,j12)*Vec(nu10,q2)*Vec(nu13,-q2)*Vec(nu13,
      q3)*Vecr(nu14,p4)*Deng(p4,xiw,0)*Deng(q2 + q3,xiw,M3)^2*Deng(p4 - q2 - 
      q3,xiz,M4)^2*xiz*ufoGC58*ufoGC107*ufoGC81*ufoGC85
       + 1/8*g_(1,6_,nu10)*FT2(g6)*g_(2,q3)*cFT(nu14,XX,i2,iufo11)*cFT(g7,XX,
      iufo11,j11)*flavourTag(fvm,j11,j12)*Vec(nu10,q2)*Vec(nu13,-q3)*Vec(nu13,
      q2)*Vecr(nu14,p4)*Deng(p4,xiw,0)*Deng(q2 + q3,xiw,M3)^2*Deng(p4 - q2 - 
      q3,xiz,M4)^2*xiz*ufoGC58*ufoGC107*ufoGC81*ufoGC85
       + 1/8*g_(1,6_,nu10)*FT2(g6)*g_(2,q3)*cFT(nu14,XX,i2,iufo11)*cFT(g7,XX,
      iufo11,j11)*flavourTag(fvm,j11,j12)*Vec(nu10,q2)*Vec(nu13,-q3)*Vec(nu13,
      q3)*Vecr(nu14,p4)*Deng(p4,xiw,0)*Deng(q2 + q3,xiw,M3)^2*Deng(p4 - q2 - 
      q3,xiz,M4)^2*xiz*ufoGC58*ufoGC107*ufoGC81*ufoGC85
       + 1/8*g_(1,6_,nu10)*FT2(g6)*g_(2,q3)*cFT(nu14,XX,i2,iufo11)*cFT(g7,XX,
      iufo11,j11)*flavourTag(fvm,j11,j12)*Vec(nu10,q3)*Vec(nu14,-q2)*Vec(nu13,
      q2)*Vecr(nu13,p4)*Deng(p4,xiw,0)*Deng(q2 + q3,xiw,M3)^2*Deng(p4 - q2 - 
      q3,xiz,M4)^2*xiz*ufoGC58*ufoGC107*ufoGC81*ufoGC85
       + 1/8*g_(1,6_,nu10)*FT2(g6)*g_(2,q3)*cFT(nu14,XX,i2,iufo11)*cFT(g7,XX,
      iufo11,j11)*flavourTag(fvm,j11,j12)*Vec(nu10,q3)*Vec(nu14,-q2)*Vec(nu13,
      q3)*Vecr(nu13,p4)*Deng(p4,xiw,0)*Deng(q2 + q3,xiw,M3)^2*Deng(p4 - q2 - 
      q3,xiz,M4)^2*xiz*ufoGC58*ufoGC107*ufoGC81*ufoGC85
       + 1/8*g_(1,6_,nu10)*FT2(g6)*g_(2,q3)*cFT(nu14,XX,i2,iufo11)*cFT(g7,XX,
      iufo11,j11)*flavourTag(fvm,j11,j12)*Vec(nu10,q3)*Vec(nu14,-q2)*Vec(nu13,
      -q2)*Vec(nu13,q2)*Deng(p4,xiw,0)*Deng(q2 + q3,xiw,M3)^2*Deng(p4 - q2 - 
      q3,xiz,M4)^2*xiz*ufoGC58*ufoGC107*ufoGC81*ufoGC85
       + 1/8*g_(1,6_,nu10)*FT2(g6)*g_(2,q3)*cFT(nu14,XX,i2,iufo11)*cFT(g7,XX,
      iufo11,j11)*flavourTag(fvm,j11,j12)*Vec(nu10,q3)*Vec(nu14,-q2)*Vec(nu13,
      -q2)*Vec(nu13,q3)*Deng(p4,xiw,0)*Deng(q2 + q3,xiw,M3)^2*Deng(p4 - q2 - 
      q3,xiz,M4)^2*xiz*ufoGC58*ufoGC107*ufoGC81*ufoGC85
       + 1/8*g_(1,6_,nu10)*FT2(g6)*g_(2,q3)*cFT(nu14,XX,i2,iufo11)*cFT(g7,XX,
      iufo11,j11)*flavourTag(fvm,j11,j12)*Vec(nu10,q3)*Vec(nu14,-q2)*Vec(nu13,
      -q3)*Vec(nu13,q2)*Deng(p4,xiw,0)*Deng(q2 + q3,xiw,M3)^2*Deng(p4 - q2 - 
      q3,xiz,M4)^2*xiz*ufoGC58*ufoGC107*ufoGC81*ufoGC85
       + 1/8*g_(1,6_,nu10)*FT2(g6)*g_(2,q3)*cFT(nu14,XX,i2,iufo11)*cFT(g7,XX,
      iufo11,j11)*flavourTag(fvm,j11,j12)*Vec(nu10,q3)*Vec(nu14,-q2)*Vec(nu13,
      -q3)*Vec(nu13,q3)*Deng(p4,xiw,0)*Deng(q2 + q3,xiw,M3)^2*Deng(p4 - q2 - 
      q3,xiz,M4)^2*xiz*ufoGC58*ufoGC107*ufoGC81*ufoGC85
       + 1/8*g_(1,6_,nu10)*FT2(g6)*g_(2,q3)*cFT(nu14,XX,i2,iufo11)*cFT(g7,XX,
      iufo11,j11)*flavourTag(fvm,j11,j12)*Vec(nu10,q3)*Vec(nu14,-q3)*Vec(nu13,
      q2)*Vecr(nu13,p4)*Deng(p4,xiw,0)*Deng(q2 + q3,xiw,M3)^2*Deng(p4 - q2 - 
      q3,xiz,M4)^2*xiz*ufoGC58*ufoGC107*ufoGC81*ufoGC85
       + 1/8*g_(1,6_,nu10)*FT2(g6)*g_(2,q3)*cFT(nu14,XX,i2,iufo11)*cFT(g7,XX,
      iufo11,j11)*flavourTag(fvm,j11,j12)*Vec(nu10,q3)*Vec(nu14,-q3)*Vec(nu13,
      q3)*Vecr(nu13,p4)*Deng(p4,xiw,0)*Deng(q2 + q3,xiw,M3)^2*Deng(p4 - q2 - 
      q3,xiz,M4)^2*xiz*ufoGC58*ufoGC107*ufoGC81*ufoGC85
       + 1/8*g_(1,6_,nu10)*FT2(g6)*g_(2,q3)*cFT(nu14,XX,i2,iufo11)*cFT(g7,XX,
      iufo11,j11)*flavourTag(fvm,j11,j12)*Vec(nu10,q3)*Vec(nu14,-q3)*Vec(nu13,
      -q2)*Vec(nu13,q2)*Deng(p4,xiw,0)*Deng(q2 + q3,xiw,M3)^2*Deng(p4 - q2 - 
      q3,xiz,M4)^2*xiz*ufoGC58*ufoGC107*ufoGC81*ufoGC85
       + 1/8*g_(1,6_,nu10)*FT2(g6)*g_(2,q3)*cFT(nu14,XX,i2,iufo11)*cFT(g7,XX,
      iufo11,j11)*flavourTag(fvm,j11,j12)*Vec(nu10,q3)*Vec(nu14,-q3)*Vec(nu13,
      -q2)*Vec(nu13,q3)*Deng(p4,xiw,0)*Deng(q2 + q3,xiw,M3)^2*Deng(p4 - q2 - 
      q3,xiz,M4)^2*xiz*ufoGC58*ufoGC107*ufoGC81*ufoGC85
       + 1/8*g_(1,6_,nu10)*FT2(g6)*g_(2,q3)*cFT(nu14,XX,i2,iufo11)*cFT(g7,XX,
      iufo11,j11)*flavourTag(fvm,j11,j12)*Vec(nu10,q3)*Vec(nu14,-q3)*Vec(nu13,
      -q3)*Vec(nu13,q2)*Deng(p4,xiw,0)*Deng(q2 + q3,xiw,M3)^2*Deng(p4 - q2 - 
      q3,xiz,M4)^2*xiz*ufoGC58*ufoGC107*ufoGC81*ufoGC85
       + 1/8*g_(1,6_,nu10)*FT2(g6)*g_(2,q3)*cFT(nu14,XX,i2,iufo11)*cFT(g7,XX,
      iufo11,j11)*flavourTag(fvm,j11,j12)*Vec(nu10,q3)*Vec(nu14,-q3)*Vec(nu13,
      -q3)*Vec(nu13,q3)*Deng(p4,xiw,0)*Deng(q2 + q3,xiw,M3)^2*Deng(p4 - q2 - 
      q3,xiz,M4)^2*xiz*ufoGC58*ufoGC107*ufoGC81*ufoGC85
       + 1/8*g_(1,6_,nu10)*FT2(g6)*g_(2,q3)*cFT(nu14,XX,i2,iufo11)*cFT(g7,XX,
      iufo11,j11)*flavourTag(fvm,j11,j12)*Vec(nu10,q3)*Vec(nu13,q2)*Vecr(nu14,
      p4)*Vecr(nu13,p4)*Deng(p4,xiw,0)*Deng(q2 + q3,xiw,M3)^2*Deng(p4 - q2 - 
      q3,xiz,M4)^2*xiz*ufoGC58*ufoGC107*ufoGC81*ufoGC85
       + 1/8*g_(1,6_,nu10)*FT2(g6)*g_(2,q3)*cFT(nu14,XX,i2,iufo11)*cFT(g7,XX,
      iufo11,j11)*flavourTag(fvm,j11,j12)*Vec(nu10,q3)*Vec(nu13,q3)*Vecr(nu14,
      p4)*Vecr(nu13,p4)*Deng(p4,xiw,0)*Deng(q2 + q3,xiw,M3)^2*Deng(p4 - q2 - 
      q3,xiz,M4)^2*xiz*ufoGC58*ufoGC107*ufoGC81*ufoGC85
       + 1/8*g_(1,6_,nu10)*FT2(g6)*g_(2,q3)*cFT(nu14,XX,i2,iufo11)*cFT(g7,XX,
      iufo11,j11)*flavourTag(fvm,j11,j12)*Vec(nu10,q3)*Vec(nu13,-q2)*Vec(nu13,
      q2)*Vecr(nu14,p4)*Deng(p4,xiw,0)*Deng(q2 + q3,xiw,M3)^2*Deng(p4 - q2 - 
      q3,xiz,M4)^2*xiz*ufoGC58*ufoGC107*ufoGC81*ufoGC85
       + 1/8*g_(1,6_,nu10)*FT2(g6)*g_(2,q3)*cFT(nu14,XX,i2,iufo11)*cFT(g7,XX,
      iufo11,j11)*flavourTag(fvm,j11,j12)*Vec(nu10,q3)*Vec(nu13,-q2)*Vec(nu13,
      q3)*Vecr(nu14,p4)*Deng(p4,xiw,0)*Deng(q2 + q3,xiw,M3)^2*Deng(p4 - q2 - 
      q3,xiz,M4)^2*xiz*ufoGC58*ufoGC107*ufoGC81*ufoGC85
       + 1/8*g_(1,6_,nu10)*FT2(g6)*g_(2,q3)*cFT(nu14,XX,i2,iufo11)*cFT(g7,XX,
      iufo11,j11)*flavourTag(fvm,j11,j12)*Vec(nu10,q3)*Vec(nu13,-q3)*Vec(nu13,
      q2)*Vecr(nu14,p4)*Deng(p4,xiw,0)*Deng(q2 + q3,xiw,M3)^2*Deng(p4 - q2 - 
      q3,xiz,M4)^2*xiz*ufoGC58*ufoGC107*ufoGC81*ufoGC85
       + 1/8*g_(1,6_,nu10)*FT2(g6)*g_(2,q3)*cFT(nu14,XX,i2,iufo11)*cFT(g7,XX,
      iufo11,j11)*flavourTag(fvm,j11,j12)*Vec(nu10,q3)*Vec(nu13,-q3)*Vec(nu13,
      q3)*Vecr(nu14,p4)*Deng(p4,xiw,0)*Deng(q2 + q3,xiw,M3)^2*Deng(p4 - q2 - 
      q3,xiz,M4)^2*xiz*ufoGC58*ufoGC107*ufoGC81*ufoGC85
       + 1/8*g_(1,6_,nu13)*FT2(g6)*g_(2,p4)*cFT(nu14,XX,i2,iufo11)*cFT(g7,XX,
      iufo11,j11)*flavourTag(fvm,j11,j12)*Vec(nu14,-q2)*Vec(nu13,-q2)*Deng(p4,
      xiw,0)*Deng(q2 + q3,xiw,M3)*Deng(p4 - q2 - q3,xiz,M4)^2*xiz*ufoGC58*
      ufoGC107*ufoGC81*ufoGC85
       + 1/8*g_(1,6_,nu13)*FT2(g6)*g_(2,p4)*cFT(nu14,XX,i2,iufo11)*cFT(g7,XX,
      iufo11,j11)*flavourTag(fvm,j11,j12)*Vec(nu14,-q2)*Vec(nu13,-q3)*Deng(p4,
      xiw,0)*Deng(q2 + q3,xiw,M3)*Deng(p4 - q2 - q3,xiz,M4)^2*xiz*ufoGC58*
      ufoGC107*ufoGC81*ufoGC85
       + 1/8*g_(1,6_,nu13)*FT2(g6)*g_(2,p4)*cFT(nu14,XX,i2,iufo11)*cFT(g7,XX,
      iufo11,j11)*flavourTag(fvm,j11,j12)*Vec(nu14,-q2)*Vecr(nu13,p4)*Deng(p4,
      xiw,0)*Deng(q2 + q3,xiw,M3)*Deng(p4 - q2 - q3,xiz,M4)^2*xiz*ufoGC58*
      ufoGC107*ufoGC81*ufoGC85
       + 1/8*g_(1,6_,nu13)*FT2(g6)*g_(2,p4)*cFT(nu14,XX,i2,iufo11)*cFT(g7,XX,
      iufo11,j11)*flavourTag(fvm,j11,j12)*Vec(nu14,-q3)*Vec(nu13,-q2)*Deng(p4,
      xiw,0)*Deng(q2 + q3,xiw,M3)*Deng(p4 - q2 - q3,xiz,M4)^2*xiz*ufoGC58*
      ufoGC107*ufoGC81*ufoGC85
       + 1/8*g_(1,6_,nu13)*FT2(g6)*g_(2,p4)*cFT(nu14,XX,i2,iufo11)*cFT(g7,XX,
      iufo11,j11)*flavourTag(fvm,j11,j12)*Vec(nu14,-q3)*Vec(nu13,-q3)*Deng(p4,
      xiw,0)*Deng(q2 + q3,xiw,M3)*Deng(p4 - q2 - q3,xiz,M4)^2*xiz*ufoGC58*
      ufoGC107*ufoGC81*ufoGC85
       + 1/8*g_(1,6_,nu13)*FT2(g6)*g_(2,p4)*cFT(nu14,XX,i2,iufo11)*cFT(g7,XX,
      iufo11,j11)*flavourTag(fvm,j11,j12)*Vec(nu14,-q3)*Vecr(nu13,p4)*Deng(p4,
      xiw,0)*Deng(q2 + q3,xiw,M3)*Deng(p4 - q2 - q3,xiz,M4)^2*xiz*ufoGC58*
      ufoGC107*ufoGC81*ufoGC85
       + 1/8*g_(1,6_,nu13)*FT2(g6)*g_(2,p4)*cFT(nu14,XX,i2,iufo11)*cFT(g7,XX,
      iufo11,j11)*flavourTag(fvm,j11,j12)*Vec(nu13,-q2)*Vecr(nu14,p4)*Deng(p4,
      xiw,0)*Deng(q2 + q3,xiw,M3)*Deng(p4 - q2 - q3,xiz,M4)^2*xiz*ufoGC58*
      ufoGC107*ufoGC81*ufoGC85
       + 1/8*g_(1,6_,nu13)*FT2(g6)*g_(2,p4)*cFT(nu14,XX,i2,iufo11)*cFT(g7,XX,
      iufo11,j11)*flavourTag(fvm,j11,j12)*Vec(nu13,-q3)*Vecr(nu14,p4)*Deng(p4,
      xiw,0)*Deng(q2 + q3,xiw,M3)*Deng(p4 - q2 - q3,xiz,M4)^2*xiz*ufoGC58*
      ufoGC107*ufoGC81*ufoGC85
       + 1/8*g_(1,6_,nu13)*FT2(g6)*g_(2,p4)*cFT(nu14,XX,i2,iufo11)*cFT(g7,XX,
      iufo11,j11)*flavourTag(fvm,j11,j12)*Vecr(nu14,p4)*Vecr(nu13,p4)*Deng(p4,
      xiw,0)*Deng(q2 + q3,xiw,M3)*Deng(p4 - q2 - q3,xiz,M4)^2*xiz*ufoGC58*
      ufoGC107*ufoGC81*ufoGC85
       - 1/8*g_(1,6_,nu13)*FT2(g6)*g_(2,q3)*cFT(nu14,XX,i2,iufo11)*cFT(g7,XX,
      iufo11,j11)*flavourTag(fvm,j11,j12)*Vec(nu14,-q2)*Vec(nu13,-q2)*Deng(p4,
      xiw,0)*Deng(q2 + q3,xiw,M3)*Deng(p4 - q2 - q3,xiz,M4)^2*xiz*ufoGC58*
      ufoGC107*ufoGC81*ufoGC85
       - 1/8*g_(1,6_,nu13)*FT2(g6)*g_(2,q3)*cFT(nu14,XX,i2,iufo11)*cFT(g7,XX,
      iufo11,j11)*flavourTag(fvm,j11,j12)*Vec(nu14,-q2)*Vec(nu13,-q3)*Deng(p4,
      xiw,0)*Deng(q2 + q3,xiw,M3)*Deng(p4 - q2 - q3,xiz,M4)^2*xiz*ufoGC58*
      ufoGC107*ufoGC81*ufoGC85
       - 1/8*g_(1,6_,nu13)*FT2(g6)*g_(2,q3)*cFT(nu14,XX,i2,iufo11)*cFT(g7,XX,
      iufo11,j11)*flavourTag(fvm,j11,j12)*Vec(nu14,-q2)*Vecr(nu13,p4)*Deng(p4,
      xiw,0)*Deng(q2 + q3,xiw,M3)*Deng(p4 - q2 - q3,xiz,M4)^2*xiz*ufoGC58*
      ufoGC107*ufoGC81*ufoGC85
       - 1/8*g_(1,6_,nu13)*FT2(g6)*g_(2,q3)*cFT(nu14,XX,i2,iufo11)*cFT(g7,XX,
      iufo11,j11)*flavourTag(fvm,j11,j12)*Vec(nu14,-q3)*Vec(nu13,-q2)*Deng(p4,
      xiw,0)*Deng(q2 + q3,xiw,M3)*Deng(p4 - q2 - q3,xiz,M4)^2*xiz*ufoGC58*
      ufoGC107*ufoGC81*ufoGC85
       - 1/8*g_(1,6_,nu13)*FT2(g6)*g_(2,q3)*cFT(nu14,XX,i2,iufo11)*cFT(g7,XX,
      iufo11,j11)*flavourTag(fvm,j11,j12)*Vec(nu14,-q3)*Vec(nu13,-q3)*Deng(p4,
      xiw,0)*Deng(q2 + q3,xiw,M3)*Deng(p4 - q2 - q3,xiz,M4)^2*xiz*ufoGC58*
      ufoGC107*ufoGC81*ufoGC85
       - 1/8*g_(1,6_,nu13)*FT2(g6)*g_(2,q3)*cFT(nu14,XX,i2,iufo11)*cFT(g7,XX,
      iufo11,j11)*flavourTag(fvm,j11,j12)*Vec(nu14,-q3)*Vecr(nu13,p4)*Deng(p4,
      xiw,0)*Deng(q2 + q3,xiw,M3)*Deng(p4 - q2 - q3,xiz,M4)^2*xiz*ufoGC58*
      ufoGC107*ufoGC81*ufoGC85
       - 1/8*g_(1,6_,nu13)*FT2(g6)*g_(2,q3)*cFT(nu14,XX,i2,iufo11)*cFT(g7,XX,
      iufo11,j11)*flavourTag(fvm,j11,j12)*Vec(nu13,-q2)*Vecr(nu14,p4)*Deng(p4,
      xiw,0)*Deng(q2 + q3,xiw,M3)*Deng(p4 - q2 - q3,xiz,M4)^2*xiz*ufoGC58*
      ufoGC107*ufoGC81*ufoGC85
       - 1/8*g_(1,6_,nu13)*FT2(g6)*g_(2,q3)*cFT(nu14,XX,i2,iufo11)*cFT(g7,XX,
      iufo11,j11)*flavourTag(fvm,j11,j12)*Vec(nu13,-q3)*Vecr(nu14,p4)*Deng(p4,
      xiw,0)*Deng(q2 + q3,xiw,M3)*Deng(p4 - q2 - q3,xiz,M4)^2*xiz*ufoGC58*
      ufoGC107*ufoGC81*ufoGC85
       - 1/8*g_(1,6_,nu13)*FT2(g6)*g_(2,q3)*cFT(nu14,XX,i2,iufo11)*cFT(g7,XX,
      iufo11,j11)*flavourTag(fvm,j11,j12)*Vecr(nu14,p4)*Vecr(nu13,p4)*Deng(p4,
      xiw,0)*Deng(q2 + q3,xiw,M3)*Deng(p4 - q2 - q3,xiz,M4)^2*xiz*ufoGC58*
      ufoGC107*ufoGC81*ufoGC85
      ;

  0.00 sec out of 0.00 sec
