FORM 5.0.0-beta.1 (Jan 15 2026, v5.0.0-beta.1-292-g4341c63)  Run: Thu Mar  5 16:57:08 2026
    #-

   d1l261amp =

       + Den(p4,xiw,M3)^2*Den( - p4 + q2 + q3,0,0)^2 * (
          - 1/4*g_(1,6_,nu9)*FT1*g_(2,nu15)*cFT(nu9,XX,j14,i3)*cFT(p4 - q2,0,
         XX,j13,j14)*cFT(nu15,XX,i2,iufo13)*cFT(g7,XX,iufo13,j13)/(d^3 + d^2
          - 2*d)*flavourTag(fe,j11,j12)*flavourTag(fmu,j13,j14)*p4.p4^2*d*xia*
         xiw*ufoGC58^2*ufoGC3^2
          + 1/4*g_(1,6_,nu9)*FT1*g_(2,nu15)*cFT(nu9,XX,j14,i3)*cFT(p4 - q2,0,
         XX,j13,j14)*cFT(nu15,XX,i2,iufo13)*cFT(g7,XX,iufo13,j13)/(d^3 + d^2
          - 2*d)*flavourTag(fe,j11,j12)*flavourTag(fmu,j13,j14)*p4.p4^2*d*xiw*
         ufoGC58^2*ufoGC3^2
          + 1/4*g_(1,6_,nu9)*FT1*g_(2,nu15)*cFT(nu9,XX,j14,i3)*cFT(p4 - q2,0,
         XX,j13,j14)*cFT(nu15,XX,i2,iufo13)*cFT(g7,XX,iufo13,j13)/(d^3 + d^2
          - 2*d)*flavourTag(fe,j11,j12)*flavourTag(fmu,j13,j14)*p4.p4^2*xia*
         xiw*ufoGC58^2*ufoGC3^2
          - 1/4*g_(1,6_,nu9)*FT1*g_(2,nu15)*cFT(nu9,XX,j14,i3)*cFT(p4 - q2,0,
         XX,j13,j14)*cFT(nu15,XX,i2,iufo13)*cFT(g7,XX,iufo13,j13)/(d^3 + d^2
          - 2*d)*flavourTag(fe,j11,j12)*flavourTag(fmu,j13,j14)*p4.p4^2*xiw*
         ufoGC58^2*ufoGC3^2
          - 1/4*g_(1,6_,nu15)*FT1*g_(2,nu10)*cFT(nu9,XX,j14,i3)*cFT(p4 - q2,0,
         XX,j13,j14)*cFT(nu15,XX,i2,iufo13)*cFT(g7,XX,iufo13,j13)*flavourTag(
         fe,j11,j12)*flavourTag(fmu,j13,j14)*Vec(nu10,q2)*Vec(nu9,q2)*p4.p4*
         d^-1*xia*xiw*ufoGC58^2*ufoGC3^2
          + 1/4*g_(1,6_,nu15)*FT1*g_(2,nu10)*cFT(nu9,XX,j14,i3)*cFT(p4 - q2,0,
         XX,j13,j14)*cFT(nu15,XX,i2,iufo13)*cFT(g7,XX,iufo13,j13)*flavourTag(
         fe,j11,j12)*flavourTag(fmu,j13,j14)*Vec(nu10,q2)*Vec(nu9,q2)*p4.p4*
         d^-1*xiw*ufoGC58^2*ufoGC3^2
          - 1/4*g_(1,6_,nu15)*FT1*g_(2,nu10)*cFT(nu9,XX,j14,i3)*cFT(p4 - q2,0,
         XX,j13,j14)*cFT(nu15,XX,i2,iufo13)*cFT(g7,XX,iufo13,j13)*flavourTag(
         fe,j11,j12)*flavourTag(fmu,j13,j14)*Vec(nu10,q2)*Vec(nu9,q3)*p4.p4*
         d^-1*xia*xiw*ufoGC58^2*ufoGC3^2
          + 1/4*g_(1,6_,nu15)*FT1*g_(2,nu10)*cFT(nu9,XX,j14,i3)*cFT(p4 - q2,0,
         XX,j13,j14)*cFT(nu15,XX,i2,iufo13)*cFT(g7,XX,iufo13,j13)*flavourTag(
         fe,j11,j12)*flavourTag(fmu,j13,j14)*Vec(nu10,q2)*Vec(nu9,q3)*p4.p4*
         d^-1*xiw*ufoGC58^2*ufoGC3^2
          - 1/4*g_(1,6_,nu15)*FT1*g_(2,nu10)*cFT(nu9,XX,j14,i3)*cFT(p4 - q2,0,
         XX,j13,j14)*cFT(nu15,XX,i2,iufo13)*cFT(g7,XX,iufo13,j13)*flavourTag(
         fe,j11,j12)*flavourTag(fmu,j13,j14)*Vec(nu10,q3)*Vec(nu9,q2)*p4.p4*
         d^-1*xia*xiw*ufoGC58^2*ufoGC3^2
          + 1/4*g_(1,6_,nu15)*FT1*g_(2,nu10)*cFT(nu9,XX,j14,i3)*cFT(p4 - q2,0,
         XX,j13,j14)*cFT(nu15,XX,i2,iufo13)*cFT(g7,XX,iufo13,j13)*flavourTag(
         fe,j11,j12)*flavourTag(fmu,j13,j14)*Vec(nu10,q3)*Vec(nu9,q2)*p4.p4*
         d^-1*xiw*ufoGC58^2*ufoGC3^2
          - 1/4*g_(1,6_,nu15)*FT1*g_(2,nu10)*cFT(nu9,XX,j14,i3)*cFT(p4 - q2,0,
         XX,j13,j14)*cFT(nu15,XX,i2,iufo13)*cFT(g7,XX,iufo13,j13)*flavourTag(
         fe,j11,j12)*flavourTag(fmu,j13,j14)*Vec(nu10,q3)*Vec(nu9,q3)*p4.p4*
         d^-1*xia*xiw*ufoGC58^2*ufoGC3^2
          + 1/4*g_(1,6_,nu15)*FT1*g_(2,nu10)*cFT(nu9,XX,j14,i3)*cFT(p4 - q2,0,
         XX,j13,j14)*cFT(nu15,XX,i2,iufo13)*cFT(g7,XX,iufo13,j13)*flavourTag(
         fe,j11,j12)*flavourTag(fmu,j13,j14)*Vec(nu10,q3)*Vec(nu9,q3)*p4.p4*
         d^-1*xiw*ufoGC58^2*ufoGC3^2
          - 1/4*g_(1,6_,nu15)*FT1*g_(2,nu9)*cFT(nu9,XX,j14,i3)*cFT(p4 - q2,0,
         XX,j13,j14)*cFT(nu15,XX,i2,iufo13)*cFT(g7,XX,iufo13,j13)/(d^3 + d^2
          - 2*d)*flavourTag(fe,j11,j12)*flavourTag(fmu,j13,j14)*p4.p4^2*d*xia*
         xiw*ufoGC58^2*ufoGC3^2
          + 1/4*g_(1,6_,nu15)*FT1*g_(2,nu9)*cFT(nu9,XX,j14,i3)*cFT(p4 - q2,0,
         XX,j13,j14)*cFT(nu15,XX,i2,iufo13)*cFT(g7,XX,iufo13,j13)/(d^3 + d^2
          - 2*d)*flavourTag(fe,j11,j12)*flavourTag(fmu,j13,j14)*p4.p4^2*d*xiw*
         ufoGC58^2*ufoGC3^2
          + 1/4*g_(1,6_,nu15)*FT1*g_(2,nu9)*cFT(nu9,XX,j14,i3)*cFT(p4 - q2,0,
         XX,j13,j14)*cFT(nu15,XX,i2,iufo13)*cFT(g7,XX,iufo13,j13)/(d^3 + d^2
          - 2*d)*flavourTag(fe,j11,j12)*flavourTag(fmu,j13,j14)*p4.p4^2*xia*
         xiw*ufoGC58^2*ufoGC3^2
          - 1/4*g_(1,6_,nu15)*FT1*g_(2,nu9)*cFT(nu9,XX,j14,i3)*cFT(p4 - q2,0,
         XX,j13,j14)*cFT(nu15,XX,i2,iufo13)*cFT(g7,XX,iufo13,j13)/(d^3 + d^2
          - 2*d)*flavourTag(fe,j11,j12)*flavourTag(fmu,j13,j14)*p4.p4^2*xiw*
         ufoGC58^2*ufoGC3^2
          )

       + Den(p4,xiw,M3)^2*Den( - p4 + q2 + q3,0,0) * (
          - 1/4*g_(1,6_,nu15)*FT1*g_(2,nu9)*cFT(nu9,XX,j14,i3)*cFT(p4 - q2,0,
         XX,j13,j14)*cFT(nu15,XX,i2,iufo13)*cFT(g7,XX,iufo13,j13)*flavourTag(
         fe,j11,j12)*flavourTag(fmu,j13,j14)*p4.p4*d^-1*xiw*ufoGC58^2*ufoGC3^2
          );

  0.00 sec out of 0.00 sec
