FORM 5.0.0-beta.1 (Jan 15 2026, v5.0.0-beta.1-292-g4341c63)  Run: Thu Mar  5 17:27:30 2026
    #-

   d1l263amp =

       + Den(p4,0,0)^2*Den(p4,xiw,M3)^2*Den(p4,xiz,M4)^2 * (
          - 1/16*g_(1,6_,nu9)*FT1*g_(2,6_,nu15)*cFT(nu9,XX,j14,iufo3)*cFT(g7,
         XX,iufo3,i3)*cFT(p4 - q2,0,XX,j13,j14)*cFT(nu15,XX,i2,iufo13)*cFT(g7,
         XX,iufo13,j13)/(d^3 + d^2 - 2*d)*flavourTag(fe,j11,j12)*flavourTag(
         fmu,j13,j14)*d*xiw*xiz*ufoGC58^2*ufoGC80^2
          + 1/16*g_(1,6_,nu9)*FT1*g_(2,6_,nu15)*cFT(nu9,XX,j14,iufo3)*cFT(g7,
         XX,iufo3,i3)*cFT(p4 - q2,0,XX,j13,j14)*cFT(nu15,XX,i2,iufo13)*cFT(g7,
         XX,iufo13,j13)/(d^3 + d^2 - 2*d)*flavourTag(fe,j11,j12)*flavourTag(
         fmu,j13,j14)*xiw*xiz*ufoGC58^2*ufoGC80^2
          - 1/16*g_(1,6_,nu9)*FT1*g_(2,6_,nu15)*cFT(nu9,XX,j14,iufo3)*cFT(g6,
         XX,iufo3,i3)*cFT(p4 - q2,0,XX,j13,j14)*cFT(nu15,XX,i2,iufo13)*cFT(g7,
         XX,iufo13,j13)/(d^3 + d^2 - 2*d)*flavourTag(fe,j11,j12)*flavourTag(
         fmu,j13,j14)*d*xiw*xiz*ufoGC58^2*ufoGC80*ufoGC76
          + 1/16*g_(1,6_,nu9)*FT1*g_(2,6_,nu15)*cFT(nu9,XX,j14,iufo3)*cFT(g6,
         XX,iufo3,i3)*cFT(p4 - q2,0,XX,j13,j14)*cFT(nu15,XX,i2,iufo13)*cFT(g7,
         XX,iufo13,j13)/(d^3 + d^2 - 2*d)*flavourTag(fe,j11,j12)*flavourTag(
         fmu,j13,j14)*xiw*xiz*ufoGC58^2*ufoGC80*ufoGC76
          - 1/16*g_(1,6_,nu9)*FT1*g_(2,nu15)*FT2(g6)*cFT(nu9,XX,j14,iufo3)*
         cFT(g7,XX,iufo3,i3)*cFT(p4 - q2,0,XX,j13,j14)*cFT(nu15,XX,i2,iufo13)*
         cFT(g7,XX,iufo13,j13)/(d^3 + d^2 - 2*d)*flavourTag(fe,j11,j12)*
         flavourTag(fmu,j13,j14)*d*xiw*xiz*ufoGC58^2*ufoGC80*ufoGC76
          + 1/16*g_(1,6_,nu9)*FT1*g_(2,nu15)*FT2(g6)*cFT(nu9,XX,j14,iufo3)*
         cFT(g7,XX,iufo3,i3)*cFT(p4 - q2,0,XX,j13,j14)*cFT(nu15,XX,i2,iufo13)*
         cFT(g7,XX,iufo13,j13)/(d^3 + d^2 - 2*d)*flavourTag(fe,j11,j12)*
         flavourTag(fmu,j13,j14)*xiw*xiz*ufoGC58^2*ufoGC80*ufoGC76
          - 1/16*g_(1,6_,nu9)*FT1*g_(2,nu15)*FT2(g6)*cFT(nu9,XX,j14,iufo3)*
         cFT(g6,XX,iufo3,i3)*cFT(p4 - q2,0,XX,j13,j14)*cFT(nu15,XX,i2,iufo13)*
         cFT(g7,XX,iufo13,j13)/(d^3 + d^2 - 2*d)*flavourTag(fe,j11,j12)*
         flavourTag(fmu,j13,j14)*d*xiw*xiz*ufoGC58^2*ufoGC76^2
          + 1/16*g_(1,6_,nu9)*FT1*g_(2,nu15)*FT2(g6)*cFT(nu9,XX,j14,iufo3)*
         cFT(g6,XX,iufo3,i3)*cFT(p4 - q2,0,XX,j13,j14)*cFT(nu15,XX,i2,iufo13)*
         cFT(g7,XX,iufo13,j13)/(d^3 + d^2 - 2*d)*flavourTag(fe,j11,j12)*
         flavourTag(fmu,j13,j14)*xiw*xiz*ufoGC58^2*ufoGC76^2
          - 1/16*g_(1,6_,nu15)*FT1*g_(2,6_,nu9)*cFT(nu9,XX,j14,iufo3)*cFT(g7,
         XX,iufo3,i3)*cFT(p4 - q2,0,XX,j13,j14)*cFT(nu15,XX,i2,iufo13)*cFT(g7,
         XX,iufo13,j13)/(d^3 + d^2 - 2*d)*flavourTag(fe,j11,j12)*flavourTag(
         fmu,j13,j14)*d*xiw*xiz*ufoGC58^2*ufoGC80^2
          + 1/16*g_(1,6_,nu15)*FT1*g_(2,6_,nu9)*cFT(nu9,XX,j14,iufo3)*cFT(g7,
         XX,iufo3,i3)*cFT(p4 - q2,0,XX,j13,j14)*cFT(nu15,XX,i2,iufo13)*cFT(g7,
         XX,iufo13,j13)/(d^3 + d^2 - 2*d)*flavourTag(fe,j11,j12)*flavourTag(
         fmu,j13,j14)*xiw*xiz*ufoGC58^2*ufoGC80^2
          - 1/16*g_(1,6_,nu15)*FT1*g_(2,6_,nu9)*cFT(nu9,XX,j14,iufo3)*cFT(g6,
         XX,iufo3,i3)*cFT(p4 - q2,0,XX,j13,j14)*cFT(nu15,XX,i2,iufo13)*cFT(g7,
         XX,iufo13,j13)/(d^3 + d^2 - 2*d)*flavourTag(fe,j11,j12)*flavourTag(
         fmu,j13,j14)*d*xiw*xiz*ufoGC58^2*ufoGC80*ufoGC76
          + 1/16*g_(1,6_,nu15)*FT1*g_(2,6_,nu9)*cFT(nu9,XX,j14,iufo3)*cFT(g6,
         XX,iufo3,i3)*cFT(p4 - q2,0,XX,j13,j14)*cFT(nu15,XX,i2,iufo13)*cFT(g7,
         XX,iufo13,j13)/(d^3 + d^2 - 2*d)*flavourTag(fe,j11,j12)*flavourTag(
         fmu,j13,j14)*xiw*xiz*ufoGC58^2*ufoGC80*ufoGC76
          - 1/16*g_(1,6_,nu15)*FT1*g_(2,nu9)*FT2(g6)*cFT(nu9,XX,j14,iufo3)*
         cFT(g7,XX,iufo3,i3)*cFT(p4 - q2,0,XX,j13,j14)*cFT(nu15,XX,i2,iufo13)*
         cFT(g7,XX,iufo13,j13)/(d^3 + d^2 - 2*d)*flavourTag(fe,j11,j12)*
         flavourTag(fmu,j13,j14)*d*xiw*xiz*ufoGC58^2*ufoGC80*ufoGC76
          + 1/16*g_(1,6_,nu15)*FT1*g_(2,nu9)*FT2(g6)*cFT(nu9,XX,j14,iufo3)*
         cFT(g7,XX,iufo3,i3)*cFT(p4 - q2,0,XX,j13,j14)*cFT(nu15,XX,i2,iufo13)*
         cFT(g7,XX,iufo13,j13)/(d^3 + d^2 - 2*d)*flavourTag(fe,j11,j12)*
         flavourTag(fmu,j13,j14)*xiw*xiz*ufoGC58^2*ufoGC80*ufoGC76
          - 1/16*g_(1,6_,nu15)*FT1*g_(2,nu9)*FT2(g6)*cFT(nu9,XX,j14,iufo3)*
         cFT(g6,XX,iufo3,i3)*cFT(p4 - q2,0,XX,j13,j14)*cFT(nu15,XX,i2,iufo13)*
         cFT(g7,XX,iufo13,j13)/(d^3 + d^2 - 2*d)*flavourTag(fe,j11,j12)*
         flavourTag(fmu,j13,j14)*d*xiw*xiz*ufoGC58^2*ufoGC76^2
          + 1/16*g_(1,6_,nu15)*FT1*g_(2,nu9)*FT2(g6)*cFT(nu9,XX,j14,iufo3)*
         cFT(g6,XX,iufo3,i3)*cFT(p4 - q2,0,XX,j13,j14)*cFT(nu15,XX,i2,iufo13)*
         cFT(g7,XX,iufo13,j13)/(d^3 + d^2 - 2*d)*flavourTag(fe,j11,j12)*
         flavourTag(fmu,j13,j14)*xiw*xiz*ufoGC58^2*ufoGC76^2
          );

  0.00 sec out of 0.00 sec
