FORM 5.0.0-beta.1 (Jan 15 2026, v5.0.0-beta.1-292-g4341c63)  Run: Tue Mar  3 13:53:29 2026
    #-

   d1l35amp =
       - 1/4*g_(1,6_,nu10)*g_(2,6_,nu11)*Vec(nu10,q2)*Vec(nu11,q2)*Vec(nu9,q2)
      ^2*Vec(nu12,q2)^2*Den( - p4 + q2 + q3)^2*Deng(p4,xiw,0)*Deng(q2 + q3,xiw
      ,M3)^4*xia*xiw^2*ufoGC58^2*ufoGC93^2
       + 1/4*g_(1,6_,nu10)*g_(2,6_,nu11)*Vec(nu10,q2)*Vec(nu11,q2)*Vec(nu9,q2)
      ^2*Vec(nu12,q2)^2*Den( - p4 + q2 + q3)^2*Deng(p4,xiw,0)*Deng(q2 + q3,xiw
      ,M3)^4*xiw^2*ufoGC58^2*ufoGC93^2
       - 1/2*g_(1,6_,nu10)*g_(2,6_,nu11)*Vec(nu10,q2)*Vec(nu11,q2)*Vec(nu9,q2)
      ^2*Vec(nu12,q2)*Vec(nu12,q3)*Den( - p4 + q2 + q3)^2*Deng(p4,xiw,0)*Deng(
      q2 + q3,xiw,M3)^4*xia*xiw^2*ufoGC58^2*ufoGC93^2
       + 1/2*g_(1,6_,nu10)*g_(2,6_,nu11)*Vec(nu10,q2)*Vec(nu11,q2)*Vec(nu9,q2)
      ^2*Vec(nu12,q2)*Vec(nu12,q3)*Den( - p4 + q2 + q3)^2*Deng(p4,xiw,0)*Deng(
      q2 + q3,xiw,M3)^4*xiw^2*ufoGC58^2*ufoGC93^2
       - 1/4*g_(1,6_,nu10)*g_(2,6_,nu11)*Vec(nu10,q2)*Vec(nu11,q2)*Vec(nu9,q2)
      ^2*Vec(nu12,q3)^2*Den( - p4 + q2 + q3)^2*Deng(p4,xiw,0)*Deng(q2 + q3,xiw
      ,M3)^4*xia*xiw^2*ufoGC58^2*ufoGC93^2
       + 1/4*g_(1,6_,nu10)*g_(2,6_,nu11)*Vec(nu10,q2)*Vec(nu11,q2)*Vec(nu9,q2)
      ^2*Vec(nu12,q3)^2*Den( - p4 + q2 + q3)^2*Deng(p4,xiw,0)*Deng(q2 + q3,xiw
      ,M3)^4*xiw^2*ufoGC58^2*ufoGC93^2
       - 1/2*g_(1,6_,nu10)*g_(2,6_,nu11)*Vec(nu10,q2)*Vec(nu11,q2)*Vec(nu9,q2)
      *Vec(nu9,q3)*Vec(nu12,q2)^2*Den( - p4 + q2 + q3)^2*Deng(p4,xiw,0)*Deng(
      q2 + q3,xiw,M3)^4*xia*xiw^2*ufoGC58^2*ufoGC93^2
       + 1/2*g_(1,6_,nu10)*g_(2,6_,nu11)*Vec(nu10,q2)*Vec(nu11,q2)*Vec(nu9,q2)
      *Vec(nu9,q3)*Vec(nu12,q2)^2*Den( - p4 + q2 + q3)^2*Deng(p4,xiw,0)*Deng(
      q2 + q3,xiw,M3)^4*xiw^2*ufoGC58^2*ufoGC93^2
       - g_(1,6_,nu10)*g_(2,6_,nu11)*Vec(nu10,q2)*Vec(nu11,q2)*Vec(nu9,q2)*
      Vec(nu9,q3)*Vec(nu12,q2)*Vec(nu12,q3)*Den( - p4 + q2 + q3)^2*Deng(p4,xiw
      ,0)*Deng(q2 + q3,xiw,M3)^4*xia*xiw^2*ufoGC58^2*ufoGC93^2
       + g_(1,6_,nu10)*g_(2,6_,nu11)*Vec(nu10,q2)*Vec(nu11,q2)*Vec(nu9,q2)*
      Vec(nu9,q3)*Vec(nu12,q2)*Vec(nu12,q3)*Den( - p4 + q2 + q3)^2*Deng(p4,xiw
      ,0)*Deng(q2 + q3,xiw,M3)^4*xiw^2*ufoGC58^2*ufoGC93^2
       - 1/2*g_(1,6_,nu10)*g_(2,6_,nu11)*Vec(nu10,q2)*Vec(nu11,q2)*Vec(nu9,q2)
      *Vec(nu9,q3)*Vec(nu12,q3)^2*Den( - p4 + q2 + q3)^2*Deng(p4,xiw,0)*Deng(
      q2 + q3,xiw,M3)^4*xia*xiw^2*ufoGC58^2*ufoGC93^2
       + 1/2*g_(1,6_,nu10)*g_(2,6_,nu11)*Vec(nu10,q2)*Vec(nu11,q2)*Vec(nu9,q2)
      *Vec(nu9,q3)*Vec(nu12,q3)^2*Den( - p4 + q2 + q3)^2*Deng(p4,xiw,0)*Deng(
      q2 + q3,xiw,M3)^4*xiw^2*ufoGC58^2*ufoGC93^2
       - 1/4*g_(1,6_,nu10)*g_(2,6_,nu11)*Vec(nu10,q2)*Vec(nu11,q2)*Vec(nu9,q3)
      ^2*Vec(nu12,q2)^2*Den( - p4 + q2 + q3)^2*Deng(p4,xiw,0)*Deng(q2 + q3,xiw
      ,M3)^4*xia*xiw^2*ufoGC58^2*ufoGC93^2
       + 1/4*g_(1,6_,nu10)*g_(2,6_,nu11)*Vec(nu10,q2)*Vec(nu11,q2)*Vec(nu9,q3)
      ^2*Vec(nu12,q2)^2*Den( - p4 + q2 + q3)^2*Deng(p4,xiw,0)*Deng(q2 + q3,xiw
      ,M3)^4*xiw^2*ufoGC58^2*ufoGC93^2
       - 1/2*g_(1,6_,nu10)*g_(2,6_,nu11)*Vec(nu10,q2)*Vec(nu11,q2)*Vec(nu9,q3)
      ^2*Vec(nu12,q2)*Vec(nu12,q3)*Den( - p4 + q2 + q3)^2*Deng(p4,xiw,0)*Deng(
      q2 + q3,xiw,M3)^4*xia*xiw^2*ufoGC58^2*ufoGC93^2
       + 1/2*g_(1,6_,nu10)*g_(2,6_,nu11)*Vec(nu10,q2)*Vec(nu11,q2)*Vec(nu9,q3)
      ^2*Vec(nu12,q2)*Vec(nu12,q3)*Den( - p4 + q2 + q3)^2*Deng(p4,xiw,0)*Deng(
      q2 + q3,xiw,M3)^4*xiw^2*ufoGC58^2*ufoGC93^2
       - 1/4*g_(1,6_,nu10)*g_(2,6_,nu11)*Vec(nu10,q2)*Vec(nu11,q2)*Vec(nu9,q3)
      ^2*Vec(nu12,q3)^2*Den( - p4 + q2 + q3)^2*Deng(p4,xiw,0)*Deng(q2 + q3,xiw
      ,M3)^4*xia*xiw^2*ufoGC58^2*ufoGC93^2
       + 1/4*g_(1,6_,nu10)*g_(2,6_,nu11)*Vec(nu10,q2)*Vec(nu11,q2)*Vec(nu9,q3)
      ^2*Vec(nu12,q3)^2*Den( - p4 + q2 + q3)^2*Deng(p4,xiw,0)*Deng(q2 + q3,xiw
      ,M3)^4*xiw^2*ufoGC58^2*ufoGC93^2
       - 1/4*g_(1,6_,nu10)*g_(2,6_,nu11)*Vec(nu10,q2)*Vec(nu11,q2)*Vec(nu12,q2
      )^2*Den( - p4 + q2 + q3)^2*Deng(p4,xiw,0)*Deng(q2 + q3,xiw,M3)^4*p4.p4*
      d^-1*xia*xiw^2*ufoGC58^2*ufoGC93^2
       + 1/4*g_(1,6_,nu10)*g_(2,6_,nu11)*Vec(nu10,q2)*Vec(nu11,q2)*Vec(nu12,q2
      )^2*Den( - p4 + q2 + q3)^2*Deng(p4,xiw,0)*Deng(q2 + q3,xiw,M3)^4*p4.p4*
      d^-1*xiw^2*ufoGC58^2*ufoGC93^2
       - 1/4*g_(1,6_,nu10)*g_(2,6_,nu11)*Vec(nu10,q2)*Vec(nu11,q2)*Vec(nu12,q2
      )^2*Den( - p4 + q2 + q3)*Deng(p4,xiw,0)*Deng(q2 + q3,xiw,M3)^4*xiw^2*
      ufoGC58^2*ufoGC93^2
       - 1/2*g_(1,6_,nu10)*g_(2,6_,nu11)*Vec(nu10,q2)*Vec(nu11,q2)*Vec(nu12,q2
      )*Vec(nu12,q3)*Den( - p4 + q2 + q3)^2*Deng(p4,xiw,0)*Deng(q2 + q3,xiw,M3
      )^4*p4.p4*d^-1*xia*xiw^2*ufoGC58^2*ufoGC93^2
       + 1/2*g_(1,6_,nu10)*g_(2,6_,nu11)*Vec(nu10,q2)*Vec(nu11,q2)*Vec(nu12,q2
      )*Vec(nu12,q3)*Den( - p4 + q2 + q3)^2*Deng(p4,xiw,0)*Deng(q2 + q3,xiw,M3
      )^4*p4.p4*d^-1*xiw^2*ufoGC58^2*ufoGC93^2
       - 1/2*g_(1,6_,nu10)*g_(2,6_,nu11)*Vec(nu10,q2)*Vec(nu11,q2)*Vec(nu12,q2
      )*Vec(nu12,q3)*Den( - p4 + q2 + q3)*Deng(p4,xiw,0)*Deng(q2 + q3,xiw,M3)^
      4*xiw^2*ufoGC58^2*ufoGC93^2
       - 1/4*g_(1,6_,nu10)*g_(2,6_,nu11)*Vec(nu10,q2)*Vec(nu11,q2)*Vec(nu12,q3
      )^2*Den( - p4 + q2 + q3)^2*Deng(p4,xiw,0)*Deng(q2 + q3,xiw,M3)^4*p4.p4*
      d^-1*xia*xiw^2*ufoGC58^2*ufoGC93^2
       + 1/4*g_(1,6_,nu10)*g_(2,6_,nu11)*Vec(nu10,q2)*Vec(nu11,q2)*Vec(nu12,q3
      )^2*Den( - p4 + q2 + q3)^2*Deng(p4,xiw,0)*Deng(q2 + q3,xiw,M3)^4*p4.p4*
      d^-1*xiw^2*ufoGC58^2*ufoGC93^2
       - 1/4*g_(1,6_,nu10)*g_(2,6_,nu11)*Vec(nu10,q2)*Vec(nu11,q2)*Vec(nu12,q3
      )^2*Den( - p4 + q2 + q3)*Deng(p4,xiw,0)*Deng(q2 + q3,xiw,M3)^4*xiw^2*
      ufoGC58^2*ufoGC93^2
       - 1/4*g_(1,6_,nu10)*g_(2,6_,nu11)*Vec(nu10,q2)*Vec(nu11,q3)*Vec(nu9,q2)
      ^2*Vec(nu12,q2)^2*Den( - p4 + q2 + q3)^2*Deng(p4,xiw,0)*Deng(q2 + q3,xiw
      ,M3)^4*xia*xiw^2*ufoGC58^2*ufoGC93^2
       + 1/4*g_(1,6_,nu10)*g_(2,6_,nu11)*Vec(nu10,q2)*Vec(nu11,q3)*Vec(nu9,q2)
      ^2*Vec(nu12,q2)^2*Den( - p4 + q2 + q3)^2*Deng(p4,xiw,0)*Deng(q2 + q3,xiw
      ,M3)^4*xiw^2*ufoGC58^2*ufoGC93^2
       - 1/2*g_(1,6_,nu10)*g_(2,6_,nu11)*Vec(nu10,q2)*Vec(nu11,q3)*Vec(nu9,q2)
      ^2*Vec(nu12,q2)*Vec(nu12,q3)*Den( - p4 + q2 + q3)^2*Deng(p4,xiw,0)*Deng(
      q2 + q3,xiw,M3)^4*xia*xiw^2*ufoGC58^2*ufoGC93^2
       + 1/2*g_(1,6_,nu10)*g_(2,6_,nu11)*Vec(nu10,q2)*Vec(nu11,q3)*Vec(nu9,q2)
      ^2*Vec(nu12,q2)*Vec(nu12,q3)*Den( - p4 + q2 + q3)^2*Deng(p4,xiw,0)*Deng(
      q2 + q3,xiw,M3)^4*xiw^2*ufoGC58^2*ufoGC93^2
       - 1/4*g_(1,6_,nu10)*g_(2,6_,nu11)*Vec(nu10,q2)*Vec(nu11,q3)*Vec(nu9,q2)
      ^2*Vec(nu12,q3)^2*Den( - p4 + q2 + q3)^2*Deng(p4,xiw,0)*Deng(q2 + q3,xiw
      ,M3)^4*xia*xiw^2*ufoGC58^2*ufoGC93^2
       + 1/4*g_(1,6_,nu10)*g_(2,6_,nu11)*Vec(nu10,q2)*Vec(nu11,q3)*Vec(nu9,q2)
      ^2*Vec(nu12,q3)^2*Den( - p4 + q2 + q3)^2*Deng(p4,xiw,0)*Deng(q2 + q3,xiw
      ,M3)^4*xiw^2*ufoGC58^2*ufoGC93^2
       - 1/2*g_(1,6_,nu10)*g_(2,6_,nu11)*Vec(nu10,q2)*Vec(nu11,q3)*Vec(nu9,q2)
      *Vec(nu9,q3)*Vec(nu12,q2)^2*Den( - p4 + q2 + q3)^2*Deng(p4,xiw,0)*Deng(
      q2 + q3,xiw,M3)^4*xia*xiw^2*ufoGC58^2*ufoGC93^2
       + 1/2*g_(1,6_,nu10)*g_(2,6_,nu11)*Vec(nu10,q2)*Vec(nu11,q3)*Vec(nu9,q2)
      *Vec(nu9,q3)*Vec(nu12,q2)^2*Den( - p4 + q2 + q3)^2*Deng(p4,xiw,0)*Deng(
      q2 + q3,xiw,M3)^4*xiw^2*ufoGC58^2*ufoGC93^2
       - g_(1,6_,nu10)*g_(2,6_,nu11)*Vec(nu10,q2)*Vec(nu11,q3)*Vec(nu9,q2)*
      Vec(nu9,q3)*Vec(nu12,q2)*Vec(nu12,q3)*Den( - p4 + q2 + q3)^2*Deng(p4,xiw
      ,0)*Deng(q2 + q3,xiw,M3)^4*xia*xiw^2*ufoGC58^2*ufoGC93^2
       + g_(1,6_,nu10)*g_(2,6_,nu11)*Vec(nu10,q2)*Vec(nu11,q3)*Vec(nu9,q2)*
      Vec(nu9,q3)*Vec(nu12,q2)*Vec(nu12,q3)*Den( - p4 + q2 + q3)^2*Deng(p4,xiw
      ,0)*Deng(q2 + q3,xiw,M3)^4*xiw^2*ufoGC58^2*ufoGC93^2
       - 1/2*g_(1,6_,nu10)*g_(2,6_,nu11)*Vec(nu10,q2)*Vec(nu11,q3)*Vec(nu9,q2)
      *Vec(nu9,q3)*Vec(nu12,q3)^2*Den( - p4 + q2 + q3)^2*Deng(p4,xiw,0)*Deng(
      q2 + q3,xiw,M3)^4*xia*xiw^2*ufoGC58^2*ufoGC93^2
       + 1/2*g_(1,6_,nu10)*g_(2,6_,nu11)*Vec(nu10,q2)*Vec(nu11,q3)*Vec(nu9,q2)
      *Vec(nu9,q3)*Vec(nu12,q3)^2*Den( - p4 + q2 + q3)^2*Deng(p4,xiw,0)*Deng(
      q2 + q3,xiw,M3)^4*xiw^2*ufoGC58^2*ufoGC93^2
       - 1/4*g_(1,6_,nu10)*g_(2,6_,nu11)*Vec(nu10,q2)*Vec(nu11,q3)*Vec(nu9,q3)
      ^2*Vec(nu12,q2)^2*Den( - p4 + q2 + q3)^2*Deng(p4,xiw,0)*Deng(q2 + q3,xiw
      ,M3)^4*xia*xiw^2*ufoGC58^2*ufoGC93^2
       + 1/4*g_(1,6_,nu10)*g_(2,6_,nu11)*Vec(nu10,q2)*Vec(nu11,q3)*Vec(nu9,q3)
      ^2*Vec(nu12,q2)^2*Den( - p4 + q2 + q3)^2*Deng(p4,xiw,0)*Deng(q2 + q3,xiw
      ,M3)^4*xiw^2*ufoGC58^2*ufoGC93^2
       - 1/2*g_(1,6_,nu10)*g_(2,6_,nu11)*Vec(nu10,q2)*Vec(nu11,q3)*Vec(nu9,q3)
      ^2*Vec(nu12,q2)*Vec(nu12,q3)*Den( - p4 + q2 + q3)^2*Deng(p4,xiw,0)*Deng(
      q2 + q3,xiw,M3)^4*xia*xiw^2*ufoGC58^2*ufoGC93^2
       + 1/2*g_(1,6_,nu10)*g_(2,6_,nu11)*Vec(nu10,q2)*Vec(nu11,q3)*Vec(nu9,q3)
      ^2*Vec(nu12,q2)*Vec(nu12,q3)*Den( - p4 + q2 + q3)^2*Deng(p4,xiw,0)*Deng(
      q2 + q3,xiw,M3)^4*xiw^2*ufoGC58^2*ufoGC93^2
       - 1/4*g_(1,6_,nu10)*g_(2,6_,nu11)*Vec(nu10,q2)*Vec(nu11,q3)*Vec(nu9,q3)
      ^2*Vec(nu12,q3)^2*Den( - p4 + q2 + q3)^2*Deng(p4,xiw,0)*Deng(q2 + q3,xiw
      ,M3)^4*xia*xiw^2*ufoGC58^2*ufoGC93^2
       + 1/4*g_(1,6_,nu10)*g_(2,6_,nu11)*Vec(nu10,q2)*Vec(nu11,q3)*Vec(nu9,q3)
      ^2*Vec(nu12,q3)^2*Den( - p4 + q2 + q3)^2*Deng(p4,xiw,0)*Deng(q2 + q3,xiw
      ,M3)^4*xiw^2*ufoGC58^2*ufoGC93^2
       - 1/4*g_(1,6_,nu10)*g_(2,6_,nu11)*Vec(nu10,q2)*Vec(nu11,q3)*Vec(nu12,q2
      )^2*Den( - p4 + q2 + q3)^2*Deng(p4,xiw,0)*Deng(q2 + q3,xiw,M3)^4*p4.p4*
      d^-1*xia*xiw^2*ufoGC58^2*ufoGC93^2
       + 1/4*g_(1,6_,nu10)*g_(2,6_,nu11)*Vec(nu10,q2)*Vec(nu11,q3)*Vec(nu12,q2
      )^2*Den( - p4 + q2 + q3)^2*Deng(p4,xiw,0)*Deng(q2 + q3,xiw,M3)^4*p4.p4*
      d^-1*xiw^2*ufoGC58^2*ufoGC93^2
       - 1/4*g_(1,6_,nu10)*g_(2,6_,nu11)*Vec(nu10,q2)*Vec(nu11,q3)*Vec(nu12,q2
      )^2*Den( - p4 + q2 + q3)*Deng(p4,xiw,0)*Deng(q2 + q3,xiw,M3)^4*xiw^2*
      ufoGC58^2*ufoGC93^2
       - 1/2*g_(1,6_,nu10)*g_(2,6_,nu11)*Vec(nu10,q2)*Vec(nu11,q3)*Vec(nu12,q2
      )*Vec(nu12,q3)*Den( - p4 + q2 + q3)^2*Deng(p4,xiw,0)*Deng(q2 + q3,xiw,M3
      )^4*p4.p4*d^-1*xia*xiw^2*ufoGC58^2*ufoGC93^2
       + 1/2*g_(1,6_,nu10)*g_(2,6_,nu11)*Vec(nu10,q2)*Vec(nu11,q3)*Vec(nu12,q2
      )*Vec(nu12,q3)*Den( - p4 + q2 + q3)^2*Deng(p4,xiw,0)*Deng(q2 + q3,xiw,M3
      )^4*p4.p4*d^-1*xiw^2*ufoGC58^2*ufoGC93^2
       - 1/2*g_(1,6_,nu10)*g_(2,6_,nu11)*Vec(nu10,q2)*Vec(nu11,q3)*Vec(nu12,q2
      )*Vec(nu12,q3)*Den( - p4 + q2 + q3)*Deng(p4,xiw,0)*Deng(q2 + q3,xiw,M3)^
      4*xiw^2*ufoGC58^2*ufoGC93^2
       - 1/4*g_(1,6_,nu10)*g_(2,6_,nu11)*Vec(nu10,q2)*Vec(nu11,q3)*Vec(nu12,q3
      )^2*Den( - p4 + q2 + q3)^2*Deng(p4,xiw,0)*Deng(q2 + q3,xiw,M3)^4*p4.p4*
      d^-1*xia*xiw^2*ufoGC58^2*ufoGC93^2
       + 1/4*g_(1,6_,nu10)*g_(2,6_,nu11)*Vec(nu10,q2)*Vec(nu11,q3)*Vec(nu12,q3
      )^2*Den( - p4 + q2 + q3)^2*Deng(p4,xiw,0)*Deng(q2 + q3,xiw,M3)^4*p4.p4*
      d^-1*xiw^2*ufoGC58^2*ufoGC93^2
       - 1/4*g_(1,6_,nu10)*g_(2,6_,nu11)*Vec(nu10,q2)*Vec(nu11,q3)*Vec(nu12,q3
      )^2*Den( - p4 + q2 + q3)*Deng(p4,xiw,0)*Deng(q2 + q3,xiw,M3)^4*xiw^2*
      ufoGC58^2*ufoGC93^2
       - 1/4*g_(1,6_,nu10)*g_(2,6_,nu11)*Vec(nu10,q3)*Vec(nu11,q2)*Vec(nu9,q2)
      ^2*Vec(nu12,q2)^2*Den( - p4 + q2 + q3)^2*Deng(p4,xiw,0)*Deng(q2 + q3,xiw
      ,M3)^4*xia*xiw^2*ufoGC58^2*ufoGC93^2
       + 1/4*g_(1,6_,nu10)*g_(2,6_,nu11)*Vec(nu10,q3)*Vec(nu11,q2)*Vec(nu9,q2)
      ^2*Vec(nu12,q2)^2*Den( - p4 + q2 + q3)^2*Deng(p4,xiw,0)*Deng(q2 + q3,xiw
      ,M3)^4*xiw^2*ufoGC58^2*ufoGC93^2
       - 1/2*g_(1,6_,nu10)*g_(2,6_,nu11)*Vec(nu10,q3)*Vec(nu11,q2)*Vec(nu9,q2)
      ^2*Vec(nu12,q2)*Vec(nu12,q3)*Den( - p4 + q2 + q3)^2*Deng(p4,xiw,0)*Deng(
      q2 + q3,xiw,M3)^4*xia*xiw^2*ufoGC58^2*ufoGC93^2
       + 1/2*g_(1,6_,nu10)*g_(2,6_,nu11)*Vec(nu10,q3)*Vec(nu11,q2)*Vec(nu9,q2)
      ^2*Vec(nu12,q2)*Vec(nu12,q3)*Den( - p4 + q2 + q3)^2*Deng(p4,xiw,0)*Deng(
      q2 + q3,xiw,M3)^4*xiw^2*ufoGC58^2*ufoGC93^2
       - 1/4*g_(1,6_,nu10)*g_(2,6_,nu11)*Vec(nu10,q3)*Vec(nu11,q2)*Vec(nu9,q2)
      ^2*Vec(nu12,q3)^2*Den( - p4 + q2 + q3)^2*Deng(p4,xiw,0)*Deng(q2 + q3,xiw
      ,M3)^4*xia*xiw^2*ufoGC58^2*ufoGC93^2
       + 1/4*g_(1,6_,nu10)*g_(2,6_,nu11)*Vec(nu10,q3)*Vec(nu11,q2)*Vec(nu9,q2)
      ^2*Vec(nu12,q3)^2*Den( - p4 + q2 + q3)^2*Deng(p4,xiw,0)*Deng(q2 + q3,xiw
      ,M3)^4*xiw^2*ufoGC58^2*ufoGC93^2
       - 1/2*g_(1,6_,nu10)*g_(2,6_,nu11)*Vec(nu10,q3)*Vec(nu11,q2)*Vec(nu9,q2)
      *Vec(nu9,q3)*Vec(nu12,q2)^2*Den( - p4 + q2 + q3)^2*Deng(p4,xiw,0)*Deng(
      q2 + q3,xiw,M3)^4*xia*xiw^2*ufoGC58^2*ufoGC93^2
       + 1/2*g_(1,6_,nu10)*g_(2,6_,nu11)*Vec(nu10,q3)*Vec(nu11,q2)*Vec(nu9,q2)
      *Vec(nu9,q3)*Vec(nu12,q2)^2*Den( - p4 + q2 + q3)^2*Deng(p4,xiw,0)*Deng(
      q2 + q3,xiw,M3)^4*xiw^2*ufoGC58^2*ufoGC93^2
       - g_(1,6_,nu10)*g_(2,6_,nu11)*Vec(nu10,q3)*Vec(nu11,q2)*Vec(nu9,q2)*
      Vec(nu9,q3)*Vec(nu12,q2)*Vec(nu12,q3)*Den( - p4 + q2 + q3)^2*Deng(p4,xiw
      ,0)*Deng(q2 + q3,xiw,M3)^4*xia*xiw^2*ufoGC58^2*ufoGC93^2
       + g_(1,6_,nu10)*g_(2,6_,nu11)*Vec(nu10,q3)*Vec(nu11,q2)*Vec(nu9,q2)*
      Vec(nu9,q3)*Vec(nu12,q2)*Vec(nu12,q3)*Den( - p4 + q2 + q3)^2*Deng(p4,xiw
      ,0)*Deng(q2 + q3,xiw,M3)^4*xiw^2*ufoGC58^2*ufoGC93^2
       - 1/2*g_(1,6_,nu10)*g_(2,6_,nu11)*Vec(nu10,q3)*Vec(nu11,q2)*Vec(nu9,q2)
      *Vec(nu9,q3)*Vec(nu12,q3)^2*Den( - p4 + q2 + q3)^2*Deng(p4,xiw,0)*Deng(
      q2 + q3,xiw,M3)^4*xia*xiw^2*ufoGC58^2*ufoGC93^2
       + 1/2*g_(1,6_,nu10)*g_(2,6_,nu11)*Vec(nu10,q3)*Vec(nu11,q2)*Vec(nu9,q2)
      *Vec(nu9,q3)*Vec(nu12,q3)^2*Den( - p4 + q2 + q3)^2*Deng(p4,xiw,0)*Deng(
      q2 + q3,xiw,M3)^4*xiw^2*ufoGC58^2*ufoGC93^2
       - 1/4*g_(1,6_,nu10)*g_(2,6_,nu11)*Vec(nu10,q3)*Vec(nu11,q2)*Vec(nu9,q3)
      ^2*Vec(nu12,q2)^2*Den( - p4 + q2 + q3)^2*Deng(p4,xiw,0)*Deng(q2 + q3,xiw
      ,M3)^4*xia*xiw^2*ufoGC58^2*ufoGC93^2
       + 1/4*g_(1,6_,nu10)*g_(2,6_,nu11)*Vec(nu10,q3)*Vec(nu11,q2)*Vec(nu9,q3)
      ^2*Vec(nu12,q2)^2*Den( - p4 + q2 + q3)^2*Deng(p4,xiw,0)*Deng(q2 + q3,xiw
      ,M3)^4*xiw^2*ufoGC58^2*ufoGC93^2
       - 1/2*g_(1,6_,nu10)*g_(2,6_,nu11)*Vec(nu10,q3)*Vec(nu11,q2)*Vec(nu9,q3)
      ^2*Vec(nu12,q2)*Vec(nu12,q3)*Den( - p4 + q2 + q3)^2*Deng(p4,xiw,0)*Deng(
      q2 + q3,xiw,M3)^4*xia*xiw^2*ufoGC58^2*ufoGC93^2
       + 1/2*g_(1,6_,nu10)*g_(2,6_,nu11)*Vec(nu10,q3)*Vec(nu11,q2)*Vec(nu9,q3)
      ^2*Vec(nu12,q2)*Vec(nu12,q3)*Den( - p4 + q2 + q3)^2*Deng(p4,xiw,0)*Deng(
      q2 + q3,xiw,M3)^4*xiw^2*ufoGC58^2*ufoGC93^2
       - 1/4*g_(1,6_,nu10)*g_(2,6_,nu11)*Vec(nu10,q3)*Vec(nu11,q2)*Vec(nu9,q3)
      ^2*Vec(nu12,q3)^2*Den( - p4 + q2 + q3)^2*Deng(p4,xiw,0)*Deng(q2 + q3,xiw
      ,M3)^4*xia*xiw^2*ufoGC58^2*ufoGC93^2
       + 1/4*g_(1,6_,nu10)*g_(2,6_,nu11)*Vec(nu10,q3)*Vec(nu11,q2)*Vec(nu9,q3)
      ^2*Vec(nu12,q3)^2*Den( - p4 + q2 + q3)^2*Deng(p4,xiw,0)*Deng(q2 + q3,xiw
      ,M3)^4*xiw^2*ufoGC58^2*ufoGC93^2
       - 1/4*g_(1,6_,nu10)*g_(2,6_,nu11)*Vec(nu10,q3)*Vec(nu11,q2)*Vec(nu12,q2
      )^2*Den( - p4 + q2 + q3)^2*Deng(p4,xiw,0)*Deng(q2 + q3,xiw,M3)^4*p4.p4*
      d^-1*xia*xiw^2*ufoGC58^2*ufoGC93^2
       + 1/4*g_(1,6_,nu10)*g_(2,6_,nu11)*Vec(nu10,q3)*Vec(nu11,q2)*Vec(nu12,q2
      )^2*Den( - p4 + q2 + q3)^2*Deng(p4,xiw,0)*Deng(q2 + q3,xiw,M3)^4*p4.p4*
      d^-1*xiw^2*ufoGC58^2*ufoGC93^2
       - 1/4*g_(1,6_,nu10)*g_(2,6_,nu11)*Vec(nu10,q3)*Vec(nu11,q2)*Vec(nu12,q2
      )^2*Den( - p4 + q2 + q3)*Deng(p4,xiw,0)*Deng(q2 + q3,xiw,M3)^4*xiw^2*
      ufoGC58^2*ufoGC93^2
       - 1/2*g_(1,6_,nu10)*g_(2,6_,nu11)*Vec(nu10,q3)*Vec(nu11,q2)*Vec(nu12,q2
      )*Vec(nu12,q3)*Den( - p4 + q2 + q3)^2*Deng(p4,xiw,0)*Deng(q2 + q3,xiw,M3
      )^4*p4.p4*d^-1*xia*xiw^2*ufoGC58^2*ufoGC93^2
       + 1/2*g_(1,6_,nu10)*g_(2,6_,nu11)*Vec(nu10,q3)*Vec(nu11,q2)*Vec(nu12,q2
      )*Vec(nu12,q3)*Den( - p4 + q2 + q3)^2*Deng(p4,xiw,0)*Deng(q2 + q3,xiw,M3
      )^4*p4.p4*d^-1*xiw^2*ufoGC58^2*ufoGC93^2
       - 1/2*g_(1,6_,nu10)*g_(2,6_,nu11)*Vec(nu10,q3)*Vec(nu11,q2)*Vec(nu12,q2
      )*Vec(nu12,q3)*Den( - p4 + q2 + q3)*Deng(p4,xiw,0)*Deng(q2 + q3,xiw,M3)^
      4*xiw^2*ufoGC58^2*ufoGC93^2
       - 1/4*g_(1,6_,nu10)*g_(2,6_,nu11)*Vec(nu10,q3)*Vec(nu11,q2)*Vec(nu12,q3
      )^2*Den( - p4 + q2 + q3)^2*Deng(p4,xiw,0)*Deng(q2 + q3,xiw,M3)^4*p4.p4*
      d^-1*xia*xiw^2*ufoGC58^2*ufoGC93^2
       + 1/4*g_(1,6_,nu10)*g_(2,6_,nu11)*Vec(nu10,q3)*Vec(nu11,q2)*Vec(nu12,q3
      )^2*Den( - p4 + q2 + q3)^2*Deng(p4,xiw,0)*Deng(q2 + q3,xiw,M3)^4*p4.p4*
      d^-1*xiw^2*ufoGC58^2*ufoGC93^2
       - 1/4*g_(1,6_,nu10)*g_(2,6_,nu11)*Vec(nu10,q3)*Vec(nu11,q2)*Vec(nu12,q3
      )^2*Den( - p4 + q2 + q3)*Deng(p4,xiw,0)*Deng(q2 + q3,xiw,M3)^4*xiw^2*
      ufoGC58^2*ufoGC93^2
       - 1/4*g_(1,6_,nu10)*g_(2,6_,nu11)*Vec(nu10,q3)*Vec(nu11,q3)*Vec(nu9,q2)
      ^2*Vec(nu12,q2)^2*Den( - p4 + q2 + q3)^2*Deng(p4,xiw,0)*Deng(q2 + q3,xiw
      ,M3)^4*xia*xiw^2*ufoGC58^2*ufoGC93^2
       + 1/4*g_(1,6_,nu10)*g_(2,6_,nu11)*Vec(nu10,q3)*Vec(nu11,q3)*Vec(nu9,q2)
      ^2*Vec(nu12,q2)^2*Den( - p4 + q2 + q3)^2*Deng(p4,xiw,0)*Deng(q2 + q3,xiw
      ,M3)^4*xiw^2*ufoGC58^2*ufoGC93^2
       - 1/2*g_(1,6_,nu10)*g_(2,6_,nu11)*Vec(nu10,q3)*Vec(nu11,q3)*Vec(nu9,q2)
      ^2*Vec(nu12,q2)*Vec(nu12,q3)*Den( - p4 + q2 + q3)^2*Deng(p4,xiw,0)*Deng(
      q2 + q3,xiw,M3)^4*xia*xiw^2*ufoGC58^2*ufoGC93^2
       + 1/2*g_(1,6_,nu10)*g_(2,6_,nu11)*Vec(nu10,q3)*Vec(nu11,q3)*Vec(nu9,q2)
      ^2*Vec(nu12,q2)*Vec(nu12,q3)*Den( - p4 + q2 + q3)^2*Deng(p4,xiw,0)*Deng(
      q2 + q3,xiw,M3)^4*xiw^2*ufoGC58^2*ufoGC93^2
       - 1/4*g_(1,6_,nu10)*g_(2,6_,nu11)*Vec(nu10,q3)*Vec(nu11,q3)*Vec(nu9,q2)
      ^2*Vec(nu12,q3)^2*Den( - p4 + q2 + q3)^2*Deng(p4,xiw,0)*Deng(q2 + q3,xiw
      ,M3)^4*xia*xiw^2*ufoGC58^2*ufoGC93^2
       + 1/4*g_(1,6_,nu10)*g_(2,6_,nu11)*Vec(nu10,q3)*Vec(nu11,q3)*Vec(nu9,q2)
      ^2*Vec(nu12,q3)^2*Den( - p4 + q2 + q3)^2*Deng(p4,xiw,0)*Deng(q2 + q3,xiw
      ,M3)^4*xiw^2*ufoGC58^2*ufoGC93^2
       - 1/2*g_(1,6_,nu10)*g_(2,6_,nu11)*Vec(nu10,q3)*Vec(nu11,q3)*Vec(nu9,q2)
      *Vec(nu9,q3)*Vec(nu12,q2)^2*Den( - p4 + q2 + q3)^2*Deng(p4,xiw,0)*Deng(
      q2 + q3,xiw,M3)^4*xia*xiw^2*ufoGC58^2*ufoGC93^2
       + 1/2*g_(1,6_,nu10)*g_(2,6_,nu11)*Vec(nu10,q3)*Vec(nu11,q3)*Vec(nu9,q2)
      *Vec(nu9,q3)*Vec(nu12,q2)^2*Den( - p4 + q2 + q3)^2*Deng(p4,xiw,0)*Deng(
      q2 + q3,xiw,M3)^4*xiw^2*ufoGC58^2*ufoGC93^2
       - g_(1,6_,nu10)*g_(2,6_,nu11)*Vec(nu10,q3)*Vec(nu11,q3)*Vec(nu9,q2)*
      Vec(nu9,q3)*Vec(nu12,q2)*Vec(nu12,q3)*Den( - p4 + q2 + q3)^2*Deng(p4,xiw
      ,0)*Deng(q2 + q3,xiw,M3)^4*xia*xiw^2*ufoGC58^2*ufoGC93^2
       + g_(1,6_,nu10)*g_(2,6_,nu11)*Vec(nu10,q3)*Vec(nu11,q3)*Vec(nu9,q2)*
      Vec(nu9,q3)*Vec(nu12,q2)*Vec(nu12,q3)*Den( - p4 + q2 + q3)^2*Deng(p4,xiw
      ,0)*Deng(q2 + q3,xiw,M3)^4*xiw^2*ufoGC58^2*ufoGC93^2
       - 1/2*g_(1,6_,nu10)*g_(2,6_,nu11)*Vec(nu10,q3)*Vec(nu11,q3)*Vec(nu9,q2)
      *Vec(nu9,q3)*Vec(nu12,q3)^2*Den( - p4 + q2 + q3)^2*Deng(p4,xiw,0)*Deng(
      q2 + q3,xiw,M3)^4*xia*xiw^2*ufoGC58^2*ufoGC93^2
       + 1/2*g_(1,6_,nu10)*g_(2,6_,nu11)*Vec(nu10,q3)*Vec(nu11,q3)*Vec(nu9,q2)
      *Vec(nu9,q3)*Vec(nu12,q3)^2*Den( - p4 + q2 + q3)^2*Deng(p4,xiw,0)*Deng(
      q2 + q3,xiw,M3)^4*xiw^2*ufoGC58^2*ufoGC93^2
       - 1/4*g_(1,6_,nu10)*g_(2,6_,nu11)*Vec(nu10,q3)*Vec(nu11,q3)*Vec(nu9,q3)
      ^2*Vec(nu12,q2)^2*Den( - p4 + q2 + q3)^2*Deng(p4,xiw,0)*Deng(q2 + q3,xiw
      ,M3)^4*xia*xiw^2*ufoGC58^2*ufoGC93^2
       + 1/4*g_(1,6_,nu10)*g_(2,6_,nu11)*Vec(nu10,q3)*Vec(nu11,q3)*Vec(nu9,q3)
      ^2*Vec(nu12,q2)^2*Den( - p4 + q2 + q3)^2*Deng(p4,xiw,0)*Deng(q2 + q3,xiw
      ,M3)^4*xiw^2*ufoGC58^2*ufoGC93^2
       - 1/2*g_(1,6_,nu10)*g_(2,6_,nu11)*Vec(nu10,q3)*Vec(nu11,q3)*Vec(nu9,q3)
      ^2*Vec(nu12,q2)*Vec(nu12,q3)*Den( - p4 + q2 + q3)^2*Deng(p4,xiw,0)*Deng(
      q2 + q3,xiw,M3)^4*xia*xiw^2*ufoGC58^2*ufoGC93^2
       + 1/2*g_(1,6_,nu10)*g_(2,6_,nu11)*Vec(nu10,q3)*Vec(nu11,q3)*Vec(nu9,q3)
      ^2*Vec(nu12,q2)*Vec(nu12,q3)*Den( - p4 + q2 + q3)^2*Deng(p4,xiw,0)*Deng(
      q2 + q3,xiw,M3)^4*xiw^2*ufoGC58^2*ufoGC93^2
       - 1/4*g_(1,6_,nu10)*g_(2,6_,nu11)*Vec(nu10,q3)*Vec(nu11,q3)*Vec(nu9,q3)
      ^2*Vec(nu12,q3)^2*Den( - p4 + q2 + q3)^2*Deng(p4,xiw,0)*Deng(q2 + q3,xiw
      ,M3)^4*xia*xiw^2*ufoGC58^2*ufoGC93^2
       + 1/4*g_(1,6_,nu10)*g_(2,6_,nu11)*Vec(nu10,q3)*Vec(nu11,q3)*Vec(nu9,q3)
      ^2*Vec(nu12,q3)^2*Den( - p4 + q2 + q3)^2*Deng(p4,xiw,0)*Deng(q2 + q3,xiw
      ,M3)^4*xiw^2*ufoGC58^2*ufoGC93^2
       - 1/4*g_(1,6_,nu10)*g_(2,6_,nu11)*Vec(nu10,q3)*Vec(nu11,q3)*Vec(nu12,q2
      )^2*Den( - p4 + q2 + q3)^2*Deng(p4,xiw,0)*Deng(q2 + q3,xiw,M3)^4*p4.p4*
      d^-1*xia*xiw^2*ufoGC58^2*ufoGC93^2
       + 1/4*g_(1,6_,nu10)*g_(2,6_,nu11)*Vec(nu10,q3)*Vec(nu11,q3)*Vec(nu12,q2
      )^2*Den( - p4 + q2 + q3)^2*Deng(p4,xiw,0)*Deng(q2 + q3,xiw,M3)^4*p4.p4*
      d^-1*xiw^2*ufoGC58^2*ufoGC93^2
       - 1/4*g_(1,6_,nu10)*g_(2,6_,nu11)*Vec(nu10,q3)*Vec(nu11,q3)*Vec(nu12,q2
      )^2*Den( - p4 + q2 + q3)*Deng(p4,xiw,0)*Deng(q2 + q3,xiw,M3)^4*xiw^2*
      ufoGC58^2*ufoGC93^2
       - 1/2*g_(1,6_,nu10)*g_(2,6_,nu11)*Vec(nu10,q3)*Vec(nu11,q3)*Vec(nu12,q2
      )*Vec(nu12,q3)*Den( - p4 + q2 + q3)^2*Deng(p4,xiw,0)*Deng(q2 + q3,xiw,M3
      )^4*p4.p4*d^-1*xia*xiw^2*ufoGC58^2*ufoGC93^2
       + 1/2*g_(1,6_,nu10)*g_(2,6_,nu11)*Vec(nu10,q3)*Vec(nu11,q3)*Vec(nu12,q2
      )*Vec(nu12,q3)*Den( - p4 + q2 + q3)^2*Deng(p4,xiw,0)*Deng(q2 + q3,xiw,M3
      )^4*p4.p4*d^-1*xiw^2*ufoGC58^2*ufoGC93^2
       - 1/2*g_(1,6_,nu10)*g_(2,6_,nu11)*Vec(nu10,q3)*Vec(nu11,q3)*Vec(nu12,q2
      )*Vec(nu12,q3)*Den( - p4 + q2 + q3)*Deng(p4,xiw,0)*Deng(q2 + q3,xiw,M3)^
      4*xiw^2*ufoGC58^2*ufoGC93^2
       - 1/4*g_(1,6_,nu10)*g_(2,6_,nu11)*Vec(nu10,q3)*Vec(nu11,q3)*Vec(nu12,q3
      )^2*Den( - p4 + q2 + q3)^2*Deng(p4,xiw,0)*Deng(q2 + q3,xiw,M3)^4*p4.p4*
      d^-1*xia*xiw^2*ufoGC58^2*ufoGC93^2
       + 1/4*g_(1,6_,nu10)*g_(2,6_,nu11)*Vec(nu10,q3)*Vec(nu11,q3)*Vec(nu12,q3
      )^2*Den( - p4 + q2 + q3)^2*Deng(p4,xiw,0)*Deng(q2 + q3,xiw,M3)^4*p4.p4*
      d^-1*xiw^2*ufoGC58^2*ufoGC93^2
       - 1/4*g_(1,6_,nu10)*g_(2,6_,nu11)*Vec(nu10,q3)*Vec(nu11,q3)*Vec(nu12,q3
      )^2*Den( - p4 + q2 + q3)*Deng(p4,xiw,0)*Deng(q2 + q3,xiw,M3)^4*xiw^2*
      ufoGC58^2*ufoGC93^2
      ;

  0.00 sec out of 0.01 sec
