FORM 5.0.0-beta.1 (Jan 15 2026, v5.0.0-beta.1-292-g4341c63)  Run: Fri Mar  6 11:51:22 2026
    #-

   d1l38amp =

       + Vec(nu10,q2)*Vec(nu11,q2)*Vec(nu13,q2)^2*Vec(nu14,q2)^2 * (
          - 1/4*g_(1,6_,nu10)*g_(2,6_,nu11)*Den(p4,xiw,M3)*Den(q2 + q3,xiw,M3)
         ^4*Den( - p4 + q2 + q3,xiz,M4)^2*xiw^2*xiz*ufoGC58^2*ufoGC85^2
          )

       + Vec(nu10,q2)*Vec(nu11,q2)*Vec(nu13,q2)^2*Vec(nu14,q2)*Vec(nu14,q3)
       * (
          - 1/2*g_(1,6_,nu10)*g_(2,6_,nu11)*Den(p4,xiw,M3)*Den(q2 + q3,xiw,M3)
         ^4*Den( - p4 + q2 + q3,xiz,M4)^2*xiw^2*xiz*ufoGC58^2*ufoGC85^2
          )

       + Vec(nu10,q2)*Vec(nu11,q2)*Vec(nu13,q2)^2*Vec(nu14,q3)^2 * (
          - 1/4*g_(1,6_,nu10)*g_(2,6_,nu11)*Den(p4,xiw,M3)*Den(q2 + q3,xiw,M3)
         ^4*Den( - p4 + q2 + q3,xiz,M4)^2*xiw^2*xiz*ufoGC58^2*ufoGC85^2
          )

       + Vec(nu10,q2)*Vec(nu11,q2)*Vec(nu13,q2)*Vec(nu13,q3)*Vec(nu14,q2)^2
       * (
          - 1/2*g_(1,6_,nu10)*g_(2,6_,nu11)*Den(p4,xiw,M3)*Den(q2 + q3,xiw,M3)
         ^4*Den( - p4 + q2 + q3,xiz,M4)^2*xiw^2*xiz*ufoGC58^2*ufoGC85^2
          )

       + Vec(nu10,q2)*Vec(nu11,q2)*Vec(nu13,q2)*Vec(nu13,q3)*Vec(nu14,q2)*Vec(
      nu14,q3) * (
          - g_(1,6_,nu10)*g_(2,6_,nu11)*Den(p4,xiw,M3)*Den(q2 + q3,xiw,M3)^4*
         Den( - p4 + q2 + q3,xiz,M4)^2*xiw^2*xiz*ufoGC58^2*ufoGC85^2
          )

       + Vec(nu10,q2)*Vec(nu11,q2)*Vec(nu13,q2)*Vec(nu13,q3)*Vec(nu14,q3)^2
       * (
          - 1/2*g_(1,6_,nu10)*g_(2,6_,nu11)*Den(p4,xiw,M3)*Den(q2 + q3,xiw,M3)
         ^4*Den( - p4 + q2 + q3,xiz,M4)^2*xiw^2*xiz*ufoGC58^2*ufoGC85^2
          )

       + Vec(nu10,q2)*Vec(nu11,q2)*Vec(nu13,q3)^2*Vec(nu14,q2)^2 * (
          - 1/4*g_(1,6_,nu10)*g_(2,6_,nu11)*Den(p4,xiw,M3)*Den(q2 + q3,xiw,M3)
         ^4*Den( - p4 + q2 + q3,xiz,M4)^2*xiw^2*xiz*ufoGC58^2*ufoGC85^2
          )

       + Vec(nu10,q2)*Vec(nu11,q2)*Vec(nu13,q3)^2*Vec(nu14,q2)*Vec(nu14,q3)
       * (
          - 1/2*g_(1,6_,nu10)*g_(2,6_,nu11)*Den(p4,xiw,M3)*Den(q2 + q3,xiw,M3)
         ^4*Den( - p4 + q2 + q3,xiz,M4)^2*xiw^2*xiz*ufoGC58^2*ufoGC85^2
          )

       + Vec(nu10,q2)*Vec(nu11,q2)*Vec(nu13,q3)^2*Vec(nu14,q3)^2 * (
          - 1/4*g_(1,6_,nu10)*g_(2,6_,nu11)*Den(p4,xiw,M3)*Den(q2 + q3,xiw,M3)
         ^4*Den( - p4 + q2 + q3,xiz,M4)^2*xiw^2*xiz*ufoGC58^2*ufoGC85^2
          )

       + Vec(nu10,q2)*Vec(nu11,q2)*Vec(nu14,q2)^2 * (
          - 1/4*g_(1,6_,nu10)*g_(2,6_,nu11)*Den(p4,xiw,M3)*Den(q2 + q3,xiw,M3)
         ^4*Den( - p4 + q2 + q3,xiz,M4)^2*p4.p4*d^-1*xiw^2*xiz*ufoGC58^2*
         ufoGC85^2
          )

       + Vec(nu10,q2)*Vec(nu11,q2)*Vec(nu14,q2)*Vec(nu14,q3) * (
          - 1/2*g_(1,6_,nu10)*g_(2,6_,nu11)*Den(p4,xiw,M3)*Den(q2 + q3,xiw,M3)
         ^4*Den( - p4 + q2 + q3,xiz,M4)^2*p4.p4*d^-1*xiw^2*xiz*ufoGC58^2*
         ufoGC85^2
          )

       + Vec(nu10,q2)*Vec(nu11,q2)*Vec(nu14,q3)^2 * (
          - 1/4*g_(1,6_,nu10)*g_(2,6_,nu11)*Den(p4,xiw,M3)*Den(q2 + q3,xiw,M3)
         ^4*Den( - p4 + q2 + q3,xiz,M4)^2*p4.p4*d^-1*xiw^2*xiz*ufoGC58^2*
         ufoGC85^2
          )

       + Vec(nu10,q2)*Vec(nu11,q3)*Vec(nu13,q2)^2*Vec(nu14,q2)^2 * (
          - 1/4*g_(1,6_,nu10)*g_(2,6_,nu11)*Den(p4,xiw,M3)*Den(q2 + q3,xiw,M3)
         ^4*Den( - p4 + q2 + q3,xiz,M4)^2*xiw^2*xiz*ufoGC58^2*ufoGC85^2
          )

       + Vec(nu10,q2)*Vec(nu11,q3)*Vec(nu13,q2)^2*Vec(nu14,q2)*Vec(nu14,q3)
       * (
          - 1/2*g_(1,6_,nu10)*g_(2,6_,nu11)*Den(p4,xiw,M3)*Den(q2 + q3,xiw,M3)
         ^4*Den( - p4 + q2 + q3,xiz,M4)^2*xiw^2*xiz*ufoGC58^2*ufoGC85^2
          )

       + Vec(nu10,q2)*Vec(nu11,q3)*Vec(nu13,q2)^2*Vec(nu14,q3)^2 * (
          - 1/4*g_(1,6_,nu10)*g_(2,6_,nu11)*Den(p4,xiw,M3)*Den(q2 + q3,xiw,M3)
         ^4*Den( - p4 + q2 + q3,xiz,M4)^2*xiw^2*xiz*ufoGC58^2*ufoGC85^2
          )

       + Vec(nu10,q2)*Vec(nu11,q3)*Vec(nu13,q2)*Vec(nu13,q3)*Vec(nu14,q2)^2
       * (
          - 1/2*g_(1,6_,nu10)*g_(2,6_,nu11)*Den(p4,xiw,M3)*Den(q2 + q3,xiw,M3)
         ^4*Den( - p4 + q2 + q3,xiz,M4)^2*xiw^2*xiz*ufoGC58^2*ufoGC85^2
          )

       + Vec(nu10,q2)*Vec(nu11,q3)*Vec(nu13,q2)*Vec(nu13,q3)*Vec(nu14,q2)*Vec(
      nu14,q3) * (
          - g_(1,6_,nu10)*g_(2,6_,nu11)*Den(p4,xiw,M3)*Den(q2 + q3,xiw,M3)^4*
         Den( - p4 + q2 + q3,xiz,M4)^2*xiw^2*xiz*ufoGC58^2*ufoGC85^2
          )

       + Vec(nu10,q2)*Vec(nu11,q3)*Vec(nu13,q2)*Vec(nu13,q3)*Vec(nu14,q3)^2
       * (
          - 1/2*g_(1,6_,nu10)*g_(2,6_,nu11)*Den(p4,xiw,M3)*Den(q2 + q3,xiw,M3)
         ^4*Den( - p4 + q2 + q3,xiz,M4)^2*xiw^2*xiz*ufoGC58^2*ufoGC85^2
          )

       + Vec(nu10,q2)*Vec(nu11,q3)*Vec(nu13,q3)^2*Vec(nu14,q2)^2 * (
          - 1/4*g_(1,6_,nu10)*g_(2,6_,nu11)*Den(p4,xiw,M3)*Den(q2 + q3,xiw,M3)
         ^4*Den( - p4 + q2 + q3,xiz,M4)^2*xiw^2*xiz*ufoGC58^2*ufoGC85^2
          )

       + Vec(nu10,q2)*Vec(nu11,q3)*Vec(nu13,q3)^2*Vec(nu14,q2)*Vec(nu14,q3)
       * (
          - 1/2*g_(1,6_,nu10)*g_(2,6_,nu11)*Den(p4,xiw,M3)*Den(q2 + q3,xiw,M3)
         ^4*Den( - p4 + q2 + q3,xiz,M4)^2*xiw^2*xiz*ufoGC58^2*ufoGC85^2
          )

       + Vec(nu10,q2)*Vec(nu11,q3)*Vec(nu13,q3)^2*Vec(nu14,q3)^2 * (
          - 1/4*g_(1,6_,nu10)*g_(2,6_,nu11)*Den(p4,xiw,M3)*Den(q2 + q3,xiw,M3)
         ^4*Den( - p4 + q2 + q3,xiz,M4)^2*xiw^2*xiz*ufoGC58^2*ufoGC85^2
          )

       + Vec(nu10,q2)*Vec(nu11,q3)*Vec(nu14,q2)^2 * (
          - 1/4*g_(1,6_,nu10)*g_(2,6_,nu11)*Den(p4,xiw,M3)*Den(q2 + q3,xiw,M3)
         ^4*Den( - p4 + q2 + q3,xiz,M4)^2*p4.p4*d^-1*xiw^2*xiz*ufoGC58^2*
         ufoGC85^2
          )

       + Vec(nu10,q2)*Vec(nu11,q3)*Vec(nu14,q2)*Vec(nu14,q3) * (
          - 1/2*g_(1,6_,nu10)*g_(2,6_,nu11)*Den(p4,xiw,M3)*Den(q2 + q3,xiw,M3)
         ^4*Den( - p4 + q2 + q3,xiz,M4)^2*p4.p4*d^-1*xiw^2*xiz*ufoGC58^2*
         ufoGC85^2
          )

       + Vec(nu10,q2)*Vec(nu11,q3)*Vec(nu14,q3)^2 * (
          - 1/4*g_(1,6_,nu10)*g_(2,6_,nu11)*Den(p4,xiw,M3)*Den(q2 + q3,xiw,M3)
         ^4*Den( - p4 + q2 + q3,xiz,M4)^2*p4.p4*d^-1*xiw^2*xiz*ufoGC58^2*
         ufoGC85^2
          )

       + Vec(nu10,q3)*Vec(nu11,q2)*Vec(nu13,q2)^2*Vec(nu14,q2)^2 * (
          - 1/4*g_(1,6_,nu10)*g_(2,6_,nu11)*Den(p4,xiw,M3)*Den(q2 + q3,xiw,M3)
         ^4*Den( - p4 + q2 + q3,xiz,M4)^2*xiw^2*xiz*ufoGC58^2*ufoGC85^2
          )

       + Vec(nu10,q3)*Vec(nu11,q2)*Vec(nu13,q2)^2*Vec(nu14,q2)*Vec(nu14,q3)
       * (
          - 1/2*g_(1,6_,nu10)*g_(2,6_,nu11)*Den(p4,xiw,M3)*Den(q2 + q3,xiw,M3)
         ^4*Den( - p4 + q2 + q3,xiz,M4)^2*xiw^2*xiz*ufoGC58^2*ufoGC85^2
          )

       + Vec(nu10,q3)*Vec(nu11,q2)*Vec(nu13,q2)^2*Vec(nu14,q3)^2 * (
          - 1/4*g_(1,6_,nu10)*g_(2,6_,nu11)*Den(p4,xiw,M3)*Den(q2 + q3,xiw,M3)
         ^4*Den( - p4 + q2 + q3,xiz,M4)^2*xiw^2*xiz*ufoGC58^2*ufoGC85^2
          )

       + Vec(nu10,q3)*Vec(nu11,q2)*Vec(nu13,q2)*Vec(nu13,q3)*Vec(nu14,q2)^2
       * (
          - 1/2*g_(1,6_,nu10)*g_(2,6_,nu11)*Den(p4,xiw,M3)*Den(q2 + q3,xiw,M3)
         ^4*Den( - p4 + q2 + q3,xiz,M4)^2*xiw^2*xiz*ufoGC58^2*ufoGC85^2
          )

       + Vec(nu10,q3)*Vec(nu11,q2)*Vec(nu13,q2)*Vec(nu13,q3)*Vec(nu14,q2)*Vec(
      nu14,q3) * (
          - g_(1,6_,nu10)*g_(2,6_,nu11)*Den(p4,xiw,M3)*Den(q2 + q3,xiw,M3)^4*
         Den( - p4 + q2 + q3,xiz,M4)^2*xiw^2*xiz*ufoGC58^2*ufoGC85^2
          )

       + Vec(nu10,q3)*Vec(nu11,q2)*Vec(nu13,q2)*Vec(nu13,q3)*Vec(nu14,q3)^2
       * (
          - 1/2*g_(1,6_,nu10)*g_(2,6_,nu11)*Den(p4,xiw,M3)*Den(q2 + q3,xiw,M3)
         ^4*Den( - p4 + q2 + q3,xiz,M4)^2*xiw^2*xiz*ufoGC58^2*ufoGC85^2
          )

       + Vec(nu10,q3)*Vec(nu11,q2)*Vec(nu13,q3)^2*Vec(nu14,q2)^2 * (
          - 1/4*g_(1,6_,nu10)*g_(2,6_,nu11)*Den(p4,xiw,M3)*Den(q2 + q3,xiw,M3)
         ^4*Den( - p4 + q2 + q3,xiz,M4)^2*xiw^2*xiz*ufoGC58^2*ufoGC85^2
          )

       + Vec(nu10,q3)*Vec(nu11,q2)*Vec(nu13,q3)^2*Vec(nu14,q2)*Vec(nu14,q3)
       * (
          - 1/2*g_(1,6_,nu10)*g_(2,6_,nu11)*Den(p4,xiw,M3)*Den(q2 + q3,xiw,M3)
         ^4*Den( - p4 + q2 + q3,xiz,M4)^2*xiw^2*xiz*ufoGC58^2*ufoGC85^2
          )

       + Vec(nu10,q3)*Vec(nu11,q2)*Vec(nu13,q3)^2*Vec(nu14,q3)^2 * (
          - 1/4*g_(1,6_,nu10)*g_(2,6_,nu11)*Den(p4,xiw,M3)*Den(q2 + q3,xiw,M3)
         ^4*Den( - p4 + q2 + q3,xiz,M4)^2*xiw^2*xiz*ufoGC58^2*ufoGC85^2
          )

       + Vec(nu10,q3)*Vec(nu11,q2)*Vec(nu14,q2)^2 * (
          - 1/4*g_(1,6_,nu10)*g_(2,6_,nu11)*Den(p4,xiw,M3)*Den(q2 + q3,xiw,M3)
         ^4*Den( - p4 + q2 + q3,xiz,M4)^2*p4.p4*d^-1*xiw^2*xiz*ufoGC58^2*
         ufoGC85^2
          )

       + Vec(nu10,q3)*Vec(nu11,q2)*Vec(nu14,q2)*Vec(nu14,q3) * (
          - 1/2*g_(1,6_,nu10)*g_(2,6_,nu11)*Den(p4,xiw,M3)*Den(q2 + q3,xiw,M3)
         ^4*Den( - p4 + q2 + q3,xiz,M4)^2*p4.p4*d^-1*xiw^2*xiz*ufoGC58^2*
         ufoGC85^2
          )

       + Vec(nu10,q3)*Vec(nu11,q2)*Vec(nu14,q3)^2 * (
          - 1/4*g_(1,6_,nu10)*g_(2,6_,nu11)*Den(p4,xiw,M3)*Den(q2 + q3,xiw,M3)
         ^4*Den( - p4 + q2 + q3,xiz,M4)^2*p4.p4*d^-1*xiw^2*xiz*ufoGC58^2*
         ufoGC85^2
          )

       + Vec(nu10,q3)*Vec(nu11,q3)*Vec(nu13,q2)^2*Vec(nu14,q2)^2 * (
          - 1/4*g_(1,6_,nu10)*g_(2,6_,nu11)*Den(p4,xiw,M3)*Den(q2 + q3,xiw,M3)
         ^4*Den( - p4 + q2 + q3,xiz,M4)^2*xiw^2*xiz*ufoGC58^2*ufoGC85^2
          )

       + Vec(nu10,q3)*Vec(nu11,q3)*Vec(nu13,q2)^2*Vec(nu14,q2)*Vec(nu14,q3)
       * (
          - 1/2*g_(1,6_,nu10)*g_(2,6_,nu11)*Den(p4,xiw,M3)*Den(q2 + q3,xiw,M3)
         ^4*Den( - p4 + q2 + q3,xiz,M4)^2*xiw^2*xiz*ufoGC58^2*ufoGC85^2
          )

       + Vec(nu10,q3)*Vec(nu11,q3)*Vec(nu13,q2)^2*Vec(nu14,q3)^2 * (
          - 1/4*g_(1,6_,nu10)*g_(2,6_,nu11)*Den(p4,xiw,M3)*Den(q2 + q3,xiw,M3)
         ^4*Den( - p4 + q2 + q3,xiz,M4)^2*xiw^2*xiz*ufoGC58^2*ufoGC85^2
          )

       + Vec(nu10,q3)*Vec(nu11,q3)*Vec(nu13,q2)*Vec(nu13,q3)*Vec(nu14,q2)^2
       * (
          - 1/2*g_(1,6_,nu10)*g_(2,6_,nu11)*Den(p4,xiw,M3)*Den(q2 + q3,xiw,M3)
         ^4*Den( - p4 + q2 + q3,xiz,M4)^2*xiw^2*xiz*ufoGC58^2*ufoGC85^2
          )

       + Vec(nu10,q3)*Vec(nu11,q3)*Vec(nu13,q2)*Vec(nu13,q3)*Vec(nu14,q2)*Vec(
      nu14,q3) * (
          - g_(1,6_,nu10)*g_(2,6_,nu11)*Den(p4,xiw,M3)*Den(q2 + q3,xiw,M3)^4*
         Den( - p4 + q2 + q3,xiz,M4)^2*xiw^2*xiz*ufoGC58^2*ufoGC85^2
          )

       + Vec(nu10,q3)*Vec(nu11,q3)*Vec(nu13,q2)*Vec(nu13,q3)*Vec(nu14,q3)^2
       * (
          - 1/2*g_(1,6_,nu10)*g_(2,6_,nu11)*Den(p4,xiw,M3)*Den(q2 + q3,xiw,M3)
         ^4*Den( - p4 + q2 + q3,xiz,M4)^2*xiw^2*xiz*ufoGC58^2*ufoGC85^2
          )

       + Vec(nu10,q3)*Vec(nu11,q3)*Vec(nu13,q3)^2*Vec(nu14,q2)^2 * (
          - 1/4*g_(1,6_,nu10)*g_(2,6_,nu11)*Den(p4,xiw,M3)*Den(q2 + q3,xiw,M3)
         ^4*Den( - p4 + q2 + q3,xiz,M4)^2*xiw^2*xiz*ufoGC58^2*ufoGC85^2
          )

       + Vec(nu10,q3)*Vec(nu11,q3)*Vec(nu13,q3)^2*Vec(nu14,q2)*Vec(nu14,q3)
       * (
          - 1/2*g_(1,6_,nu10)*g_(2,6_,nu11)*Den(p4,xiw,M3)*Den(q2 + q3,xiw,M3)
         ^4*Den( - p4 + q2 + q3,xiz,M4)^2*xiw^2*xiz*ufoGC58^2*ufoGC85^2
          )

       + Vec(nu10,q3)*Vec(nu11,q3)*Vec(nu13,q3)^2*Vec(nu14,q3)^2 * (
          - 1/4*g_(1,6_,nu10)*g_(2,6_,nu11)*Den(p4,xiw,M3)*Den(q2 + q3,xiw,M3)
         ^4*Den( - p4 + q2 + q3,xiz,M4)^2*xiw^2*xiz*ufoGC58^2*ufoGC85^2
          )

       + Vec(nu10,q3)*Vec(nu11,q3)*Vec(nu14,q2)^2 * (
          - 1/4*g_(1,6_,nu10)*g_(2,6_,nu11)*Den(p4,xiw,M3)*Den(q2 + q3,xiw,M3)
         ^4*Den( - p4 + q2 + q3,xiz,M4)^2*p4.p4*d^-1*xiw^2*xiz*ufoGC58^2*
         ufoGC85^2
          )

       + Vec(nu10,q3)*Vec(nu11,q3)*Vec(nu14,q2)*Vec(nu14,q3) * (
          - 1/2*g_(1,6_,nu10)*g_(2,6_,nu11)*Den(p4,xiw,M3)*Den(q2 + q3,xiw,M3)
         ^4*Den( - p4 + q2 + q3,xiz,M4)^2*p4.p4*d^-1*xiw^2*xiz*ufoGC58^2*
         ufoGC85^2
          )

       + Vec(nu10,q3)*Vec(nu11,q3)*Vec(nu14,q3)^2 * (
          - 1/4*g_(1,6_,nu10)*g_(2,6_,nu11)*Den(p4,xiw,M3)*Den(q2 + q3,xiw,M3)
         ^4*Den( - p4 + q2 + q3,xiz,M4)^2*p4.p4*d^-1*xiw^2*xiz*ufoGC58^2*
         ufoGC85^2
          );

  0.00 sec out of 0.00 sec
