FORM 5.0.0-beta.1 (Jan 15 2026, v5.0.0-beta.1-292-g4341c63)  Run: Thu Mar  5 16:56:32 2026
    #-

   d1l5amp =

       + Den(p3,xiw,M3)*Den(q2 + q3,xiw,M3)^4 * (
          + 1/2*g_(1,6_,nu10)*g_(2,6_,nu11)*Vec(nu10,q2)*Vec(nu11,q2)*Vec(nu9,
         q2)^2*xiw^2*ufoGC58^2*ufoGC53
          + g_(1,6_,nu10)*g_(2,6_,nu11)*Vec(nu10,q2)*Vec(nu11,q2)*Vec(nu9,q2)*
         Vec(nu9,q3)*xiw^2*ufoGC58^2*ufoGC53
          + 1/2*g_(1,6_,nu10)*g_(2,6_,nu11)*Vec(nu10,q2)*Vec(nu11,q2)*Vec(nu9,
         q3)^2*xiw^2*ufoGC58^2*ufoGC53
          - 1/4*g_(1,6_,nu10)*g_(2,6_,nu11)*Vec(nu10,q2)*Vec(nu11,q2)*Vec(nu12
         ,q2)^2*d*xiw^2*ufoGC58^2*ufoGC53
          - 1/4*g_(1,6_,nu10)*g_(2,6_,nu11)*Vec(nu10,q2)*Vec(nu11,q2)*Vec(nu12
         ,q2)^2*xiw^2*ufoGC58^2*ufoGC53
          - 1/2*g_(1,6_,nu10)*g_(2,6_,nu11)*Vec(nu10,q2)*Vec(nu11,q2)*Vec(nu12
         ,q2)*Vec(nu12,q3)*d*xiw^2*ufoGC58^2*ufoGC53
          - 1/2*g_(1,6_,nu10)*g_(2,6_,nu11)*Vec(nu10,q2)*Vec(nu11,q2)*Vec(nu12
         ,q2)*Vec(nu12,q3)*xiw^2*ufoGC58^2*ufoGC53
          - 1/4*g_(1,6_,nu10)*g_(2,6_,nu11)*Vec(nu10,q2)*Vec(nu11,q2)*Vec(nu12
         ,q3)^2*d*xiw^2*ufoGC58^2*ufoGC53
          - 1/4*g_(1,6_,nu10)*g_(2,6_,nu11)*Vec(nu10,q2)*Vec(nu11,q2)*Vec(nu12
         ,q3)^2*xiw^2*ufoGC58^2*ufoGC53
          + 1/2*g_(1,6_,nu10)*g_(2,6_,nu11)*Vec(nu10,q2)*Vec(nu11,q3)*Vec(nu9,
         q2)^2*xiw^2*ufoGC58^2*ufoGC53
          + g_(1,6_,nu10)*g_(2,6_,nu11)*Vec(nu10,q2)*Vec(nu11,q3)*Vec(nu9,q2)*
         Vec(nu9,q3)*xiw^2*ufoGC58^2*ufoGC53
          + 1/2*g_(1,6_,nu10)*g_(2,6_,nu11)*Vec(nu10,q2)*Vec(nu11,q3)*Vec(nu9,
         q3)^2*xiw^2*ufoGC58^2*ufoGC53
          - 1/4*g_(1,6_,nu10)*g_(2,6_,nu11)*Vec(nu10,q2)*Vec(nu11,q3)*Vec(nu12
         ,q2)^2*d*xiw^2*ufoGC58^2*ufoGC53
          - 1/4*g_(1,6_,nu10)*g_(2,6_,nu11)*Vec(nu10,q2)*Vec(nu11,q3)*Vec(nu12
         ,q2)^2*xiw^2*ufoGC58^2*ufoGC53
          - 1/2*g_(1,6_,nu10)*g_(2,6_,nu11)*Vec(nu10,q2)*Vec(nu11,q3)*Vec(nu12
         ,q2)*Vec(nu12,q3)*d*xiw^2*ufoGC58^2*ufoGC53
          - 1/2*g_(1,6_,nu10)*g_(2,6_,nu11)*Vec(nu10,q2)*Vec(nu11,q3)*Vec(nu12
         ,q2)*Vec(nu12,q3)*xiw^2*ufoGC58^2*ufoGC53
          - 1/4*g_(1,6_,nu10)*g_(2,6_,nu11)*Vec(nu10,q2)*Vec(nu11,q3)*Vec(nu12
         ,q3)^2*d*xiw^2*ufoGC58^2*ufoGC53
          - 1/4*g_(1,6_,nu10)*g_(2,6_,nu11)*Vec(nu10,q2)*Vec(nu11,q3)*Vec(nu12
         ,q3)^2*xiw^2*ufoGC58^2*ufoGC53
          + 1/2*g_(1,6_,nu10)*g_(2,6_,nu11)*Vec(nu10,q3)*Vec(nu11,q2)*Vec(nu9,
         q2)^2*xiw^2*ufoGC58^2*ufoGC53
          + g_(1,6_,nu10)*g_(2,6_,nu11)*Vec(nu10,q3)*Vec(nu11,q2)*Vec(nu9,q2)*
         Vec(nu9,q3)*xiw^2*ufoGC58^2*ufoGC53
          + 1/2*g_(1,6_,nu10)*g_(2,6_,nu11)*Vec(nu10,q3)*Vec(nu11,q2)*Vec(nu9,
         q3)^2*xiw^2*ufoGC58^2*ufoGC53
          - 1/4*g_(1,6_,nu10)*g_(2,6_,nu11)*Vec(nu10,q3)*Vec(nu11,q2)*Vec(nu12
         ,q2)^2*d*xiw^2*ufoGC58^2*ufoGC53
          - 1/4*g_(1,6_,nu10)*g_(2,6_,nu11)*Vec(nu10,q3)*Vec(nu11,q2)*Vec(nu12
         ,q2)^2*xiw^2*ufoGC58^2*ufoGC53
          - 1/2*g_(1,6_,nu10)*g_(2,6_,nu11)*Vec(nu10,q3)*Vec(nu11,q2)*Vec(nu12
         ,q2)*Vec(nu12,q3)*d*xiw^2*ufoGC58^2*ufoGC53
          - 1/2*g_(1,6_,nu10)*g_(2,6_,nu11)*Vec(nu10,q3)*Vec(nu11,q2)*Vec(nu12
         ,q2)*Vec(nu12,q3)*xiw^2*ufoGC58^2*ufoGC53
          - 1/4*g_(1,6_,nu10)*g_(2,6_,nu11)*Vec(nu10,q3)*Vec(nu11,q2)*Vec(nu12
         ,q3)^2*d*xiw^2*ufoGC58^2*ufoGC53
          - 1/4*g_(1,6_,nu10)*g_(2,6_,nu11)*Vec(nu10,q3)*Vec(nu11,q2)*Vec(nu12
         ,q3)^2*xiw^2*ufoGC58^2*ufoGC53
          + 1/2*g_(1,6_,nu10)*g_(2,6_,nu11)*Vec(nu10,q3)*Vec(nu11,q3)*Vec(nu9,
         q2)^2*xiw^2*ufoGC58^2*ufoGC53
          + g_(1,6_,nu10)*g_(2,6_,nu11)*Vec(nu10,q3)*Vec(nu11,q3)*Vec(nu9,q2)*
         Vec(nu9,q3)*xiw^2*ufoGC58^2*ufoGC53
          + 1/2*g_(1,6_,nu10)*g_(2,6_,nu11)*Vec(nu10,q3)*Vec(nu11,q3)*Vec(nu9,
         q3)^2*xiw^2*ufoGC58^2*ufoGC53
          - 1/4*g_(1,6_,nu10)*g_(2,6_,nu11)*Vec(nu10,q3)*Vec(nu11,q3)*Vec(nu12
         ,q2)^2*d*xiw^2*ufoGC58^2*ufoGC53
          - 1/4*g_(1,6_,nu10)*g_(2,6_,nu11)*Vec(nu10,q3)*Vec(nu11,q3)*Vec(nu12
         ,q2)^2*xiw^2*ufoGC58^2*ufoGC53
          - 1/2*g_(1,6_,nu10)*g_(2,6_,nu11)*Vec(nu10,q3)*Vec(nu11,q3)*Vec(nu12
         ,q2)*Vec(nu12,q3)*d*xiw^2*ufoGC58^2*ufoGC53
          - 1/2*g_(1,6_,nu10)*g_(2,6_,nu11)*Vec(nu10,q3)*Vec(nu11,q3)*Vec(nu12
         ,q2)*Vec(nu12,q3)*xiw^2*ufoGC58^2*ufoGC53
          - 1/4*g_(1,6_,nu10)*g_(2,6_,nu11)*Vec(nu10,q3)*Vec(nu11,q3)*Vec(nu12
         ,q3)^2*d*xiw^2*ufoGC58^2*ufoGC53
          - 1/4*g_(1,6_,nu10)*g_(2,6_,nu11)*Vec(nu10,q3)*Vec(nu11,q3)*Vec(nu12
         ,q3)^2*xiw^2*ufoGC58^2*ufoGC53
          )

       + Den(p3,xiw,M3)^2*Den(q2 + q3,xiw,M3)^4 * (
          + 1/4*g_(1,6_,nu10)*g_(2,6_,nu11)*Vec(nu10,q2)*Vec(nu11,q2)*Vec(nu12
         ,q2)^2*p3.p3*xiw^2*ufoGC58^2*ufoGC53
          - 1/2*g_(1,6_,nu10)*g_(2,6_,nu11)*Vec(nu10,q2)*Vec(nu11,q2)*Vec(nu12
         ,q2)^2*p3.p3*d^-1*xiw^2*ufoGC58^2*ufoGC53
          + 1/2*g_(1,6_,nu10)*g_(2,6_,nu11)*Vec(nu10,q2)*Vec(nu11,q2)*Vec(nu12
         ,q2)*Vec(nu12,q3)*p3.p3*xiw^2*ufoGC58^2*ufoGC53
          - g_(1,6_,nu10)*g_(2,6_,nu11)*Vec(nu10,q2)*Vec(nu11,q2)*Vec(nu12,q2)
         *Vec(nu12,q3)*p3.p3*d^-1*xiw^2*ufoGC58^2*ufoGC53
          + 1/4*g_(1,6_,nu10)*g_(2,6_,nu11)*Vec(nu10,q2)*Vec(nu11,q2)*Vec(nu12
         ,q3)^2*p3.p3*xiw^2*ufoGC58^2*ufoGC53
          - 1/2*g_(1,6_,nu10)*g_(2,6_,nu11)*Vec(nu10,q2)*Vec(nu11,q2)*Vec(nu12
         ,q3)^2*p3.p3*d^-1*xiw^2*ufoGC58^2*ufoGC53
          + 1/4*g_(1,6_,nu10)*g_(2,6_,nu11)*Vec(nu10,q2)*Vec(nu11,q2)*Vec(nu14
         ,q2)^2*p3.p3*d^-1*xiw^2*ufoGC58^2*ufoGC53
          + 1/2*g_(1,6_,nu10)*g_(2,6_,nu11)*Vec(nu10,q2)*Vec(nu11,q2)*Vec(nu14
         ,q2)*Vec(nu14,q3)*p3.p3*d^-1*xiw^2*ufoGC58^2*ufoGC53
          + 1/4*g_(1,6_,nu10)*g_(2,6_,nu11)*Vec(nu10,q2)*Vec(nu11,q2)*Vec(nu14
         ,q3)^2*p3.p3*d^-1*xiw^2*ufoGC58^2*ufoGC53
          + 1/4*g_(1,6_,nu10)*g_(2,6_,nu11)*Vec(nu10,q2)*Vec(nu11,q3)*Vec(nu12
         ,q2)^2*p3.p3*xiw^2*ufoGC58^2*ufoGC53
          - 1/2*g_(1,6_,nu10)*g_(2,6_,nu11)*Vec(nu10,q2)*Vec(nu11,q3)*Vec(nu12
         ,q2)^2*p3.p3*d^-1*xiw^2*ufoGC58^2*ufoGC53
          + 1/2*g_(1,6_,nu10)*g_(2,6_,nu11)*Vec(nu10,q2)*Vec(nu11,q3)*Vec(nu12
         ,q2)*Vec(nu12,q3)*p3.p3*xiw^2*ufoGC58^2*ufoGC53
          - g_(1,6_,nu10)*g_(2,6_,nu11)*Vec(nu10,q2)*Vec(nu11,q3)*Vec(nu12,q2)
         *Vec(nu12,q3)*p3.p3*d^-1*xiw^2*ufoGC58^2*ufoGC53
          + 1/4*g_(1,6_,nu10)*g_(2,6_,nu11)*Vec(nu10,q2)*Vec(nu11,q3)*Vec(nu12
         ,q3)^2*p3.p3*xiw^2*ufoGC58^2*ufoGC53
          - 1/2*g_(1,6_,nu10)*g_(2,6_,nu11)*Vec(nu10,q2)*Vec(nu11,q3)*Vec(nu12
         ,q3)^2*p3.p3*d^-1*xiw^2*ufoGC58^2*ufoGC53
          + 1/4*g_(1,6_,nu10)*g_(2,6_,nu11)*Vec(nu10,q2)*Vec(nu11,q3)*Vec(nu14
         ,q2)^2*p3.p3*d^-1*xiw^2*ufoGC58^2*ufoGC53
          + 1/2*g_(1,6_,nu10)*g_(2,6_,nu11)*Vec(nu10,q2)*Vec(nu11,q3)*Vec(nu14
         ,q2)*Vec(nu14,q3)*p3.p3*d^-1*xiw^2*ufoGC58^2*ufoGC53
          + 1/4*g_(1,6_,nu10)*g_(2,6_,nu11)*Vec(nu10,q2)*Vec(nu11,q3)*Vec(nu14
         ,q3)^2*p3.p3*d^-1*xiw^2*ufoGC58^2*ufoGC53
          + 1/4*g_(1,6_,nu10)*g_(2,6_,nu11)*Vec(nu10,q3)*Vec(nu11,q2)*Vec(nu12
         ,q2)^2*p3.p3*xiw^2*ufoGC58^2*ufoGC53
          - 1/2*g_(1,6_,nu10)*g_(2,6_,nu11)*Vec(nu10,q3)*Vec(nu11,q2)*Vec(nu12
         ,q2)^2*p3.p3*d^-1*xiw^2*ufoGC58^2*ufoGC53
          + 1/2*g_(1,6_,nu10)*g_(2,6_,nu11)*Vec(nu10,q3)*Vec(nu11,q2)*Vec(nu12
         ,q2)*Vec(nu12,q3)*p3.p3*xiw^2*ufoGC58^2*ufoGC53
          - g_(1,6_,nu10)*g_(2,6_,nu11)*Vec(nu10,q3)*Vec(nu11,q2)*Vec(nu12,q2)
         *Vec(nu12,q3)*p3.p3*d^-1*xiw^2*ufoGC58^2*ufoGC53
          + 1/4*g_(1,6_,nu10)*g_(2,6_,nu11)*Vec(nu10,q3)*Vec(nu11,q2)*Vec(nu12
         ,q3)^2*p3.p3*xiw^2*ufoGC58^2*ufoGC53
          - 1/2*g_(1,6_,nu10)*g_(2,6_,nu11)*Vec(nu10,q3)*Vec(nu11,q2)*Vec(nu12
         ,q3)^2*p3.p3*d^-1*xiw^2*ufoGC58^2*ufoGC53
          + 1/4*g_(1,6_,nu10)*g_(2,6_,nu11)*Vec(nu10,q3)*Vec(nu11,q2)*Vec(nu14
         ,q2)^2*p3.p3*d^-1*xiw^2*ufoGC58^2*ufoGC53
          + 1/2*g_(1,6_,nu10)*g_(2,6_,nu11)*Vec(nu10,q3)*Vec(nu11,q2)*Vec(nu14
         ,q2)*Vec(nu14,q3)*p3.p3*d^-1*xiw^2*ufoGC58^2*ufoGC53
          + 1/4*g_(1,6_,nu10)*g_(2,6_,nu11)*Vec(nu10,q3)*Vec(nu11,q2)*Vec(nu14
         ,q3)^2*p3.p3*d^-1*xiw^2*ufoGC58^2*ufoGC53
          + 1/4*g_(1,6_,nu10)*g_(2,6_,nu11)*Vec(nu10,q3)*Vec(nu11,q3)*Vec(nu12
         ,q2)^2*p3.p3*xiw^2*ufoGC58^2*ufoGC53
          - 1/2*g_(1,6_,nu10)*g_(2,6_,nu11)*Vec(nu10,q3)*Vec(nu11,q3)*Vec(nu12
         ,q2)^2*p3.p3*d^-1*xiw^2*ufoGC58^2*ufoGC53
          + 1/2*g_(1,6_,nu10)*g_(2,6_,nu11)*Vec(nu10,q3)*Vec(nu11,q3)*Vec(nu12
         ,q2)*Vec(nu12,q3)*p3.p3*xiw^2*ufoGC58^2*ufoGC53
          - g_(1,6_,nu10)*g_(2,6_,nu11)*Vec(nu10,q3)*Vec(nu11,q3)*Vec(nu12,q2)
         *Vec(nu12,q3)*p3.p3*d^-1*xiw^2*ufoGC58^2*ufoGC53
          + 1/4*g_(1,6_,nu10)*g_(2,6_,nu11)*Vec(nu10,q3)*Vec(nu11,q3)*Vec(nu12
         ,q3)^2*p3.p3*xiw^2*ufoGC58^2*ufoGC53
          - 1/2*g_(1,6_,nu10)*g_(2,6_,nu11)*Vec(nu10,q3)*Vec(nu11,q3)*Vec(nu12
         ,q3)^2*p3.p3*d^-1*xiw^2*ufoGC58^2*ufoGC53
          + 1/4*g_(1,6_,nu10)*g_(2,6_,nu11)*Vec(nu10,q3)*Vec(nu11,q3)*Vec(nu14
         ,q2)^2*p3.p3*d^-1*xiw^2*ufoGC58^2*ufoGC53
          + 1/2*g_(1,6_,nu10)*g_(2,6_,nu11)*Vec(nu10,q3)*Vec(nu11,q3)*Vec(nu14
         ,q2)*Vec(nu14,q3)*p3.p3*d^-1*xiw^2*ufoGC58^2*ufoGC53
          + 1/4*g_(1,6_,nu10)*g_(2,6_,nu11)*Vec(nu10,q3)*Vec(nu11,q3)*Vec(nu14
         ,q3)^2*p3.p3*d^-1*xiw^2*ufoGC58^2*ufoGC53
          );

  0.00 sec out of 0.00 sec
