FORM 5.0.0-beta.1 (Jan 15 2026, v5.0.0-beta.1-292-g4341c63)  Run: Fri Feb 27 12:21:24 2026
    #-

   d1l70amp =
       - 1/4*g_(1,6_,nu10)*g_(2,6_,nu11)*Vec(nu10,q2)*Vec(nu11,q2)*Vec(nu13,q2
      )^2*Vec(nu14,q2)^2*Deng(p4,xiw,0)*Deng(q2 + q3,xiw,M3)^4*Deng( - p4 + q2
       + q3,xiz,M4)^2*xiw*ufoGC58^2*ufoGC85^2
       - 1/2*g_(1,6_,nu10)*g_(2,6_,nu11)*Vec(nu10,q2)*Vec(nu11,q2)*Vec(nu13,q2
      )^2*Vec(nu14,q2)*Vec(nu14,q3)*Deng(p4,xiw,0)*Deng(q2 + q3,xiw,M3)^4*
      Deng( - p4 + q2 + q3,xiz,M4)^2*xiw*ufoGC58^2*ufoGC85^2
       - 1/4*g_(1,6_,nu10)*g_(2,6_,nu11)*Vec(nu10,q2)*Vec(nu11,q2)*Vec(nu13,q2
      )^2*Vec(nu14,q3)^2*Deng(p4,xiw,0)*Deng(q2 + q3,xiw,M3)^4*Deng( - p4 + q2
       + q3,xiz,M4)^2*xiw*ufoGC58^2*ufoGC85^2
       - 1/4*g_(1,6_,nu10)*g_(2,6_,nu11)*Vec(nu10,q2)*Vec(nu11,q2)*Vec(nu13,q2
      )^2*Vec(nu14,-p4)*Vec(nu14,q2)*Deng(p4,xiw,0)*Deng(q2 + q3,xiw,M3)^4*
      Deng( - p4 + q2 + q3,xiz,M4)^2*xiw*ufoGC58^2*ufoGC85^2
       - 1/4*g_(1,6_,nu10)*g_(2,6_,nu11)*Vec(nu10,q2)*Vec(nu11,q2)*Vec(nu13,q2
      )^2*Vec(nu14,-p4)*Vec(nu14,q3)*Deng(p4,xiw,0)*Deng(q2 + q3,xiw,M3)^4*
      Deng( - p4 + q2 + q3,xiz,M4)^2*xiw*ufoGC58^2*ufoGC85^2
       - 1/2*g_(1,6_,nu10)*g_(2,6_,nu11)*Vec(nu10,q2)*Vec(nu11,q2)*Vec(nu13,q2
      )*Vec(nu13,q3)*Vec(nu14,q2)^2*Deng(p4,xiw,0)*Deng(q2 + q3,xiw,M3)^4*
      Deng( - p4 + q2 + q3,xiz,M4)^2*xiw*ufoGC58^2*ufoGC85^2
       - g_(1,6_,nu10)*g_(2,6_,nu11)*Vec(nu10,q2)*Vec(nu11,q2)*Vec(nu13,q2)*
      Vec(nu13,q3)*Vec(nu14,q2)*Vec(nu14,q3)*Deng(p4,xiw,0)*Deng(q2 + q3,xiw,
      M3)^4*Deng( - p4 + q2 + q3,xiz,M4)^2*xiw*ufoGC58^2*ufoGC85^2
       - 1/2*g_(1,6_,nu10)*g_(2,6_,nu11)*Vec(nu10,q2)*Vec(nu11,q2)*Vec(nu13,q2
      )*Vec(nu13,q3)*Vec(nu14,q3)^2*Deng(p4,xiw,0)*Deng(q2 + q3,xiw,M3)^4*
      Deng( - p4 + q2 + q3,xiz,M4)^2*xiw*ufoGC58^2*ufoGC85^2
       - 1/2*g_(1,6_,nu10)*g_(2,6_,nu11)*Vec(nu10,q2)*Vec(nu11,q2)*Vec(nu13,q2
      )*Vec(nu13,q3)*Vec(nu14,-p4)*Vec(nu14,q2)*Deng(p4,xiw,0)*Deng(q2 + q3,
      xiw,M3)^4*Deng( - p4 + q2 + q3,xiz,M4)^2*xiw*ufoGC58^2*ufoGC85^2
       - 1/2*g_(1,6_,nu10)*g_(2,6_,nu11)*Vec(nu10,q2)*Vec(nu11,q2)*Vec(nu13,q2
      )*Vec(nu13,q3)*Vec(nu14,-p4)*Vec(nu14,q3)*Deng(p4,xiw,0)*Deng(q2 + q3,
      xiw,M3)^4*Deng( - p4 + q2 + q3,xiz,M4)^2*xiw*ufoGC58^2*ufoGC85^2
       - 1/4*g_(1,6_,nu10)*g_(2,6_,nu11)*Vec(nu10,q2)*Vec(nu11,q2)*Vec(nu13,q3
      )^2*Vec(nu14,q2)^2*Deng(p4,xiw,0)*Deng(q2 + q3,xiw,M3)^4*Deng( - p4 + q2
       + q3,xiz,M4)^2*xiw*ufoGC58^2*ufoGC85^2
       - 1/2*g_(1,6_,nu10)*g_(2,6_,nu11)*Vec(nu10,q2)*Vec(nu11,q2)*Vec(nu13,q3
      )^2*Vec(nu14,q2)*Vec(nu14,q3)*Deng(p4,xiw,0)*Deng(q2 + q3,xiw,M3)^4*
      Deng( - p4 + q2 + q3,xiz,M4)^2*xiw*ufoGC58^2*ufoGC85^2
       - 1/4*g_(1,6_,nu10)*g_(2,6_,nu11)*Vec(nu10,q2)*Vec(nu11,q2)*Vec(nu13,q3
      )^2*Vec(nu14,q3)^2*Deng(p4,xiw,0)*Deng(q2 + q3,xiw,M3)^4*Deng( - p4 + q2
       + q3,xiz,M4)^2*xiw*ufoGC58^2*ufoGC85^2
       - 1/4*g_(1,6_,nu10)*g_(2,6_,nu11)*Vec(nu10,q2)*Vec(nu11,q2)*Vec(nu13,q3
      )^2*Vec(nu14,-p4)*Vec(nu14,q2)*Deng(p4,xiw,0)*Deng(q2 + q3,xiw,M3)^4*
      Deng( - p4 + q2 + q3,xiz,M4)^2*xiw*ufoGC58^2*ufoGC85^2
       - 1/4*g_(1,6_,nu10)*g_(2,6_,nu11)*Vec(nu10,q2)*Vec(nu11,q2)*Vec(nu13,q3
      )^2*Vec(nu14,-p4)*Vec(nu14,q3)*Deng(p4,xiw,0)*Deng(q2 + q3,xiw,M3)^4*
      Deng( - p4 + q2 + q3,xiz,M4)^2*xiw*ufoGC58^2*ufoGC85^2
       - 1/4*g_(1,6_,nu10)*g_(2,6_,nu11)*Vec(nu10,q2)*Vec(nu11,q2)*Vec(nu13,
      -p4)*Vec(nu13,q2)*Vec(nu14,q2)^2*Deng(p4,xiw,0)*Deng(q2 + q3,xiw,M3)^4*
      Deng( - p4 + q2 + q3,xiz,M4)^2*xiw*ufoGC58^2*ufoGC85^2
       - 1/2*g_(1,6_,nu10)*g_(2,6_,nu11)*Vec(nu10,q2)*Vec(nu11,q2)*Vec(nu13,
      -p4)*Vec(nu13,q2)*Vec(nu14,q2)*Vec(nu14,q3)*Deng(p4,xiw,0)*Deng(q2 + q3,
      xiw,M3)^4*Deng( - p4 + q2 + q3,xiz,M4)^2*xiw*ufoGC58^2*ufoGC85^2
       - 1/4*g_(1,6_,nu10)*g_(2,6_,nu11)*Vec(nu10,q2)*Vec(nu11,q2)*Vec(nu13,
      -p4)*Vec(nu13,q2)*Vec(nu14,q3)^2*Deng(p4,xiw,0)*Deng(q2 + q3,xiw,M3)^4*
      Deng( - p4 + q2 + q3,xiz,M4)^2*xiw*ufoGC58^2*ufoGC85^2
       - 1/4*g_(1,6_,nu10)*g_(2,6_,nu11)*Vec(nu10,q2)*Vec(nu11,q2)*Vec(nu13,
      -p4)*Vec(nu13,q2)*Vec(nu14,-p4)*Vec(nu14,q2)*Deng(p4,xiw,0)*Deng(q2 + q3
      ,xiw,M3)^4*Deng( - p4 + q2 + q3,xiz,M4)^2*xiw*ufoGC58^2*ufoGC85^2
       - 1/4*g_(1,6_,nu10)*g_(2,6_,nu11)*Vec(nu10,q2)*Vec(nu11,q2)*Vec(nu13,
      -p4)*Vec(nu13,q2)*Vec(nu14,-p4)*Vec(nu14,q3)*Deng(p4,xiw,0)*Deng(q2 + q3
      ,xiw,M3)^4*Deng( - p4 + q2 + q3,xiz,M4)^2*xiw*ufoGC58^2*ufoGC85^2
       - 1/4*g_(1,6_,nu10)*g_(2,6_,nu11)*Vec(nu10,q2)*Vec(nu11,q2)*Vec(nu13,
      -p4)*Vec(nu13,q3)*Vec(nu14,q2)^2*Deng(p4,xiw,0)*Deng(q2 + q3,xiw,M3)^4*
      Deng( - p4 + q2 + q3,xiz,M4)^2*xiw*ufoGC58^2*ufoGC85^2
       - 1/2*g_(1,6_,nu10)*g_(2,6_,nu11)*Vec(nu10,q2)*Vec(nu11,q2)*Vec(nu13,
      -p4)*Vec(nu13,q3)*Vec(nu14,q2)*Vec(nu14,q3)*Deng(p4,xiw,0)*Deng(q2 + q3,
      xiw,M3)^4*Deng( - p4 + q2 + q3,xiz,M4)^2*xiw*ufoGC58^2*ufoGC85^2
       - 1/4*g_(1,6_,nu10)*g_(2,6_,nu11)*Vec(nu10,q2)*Vec(nu11,q2)*Vec(nu13,
      -p4)*Vec(nu13,q3)*Vec(nu14,q3)^2*Deng(p4,xiw,0)*Deng(q2 + q3,xiw,M3)^4*
      Deng( - p4 + q2 + q3,xiz,M4)^2*xiw*ufoGC58^2*ufoGC85^2
       - 1/4*g_(1,6_,nu10)*g_(2,6_,nu11)*Vec(nu10,q2)*Vec(nu11,q2)*Vec(nu13,
      -p4)*Vec(nu13,q3)*Vec(nu14,-p4)*Vec(nu14,q2)*Deng(p4,xiw,0)*Deng(q2 + q3
      ,xiw,M3)^4*Deng( - p4 + q2 + q3,xiz,M4)^2*xiw*ufoGC58^2*ufoGC85^2
       - 1/4*g_(1,6_,nu10)*g_(2,6_,nu11)*Vec(nu10,q2)*Vec(nu11,q2)*Vec(nu13,
      -p4)*Vec(nu13,q3)*Vec(nu14,-p4)*Vec(nu14,q3)*Deng(p4,xiw,0)*Deng(q2 + q3
      ,xiw,M3)^4*Deng( - p4 + q2 + q3,xiz,M4)^2*xiw*ufoGC58^2*ufoGC85^2
       + 1/4*g_(1,6_,nu10)*g_(2,6_,nu11)*Vec(nu10,q2)*Vec(nu11,q2)*Vec(nu14,q2
      )^2*Deng(p4,xiw,0)*Deng(q2 + q3,xiw,M3)^3*Deng( - p4 + q2 + q3,xiz,M4)^2
      *xiw*ufoGC58^2*ufoGC85^2
       + 1/4*g_(1,6_,nu10)*g_(2,6_,nu11)*Vec(nu10,q2)*Vec(nu11,q2)*Vec(nu14,q2
      )^2*Deng(p4,xiw,0)*Deng(q2 + q3,xiw,M3)^4*Deng( - p4 + q2 + q3,xiz,M4)*
      xiw*ufoGC58^2*ufoGC85^2
       + 1/2*g_(1,6_,nu10)*g_(2,6_,nu11)*Vec(nu10,q2)*Vec(nu11,q2)*Vec(nu14,q2
      )*Vec(nu14,q3)*Deng(p4,xiw,0)*Deng(q2 + q3,xiw,M3)^3*Deng( - p4 + q2 + 
      q3,xiz,M4)^2*xiw*ufoGC58^2*ufoGC85^2
       + 1/2*g_(1,6_,nu10)*g_(2,6_,nu11)*Vec(nu10,q2)*Vec(nu11,q2)*Vec(nu14,q2
      )*Vec(nu14,q3)*Deng(p4,xiw,0)*Deng(q2 + q3,xiw,M3)^4*Deng( - p4 + q2 + 
      q3,xiz,M4)*xiw*ufoGC58^2*ufoGC85^2
       + 1/4*g_(1,6_,nu10)*g_(2,6_,nu11)*Vec(nu10,q2)*Vec(nu11,q2)*Vec(nu14,q3
      )^2*Deng(p4,xiw,0)*Deng(q2 + q3,xiw,M3)^3*Deng( - p4 + q2 + q3,xiz,M4)^2
      *xiw*ufoGC58^2*ufoGC85^2
       + 1/4*g_(1,6_,nu10)*g_(2,6_,nu11)*Vec(nu10,q2)*Vec(nu11,q2)*Vec(nu14,q3
      )^2*Deng(p4,xiw,0)*Deng(q2 + q3,xiw,M3)^4*Deng( - p4 + q2 + q3,xiz,M4)*
      xiw*ufoGC58^2*ufoGC85^2
       + 1/4*g_(1,6_,nu10)*g_(2,6_,nu11)*Vec(nu10,q2)*Vec(nu11,q2)*Vec(nu14,
      -p4)*Vec(nu14,q2)*Deng(p4,xiw,0)*Deng(q2 + q3,xiw,M3)^3*Deng( - p4 + q2
       + q3,xiz,M4)^2*xiw*ufoGC58^2*ufoGC85^2
       + 1/4*g_(1,6_,nu10)*g_(2,6_,nu11)*Vec(nu10,q2)*Vec(nu11,q2)*Vec(nu14,
      -p4)*Vec(nu14,q3)*Deng(p4,xiw,0)*Deng(q2 + q3,xiw,M3)^3*Deng( - p4 + q2
       + q3,xiz,M4)^2*xiw*ufoGC58^2*ufoGC85^2
       - 1/4*g_(1,6_,nu10)*g_(2,6_,nu11)*Vec(nu10,q2)*Vec(nu11,q2)*Deng(p4,xiw
      ,0)*Deng(q2 + q3,xiw,M3)^3*Deng( - p4 + q2 + q3,xiz,M4)*xiw*ufoGC58^2*
      ufoGC85^2
       - 1/4*g_(1,6_,nu10)*g_(2,6_,nu11)*Vec(nu10,q2)*Vec(nu11,q3)*Vec(nu13,q2
      )^2*Vec(nu14,q2)^2*Deng(p4,xiw,0)*Deng(q2 + q3,xiw,M3)^4*Deng( - p4 + q2
       + q3,xiz,M4)^2*xiw*ufoGC58^2*ufoGC85^2
       - 1/2*g_(1,6_,nu10)*g_(2,6_,nu11)*Vec(nu10,q2)*Vec(nu11,q3)*Vec(nu13,q2
      )^2*Vec(nu14,q2)*Vec(nu14,q3)*Deng(p4,xiw,0)*Deng(q2 + q3,xiw,M3)^4*
      Deng( - p4 + q2 + q3,xiz,M4)^2*xiw*ufoGC58^2*ufoGC85^2
       - 1/4*g_(1,6_,nu10)*g_(2,6_,nu11)*Vec(nu10,q2)*Vec(nu11,q3)*Vec(nu13,q2
      )^2*Vec(nu14,q3)^2*Deng(p4,xiw,0)*Deng(q2 + q3,xiw,M3)^4*Deng( - p4 + q2
       + q3,xiz,M4)^2*xiw*ufoGC58^2*ufoGC85^2
       - 1/4*g_(1,6_,nu10)*g_(2,6_,nu11)*Vec(nu10,q2)*Vec(nu11,q3)*Vec(nu13,q2
      )^2*Vec(nu14,-p4)*Vec(nu14,q2)*Deng(p4,xiw,0)*Deng(q2 + q3,xiw,M3)^4*
      Deng( - p4 + q2 + q3,xiz,M4)^2*xiw*ufoGC58^2*ufoGC85^2
       - 1/4*g_(1,6_,nu10)*g_(2,6_,nu11)*Vec(nu10,q2)*Vec(nu11,q3)*Vec(nu13,q2
      )^2*Vec(nu14,-p4)*Vec(nu14,q3)*Deng(p4,xiw,0)*Deng(q2 + q3,xiw,M3)^4*
      Deng( - p4 + q2 + q3,xiz,M4)^2*xiw*ufoGC58^2*ufoGC85^2
       - 1/2*g_(1,6_,nu10)*g_(2,6_,nu11)*Vec(nu10,q2)*Vec(nu11,q3)*Vec(nu13,q2
      )*Vec(nu13,q3)*Vec(nu14,q2)^2*Deng(p4,xiw,0)*Deng(q2 + q3,xiw,M3)^4*
      Deng( - p4 + q2 + q3,xiz,M4)^2*xiw*ufoGC58^2*ufoGC85^2
       - g_(1,6_,nu10)*g_(2,6_,nu11)*Vec(nu10,q2)*Vec(nu11,q3)*Vec(nu13,q2)*
      Vec(nu13,q3)*Vec(nu14,q2)*Vec(nu14,q3)*Deng(p4,xiw,0)*Deng(q2 + q3,xiw,
      M3)^4*Deng( - p4 + q2 + q3,xiz,M4)^2*xiw*ufoGC58^2*ufoGC85^2
       - 1/2*g_(1,6_,nu10)*g_(2,6_,nu11)*Vec(nu10,q2)*Vec(nu11,q3)*Vec(nu13,q2
      )*Vec(nu13,q3)*Vec(nu14,q3)^2*Deng(p4,xiw,0)*Deng(q2 + q3,xiw,M3)^4*
      Deng( - p4 + q2 + q3,xiz,M4)^2*xiw*ufoGC58^2*ufoGC85^2
       - 1/2*g_(1,6_,nu10)*g_(2,6_,nu11)*Vec(nu10,q2)*Vec(nu11,q3)*Vec(nu13,q2
      )*Vec(nu13,q3)*Vec(nu14,-p4)*Vec(nu14,q2)*Deng(p4,xiw,0)*Deng(q2 + q3,
      xiw,M3)^4*Deng( - p4 + q2 + q3,xiz,M4)^2*xiw*ufoGC58^2*ufoGC85^2
       - 1/2*g_(1,6_,nu10)*g_(2,6_,nu11)*Vec(nu10,q2)*Vec(nu11,q3)*Vec(nu13,q2
      )*Vec(nu13,q3)*Vec(nu14,-p4)*Vec(nu14,q3)*Deng(p4,xiw,0)*Deng(q2 + q3,
      xiw,M3)^4*Deng( - p4 + q2 + q3,xiz,M4)^2*xiw*ufoGC58^2*ufoGC85^2
       - 1/4*g_(1,6_,nu10)*g_(2,6_,nu11)*Vec(nu10,q2)*Vec(nu11,q3)*Vec(nu13,q3
      )^2*Vec(nu14,q2)^2*Deng(p4,xiw,0)*Deng(q2 + q3,xiw,M3)^4*Deng( - p4 + q2
       + q3,xiz,M4)^2*xiw*ufoGC58^2*ufoGC85^2
       - 1/2*g_(1,6_,nu10)*g_(2,6_,nu11)*Vec(nu10,q2)*Vec(nu11,q3)*Vec(nu13,q3
      )^2*Vec(nu14,q2)*Vec(nu14,q3)*Deng(p4,xiw,0)*Deng(q2 + q3,xiw,M3)^4*
      Deng( - p4 + q2 + q3,xiz,M4)^2*xiw*ufoGC58^2*ufoGC85^2
       - 1/4*g_(1,6_,nu10)*g_(2,6_,nu11)*Vec(nu10,q2)*Vec(nu11,q3)*Vec(nu13,q3
      )^2*Vec(nu14,q3)^2*Deng(p4,xiw,0)*Deng(q2 + q3,xiw,M3)^4*Deng( - p4 + q2
       + q3,xiz,M4)^2*xiw*ufoGC58^2*ufoGC85^2
       - 1/4*g_(1,6_,nu10)*g_(2,6_,nu11)*Vec(nu10,q2)*Vec(nu11,q3)*Vec(nu13,q3
      )^2*Vec(nu14,-p4)*Vec(nu14,q2)*Deng(p4,xiw,0)*Deng(q2 + q3,xiw,M3)^4*
      Deng( - p4 + q2 + q3,xiz,M4)^2*xiw*ufoGC58^2*ufoGC85^2
       - 1/4*g_(1,6_,nu10)*g_(2,6_,nu11)*Vec(nu10,q2)*Vec(nu11,q3)*Vec(nu13,q3
      )^2*Vec(nu14,-p4)*Vec(nu14,q3)*Deng(p4,xiw,0)*Deng(q2 + q3,xiw,M3)^4*
      Deng( - p4 + q2 + q3,xiz,M4)^2*xiw*ufoGC58^2*ufoGC85^2
       - 1/4*g_(1,6_,nu10)*g_(2,6_,nu11)*Vec(nu10,q2)*Vec(nu11,q3)*Vec(nu13,
      -p4)*Vec(nu13,q2)*Vec(nu14,q2)^2*Deng(p4,xiw,0)*Deng(q2 + q3,xiw,M3)^4*
      Deng( - p4 + q2 + q3,xiz,M4)^2*xiw*ufoGC58^2*ufoGC85^2
       - 1/2*g_(1,6_,nu10)*g_(2,6_,nu11)*Vec(nu10,q2)*Vec(nu11,q3)*Vec(nu13,
      -p4)*Vec(nu13,q2)*Vec(nu14,q2)*Vec(nu14,q3)*Deng(p4,xiw,0)*Deng(q2 + q3,
      xiw,M3)^4*Deng( - p4 + q2 + q3,xiz,M4)^2*xiw*ufoGC58^2*ufoGC85^2
       - 1/4*g_(1,6_,nu10)*g_(2,6_,nu11)*Vec(nu10,q2)*Vec(nu11,q3)*Vec(nu13,
      -p4)*Vec(nu13,q2)*Vec(nu14,q3)^2*Deng(p4,xiw,0)*Deng(q2 + q3,xiw,M3)^4*
      Deng( - p4 + q2 + q3,xiz,M4)^2*xiw*ufoGC58^2*ufoGC85^2
       - 1/4*g_(1,6_,nu10)*g_(2,6_,nu11)*Vec(nu10,q2)*Vec(nu11,q3)*Vec(nu13,
      -p4)*Vec(nu13,q2)*Vec(nu14,-p4)*Vec(nu14,q2)*Deng(p4,xiw,0)*Deng(q2 + q3
      ,xiw,M3)^4*Deng( - p4 + q2 + q3,xiz,M4)^2*xiw*ufoGC58^2*ufoGC85^2
       - 1/4*g_(1,6_,nu10)*g_(2,6_,nu11)*Vec(nu10,q2)*Vec(nu11,q3)*Vec(nu13,
      -p4)*Vec(nu13,q2)*Vec(nu14,-p4)*Vec(nu14,q3)*Deng(p4,xiw,0)*Deng(q2 + q3
      ,xiw,M3)^4*Deng( - p4 + q2 + q3,xiz,M4)^2*xiw*ufoGC58^2*ufoGC85^2
       - 1/4*g_(1,6_,nu10)*g_(2,6_,nu11)*Vec(nu10,q2)*Vec(nu11,q3)*Vec(nu13,
      -p4)*Vec(nu13,q3)*Vec(nu14,q2)^2*Deng(p4,xiw,0)*Deng(q2 + q3,xiw,M3)^4*
      Deng( - p4 + q2 + q3,xiz,M4)^2*xiw*ufoGC58^2*ufoGC85^2
       - 1/2*g_(1,6_,nu10)*g_(2,6_,nu11)*Vec(nu10,q2)*Vec(nu11,q3)*Vec(nu13,
      -p4)*Vec(nu13,q3)*Vec(nu14,q2)*Vec(nu14,q3)*Deng(p4,xiw,0)*Deng(q2 + q3,
      xiw,M3)^4*Deng( - p4 + q2 + q3,xiz,M4)^2*xiw*ufoGC58^2*ufoGC85^2
       - 1/4*g_(1,6_,nu10)*g_(2,6_,nu11)*Vec(nu10,q2)*Vec(nu11,q3)*Vec(nu13,
      -p4)*Vec(nu13,q3)*Vec(nu14,q3)^2*Deng(p4,xiw,0)*Deng(q2 + q3,xiw,M3)^4*
      Deng( - p4 + q2 + q3,xiz,M4)^2*xiw*ufoGC58^2*ufoGC85^2
       - 1/4*g_(1,6_,nu10)*g_(2,6_,nu11)*Vec(nu10,q2)*Vec(nu11,q3)*Vec(nu13,
      -p4)*Vec(nu13,q3)*Vec(nu14,-p4)*Vec(nu14,q2)*Deng(p4,xiw,0)*Deng(q2 + q3
      ,xiw,M3)^4*Deng( - p4 + q2 + q3,xiz,M4)^2*xiw*ufoGC58^2*ufoGC85^2
       - 1/4*g_(1,6_,nu10)*g_(2,6_,nu11)*Vec(nu10,q2)*Vec(nu11,q3)*Vec(nu13,
      -p4)*Vec(nu13,q3)*Vec(nu14,-p4)*Vec(nu14,q3)*Deng(p4,xiw,0)*Deng(q2 + q3
      ,xiw,M3)^4*Deng( - p4 + q2 + q3,xiz,M4)^2*xiw*ufoGC58^2*ufoGC85^2
       + 1/4*g_(1,6_,nu10)*g_(2,6_,nu11)*Vec(nu10,q2)*Vec(nu11,q3)*Vec(nu14,q2
      )^2*Deng(p4,xiw,0)*Deng(q2 + q3,xiw,M3)^3*Deng( - p4 + q2 + q3,xiz,M4)^2
      *xiw*ufoGC58^2*ufoGC85^2
       + 1/4*g_(1,6_,nu10)*g_(2,6_,nu11)*Vec(nu10,q2)*Vec(nu11,q3)*Vec(nu14,q2
      )^2*Deng(p4,xiw,0)*Deng(q2 + q3,xiw,M3)^4*Deng( - p4 + q2 + q3,xiz,M4)*
      xiw*ufoGC58^2*ufoGC85^2
       + 1/2*g_(1,6_,nu10)*g_(2,6_,nu11)*Vec(nu10,q2)*Vec(nu11,q3)*Vec(nu14,q2
      )*Vec(nu14,q3)*Deng(p4,xiw,0)*Deng(q2 + q3,xiw,M3)^3*Deng( - p4 + q2 + 
      q3,xiz,M4)^2*xiw*ufoGC58^2*ufoGC85^2
       + 1/2*g_(1,6_,nu10)*g_(2,6_,nu11)*Vec(nu10,q2)*Vec(nu11,q3)*Vec(nu14,q2
      )*Vec(nu14,q3)*Deng(p4,xiw,0)*Deng(q2 + q3,xiw,M3)^4*Deng( - p4 + q2 + 
      q3,xiz,M4)*xiw*ufoGC58^2*ufoGC85^2
       + 1/4*g_(1,6_,nu10)*g_(2,6_,nu11)*Vec(nu10,q2)*Vec(nu11,q3)*Vec(nu14,q3
      )^2*Deng(p4,xiw,0)*Deng(q2 + q3,xiw,M3)^3*Deng( - p4 + q2 + q3,xiz,M4)^2
      *xiw*ufoGC58^2*ufoGC85^2
       + 1/4*g_(1,6_,nu10)*g_(2,6_,nu11)*Vec(nu10,q2)*Vec(nu11,q3)*Vec(nu14,q3
      )^2*Deng(p4,xiw,0)*Deng(q2 + q3,xiw,M3)^4*Deng( - p4 + q2 + q3,xiz,M4)*
      xiw*ufoGC58^2*ufoGC85^2
       + 1/4*g_(1,6_,nu10)*g_(2,6_,nu11)*Vec(nu10,q2)*Vec(nu11,q3)*Vec(nu14,
      -p4)*Vec(nu14,q2)*Deng(p4,xiw,0)*Deng(q2 + q3,xiw,M3)^3*Deng( - p4 + q2
       + q3,xiz,M4)^2*xiw*ufoGC58^2*ufoGC85^2
       + 1/4*g_(1,6_,nu10)*g_(2,6_,nu11)*Vec(nu10,q2)*Vec(nu11,q3)*Vec(nu14,
      -p4)*Vec(nu14,q3)*Deng(p4,xiw,0)*Deng(q2 + q3,xiw,M3)^3*Deng( - p4 + q2
       + q3,xiz,M4)^2*xiw*ufoGC58^2*ufoGC85^2
       - 1/4*g_(1,6_,nu10)*g_(2,6_,nu11)*Vec(nu10,q2)*Vec(nu11,q3)*Deng(p4,xiw
      ,0)*Deng(q2 + q3,xiw,M3)^3*Deng( - p4 + q2 + q3,xiz,M4)*xiw*ufoGC58^2*
      ufoGC85^2
       + 1/4*g_(1,6_,nu10)*g_(2,6_,nu11)*Vec(nu10,q2)*Vec(nu11,-p4)*Vec(nu14,
      q2)^2*Deng(p4,xiw,0)*Deng(q2 + q3,xiw,M3)^3*Deng( - p4 + q2 + q3,xiz,M4)
      ^2*xiw*ufoGC58^2*ufoGC85^2
       + 1/2*g_(1,6_,nu10)*g_(2,6_,nu11)*Vec(nu10,q2)*Vec(nu11,-p4)*Vec(nu14,
      q2)*Vec(nu14,q3)*Deng(p4,xiw,0)*Deng(q2 + q3,xiw,M3)^3*Deng( - p4 + q2
       + q3,xiz,M4)^2*xiw*ufoGC58^2*ufoGC85^2
       + 1/4*g_(1,6_,nu10)*g_(2,6_,nu11)*Vec(nu10,q2)*Vec(nu11,-p4)*Vec(nu14,
      q3)^2*Deng(p4,xiw,0)*Deng(q2 + q3,xiw,M3)^3*Deng( - p4 + q2 + q3,xiz,M4)
      ^2*xiw*ufoGC58^2*ufoGC85^2
       + 1/4*g_(1,6_,nu10)*g_(2,6_,nu11)*Vec(nu10,q2)*Vec(nu11,-p4)*Vec(nu14,
      -p4)*Vec(nu14,q2)*Deng(p4,xiw,0)*Deng(q2 + q3,xiw,M3)^3*Deng( - p4 + q2
       + q3,xiz,M4)^2*xiw*ufoGC58^2*ufoGC85^2
       + 1/4*g_(1,6_,nu10)*g_(2,6_,nu11)*Vec(nu10,q2)*Vec(nu11,-p4)*Vec(nu14,
      -p4)*Vec(nu14,q3)*Deng(p4,xiw,0)*Deng(q2 + q3,xiw,M3)^3*Deng( - p4 + q2
       + q3,xiz,M4)^2*xiw*ufoGC58^2*ufoGC85^2
       - 1/4*g_(1,6_,nu10)*g_(2,6_,nu11)*Vec(nu10,q3)*Vec(nu11,q2)*Vec(nu13,q2
      )^2*Vec(nu14,q2)^2*Deng(p4,xiw,0)*Deng(q2 + q3,xiw,M3)^4*Deng( - p4 + q2
       + q3,xiz,M4)^2*xiw*ufoGC58^2*ufoGC85^2
       - 1/2*g_(1,6_,nu10)*g_(2,6_,nu11)*Vec(nu10,q3)*Vec(nu11,q2)*Vec(nu13,q2
      )^2*Vec(nu14,q2)*Vec(nu14,q3)*Deng(p4,xiw,0)*Deng(q2 + q3,xiw,M3)^4*
      Deng( - p4 + q2 + q3,xiz,M4)^2*xiw*ufoGC58^2*ufoGC85^2
       - 1/4*g_(1,6_,nu10)*g_(2,6_,nu11)*Vec(nu10,q3)*Vec(nu11,q2)*Vec(nu13,q2
      )^2*Vec(nu14,q3)^2*Deng(p4,xiw,0)*Deng(q2 + q3,xiw,M3)^4*Deng( - p4 + q2
       + q3,xiz,M4)^2*xiw*ufoGC58^2*ufoGC85^2
       - 1/4*g_(1,6_,nu10)*g_(2,6_,nu11)*Vec(nu10,q3)*Vec(nu11,q2)*Vec(nu13,q2
      )^2*Vec(nu14,-p4)*Vec(nu14,q2)*Deng(p4,xiw,0)*Deng(q2 + q3,xiw,M3)^4*
      Deng( - p4 + q2 + q3,xiz,M4)^2*xiw*ufoGC58^2*ufoGC85^2
       - 1/4*g_(1,6_,nu10)*g_(2,6_,nu11)*Vec(nu10,q3)*Vec(nu11,q2)*Vec(nu13,q2
      )^2*Vec(nu14,-p4)*Vec(nu14,q3)*Deng(p4,xiw,0)*Deng(q2 + q3,xiw,M3)^4*
      Deng( - p4 + q2 + q3,xiz,M4)^2*xiw*ufoGC58^2*ufoGC85^2
       - 1/2*g_(1,6_,nu10)*g_(2,6_,nu11)*Vec(nu10,q3)*Vec(nu11,q2)*Vec(nu13,q2
      )*Vec(nu13,q3)*Vec(nu14,q2)^2*Deng(p4,xiw,0)*Deng(q2 + q3,xiw,M3)^4*
      Deng( - p4 + q2 + q3,xiz,M4)^2*xiw*ufoGC58^2*ufoGC85^2
       - g_(1,6_,nu10)*g_(2,6_,nu11)*Vec(nu10,q3)*Vec(nu11,q2)*Vec(nu13,q2)*
      Vec(nu13,q3)*Vec(nu14,q2)*Vec(nu14,q3)*Deng(p4,xiw,0)*Deng(q2 + q3,xiw,
      M3)^4*Deng( - p4 + q2 + q3,xiz,M4)^2*xiw*ufoGC58^2*ufoGC85^2
       - 1/2*g_(1,6_,nu10)*g_(2,6_,nu11)*Vec(nu10,q3)*Vec(nu11,q2)*Vec(nu13,q2
      )*Vec(nu13,q3)*Vec(nu14,q3)^2*Deng(p4,xiw,0)*Deng(q2 + q3,xiw,M3)^4*
      Deng( - p4 + q2 + q3,xiz,M4)^2*xiw*ufoGC58^2*ufoGC85^2
       - 1/2*g_(1,6_,nu10)*g_(2,6_,nu11)*Vec(nu10,q3)*Vec(nu11,q2)*Vec(nu13,q2
      )*Vec(nu13,q3)*Vec(nu14,-p4)*Vec(nu14,q2)*Deng(p4,xiw,0)*Deng(q2 + q3,
      xiw,M3)^4*Deng( - p4 + q2 + q3,xiz,M4)^2*xiw*ufoGC58^2*ufoGC85^2
       - 1/2*g_(1,6_,nu10)*g_(2,6_,nu11)*Vec(nu10,q3)*Vec(nu11,q2)*Vec(nu13,q2
      )*Vec(nu13,q3)*Vec(nu14,-p4)*Vec(nu14,q3)*Deng(p4,xiw,0)*Deng(q2 + q3,
      xiw,M3)^4*Deng( - p4 + q2 + q3,xiz,M4)^2*xiw*ufoGC58^2*ufoGC85^2
       - 1/4*g_(1,6_,nu10)*g_(2,6_,nu11)*Vec(nu10,q3)*Vec(nu11,q2)*Vec(nu13,q3
      )^2*Vec(nu14,q2)^2*Deng(p4,xiw,0)*Deng(q2 + q3,xiw,M3)^4*Deng( - p4 + q2
       + q3,xiz,M4)^2*xiw*ufoGC58^2*ufoGC85^2
       - 1/2*g_(1,6_,nu10)*g_(2,6_,nu11)*Vec(nu10,q3)*Vec(nu11,q2)*Vec(nu13,q3
      )^2*Vec(nu14,q2)*Vec(nu14,q3)*Deng(p4,xiw,0)*Deng(q2 + q3,xiw,M3)^4*
      Deng( - p4 + q2 + q3,xiz,M4)^2*xiw*ufoGC58^2*ufoGC85^2
       - 1/4*g_(1,6_,nu10)*g_(2,6_,nu11)*Vec(nu10,q3)*Vec(nu11,q2)*Vec(nu13,q3
      )^2*Vec(nu14,q3)^2*Deng(p4,xiw,0)*Deng(q2 + q3,xiw,M3)^4*Deng( - p4 + q2
       + q3,xiz,M4)^2*xiw*ufoGC58^2*ufoGC85^2
       - 1/4*g_(1,6_,nu10)*g_(2,6_,nu11)*Vec(nu10,q3)*Vec(nu11,q2)*Vec(nu13,q3
      )^2*Vec(nu14,-p4)*Vec(nu14,q2)*Deng(p4,xiw,0)*Deng(q2 + q3,xiw,M3)^4*
      Deng( - p4 + q2 + q3,xiz,M4)^2*xiw*ufoGC58^2*ufoGC85^2
       - 1/4*g_(1,6_,nu10)*g_(2,6_,nu11)*Vec(nu10,q3)*Vec(nu11,q2)*Vec(nu13,q3
      )^2*Vec(nu14,-p4)*Vec(nu14,q3)*Deng(p4,xiw,0)*Deng(q2 + q3,xiw,M3)^4*
      Deng( - p4 + q2 + q3,xiz,M4)^2*xiw*ufoGC58^2*ufoGC85^2
       - 1/4*g_(1,6_,nu10)*g_(2,6_,nu11)*Vec(nu10,q3)*Vec(nu11,q2)*Vec(nu13,
      -p4)*Vec(nu13,q2)*Vec(nu14,q2)^2*Deng(p4,xiw,0)*Deng(q2 + q3,xiw,M3)^4*
      Deng( - p4 + q2 + q3,xiz,M4)^2*xiw*ufoGC58^2*ufoGC85^2
       - 1/2*g_(1,6_,nu10)*g_(2,6_,nu11)*Vec(nu10,q3)*Vec(nu11,q2)*Vec(nu13,
      -p4)*Vec(nu13,q2)*Vec(nu14,q2)*Vec(nu14,q3)*Deng(p4,xiw,0)*Deng(q2 + q3,
      xiw,M3)^4*Deng( - p4 + q2 + q3,xiz,M4)^2*xiw*ufoGC58^2*ufoGC85^2
       - 1/4*g_(1,6_,nu10)*g_(2,6_,nu11)*Vec(nu10,q3)*Vec(nu11,q2)*Vec(nu13,
      -p4)*Vec(nu13,q2)*Vec(nu14,q3)^2*Deng(p4,xiw,0)*Deng(q2 + q3,xiw,M3)^4*
      Deng( - p4 + q2 + q3,xiz,M4)^2*xiw*ufoGC58^2*ufoGC85^2
       - 1/4*g_(1,6_,nu10)*g_(2,6_,nu11)*Vec(nu10,q3)*Vec(nu11,q2)*Vec(nu13,
      -p4)*Vec(nu13,q2)*Vec(nu14,-p4)*Vec(nu14,q2)*Deng(p4,xiw,0)*Deng(q2 + q3
      ,xiw,M3)^4*Deng( - p4 + q2 + q3,xiz,M4)^2*xiw*ufoGC58^2*ufoGC85^2
       - 1/4*g_(1,6_,nu10)*g_(2,6_,nu11)*Vec(nu10,q3)*Vec(nu11,q2)*Vec(nu13,
      -p4)*Vec(nu13,q2)*Vec(nu14,-p4)*Vec(nu14,q3)*Deng(p4,xiw,0)*Deng(q2 + q3
      ,xiw,M3)^4*Deng( - p4 + q2 + q3,xiz,M4)^2*xiw*ufoGC58^2*ufoGC85^2
       - 1/4*g_(1,6_,nu10)*g_(2,6_,nu11)*Vec(nu10,q3)*Vec(nu11,q2)*Vec(nu13,
      -p4)*Vec(nu13,q3)*Vec(nu14,q2)^2*Deng(p4,xiw,0)*Deng(q2 + q3,xiw,M3)^4*
      Deng( - p4 + q2 + q3,xiz,M4)^2*xiw*ufoGC58^2*ufoGC85^2
       - 1/2*g_(1,6_,nu10)*g_(2,6_,nu11)*Vec(nu10,q3)*Vec(nu11,q2)*Vec(nu13,
      -p4)*Vec(nu13,q3)*Vec(nu14,q2)*Vec(nu14,q3)*Deng(p4,xiw,0)*Deng(q2 + q3,
      xiw,M3)^4*Deng( - p4 + q2 + q3,xiz,M4)^2*xiw*ufoGC58^2*ufoGC85^2
       - 1/4*g_(1,6_,nu10)*g_(2,6_,nu11)*Vec(nu10,q3)*Vec(nu11,q2)*Vec(nu13,
      -p4)*Vec(nu13,q3)*Vec(nu14,q3)^2*Deng(p4,xiw,0)*Deng(q2 + q3,xiw,M3)^4*
      Deng( - p4 + q2 + q3,xiz,M4)^2*xiw*ufoGC58^2*ufoGC85^2
       - 1/4*g_(1,6_,nu10)*g_(2,6_,nu11)*Vec(nu10,q3)*Vec(nu11,q2)*Vec(nu13,
      -p4)*Vec(nu13,q3)*Vec(nu14,-p4)*Vec(nu14,q2)*Deng(p4,xiw,0)*Deng(q2 + q3
      ,xiw,M3)^4*Deng( - p4 + q2 + q3,xiz,M4)^2*xiw*ufoGC58^2*ufoGC85^2
       - 1/4*g_(1,6_,nu10)*g_(2,6_,nu11)*Vec(nu10,q3)*Vec(nu11,q2)*Vec(nu13,
      -p4)*Vec(nu13,q3)*Vec(nu14,-p4)*Vec(nu14,q3)*Deng(p4,xiw,0)*Deng(q2 + q3
      ,xiw,M3)^4*Deng( - p4 + q2 + q3,xiz,M4)^2*xiw*ufoGC58^2*ufoGC85^2
       + 1/4*g_(1,6_,nu10)*g_(2,6_,nu11)*Vec(nu10,q3)*Vec(nu11,q2)*Vec(nu14,q2
      )^2*Deng(p4,xiw,0)*Deng(q2 + q3,xiw,M3)^3*Deng( - p4 + q2 + q3,xiz,M4)^2
      *xiw*ufoGC58^2*ufoGC85^2
       + 1/4*g_(1,6_,nu10)*g_(2,6_,nu11)*Vec(nu10,q3)*Vec(nu11,q2)*Vec(nu14,q2
      )^2*Deng(p4,xiw,0)*Deng(q2 + q3,xiw,M3)^4*Deng( - p4 + q2 + q3,xiz,M4)*
      xiw*ufoGC58^2*ufoGC85^2
       + 1/2*g_(1,6_,nu10)*g_(2,6_,nu11)*Vec(nu10,q3)*Vec(nu11,q2)*Vec(nu14,q2
      )*Vec(nu14,q3)*Deng(p4,xiw,0)*Deng(q2 + q3,xiw,M3)^3*Deng( - p4 + q2 + 
      q3,xiz,M4)^2*xiw*ufoGC58^2*ufoGC85^2
       + 1/2*g_(1,6_,nu10)*g_(2,6_,nu11)*Vec(nu10,q3)*Vec(nu11,q2)*Vec(nu14,q2
      )*Vec(nu14,q3)*Deng(p4,xiw,0)*Deng(q2 + q3,xiw,M3)^4*Deng( - p4 + q2 + 
      q3,xiz,M4)*xiw*ufoGC58^2*ufoGC85^2
       + 1/4*g_(1,6_,nu10)*g_(2,6_,nu11)*Vec(nu10,q3)*Vec(nu11,q2)*Vec(nu14,q3
      )^2*Deng(p4,xiw,0)*Deng(q2 + q3,xiw,M3)^3*Deng( - p4 + q2 + q3,xiz,M4)^2
      *xiw*ufoGC58^2*ufoGC85^2
       + 1/4*g_(1,6_,nu10)*g_(2,6_,nu11)*Vec(nu10,q3)*Vec(nu11,q2)*Vec(nu14,q3
      )^2*Deng(p4,xiw,0)*Deng(q2 + q3,xiw,M3)^4*Deng( - p4 + q2 + q3,xiz,M4)*
      xiw*ufoGC58^2*ufoGC85^2
       + 1/4*g_(1,6_,nu10)*g_(2,6_,nu11)*Vec(nu10,q3)*Vec(nu11,q2)*Vec(nu14,
      -p4)*Vec(nu14,q2)*Deng(p4,xiw,0)*Deng(q2 + q3,xiw,M3)^3*Deng( - p4 + q2
       + q3,xiz,M4)^2*xiw*ufoGC58^2*ufoGC85^2
       + 1/4*g_(1,6_,nu10)*g_(2,6_,nu11)*Vec(nu10,q3)*Vec(nu11,q2)*Vec(nu14,
      -p4)*Vec(nu14,q3)*Deng(p4,xiw,0)*Deng(q2 + q3,xiw,M3)^3*Deng( - p4 + q2
       + q3,xiz,M4)^2*xiw*ufoGC58^2*ufoGC85^2
       - 1/4*g_(1,6_,nu10)*g_(2,6_,nu11)*Vec(nu10,q3)*Vec(nu11,q2)*Deng(p4,xiw
      ,0)*Deng(q2 + q3,xiw,M3)^3*Deng( - p4 + q2 + q3,xiz,M4)*xiw*ufoGC58^2*
      ufoGC85^2
       - 1/4*g_(1,6_,nu10)*g_(2,6_,nu11)*Vec(nu10,q3)*Vec(nu11,q3)*Vec(nu13,q2
      )^2*Vec(nu14,q2)^2*Deng(p4,xiw,0)*Deng(q2 + q3,xiw,M3)^4*Deng( - p4 + q2
       + q3,xiz,M4)^2*xiw*ufoGC58^2*ufoGC85^2
       - 1/2*g_(1,6_,nu10)*g_(2,6_,nu11)*Vec(nu10,q3)*Vec(nu11,q3)*Vec(nu13,q2
      )^2*Vec(nu14,q2)*Vec(nu14,q3)*Deng(p4,xiw,0)*Deng(q2 + q3,xiw,M3)^4*
      Deng( - p4 + q2 + q3,xiz,M4)^2*xiw*ufoGC58^2*ufoGC85^2
       - 1/4*g_(1,6_,nu10)*g_(2,6_,nu11)*Vec(nu10,q3)*Vec(nu11,q3)*Vec(nu13,q2
      )^2*Vec(nu14,q3)^2*Deng(p4,xiw,0)*Deng(q2 + q3,xiw,M3)^4*Deng( - p4 + q2
       + q3,xiz,M4)^2*xiw*ufoGC58^2*ufoGC85^2
       - 1/4*g_(1,6_,nu10)*g_(2,6_,nu11)*Vec(nu10,q3)*Vec(nu11,q3)*Vec(nu13,q2
      )^2*Vec(nu14,-p4)*Vec(nu14,q2)*Deng(p4,xiw,0)*Deng(q2 + q3,xiw,M3)^4*
      Deng( - p4 + q2 + q3,xiz,M4)^2*xiw*ufoGC58^2*ufoGC85^2
       - 1/4*g_(1,6_,nu10)*g_(2,6_,nu11)*Vec(nu10,q3)*Vec(nu11,q3)*Vec(nu13,q2
      )^2*Vec(nu14,-p4)*Vec(nu14,q3)*Deng(p4,xiw,0)*Deng(q2 + q3,xiw,M3)^4*
      Deng( - p4 + q2 + q3,xiz,M4)^2*xiw*ufoGC58^2*ufoGC85^2
       - 1/2*g_(1,6_,nu10)*g_(2,6_,nu11)*Vec(nu10,q3)*Vec(nu11,q3)*Vec(nu13,q2
      )*Vec(nu13,q3)*Vec(nu14,q2)^2*Deng(p4,xiw,0)*Deng(q2 + q3,xiw,M3)^4*
      Deng( - p4 + q2 + q3,xiz,M4)^2*xiw*ufoGC58^2*ufoGC85^2
       - g_(1,6_,nu10)*g_(2,6_,nu11)*Vec(nu10,q3)*Vec(nu11,q3)*Vec(nu13,q2)*
      Vec(nu13,q3)*Vec(nu14,q2)*Vec(nu14,q3)*Deng(p4,xiw,0)*Deng(q2 + q3,xiw,
      M3)^4*Deng( - p4 + q2 + q3,xiz,M4)^2*xiw*ufoGC58^2*ufoGC85^2
       - 1/2*g_(1,6_,nu10)*g_(2,6_,nu11)*Vec(nu10,q3)*Vec(nu11,q3)*Vec(nu13,q2
      )*Vec(nu13,q3)*Vec(nu14,q3)^2*Deng(p4,xiw,0)*Deng(q2 + q3,xiw,M3)^4*
      Deng( - p4 + q2 + q3,xiz,M4)^2*xiw*ufoGC58^2*ufoGC85^2
       - 1/2*g_(1,6_,nu10)*g_(2,6_,nu11)*Vec(nu10,q3)*Vec(nu11,q3)*Vec(nu13,q2
      )*Vec(nu13,q3)*Vec(nu14,-p4)*Vec(nu14,q2)*Deng(p4,xiw,0)*Deng(q2 + q3,
      xiw,M3)^4*Deng( - p4 + q2 + q3,xiz,M4)^2*xiw*ufoGC58^2*ufoGC85^2
       - 1/2*g_(1,6_,nu10)*g_(2,6_,nu11)*Vec(nu10,q3)*Vec(nu11,q3)*Vec(nu13,q2
      )*Vec(nu13,q3)*Vec(nu14,-p4)*Vec(nu14,q3)*Deng(p4,xiw,0)*Deng(q2 + q3,
      xiw,M3)^4*Deng( - p4 + q2 + q3,xiz,M4)^2*xiw*ufoGC58^2*ufoGC85^2
       - 1/4*g_(1,6_,nu10)*g_(2,6_,nu11)*Vec(nu10,q3)*Vec(nu11,q3)*Vec(nu13,q3
      )^2*Vec(nu14,q2)^2*Deng(p4,xiw,0)*Deng(q2 + q3,xiw,M3)^4*Deng( - p4 + q2
       + q3,xiz,M4)^2*xiw*ufoGC58^2*ufoGC85^2
       - 1/2*g_(1,6_,nu10)*g_(2,6_,nu11)*Vec(nu10,q3)*Vec(nu11,q3)*Vec(nu13,q3
      )^2*Vec(nu14,q2)*Vec(nu14,q3)*Deng(p4,xiw,0)*Deng(q2 + q3,xiw,M3)^4*
      Deng( - p4 + q2 + q3,xiz,M4)^2*xiw*ufoGC58^2*ufoGC85^2
       - 1/4*g_(1,6_,nu10)*g_(2,6_,nu11)*Vec(nu10,q3)*Vec(nu11,q3)*Vec(nu13,q3
      )^2*Vec(nu14,q3)^2*Deng(p4,xiw,0)*Deng(q2 + q3,xiw,M3)^4*Deng( - p4 + q2
       + q3,xiz,M4)^2*xiw*ufoGC58^2*ufoGC85^2
       - 1/4*g_(1,6_,nu10)*g_(2,6_,nu11)*Vec(nu10,q3)*Vec(nu11,q3)*Vec(nu13,q3
      )^2*Vec(nu14,-p4)*Vec(nu14,q2)*Deng(p4,xiw,0)*Deng(q2 + q3,xiw,M3)^4*
      Deng( - p4 + q2 + q3,xiz,M4)^2*xiw*ufoGC58^2*ufoGC85^2
       - 1/4*g_(1,6_,nu10)*g_(2,6_,nu11)*Vec(nu10,q3)*Vec(nu11,q3)*Vec(nu13,q3
      )^2*Vec(nu14,-p4)*Vec(nu14,q3)*Deng(p4,xiw,0)*Deng(q2 + q3,xiw,M3)^4*
      Deng( - p4 + q2 + q3,xiz,M4)^2*xiw*ufoGC58^2*ufoGC85^2
       - 1/4*g_(1,6_,nu10)*g_(2,6_,nu11)*Vec(nu10,q3)*Vec(nu11,q3)*Vec(nu13,
      -p4)*Vec(nu13,q2)*Vec(nu14,q2)^2*Deng(p4,xiw,0)*Deng(q2 + q3,xiw,M3)^4*
      Deng( - p4 + q2 + q3,xiz,M4)^2*xiw*ufoGC58^2*ufoGC85^2
       - 1/2*g_(1,6_,nu10)*g_(2,6_,nu11)*Vec(nu10,q3)*Vec(nu11,q3)*Vec(nu13,
      -p4)*Vec(nu13,q2)*Vec(nu14,q2)*Vec(nu14,q3)*Deng(p4,xiw,0)*Deng(q2 + q3,
      xiw,M3)^4*Deng( - p4 + q2 + q3,xiz,M4)^2*xiw*ufoGC58^2*ufoGC85^2
       - 1/4*g_(1,6_,nu10)*g_(2,6_,nu11)*Vec(nu10,q3)*Vec(nu11,q3)*Vec(nu13,
      -p4)*Vec(nu13,q2)*Vec(nu14,q3)^2*Deng(p4,xiw,0)*Deng(q2 + q3,xiw,M3)^4*
      Deng( - p4 + q2 + q3,xiz,M4)^2*xiw*ufoGC58^2*ufoGC85^2
       - 1/4*g_(1,6_,nu10)*g_(2,6_,nu11)*Vec(nu10,q3)*Vec(nu11,q3)*Vec(nu13,
      -p4)*Vec(nu13,q2)*Vec(nu14,-p4)*Vec(nu14,q2)*Deng(p4,xiw,0)*Deng(q2 + q3
      ,xiw,M3)^4*Deng( - p4 + q2 + q3,xiz,M4)^2*xiw*ufoGC58^2*ufoGC85^2
       - 1/4*g_(1,6_,nu10)*g_(2,6_,nu11)*Vec(nu10,q3)*Vec(nu11,q3)*Vec(nu13,
      -p4)*Vec(nu13,q2)*Vec(nu14,-p4)*Vec(nu14,q3)*Deng(p4,xiw,0)*Deng(q2 + q3
      ,xiw,M3)^4*Deng( - p4 + q2 + q3,xiz,M4)^2*xiw*ufoGC58^2*ufoGC85^2
       - 1/4*g_(1,6_,nu10)*g_(2,6_,nu11)*Vec(nu10,q3)*Vec(nu11,q3)*Vec(nu13,
      -p4)*Vec(nu13,q3)*Vec(nu14,q2)^2*Deng(p4,xiw,0)*Deng(q2 + q3,xiw,M3)^4*
      Deng( - p4 + q2 + q3,xiz,M4)^2*xiw*ufoGC58^2*ufoGC85^2
       - 1/2*g_(1,6_,nu10)*g_(2,6_,nu11)*Vec(nu10,q3)*Vec(nu11,q3)*Vec(nu13,
      -p4)*Vec(nu13,q3)*Vec(nu14,q2)*Vec(nu14,q3)*Deng(p4,xiw,0)*Deng(q2 + q3,
      xiw,M3)^4*Deng( - p4 + q2 + q3,xiz,M4)^2*xiw*ufoGC58^2*ufoGC85^2
       - 1/4*g_(1,6_,nu10)*g_(2,6_,nu11)*Vec(nu10,q3)*Vec(nu11,q3)*Vec(nu13,
      -p4)*Vec(nu13,q3)*Vec(nu14,q3)^2*Deng(p4,xiw,0)*Deng(q2 + q3,xiw,M3)^4*
      Deng( - p4 + q2 + q3,xiz,M4)^2*xiw*ufoGC58^2*ufoGC85^2
       - 1/4*g_(1,6_,nu10)*g_(2,6_,nu11)*Vec(nu10,q3)*Vec(nu11,q3)*Vec(nu13,
      -p4)*Vec(nu13,q3)*Vec(nu14,-p4)*Vec(nu14,q2)*Deng(p4,xiw,0)*Deng(q2 + q3
      ,xiw,M3)^4*Deng( - p4 + q2 + q3,xiz,M4)^2*xiw*ufoGC58^2*ufoGC85^2
       - 1/4*g_(1,6_,nu10)*g_(2,6_,nu11)*Vec(nu10,q3)*Vec(nu11,q3)*Vec(nu13,
      -p4)*Vec(nu13,q3)*Vec(nu14,-p4)*Vec(nu14,q3)*Deng(p4,xiw,0)*Deng(q2 + q3
      ,xiw,M3)^4*Deng( - p4 + q2 + q3,xiz,M4)^2*xiw*ufoGC58^2*ufoGC85^2
       + 1/4*g_(1,6_,nu10)*g_(2,6_,nu11)*Vec(nu10,q3)*Vec(nu11,q3)*Vec(nu14,q2
      )^2*Deng(p4,xiw,0)*Deng(q2 + q3,xiw,M3)^3*Deng( - p4 + q2 + q3,xiz,M4)^2
      *xiw*ufoGC58^2*ufoGC85^2
       + 1/4*g_(1,6_,nu10)*g_(2,6_,nu11)*Vec(nu10,q3)*Vec(nu11,q3)*Vec(nu14,q2
      )^2*Deng(p4,xiw,0)*Deng(q2 + q3,xiw,M3)^4*Deng( - p4 + q2 + q3,xiz,M4)*
      xiw*ufoGC58^2*ufoGC85^2
       + 1/2*g_(1,6_,nu10)*g_(2,6_,nu11)*Vec(nu10,q3)*Vec(nu11,q3)*Vec(nu14,q2
      )*Vec(nu14,q3)*Deng(p4,xiw,0)*Deng(q2 + q3,xiw,M3)^3*Deng( - p4 + q2 + 
      q3,xiz,M4)^2*xiw*ufoGC58^2*ufoGC85^2
       + 1/2*g_(1,6_,nu10)*g_(2,6_,nu11)*Vec(nu10,q3)*Vec(nu11,q3)*Vec(nu14,q2
      )*Vec(nu14,q3)*Deng(p4,xiw,0)*Deng(q2 + q3,xiw,M3)^4*Deng( - p4 + q2 + 
      q3,xiz,M4)*xiw*ufoGC58^2*ufoGC85^2
       + 1/4*g_(1,6_,nu10)*g_(2,6_,nu11)*Vec(nu10,q3)*Vec(nu11,q3)*Vec(nu14,q3
      )^2*Deng(p4,xiw,0)*Deng(q2 + q3,xiw,M3)^3*Deng( - p4 + q2 + q3,xiz,M4)^2
      *xiw*ufoGC58^2*ufoGC85^2
       + 1/4*g_(1,6_,nu10)*g_(2,6_,nu11)*Vec(nu10,q3)*Vec(nu11,q3)*Vec(nu14,q3
      )^2*Deng(p4,xiw,0)*Deng(q2 + q3,xiw,M3)^4*Deng( - p4 + q2 + q3,xiz,M4)*
      xiw*ufoGC58^2*ufoGC85^2
       + 1/4*g_(1,6_,nu10)*g_(2,6_,nu11)*Vec(nu10,q3)*Vec(nu11,q3)*Vec(nu14,
      -p4)*Vec(nu14,q2)*Deng(p4,xiw,0)*Deng(q2 + q3,xiw,M3)^3*Deng( - p4 + q2
       + q3,xiz,M4)^2*xiw*ufoGC58^2*ufoGC85^2
       + 1/4*g_(1,6_,nu10)*g_(2,6_,nu11)*Vec(nu10,q3)*Vec(nu11,q3)*Vec(nu14,
      -p4)*Vec(nu14,q3)*Deng(p4,xiw,0)*Deng(q2 + q3,xiw,M3)^3*Deng( - p4 + q2
       + q3,xiz,M4)^2*xiw*ufoGC58^2*ufoGC85^2
       - 1/4*g_(1,6_,nu10)*g_(2,6_,nu11)*Vec(nu10,q3)*Vec(nu11,q3)*Deng(p4,xiw
      ,0)*Deng(q2 + q3,xiw,M3)^3*Deng( - p4 + q2 + q3,xiz,M4)*xiw*ufoGC58^2*
      ufoGC85^2
       + 1/4*g_(1,6_,nu10)*g_(2,6_,nu11)*Vec(nu10,q3)*Vec(nu11,-p4)*Vec(nu14,
      q2)^2*Deng(p4,xiw,0)*Deng(q2 + q3,xiw,M3)^3*Deng( - p4 + q2 + q3,xiz,M4)
      ^2*xiw*ufoGC58^2*ufoGC85^2
       + 1/2*g_(1,6_,nu10)*g_(2,6_,nu11)*Vec(nu10,q3)*Vec(nu11,-p4)*Vec(nu14,
      q2)*Vec(nu14,q3)*Deng(p4,xiw,0)*Deng(q2 + q3,xiw,M3)^3*Deng( - p4 + q2
       + q3,xiz,M4)^2*xiw*ufoGC58^2*ufoGC85^2
       + 1/4*g_(1,6_,nu10)*g_(2,6_,nu11)*Vec(nu10,q3)*Vec(nu11,-p4)*Vec(nu14,
      q3)^2*Deng(p4,xiw,0)*Deng(q2 + q3,xiw,M3)^3*Deng( - p4 + q2 + q3,xiz,M4)
      ^2*xiw*ufoGC58^2*ufoGC85^2
       + 1/4*g_(1,6_,nu10)*g_(2,6_,nu11)*Vec(nu10,q3)*Vec(nu11,-p4)*Vec(nu14,
      -p4)*Vec(nu14,q2)*Deng(p4,xiw,0)*Deng(q2 + q3,xiw,M3)^3*Deng( - p4 + q2
       + q3,xiz,M4)^2*xiw*ufoGC58^2*ufoGC85^2
       + 1/4*g_(1,6_,nu10)*g_(2,6_,nu11)*Vec(nu10,q3)*Vec(nu11,-p4)*Vec(nu14,
      -p4)*Vec(nu14,q3)*Deng(p4,xiw,0)*Deng(q2 + q3,xiw,M3)^3*Deng( - p4 + q2
       + q3,xiz,M4)^2*xiw*ufoGC58^2*ufoGC85^2
      ;

  0.00 sec out of 0.00 sec
