FORM 5.0.0-beta.1 (Jan 15 2026, v5.0.0-beta.1-292-g4341c63)  Run: Thu Mar  5 16:56:48 2026
    #-

   d1l76amp =

       + Den(-p3,xiz,0,0)*Den(q2 + q3,xiw,M3)^3*Den( - p3 + q2 + q3,xiw,0,0)
       * (
          + 1/4*g_(1,6_,nu10)*g_(2,6_,nu9)*Vec(nu10,q2)*Vec(nu9,q2)*p3.p3*d^-1
         *xiw*ufoGC58^2*ufoGC69^2
          + 1/4*g_(1,6_,nu10)*g_(2,6_,nu9)*Vec(nu10,q2)*Vec(nu9,q3)*p3.p3*d^-1
         *xiw*ufoGC58^2*ufoGC69^2
          + 1/4*g_(1,6_,nu10)*g_(2,6_,nu9)*Vec(nu10,q3)*Vec(nu9,q2)*p3.p3*d^-1
         *xiw*ufoGC58^2*ufoGC69^2
          + 1/4*g_(1,6_,nu10)*g_(2,6_,nu9)*Vec(nu10,q3)*Vec(nu9,q3)*p3.p3*d^-1
         *xiw*ufoGC58^2*ufoGC69^2
          )

       + Den(-p3,xiz,0,0)*Den(q2 + q3,xiw,M3)^4*Den( - p3 + q2 + q3,xiw,0,0)
       * (
          - 1/4*g_(1,6_,nu10)*g_(2,6_,nu11)*Vec(nu10,q2)*Vec(nu11,q2)*Vec(nu12
         ,q2)^2*p3.p3*d^-1*xiw*ufoGC58^2*ufoGC69^2
          - 1/2*g_(1,6_,nu10)*g_(2,6_,nu11)*Vec(nu10,q2)*Vec(nu11,q2)*Vec(nu12
         ,q2)*Vec(nu12,q3)*p3.p3*d^-1*xiw*ufoGC58^2*ufoGC69^2
          - 1/4*g_(1,6_,nu10)*g_(2,6_,nu11)*Vec(nu10,q2)*Vec(nu11,q2)*Vec(nu12
         ,q3)^2*p3.p3*d^-1*xiw*ufoGC58^2*ufoGC69^2
          - 1/4*g_(1,6_,nu10)*g_(2,6_,nu11)*Vec(nu10,q2)*Vec(nu11,q3)*Vec(nu12
         ,q2)^2*p3.p3*d^-1*xiw*ufoGC58^2*ufoGC69^2
          - 1/2*g_(1,6_,nu10)*g_(2,6_,nu11)*Vec(nu10,q2)*Vec(nu11,q3)*Vec(nu12
         ,q2)*Vec(nu12,q3)*p3.p3*d^-1*xiw*ufoGC58^2*ufoGC69^2
          - 1/4*g_(1,6_,nu10)*g_(2,6_,nu11)*Vec(nu10,q2)*Vec(nu11,q3)*Vec(nu12
         ,q3)^2*p3.p3*d^-1*xiw*ufoGC58^2*ufoGC69^2
          - 1/4*g_(1,6_,nu10)*g_(2,6_,nu11)*Vec(nu10,q3)*Vec(nu11,q2)*Vec(nu12
         ,q2)^2*p3.p3*d^-1*xiw*ufoGC58^2*ufoGC69^2
          - 1/2*g_(1,6_,nu10)*g_(2,6_,nu11)*Vec(nu10,q3)*Vec(nu11,q2)*Vec(nu12
         ,q2)*Vec(nu12,q3)*p3.p3*d^-1*xiw*ufoGC58^2*ufoGC69^2
          - 1/4*g_(1,6_,nu10)*g_(2,6_,nu11)*Vec(nu10,q3)*Vec(nu11,q2)*Vec(nu12
         ,q3)^2*p3.p3*d^-1*xiw*ufoGC58^2*ufoGC69^2
          - 1/4*g_(1,6_,nu10)*g_(2,6_,nu11)*Vec(nu10,q3)*Vec(nu11,q3)*Vec(nu12
         ,q2)^2*p3.p3*d^-1*xiw*ufoGC58^2*ufoGC69^2
          - 1/2*g_(1,6_,nu10)*g_(2,6_,nu11)*Vec(nu10,q3)*Vec(nu11,q3)*Vec(nu12
         ,q2)*Vec(nu12,q3)*p3.p3*d^-1*xiw*ufoGC58^2*ufoGC69^2
          - 1/4*g_(1,6_,nu10)*g_(2,6_,nu11)*Vec(nu10,q3)*Vec(nu11,q3)*Vec(nu12
         ,q3)^2*p3.p3*d^-1*xiw*ufoGC58^2*ufoGC69^2
          );

  0.00 sec out of 0.00 sec
