FORM 5.0.0-beta.1 (Jan 15 2026, v5.0.0-beta.1-292-g4341c63)  Run: Thu Mar  5 11:46:56 2026
    #-

   d1l80amp =

       + Den(xiw,M3)^4 * (
          + 1/16*g_(1,6_,nu10)*g_(2,6_,nu11)*cFT(nu12,XX,j16,iufo13)*cFT(g7,XX
         ,iufo13,j13)*cFT( - p3 + q2 + q3,XX,j15,j16)*cFT(nu9,XX,j14,iufo15)*
         cFT(g7,XX,iufo15,j15)*cFT(p3,XX,j13,j14)*flavourTag(fu,j13,j14)*
         flavourTag(fd,j15,j16)*Vec(nu10,q2)*Vec(nu11,q2)*Vec(nu12,q2)*Vec(nu9
         ,q2)*xiw*ufoGC58^2*ufoGC119*ufoGC59
          + 1/16*g_(1,6_,nu10)*g_(2,6_,nu11)*cFT(nu12,XX,j16,iufo13)*cFT(g7,XX
         ,iufo13,j13)*cFT( - p3 + q2 + q3,XX,j15,j16)*cFT(nu9,XX,j14,iufo15)*
         cFT(g7,XX,iufo15,j15)*cFT(p3,XX,j13,j14)*flavourTag(fu,j13,j14)*
         flavourTag(fd,j15,j16)*Vec(nu10,q2)*Vec(nu11,q2)*Vec(nu12,q2)*Vec(nu9
         ,q3)*xiw*ufoGC58^2*ufoGC119*ufoGC59
          + 1/16*g_(1,6_,nu10)*g_(2,6_,nu11)*cFT(nu12,XX,j16,iufo13)*cFT(g7,XX
         ,iufo13,j13)*cFT( - p3 + q2 + q3,XX,j15,j16)*cFT(nu9,XX,j14,iufo15)*
         cFT(g7,XX,iufo15,j15)*cFT(p3,XX,j13,j14)*flavourTag(fu,j13,j14)*
         flavourTag(fd,j15,j16)*Vec(nu10,q2)*Vec(nu11,q2)*Vec(nu12,q3)*Vec(nu9
         ,q2)*xiw*ufoGC58^2*ufoGC119*ufoGC59
          + 1/16*g_(1,6_,nu10)*g_(2,6_,nu11)*cFT(nu12,XX,j16,iufo13)*cFT(g7,XX
         ,iufo13,j13)*cFT( - p3 + q2 + q3,XX,j15,j16)*cFT(nu9,XX,j14,iufo15)*
         cFT(g7,XX,iufo15,j15)*cFT(p3,XX,j13,j14)*flavourTag(fu,j13,j14)*
         flavourTag(fd,j15,j16)*Vec(nu10,q2)*Vec(nu11,q2)*Vec(nu12,q3)*Vec(nu9
         ,q3)*xiw*ufoGC58^2*ufoGC119*ufoGC59
          + 1/16*g_(1,6_,nu10)*g_(2,6_,nu11)*cFT(nu12,XX,j16,iufo13)*cFT(g7,XX
         ,iufo13,j13)*cFT( - p3 + q2 + q3,XX,j15,j16)*cFT(nu9,XX,j14,iufo15)*
         cFT(g7,XX,iufo15,j15)*cFT(p3,XX,j13,j14)*flavourTag(fu,j13,j14)*
         flavourTag(fd,j15,j16)*Vec(nu10,q2)*Vec(nu11,q3)*Vec(nu12,q2)*Vec(nu9
         ,q2)*xiw*ufoGC58^2*ufoGC119*ufoGC59
          + 1/16*g_(1,6_,nu10)*g_(2,6_,nu11)*cFT(nu12,XX,j16,iufo13)*cFT(g7,XX
         ,iufo13,j13)*cFT( - p3 + q2 + q3,XX,j15,j16)*cFT(nu9,XX,j14,iufo15)*
         cFT(g7,XX,iufo15,j15)*cFT(p3,XX,j13,j14)*flavourTag(fu,j13,j14)*
         flavourTag(fd,j15,j16)*Vec(nu10,q2)*Vec(nu11,q3)*Vec(nu12,q2)*Vec(nu9
         ,q3)*xiw*ufoGC58^2*ufoGC119*ufoGC59
          + 1/16*g_(1,6_,nu10)*g_(2,6_,nu11)*cFT(nu12,XX,j16,iufo13)*cFT(g7,XX
         ,iufo13,j13)*cFT( - p3 + q2 + q3,XX,j15,j16)*cFT(nu9,XX,j14,iufo15)*
         cFT(g7,XX,iufo15,j15)*cFT(p3,XX,j13,j14)*flavourTag(fu,j13,j14)*
         flavourTag(fd,j15,j16)*Vec(nu10,q2)*Vec(nu11,q3)*Vec(nu12,q3)*Vec(nu9
         ,q2)*xiw*ufoGC58^2*ufoGC119*ufoGC59
          + 1/16*g_(1,6_,nu10)*g_(2,6_,nu11)*cFT(nu12,XX,j16,iufo13)*cFT(g7,XX
         ,iufo13,j13)*cFT( - p3 + q2 + q3,XX,j15,j16)*cFT(nu9,XX,j14,iufo15)*
         cFT(g7,XX,iufo15,j15)*cFT(p3,XX,j13,j14)*flavourTag(fu,j13,j14)*
         flavourTag(fd,j15,j16)*Vec(nu10,q2)*Vec(nu11,q3)*Vec(nu12,q3)*Vec(nu9
         ,q3)*xiw*ufoGC58^2*ufoGC119*ufoGC59
          + 1/16*g_(1,6_,nu10)*g_(2,6_,nu11)*cFT(nu12,XX,j16,iufo13)*cFT(g7,XX
         ,iufo13,j13)*cFT( - p3 + q2 + q3,XX,j15,j16)*cFT(nu9,XX,j14,iufo15)*
         cFT(g7,XX,iufo15,j15)*cFT(p3,XX,j13,j14)*flavourTag(fu,j13,j14)*
         flavourTag(fd,j15,j16)*Vec(nu10,q3)*Vec(nu11,q2)*Vec(nu12,q2)*Vec(nu9
         ,q2)*xiw*ufoGC58^2*ufoGC119*ufoGC59
          + 1/16*g_(1,6_,nu10)*g_(2,6_,nu11)*cFT(nu12,XX,j16,iufo13)*cFT(g7,XX
         ,iufo13,j13)*cFT( - p3 + q2 + q3,XX,j15,j16)*cFT(nu9,XX,j14,iufo15)*
         cFT(g7,XX,iufo15,j15)*cFT(p3,XX,j13,j14)*flavourTag(fu,j13,j14)*
         flavourTag(fd,j15,j16)*Vec(nu10,q3)*Vec(nu11,q2)*Vec(nu12,q2)*Vec(nu9
         ,q3)*xiw*ufoGC58^2*ufoGC119*ufoGC59
          + 1/16*g_(1,6_,nu10)*g_(2,6_,nu11)*cFT(nu12,XX,j16,iufo13)*cFT(g7,XX
         ,iufo13,j13)*cFT( - p3 + q2 + q3,XX,j15,j16)*cFT(nu9,XX,j14,iufo15)*
         cFT(g7,XX,iufo15,j15)*cFT(p3,XX,j13,j14)*flavourTag(fu,j13,j14)*
         flavourTag(fd,j15,j16)*Vec(nu10,q3)*Vec(nu11,q2)*Vec(nu12,q3)*Vec(nu9
         ,q2)*xiw*ufoGC58^2*ufoGC119*ufoGC59
          + 1/16*g_(1,6_,nu10)*g_(2,6_,nu11)*cFT(nu12,XX,j16,iufo13)*cFT(g7,XX
         ,iufo13,j13)*cFT( - p3 + q2 + q3,XX,j15,j16)*cFT(nu9,XX,j14,iufo15)*
         cFT(g7,XX,iufo15,j15)*cFT(p3,XX,j13,j14)*flavourTag(fu,j13,j14)*
         flavourTag(fd,j15,j16)*Vec(nu10,q3)*Vec(nu11,q2)*Vec(nu12,q3)*Vec(nu9
         ,q3)*xiw*ufoGC58^2*ufoGC119*ufoGC59
          + 1/16*g_(1,6_,nu10)*g_(2,6_,nu11)*cFT(nu12,XX,j16,iufo13)*cFT(g7,XX
         ,iufo13,j13)*cFT( - p3 + q2 + q3,XX,j15,j16)*cFT(nu9,XX,j14,iufo15)*
         cFT(g7,XX,iufo15,j15)*cFT(p3,XX,j13,j14)*flavourTag(fu,j13,j14)*
         flavourTag(fd,j15,j16)*Vec(nu10,q3)*Vec(nu11,q3)*Vec(nu12,q2)*Vec(nu9
         ,q2)*xiw*ufoGC58^2*ufoGC119*ufoGC59
          + 1/16*g_(1,6_,nu10)*g_(2,6_,nu11)*cFT(nu12,XX,j16,iufo13)*cFT(g7,XX
         ,iufo13,j13)*cFT( - p3 + q2 + q3,XX,j15,j16)*cFT(nu9,XX,j14,iufo15)*
         cFT(g7,XX,iufo15,j15)*cFT(p3,XX,j13,j14)*flavourTag(fu,j13,j14)*
         flavourTag(fd,j15,j16)*Vec(nu10,q3)*Vec(nu11,q3)*Vec(nu12,q2)*Vec(nu9
         ,q3)*xiw*ufoGC58^2*ufoGC119*ufoGC59
          + 1/16*g_(1,6_,nu10)*g_(2,6_,nu11)*cFT(nu12,XX,j16,iufo13)*cFT(g7,XX
         ,iufo13,j13)*cFT( - p3 + q2 + q3,XX,j15,j16)*cFT(nu9,XX,j14,iufo15)*
         cFT(g7,XX,iufo15,j15)*cFT(p3,XX,j13,j14)*flavourTag(fu,j13,j14)*
         flavourTag(fd,j15,j16)*Vec(nu10,q3)*Vec(nu11,q3)*Vec(nu12,q3)*Vec(nu9
         ,q2)*xiw*ufoGC58^2*ufoGC119*ufoGC59
          + 1/16*g_(1,6_,nu10)*g_(2,6_,nu11)*cFT(nu12,XX,j16,iufo13)*cFT(g7,XX
         ,iufo13,j13)*cFT( - p3 + q2 + q3,XX,j15,j16)*cFT(nu9,XX,j14,iufo15)*
         cFT(g7,XX,iufo15,j15)*cFT(p3,XX,j13,j14)*flavourTag(fu,j13,j14)*
         flavourTag(fd,j15,j16)*Vec(nu10,q3)*Vec(nu11,q3)*Vec(nu12,q3)*Vec(nu9
         ,q3)*xiw*ufoGC58^2*ufoGC119*ufoGC59
          )

       + Den(xiw,M3)^3 * (
          - 1/16*g_(1,6_,nu10)*g_(2,6_,nu11)*cFT(nu11,XX,j16,iufo13)*cFT(g7,XX
         ,iufo13,j13)*cFT( - p3 + q2 + q3,XX,j15,j16)*cFT(nu9,XX,j14,iufo15)*
         cFT(g7,XX,iufo15,j15)*cFT(p3,XX,j13,j14)*flavourTag(fu,j13,j14)*
         flavourTag(fd,j15,j16)*Vec(nu10,q2)*Vec(nu9,q2)*xiw*ufoGC58^2*
         ufoGC119*ufoGC59
          - 1/16*g_(1,6_,nu10)*g_(2,6_,nu11)*cFT(nu11,XX,j16,iufo13)*cFT(g7,XX
         ,iufo13,j13)*cFT( - p3 + q2 + q3,XX,j15,j16)*cFT(nu9,XX,j14,iufo15)*
         cFT(g7,XX,iufo15,j15)*cFT(p3,XX,j13,j14)*flavourTag(fu,j13,j14)*
         flavourTag(fd,j15,j16)*Vec(nu10,q2)*Vec(nu9,q3)*xiw*ufoGC58^2*
         ufoGC119*ufoGC59
          - 1/16*g_(1,6_,nu10)*g_(2,6_,nu11)*cFT(nu11,XX,j16,iufo13)*cFT(g7,XX
         ,iufo13,j13)*cFT( - p3 + q2 + q3,XX,j15,j16)*cFT(nu9,XX,j14,iufo15)*
         cFT(g7,XX,iufo15,j15)*cFT(p3,XX,j13,j14)*flavourTag(fu,j13,j14)*
         flavourTag(fd,j15,j16)*Vec(nu10,q3)*Vec(nu9,q2)*xiw*ufoGC58^2*
         ufoGC119*ufoGC59
          - 1/16*g_(1,6_,nu10)*g_(2,6_,nu11)*cFT(nu11,XX,j16,iufo13)*cFT(g7,XX
         ,iufo13,j13)*cFT( - p3 + q2 + q3,XX,j15,j16)*cFT(nu9,XX,j14,iufo15)*
         cFT(g7,XX,iufo15,j15)*cFT(p3,XX,j13,j14)*flavourTag(fu,j13,j14)*
         flavourTag(fd,j15,j16)*Vec(nu10,q3)*Vec(nu9,q3)*xiw*ufoGC58^2*
         ufoGC119*ufoGC59
          );

  0.00 sec out of 0.00 sec
