FORM 5.0.0-beta.1 (Jan 15 2026, v5.0.0-beta.1-292-g4341c63)  Run: Thu Mar  5 11:46:56 2026
    #-

   d1l89amp =

       + Den(p4,xiw,M3)*Den(xiw,M3)^4 * (
          - 1/4*g_(1,6_,nu10)*g_(2,6_,nu11)*Vec(nu10,q2)*Vec(nu11,q2)*Vec(nu9,
         q2)^2*Vec(nu12,q2)^2*DH( - p4 + q2 + q3)*xiw*ufoGC58^2*ufoGC56*
         ufoGC55
          - 1/2*g_(1,6_,nu10)*g_(2,6_,nu11)*Vec(nu10,q2)*Vec(nu11,q2)*Vec(nu9,
         q2)^2*Vec(nu12,q2)*Vec(nu12,q3)*DH( - p4 + q2 + q3)*xiw*ufoGC58^2*
         ufoGC56*ufoGC55
          - 1/4*g_(1,6_,nu10)*g_(2,6_,nu11)*Vec(nu10,q2)*Vec(nu11,q2)*Vec(nu9,
         q2)^2*Vec(nu12,q3)^2*DH( - p4 + q2 + q3)*xiw*ufoGC58^2*ufoGC56*
         ufoGC55
          - 1/2*g_(1,6_,nu10)*g_(2,6_,nu11)*Vec(nu10,q2)*Vec(nu11,q2)*Vec(nu9,
         q2)*Vec(nu9,q3)*Vec(nu12,q2)^2*DH( - p4 + q2 + q3)*xiw*ufoGC58^2*
         ufoGC56*ufoGC55
          - g_(1,6_,nu10)*g_(2,6_,nu11)*Vec(nu10,q2)*Vec(nu11,q2)*Vec(nu9,q2)*
         Vec(nu9,q3)*Vec(nu12,q2)*Vec(nu12,q3)*DH( - p4 + q2 + q3)*xiw*
         ufoGC58^2*ufoGC56*ufoGC55
          - 1/2*g_(1,6_,nu10)*g_(2,6_,nu11)*Vec(nu10,q2)*Vec(nu11,q2)*Vec(nu9,
         q2)*Vec(nu9,q3)*Vec(nu12,q3)^2*DH( - p4 + q2 + q3)*xiw*ufoGC58^2*
         ufoGC56*ufoGC55
          - 1/4*g_(1,6_,nu10)*g_(2,6_,nu11)*Vec(nu10,q2)*Vec(nu11,q2)*Vec(nu9,
         q3)^2*Vec(nu12,q2)^2*DH( - p4 + q2 + q3)*xiw*ufoGC58^2*ufoGC56*
         ufoGC55
          - 1/2*g_(1,6_,nu10)*g_(2,6_,nu11)*Vec(nu10,q2)*Vec(nu11,q2)*Vec(nu9,
         q3)^2*Vec(nu12,q2)*Vec(nu12,q3)*DH( - p4 + q2 + q3)*xiw*ufoGC58^2*
         ufoGC56*ufoGC55
          - 1/4*g_(1,6_,nu10)*g_(2,6_,nu11)*Vec(nu10,q2)*Vec(nu11,q2)*Vec(nu9,
         q3)^2*Vec(nu12,q3)^2*DH( - p4 + q2 + q3)*xiw*ufoGC58^2*ufoGC56*
         ufoGC55
          - g_(1,6_,nu10)*g_(2,6_,nu11)*Vec(nu10,q2)*Vec(nu11,q2)*Vec(nu12,q2)
         ^2*DH( - p4 + q2 + q3)*p4.p4*d^-1*xiw*ufoGC58^2*ufoGC56*ufoGC55
          - 2*g_(1,6_,nu10)*g_(2,6_,nu11)*Vec(nu10,q2)*Vec(nu11,q2)*Vec(nu12,
         q2)*Vec(nu12,q3)*DH( - p4 + q2 + q3)*p4.p4*d^-1*xiw*ufoGC58^2*ufoGC56
         *ufoGC55
          - g_(1,6_,nu10)*g_(2,6_,nu11)*Vec(nu10,q2)*Vec(nu11,q2)*Vec(nu12,q3)
         ^2*DH( - p4 + q2 + q3)*p4.p4*d^-1*xiw*ufoGC58^2*ufoGC56*ufoGC55
          - 1/4*g_(1,6_,nu10)*g_(2,6_,nu11)*Vec(nu10,q2)*Vec(nu11,q3)*Vec(nu9,
         q2)^2*Vec(nu12,q2)^2*DH( - p4 + q2 + q3)*xiw*ufoGC58^2*ufoGC56*
         ufoGC55
          - 1/2*g_(1,6_,nu10)*g_(2,6_,nu11)*Vec(nu10,q2)*Vec(nu11,q3)*Vec(nu9,
         q2)^2*Vec(nu12,q2)*Vec(nu12,q3)*DH( - p4 + q2 + q3)*xiw*ufoGC58^2*
         ufoGC56*ufoGC55
          - 1/4*g_(1,6_,nu10)*g_(2,6_,nu11)*Vec(nu10,q2)*Vec(nu11,q3)*Vec(nu9,
         q2)^2*Vec(nu12,q3)^2*DH( - p4 + q2 + q3)*xiw*ufoGC58^2*ufoGC56*
         ufoGC55
          - 1/2*g_(1,6_,nu10)*g_(2,6_,nu11)*Vec(nu10,q2)*Vec(nu11,q3)*Vec(nu9,
         q2)*Vec(nu9,q3)*Vec(nu12,q2)^2*DH( - p4 + q2 + q3)*xiw*ufoGC58^2*
         ufoGC56*ufoGC55
          - g_(1,6_,nu10)*g_(2,6_,nu11)*Vec(nu10,q2)*Vec(nu11,q3)*Vec(nu9,q2)*
         Vec(nu9,q3)*Vec(nu12,q2)*Vec(nu12,q3)*DH( - p4 + q2 + q3)*xiw*
         ufoGC58^2*ufoGC56*ufoGC55
          - 1/2*g_(1,6_,nu10)*g_(2,6_,nu11)*Vec(nu10,q2)*Vec(nu11,q3)*Vec(nu9,
         q2)*Vec(nu9,q3)*Vec(nu12,q3)^2*DH( - p4 + q2 + q3)*xiw*ufoGC58^2*
         ufoGC56*ufoGC55
          - 1/4*g_(1,6_,nu10)*g_(2,6_,nu11)*Vec(nu10,q2)*Vec(nu11,q3)*Vec(nu9,
         q3)^2*Vec(nu12,q2)^2*DH( - p4 + q2 + q3)*xiw*ufoGC58^2*ufoGC56*
         ufoGC55
          - 1/2*g_(1,6_,nu10)*g_(2,6_,nu11)*Vec(nu10,q2)*Vec(nu11,q3)*Vec(nu9,
         q3)^2*Vec(nu12,q2)*Vec(nu12,q3)*DH( - p4 + q2 + q3)*xiw*ufoGC58^2*
         ufoGC56*ufoGC55
          - 1/4*g_(1,6_,nu10)*g_(2,6_,nu11)*Vec(nu10,q2)*Vec(nu11,q3)*Vec(nu9,
         q3)^2*Vec(nu12,q3)^2*DH( - p4 + q2 + q3)*xiw*ufoGC58^2*ufoGC56*
         ufoGC55
          - g_(1,6_,nu10)*g_(2,6_,nu11)*Vec(nu10,q2)*Vec(nu11,q3)*Vec(nu12,q2)
         ^2*DH( - p4 + q2 + q3)*p4.p4*d^-1*xiw*ufoGC58^2*ufoGC56*ufoGC55
          - 2*g_(1,6_,nu10)*g_(2,6_,nu11)*Vec(nu10,q2)*Vec(nu11,q3)*Vec(nu12,
         q2)*Vec(nu12,q3)*DH( - p4 + q2 + q3)*p4.p4*d^-1*xiw*ufoGC58^2*ufoGC56
         *ufoGC55
          - g_(1,6_,nu10)*g_(2,6_,nu11)*Vec(nu10,q2)*Vec(nu11,q3)*Vec(nu12,q3)
         ^2*DH( - p4 + q2 + q3)*p4.p4*d^-1*xiw*ufoGC58^2*ufoGC56*ufoGC55
          - 1/4*g_(1,6_,nu10)*g_(2,6_,nu11)*Vec(nu10,q3)*Vec(nu11,q2)*Vec(nu9,
         q2)^2*Vec(nu12,q2)^2*DH( - p4 + q2 + q3)*xiw*ufoGC58^2*ufoGC56*
         ufoGC55
          - 1/2*g_(1,6_,nu10)*g_(2,6_,nu11)*Vec(nu10,q3)*Vec(nu11,q2)*Vec(nu9,
         q2)^2*Vec(nu12,q2)*Vec(nu12,q3)*DH( - p4 + q2 + q3)*xiw*ufoGC58^2*
         ufoGC56*ufoGC55
          - 1/4*g_(1,6_,nu10)*g_(2,6_,nu11)*Vec(nu10,q3)*Vec(nu11,q2)*Vec(nu9,
         q2)^2*Vec(nu12,q3)^2*DH( - p4 + q2 + q3)*xiw*ufoGC58^2*ufoGC56*
         ufoGC55
          - 1/2*g_(1,6_,nu10)*g_(2,6_,nu11)*Vec(nu10,q3)*Vec(nu11,q2)*Vec(nu9,
         q2)*Vec(nu9,q3)*Vec(nu12,q2)^2*DH( - p4 + q2 + q3)*xiw*ufoGC58^2*
         ufoGC56*ufoGC55
          - g_(1,6_,nu10)*g_(2,6_,nu11)*Vec(nu10,q3)*Vec(nu11,q2)*Vec(nu9,q2)*
         Vec(nu9,q3)*Vec(nu12,q2)*Vec(nu12,q3)*DH( - p4 + q2 + q3)*xiw*
         ufoGC58^2*ufoGC56*ufoGC55
          - 1/2*g_(1,6_,nu10)*g_(2,6_,nu11)*Vec(nu10,q3)*Vec(nu11,q2)*Vec(nu9,
         q2)*Vec(nu9,q3)*Vec(nu12,q3)^2*DH( - p4 + q2 + q3)*xiw*ufoGC58^2*
         ufoGC56*ufoGC55
          - 1/4*g_(1,6_,nu10)*g_(2,6_,nu11)*Vec(nu10,q3)*Vec(nu11,q2)*Vec(nu9,
         q3)^2*Vec(nu12,q2)^2*DH( - p4 + q2 + q3)*xiw*ufoGC58^2*ufoGC56*
         ufoGC55
          - 1/2*g_(1,6_,nu10)*g_(2,6_,nu11)*Vec(nu10,q3)*Vec(nu11,q2)*Vec(nu9,
         q3)^2*Vec(nu12,q2)*Vec(nu12,q3)*DH( - p4 + q2 + q3)*xiw*ufoGC58^2*
         ufoGC56*ufoGC55
          - 1/4*g_(1,6_,nu10)*g_(2,6_,nu11)*Vec(nu10,q3)*Vec(nu11,q2)*Vec(nu9,
         q3)^2*Vec(nu12,q3)^2*DH( - p4 + q2 + q3)*xiw*ufoGC58^2*ufoGC56*
         ufoGC55
          - g_(1,6_,nu10)*g_(2,6_,nu11)*Vec(nu10,q3)*Vec(nu11,q2)*Vec(nu12,q2)
         ^2*DH( - p4 + q2 + q3)*p4.p4*d^-1*xiw*ufoGC58^2*ufoGC56*ufoGC55
          - 2*g_(1,6_,nu10)*g_(2,6_,nu11)*Vec(nu10,q3)*Vec(nu11,q2)*Vec(nu12,
         q2)*Vec(nu12,q3)*DH( - p4 + q2 + q3)*p4.p4*d^-1*xiw*ufoGC58^2*ufoGC56
         *ufoGC55
          - g_(1,6_,nu10)*g_(2,6_,nu11)*Vec(nu10,q3)*Vec(nu11,q2)*Vec(nu12,q3)
         ^2*DH( - p4 + q2 + q3)*p4.p4*d^-1*xiw*ufoGC58^2*ufoGC56*ufoGC55
          - 1/4*g_(1,6_,nu10)*g_(2,6_,nu11)*Vec(nu10,q3)*Vec(nu11,q3)*Vec(nu9,
         q2)^2*Vec(nu12,q2)^2*DH( - p4 + q2 + q3)*xiw*ufoGC58^2*ufoGC56*
         ufoGC55
          - 1/2*g_(1,6_,nu10)*g_(2,6_,nu11)*Vec(nu10,q3)*Vec(nu11,q3)*Vec(nu9,
         q2)^2*Vec(nu12,q2)*Vec(nu12,q3)*DH( - p4 + q2 + q3)*xiw*ufoGC58^2*
         ufoGC56*ufoGC55
          - 1/4*g_(1,6_,nu10)*g_(2,6_,nu11)*Vec(nu10,q3)*Vec(nu11,q3)*Vec(nu9,
         q2)^2*Vec(nu12,q3)^2*DH( - p4 + q2 + q3)*xiw*ufoGC58^2*ufoGC56*
         ufoGC55
          - 1/2*g_(1,6_,nu10)*g_(2,6_,nu11)*Vec(nu10,q3)*Vec(nu11,q3)*Vec(nu9,
         q2)*Vec(nu9,q3)*Vec(nu12,q2)^2*DH( - p4 + q2 + q3)*xiw*ufoGC58^2*
         ufoGC56*ufoGC55
          - g_(1,6_,nu10)*g_(2,6_,nu11)*Vec(nu10,q3)*Vec(nu11,q3)*Vec(nu9,q2)*
         Vec(nu9,q3)*Vec(nu12,q2)*Vec(nu12,q3)*DH( - p4 + q2 + q3)*xiw*
         ufoGC58^2*ufoGC56*ufoGC55
          - 1/2*g_(1,6_,nu10)*g_(2,6_,nu11)*Vec(nu10,q3)*Vec(nu11,q3)*Vec(nu9,
         q2)*Vec(nu9,q3)*Vec(nu12,q3)^2*DH( - p4 + q2 + q3)*xiw*ufoGC58^2*
         ufoGC56*ufoGC55
          - 1/4*g_(1,6_,nu10)*g_(2,6_,nu11)*Vec(nu10,q3)*Vec(nu11,q3)*Vec(nu9,
         q3)^2*Vec(nu12,q2)^2*DH( - p4 + q2 + q3)*xiw*ufoGC58^2*ufoGC56*
         ufoGC55
          - 1/2*g_(1,6_,nu10)*g_(2,6_,nu11)*Vec(nu10,q3)*Vec(nu11,q3)*Vec(nu9,
         q3)^2*Vec(nu12,q2)*Vec(nu12,q3)*DH( - p4 + q2 + q3)*xiw*ufoGC58^2*
         ufoGC56*ufoGC55
          - 1/4*g_(1,6_,nu10)*g_(2,6_,nu11)*Vec(nu10,q3)*Vec(nu11,q3)*Vec(nu9,
         q3)^2*Vec(nu12,q3)^2*DH( - p4 + q2 + q3)*xiw*ufoGC58^2*ufoGC56*
         ufoGC55
          - g_(1,6_,nu10)*g_(2,6_,nu11)*Vec(nu10,q3)*Vec(nu11,q3)*Vec(nu12,q2)
         ^2*DH( - p4 + q2 + q3)*p4.p4*d^-1*xiw*ufoGC58^2*ufoGC56*ufoGC55
          - 2*g_(1,6_,nu10)*g_(2,6_,nu11)*Vec(nu10,q3)*Vec(nu11,q3)*Vec(nu12,
         q2)*Vec(nu12,q3)*DH( - p4 + q2 + q3)*p4.p4*d^-1*xiw*ufoGC58^2*ufoGC56
         *ufoGC55
          - g_(1,6_,nu10)*g_(2,6_,nu11)*Vec(nu10,q3)*Vec(nu11,q3)*Vec(nu12,q3)
         ^2*DH( - p4 + q2 + q3)*p4.p4*d^-1*xiw*ufoGC58^2*ufoGC56*ufoGC55
          )

       + Den(p4,xiw,M3)*Den(xiw,M3)^3 * (
          + 1/4*g_(1,6_,nu10)*g_(2,6_,nu11)*Vec(nu10,q2)*Vec(nu11,q2)*Vec(nu9,
         q2)^2*DH( - p4 + q2 + q3)*xiw*ufoGC58^2*ufoGC56*ufoGC55
          + 1/2*g_(1,6_,nu10)*g_(2,6_,nu11)*Vec(nu10,q2)*Vec(nu11,q2)*Vec(nu9,
         q2)*Vec(nu9,q3)*DH( - p4 + q2 + q3)*xiw*ufoGC58^2*ufoGC56*ufoGC55
          + 1/4*g_(1,6_,nu10)*g_(2,6_,nu11)*Vec(nu10,q2)*Vec(nu11,q2)*Vec(nu9,
         q3)^2*DH( - p4 + q2 + q3)*xiw*ufoGC58^2*ufoGC56*ufoGC55
          + 1/4*g_(1,6_,nu10)*g_(2,6_,nu11)*Vec(nu10,q2)*Vec(nu11,q3)*Vec(nu9,
         q2)^2*DH( - p4 + q2 + q3)*xiw*ufoGC58^2*ufoGC56*ufoGC55
          + 1/2*g_(1,6_,nu10)*g_(2,6_,nu11)*Vec(nu10,q2)*Vec(nu11,q3)*Vec(nu9,
         q2)*Vec(nu9,q3)*DH( - p4 + q2 + q3)*xiw*ufoGC58^2*ufoGC56*ufoGC55
          + 1/4*g_(1,6_,nu10)*g_(2,6_,nu11)*Vec(nu10,q2)*Vec(nu11,q3)*Vec(nu9,
         q3)^2*DH( - p4 + q2 + q3)*xiw*ufoGC58^2*ufoGC56*ufoGC55
          + 1/4*g_(1,6_,nu10)*g_(2,6_,nu11)*Vec(nu10,q3)*Vec(nu11,q2)*Vec(nu9,
         q2)^2*DH( - p4 + q2 + q3)*xiw*ufoGC58^2*ufoGC56*ufoGC55
          + 1/2*g_(1,6_,nu10)*g_(2,6_,nu11)*Vec(nu10,q3)*Vec(nu11,q2)*Vec(nu9,
         q2)*Vec(nu9,q3)*DH( - p4 + q2 + q3)*xiw*ufoGC58^2*ufoGC56*ufoGC55
          + 1/4*g_(1,6_,nu10)*g_(2,6_,nu11)*Vec(nu10,q3)*Vec(nu11,q2)*Vec(nu9,
         q3)^2*DH( - p4 + q2 + q3)*xiw*ufoGC58^2*ufoGC56*ufoGC55
          + 1/4*g_(1,6_,nu10)*g_(2,6_,nu11)*Vec(nu10,q3)*Vec(nu11,q3)*Vec(nu9,
         q2)^2*DH( - p4 + q2 + q3)*xiw*ufoGC58^2*ufoGC56*ufoGC55
          + 1/2*g_(1,6_,nu10)*g_(2,6_,nu11)*Vec(nu10,q3)*Vec(nu11,q3)*Vec(nu9,
         q2)*Vec(nu9,q3)*DH( - p4 + q2 + q3)*xiw*ufoGC58^2*ufoGC56*ufoGC55
          + 1/4*g_(1,6_,nu10)*g_(2,6_,nu11)*Vec(nu10,q3)*Vec(nu11,q3)*Vec(nu9,
         q3)^2*DH( - p4 + q2 + q3)*xiw*ufoGC58^2*ufoGC56*ufoGC55
          + g_(1,6_,nu10)*g_(2,6_,nu9)*Vec(nu10,q2)*Vec(nu9,q2)*DH( - p4 + q2
          + q3)*p4.p4*d^-1*xiw*ufoGC58^2*ufoGC56*ufoGC55
          + g_(1,6_,nu10)*g_(2,6_,nu9)*Vec(nu10,q2)*Vec(nu9,q3)*DH( - p4 + q2
          + q3)*p4.p4*d^-1*xiw*ufoGC58^2*ufoGC56*ufoGC55
          + g_(1,6_,nu10)*g_(2,6_,nu9)*Vec(nu10,q3)*Vec(nu9,q2)*DH( - p4 + q2
          + q3)*p4.p4*d^-1*xiw*ufoGC58^2*ufoGC56*ufoGC55
          + g_(1,6_,nu10)*g_(2,6_,nu9)*Vec(nu10,q3)*Vec(nu9,q3)*DH( - p4 + q2
          + q3)*p4.p4*d^-1*xiw*ufoGC58^2*ufoGC56*ufoGC55
          );

  0.00 sec out of 0.00 sec
