FORM 5.0.0-beta.1 (Jan 15 2026, v5.0.0-beta.1-292-g4341c63)  Run: Fri Mar  6 11:51:33 2026
    #-

   d1l91amp =

       + Vec(nu10,q2)*Vec(nu9,q2)^2*Vec(nu15,q2)^2 * (
          + 1/4*g_(1,6_,nu10)*FT2(g6)*Den(p4,xiw,M3)^2*Den(q2 + q3,xiw,M3)^3*
         Den( - p4 + q2 + q3,0,0)^2*p4.p4*d^-1*xia*xiw^2*ufoGC58*ufoGC104*
         ufoGC4*ufoGC93
          - 1/4*g_(1,6_,nu10)*FT2(g6)*Den(p4,xiw,M3)^2*Den(q2 + q3,xiw,M3)^3*
         Den( - p4 + q2 + q3,0,0)^2*p4.p4*d^-1*xiw^2*ufoGC58*ufoGC104*ufoGC4*
         ufoGC93
          )

       + Vec(nu10,q2)*Vec(nu9,q2)^2*Vec(nu15,q2)*Vec(nu15,q3) * (
          + 1/2*g_(1,6_,nu10)*FT2(g6)*Den(p4,xiw,M3)^2*Den(q2 + q3,xiw,M3)^3*
         Den( - p4 + q2 + q3,0,0)^2*p4.p4*d^-1*xia*xiw^2*ufoGC58*ufoGC104*
         ufoGC4*ufoGC93
          - 1/2*g_(1,6_,nu10)*FT2(g6)*Den(p4,xiw,M3)^2*Den(q2 + q3,xiw,M3)^3*
         Den( - p4 + q2 + q3,0,0)^2*p4.p4*d^-1*xiw^2*ufoGC58*ufoGC104*ufoGC4*
         ufoGC93
          )

       + Vec(nu10,q2)*Vec(nu9,q2)^2*Vec(nu15,q3)^2 * (
          + 1/4*g_(1,6_,nu10)*FT2(g6)*Den(p4,xiw,M3)^2*Den(q2 + q3,xiw,M3)^3*
         Den( - p4 + q2 + q3,0,0)^2*p4.p4*d^-1*xia*xiw^2*ufoGC58*ufoGC104*
         ufoGC4*ufoGC93
          - 1/4*g_(1,6_,nu10)*FT2(g6)*Den(p4,xiw,M3)^2*Den(q2 + q3,xiw,M3)^3*
         Den( - p4 + q2 + q3,0,0)^2*p4.p4*d^-1*xiw^2*ufoGC58*ufoGC104*ufoGC4*
         ufoGC93
          )

       + Vec(nu10,q2)*Vec(nu9,q2)^2 * (
          - 1/4*g_(1,6_,nu10)*FT2(g6)*Den(p4,xiw,M3)^2*Den(q2 + q3,xiw,M3)^3*
         Den( - p4 + q2 + q3,0,0)*p4.p4*xiw^2*ufoGC58*ufoGC104*ufoGC4*ufoGC93
          )

       + Vec(nu10,q2)*Vec(nu9,q2)*Vec(nu9,q3)*Vec(nu15,q2)^2 * (
          + 1/2*g_(1,6_,nu10)*FT2(g6)*Den(p4,xiw,M3)^2*Den(q2 + q3,xiw,M3)^3*
         Den( - p4 + q2 + q3,0,0)^2*p4.p4*d^-1*xia*xiw^2*ufoGC58*ufoGC104*
         ufoGC4*ufoGC93
          - 1/2*g_(1,6_,nu10)*FT2(g6)*Den(p4,xiw,M3)^2*Den(q2 + q3,xiw,M3)^3*
         Den( - p4 + q2 + q3,0,0)^2*p4.p4*d^-1*xiw^2*ufoGC58*ufoGC104*ufoGC4*
         ufoGC93
          )

       + Vec(nu10,q2)*Vec(nu9,q2)*Vec(nu9,q3)*Vec(nu15,q2)*Vec(nu15,q3) * (
          + g_(1,6_,nu10)*FT2(g6)*Den(p4,xiw,M3)^2*Den(q2 + q3,xiw,M3)^3*Den(
          - p4 + q2 + q3,0,0)^2*p4.p4*d^-1*xia*xiw^2*ufoGC58*ufoGC104*ufoGC4*
         ufoGC93
          - g_(1,6_,nu10)*FT2(g6)*Den(p4,xiw,M3)^2*Den(q2 + q3,xiw,M3)^3*Den(
          - p4 + q2 + q3,0,0)^2*p4.p4*d^-1*xiw^2*ufoGC58*ufoGC104*ufoGC4*
         ufoGC93
          )

       + Vec(nu10,q2)*Vec(nu9,q2)*Vec(nu9,q3)*Vec(nu15,q3)^2 * (
          + 1/2*g_(1,6_,nu10)*FT2(g6)*Den(p4,xiw,M3)^2*Den(q2 + q3,xiw,M3)^3*
         Den( - p4 + q2 + q3,0,0)^2*p4.p4*d^-1*xia*xiw^2*ufoGC58*ufoGC104*
         ufoGC4*ufoGC93
          - 1/2*g_(1,6_,nu10)*FT2(g6)*Den(p4,xiw,M3)^2*Den(q2 + q3,xiw,M3)^3*
         Den( - p4 + q2 + q3,0,0)^2*p4.p4*d^-1*xiw^2*ufoGC58*ufoGC104*ufoGC4*
         ufoGC93
          )

       + Vec(nu10,q2)*Vec(nu9,q2)*Vec(nu9,q3) * (
          - 1/2*g_(1,6_,nu10)*FT2(g6)*Den(p4,xiw,M3)^2*Den(q2 + q3,xiw,M3)^3*
         Den( - p4 + q2 + q3,0,0)*p4.p4*xiw^2*ufoGC58*ufoGC104*ufoGC4*ufoGC93
          )

       + Vec(nu10,q2)*Vec(nu9,q3)^2*Vec(nu15,q2)^2 * (
          + 1/4*g_(1,6_,nu10)*FT2(g6)*Den(p4,xiw,M3)^2*Den(q2 + q3,xiw,M3)^3*
         Den( - p4 + q2 + q3,0,0)^2*p4.p4*d^-1*xia*xiw^2*ufoGC58*ufoGC104*
         ufoGC4*ufoGC93
          - 1/4*g_(1,6_,nu10)*FT2(g6)*Den(p4,xiw,M3)^2*Den(q2 + q3,xiw,M3)^3*
         Den( - p4 + q2 + q3,0,0)^2*p4.p4*d^-1*xiw^2*ufoGC58*ufoGC104*ufoGC4*
         ufoGC93
          )

       + Vec(nu10,q2)*Vec(nu9,q3)^2*Vec(nu15,q2)*Vec(nu15,q3) * (
          + 1/2*g_(1,6_,nu10)*FT2(g6)*Den(p4,xiw,M3)^2*Den(q2 + q3,xiw,M3)^3*
         Den( - p4 + q2 + q3,0,0)^2*p4.p4*d^-1*xia*xiw^2*ufoGC58*ufoGC104*
         ufoGC4*ufoGC93
          - 1/2*g_(1,6_,nu10)*FT2(g6)*Den(p4,xiw,M3)^2*Den(q2 + q3,xiw,M3)^3*
         Den( - p4 + q2 + q3,0,0)^2*p4.p4*d^-1*xiw^2*ufoGC58*ufoGC104*ufoGC4*
         ufoGC93
          )

       + Vec(nu10,q2)*Vec(nu9,q3)^2*Vec(nu15,q3)^2 * (
          + 1/4*g_(1,6_,nu10)*FT2(g6)*Den(p4,xiw,M3)^2*Den(q2 + q3,xiw,M3)^3*
         Den( - p4 + q2 + q3,0,0)^2*p4.p4*d^-1*xia*xiw^2*ufoGC58*ufoGC104*
         ufoGC4*ufoGC93
          - 1/4*g_(1,6_,nu10)*FT2(g6)*Den(p4,xiw,M3)^2*Den(q2 + q3,xiw,M3)^3*
         Den( - p4 + q2 + q3,0,0)^2*p4.p4*d^-1*xiw^2*ufoGC58*ufoGC104*ufoGC4*
         ufoGC93
          )

       + Vec(nu10,q2)*Vec(nu9,q3)^2 * (
          - 1/4*g_(1,6_,nu10)*FT2(g6)*Den(p4,xiw,M3)^2*Den(q2 + q3,xiw,M3)^3*
         Den( - p4 + q2 + q3,0,0)*p4.p4*xiw^2*ufoGC58*ufoGC104*ufoGC4*ufoGC93
          )

       + Vec(nu10,q2)*Vec(nu14,q2)^2*Vec(nu15,q2)^2 * (
          - 1/4*g_(1,6_,nu10)*FT2(g6)*Den(p4,xiw,M3)^2*Den(q2 + q3,xiw,M3)^3*
         Den( - p4 + q2 + q3,0,0)^2*p4.p4*d^-1*xia*xiw^2*ufoGC58*ufoGC104*
         ufoGC4*ufoGC93
          + 1/4*g_(1,6_,nu10)*FT2(g6)*Den(p4,xiw,M3)^2*Den(q2 + q3,xiw,M3)^3*
         Den( - p4 + q2 + q3,0,0)^2*p4.p4*d^-1*xiw^2*ufoGC58*ufoGC104*ufoGC4*
         ufoGC93
          )

       + Vec(nu10,q2)*Vec(nu14,q2)^2*Vec(nu15,q2)*Vec(nu15,q3) * (
          - 1/2*g_(1,6_,nu10)*FT2(g6)*Den(p4,xiw,M3)^2*Den(q2 + q3,xiw,M3)^3*
         Den( - p4 + q2 + q3,0,0)^2*p4.p4*d^-1*xia*xiw^2*ufoGC58*ufoGC104*
         ufoGC4*ufoGC93
          + 1/2*g_(1,6_,nu10)*FT2(g6)*Den(p4,xiw,M3)^2*Den(q2 + q3,xiw,M3)^3*
         Den( - p4 + q2 + q3,0,0)^2*p4.p4*d^-1*xiw^2*ufoGC58*ufoGC104*ufoGC4*
         ufoGC93
          )

       + Vec(nu10,q2)*Vec(nu14,q2)^2*Vec(nu15,q3)^2 * (
          - 1/4*g_(1,6_,nu10)*FT2(g6)*Den(p4,xiw,M3)^2*Den(q2 + q3,xiw,M3)^3*
         Den( - p4 + q2 + q3,0,0)^2*p4.p4*d^-1*xia*xiw^2*ufoGC58*ufoGC104*
         ufoGC4*ufoGC93
          + 1/4*g_(1,6_,nu10)*FT2(g6)*Den(p4,xiw,M3)^2*Den(q2 + q3,xiw,M3)^3*
         Den( - p4 + q2 + q3,0,0)^2*p4.p4*d^-1*xiw^2*ufoGC58*ufoGC104*ufoGC4*
         ufoGC93
          )

       + Vec(nu10,q2)*Vec(nu14,q2)*Vec(nu14,q3)*Vec(nu15,q2)^2 * (
          - 1/2*g_(1,6_,nu10)*FT2(g6)*Den(p4,xiw,M3)^2*Den(q2 + q3,xiw,M3)^3*
         Den( - p4 + q2 + q3,0,0)^2*p4.p4*d^-1*xia*xiw^2*ufoGC58*ufoGC104*
         ufoGC4*ufoGC93
          + 1/2*g_(1,6_,nu10)*FT2(g6)*Den(p4,xiw,M3)^2*Den(q2 + q3,xiw,M3)^3*
         Den( - p4 + q2 + q3,0,0)^2*p4.p4*d^-1*xiw^2*ufoGC58*ufoGC104*ufoGC4*
         ufoGC93
          )

       + Vec(nu10,q2)*Vec(nu14,q2)*Vec(nu14,q3)*Vec(nu15,q2)*Vec(nu15,q3) * (
          - g_(1,6_,nu10)*FT2(g6)*Den(p4,xiw,M3)^2*Den(q2 + q3,xiw,M3)^3*Den(
          - p4 + q2 + q3,0,0)^2*p4.p4*d^-1*xia*xiw^2*ufoGC58*ufoGC104*ufoGC4*
         ufoGC93
          + g_(1,6_,nu10)*FT2(g6)*Den(p4,xiw,M3)^2*Den(q2 + q3,xiw,M3)^3*Den(
          - p4 + q2 + q3,0,0)^2*p4.p4*d^-1*xiw^2*ufoGC58*ufoGC104*ufoGC4*
         ufoGC93
          )

       + Vec(nu10,q2)*Vec(nu14,q2)*Vec(nu14,q3)*Vec(nu15,q3)^2 * (
          - 1/2*g_(1,6_,nu10)*FT2(g6)*Den(p4,xiw,M3)^2*Den(q2 + q3,xiw,M3)^3*
         Den( - p4 + q2 + q3,0,0)^2*p4.p4*d^-1*xia*xiw^2*ufoGC58*ufoGC104*
         ufoGC4*ufoGC93
          + 1/2*g_(1,6_,nu10)*FT2(g6)*Den(p4,xiw,M3)^2*Den(q2 + q3,xiw,M3)^3*
         Den( - p4 + q2 + q3,0,0)^2*p4.p4*d^-1*xiw^2*ufoGC58*ufoGC104*ufoGC4*
         ufoGC93
          )

       + Vec(nu10,q2)*Vec(nu14,q3)^2*Vec(nu15,q2)^2 * (
          - 1/4*g_(1,6_,nu10)*FT2(g6)*Den(p4,xiw,M3)^2*Den(q2 + q3,xiw,M3)^3*
         Den( - p4 + q2 + q3,0,0)^2*p4.p4*d^-1*xia*xiw^2*ufoGC58*ufoGC104*
         ufoGC4*ufoGC93
          + 1/4*g_(1,6_,nu10)*FT2(g6)*Den(p4,xiw,M3)^2*Den(q2 + q3,xiw,M3)^3*
         Den( - p4 + q2 + q3,0,0)^2*p4.p4*d^-1*xiw^2*ufoGC58*ufoGC104*ufoGC4*
         ufoGC93
          )

       + Vec(nu10,q2)*Vec(nu14,q3)^2*Vec(nu15,q2)*Vec(nu15,q3) * (
          - 1/2*g_(1,6_,nu10)*FT2(g6)*Den(p4,xiw,M3)^2*Den(q2 + q3,xiw,M3)^3*
         Den( - p4 + q2 + q3,0,0)^2*p4.p4*d^-1*xia*xiw^2*ufoGC58*ufoGC104*
         ufoGC4*ufoGC93
          + 1/2*g_(1,6_,nu10)*FT2(g6)*Den(p4,xiw,M3)^2*Den(q2 + q3,xiw,M3)^3*
         Den( - p4 + q2 + q3,0,0)^2*p4.p4*d^-1*xiw^2*ufoGC58*ufoGC104*ufoGC4*
         ufoGC93
          )

       + Vec(nu10,q2)*Vec(nu14,q3)^2*Vec(nu15,q3)^2 * (
          - 1/4*g_(1,6_,nu10)*FT2(g6)*Den(p4,xiw,M3)^2*Den(q2 + q3,xiw,M3)^3*
         Den( - p4 + q2 + q3,0,0)^2*p4.p4*d^-1*xia*xiw^2*ufoGC58*ufoGC104*
         ufoGC4*ufoGC93
          + 1/4*g_(1,6_,nu10)*FT2(g6)*Den(p4,xiw,M3)^2*Den(q2 + q3,xiw,M3)^3*
         Den( - p4 + q2 + q3,0,0)^2*p4.p4*d^-1*xiw^2*ufoGC58*ufoGC104*ufoGC4*
         ufoGC93
          )

       + Vec(nu10,q2)*Vec(nu15,q2)^2 * (
          + 1/4*g_(1,6_,nu10)*FT2(g6)*Den(p4,xiw,M3)^2*Den(q2 + q3,xiw,M3)^3*
         Den( - p4 + q2 + q3,0,0)*p4.p4*d^-1*xiw^2*ufoGC58*ufoGC104*ufoGC4*
         ufoGC93
          )

       + Vec(nu10,q2)*Vec(nu15,q2)*Vec(nu15,q3) * (
          + 1/2*g_(1,6_,nu10)*FT2(g6)*Den(p4,xiw,M3)^2*Den(q2 + q3,xiw,M3)^3*
         Den( - p4 + q2 + q3,0,0)*p4.p4*d^-1*xiw^2*ufoGC58*ufoGC104*ufoGC4*
         ufoGC93
          )

       + Vec(nu10,q2)*Vec(nu15,q3)^2 * (
          + 1/4*g_(1,6_,nu10)*FT2(g6)*Den(p4,xiw,M3)^2*Den(q2 + q3,xiw,M3)^3*
         Den( - p4 + q2 + q3,0,0)*p4.p4*d^-1*xiw^2*ufoGC58*ufoGC104*ufoGC4*
         ufoGC93
          )

       + Vec(nu10,q3)*Vec(nu9,q2)^2*Vec(nu15,q2)^2 * (
          + 1/4*g_(1,6_,nu10)*FT2(g6)*Den(p4,xiw,M3)^2*Den(q2 + q3,xiw,M3)^3*
         Den( - p4 + q2 + q3,0,0)^2*p4.p4*d^-1*xia*xiw^2*ufoGC58*ufoGC104*
         ufoGC4*ufoGC93
          - 1/4*g_(1,6_,nu10)*FT2(g6)*Den(p4,xiw,M3)^2*Den(q2 + q3,xiw,M3)^3*
         Den( - p4 + q2 + q3,0,0)^2*p4.p4*d^-1*xiw^2*ufoGC58*ufoGC104*ufoGC4*
         ufoGC93
          )

       + Vec(nu10,q3)*Vec(nu9,q2)^2*Vec(nu15,q2)*Vec(nu15,q3) * (
          + 1/2*g_(1,6_,nu10)*FT2(g6)*Den(p4,xiw,M3)^2*Den(q2 + q3,xiw,M3)^3*
         Den( - p4 + q2 + q3,0,0)^2*p4.p4*d^-1*xia*xiw^2*ufoGC58*ufoGC104*
         ufoGC4*ufoGC93
          - 1/2*g_(1,6_,nu10)*FT2(g6)*Den(p4,xiw,M3)^2*Den(q2 + q3,xiw,M3)^3*
         Den( - p4 + q2 + q3,0,0)^2*p4.p4*d^-1*xiw^2*ufoGC58*ufoGC104*ufoGC4*
         ufoGC93
          )

       + Vec(nu10,q3)*Vec(nu9,q2)^2*Vec(nu15,q3)^2 * (
          + 1/4*g_(1,6_,nu10)*FT2(g6)*Den(p4,xiw,M3)^2*Den(q2 + q3,xiw,M3)^3*
         Den( - p4 + q2 + q3,0,0)^2*p4.p4*d^-1*xia*xiw^2*ufoGC58*ufoGC104*
         ufoGC4*ufoGC93
          - 1/4*g_(1,6_,nu10)*FT2(g6)*Den(p4,xiw,M3)^2*Den(q2 + q3,xiw,M3)^3*
         Den( - p4 + q2 + q3,0,0)^2*p4.p4*d^-1*xiw^2*ufoGC58*ufoGC104*ufoGC4*
         ufoGC93
          )

       + Vec(nu10,q3)*Vec(nu9,q2)^2 * (
          - 1/4*g_(1,6_,nu10)*FT2(g6)*Den(p4,xiw,M3)^2*Den(q2 + q3,xiw,M3)^3*
         Den( - p4 + q2 + q3,0,0)*p4.p4*xiw^2*ufoGC58*ufoGC104*ufoGC4*ufoGC93
          )

       + Vec(nu10,q3)*Vec(nu9,q2)*Vec(nu9,q3)*Vec(nu15,q2)^2 * (
          + 1/2*g_(1,6_,nu10)*FT2(g6)*Den(p4,xiw,M3)^2*Den(q2 + q3,xiw,M3)^3*
         Den( - p4 + q2 + q3,0,0)^2*p4.p4*d^-1*xia*xiw^2*ufoGC58*ufoGC104*
         ufoGC4*ufoGC93
          - 1/2*g_(1,6_,nu10)*FT2(g6)*Den(p4,xiw,M3)^2*Den(q2 + q3,xiw,M3)^3*
         Den( - p4 + q2 + q3,0,0)^2*p4.p4*d^-1*xiw^2*ufoGC58*ufoGC104*ufoGC4*
         ufoGC93
          )

       + Vec(nu10,q3)*Vec(nu9,q2)*Vec(nu9,q3)*Vec(nu15,q2)*Vec(nu15,q3) * (
          + g_(1,6_,nu10)*FT2(g6)*Den(p4,xiw,M3)^2*Den(q2 + q3,xiw,M3)^3*Den(
          - p4 + q2 + q3,0,0)^2*p4.p4*d^-1*xia*xiw^2*ufoGC58*ufoGC104*ufoGC4*
         ufoGC93
          - g_(1,6_,nu10)*FT2(g6)*Den(p4,xiw,M3)^2*Den(q2 + q3,xiw,M3)^3*Den(
          - p4 + q2 + q3,0,0)^2*p4.p4*d^-1*xiw^2*ufoGC58*ufoGC104*ufoGC4*
         ufoGC93
          )

       + Vec(nu10,q3)*Vec(nu9,q2)*Vec(nu9,q3)*Vec(nu15,q3)^2 * (
          + 1/2*g_(1,6_,nu10)*FT2(g6)*Den(p4,xiw,M3)^2*Den(q2 + q3,xiw,M3)^3*
         Den( - p4 + q2 + q3,0,0)^2*p4.p4*d^-1*xia*xiw^2*ufoGC58*ufoGC104*
         ufoGC4*ufoGC93
          - 1/2*g_(1,6_,nu10)*FT2(g6)*Den(p4,xiw,M3)^2*Den(q2 + q3,xiw,M3)^3*
         Den( - p4 + q2 + q3,0,0)^2*p4.p4*d^-1*xiw^2*ufoGC58*ufoGC104*ufoGC4*
         ufoGC93
          )

       + Vec(nu10,q3)*Vec(nu9,q2)*Vec(nu9,q3) * (
          - 1/2*g_(1,6_,nu10)*FT2(g6)*Den(p4,xiw,M3)^2*Den(q2 + q3,xiw,M3)^3*
         Den( - p4 + q2 + q3,0,0)*p4.p4*xiw^2*ufoGC58*ufoGC104*ufoGC4*ufoGC93
          )

       + Vec(nu10,q3)*Vec(nu9,q3)^2*Vec(nu15,q2)^2 * (
          + 1/4*g_(1,6_,nu10)*FT2(g6)*Den(p4,xiw,M3)^2*Den(q2 + q3,xiw,M3)^3*
         Den( - p4 + q2 + q3,0,0)^2*p4.p4*d^-1*xia*xiw^2*ufoGC58*ufoGC104*
         ufoGC4*ufoGC93
          - 1/4*g_(1,6_,nu10)*FT2(g6)*Den(p4,xiw,M3)^2*Den(q2 + q3,xiw,M3)^3*
         Den( - p4 + q2 + q3,0,0)^2*p4.p4*d^-1*xiw^2*ufoGC58*ufoGC104*ufoGC4*
         ufoGC93
          )

       + Vec(nu10,q3)*Vec(nu9,q3)^2*Vec(nu15,q2)*Vec(nu15,q3) * (
          + 1/2*g_(1,6_,nu10)*FT2(g6)*Den(p4,xiw,M3)^2*Den(q2 + q3,xiw,M3)^3*
         Den( - p4 + q2 + q3,0,0)^2*p4.p4*d^-1*xia*xiw^2*ufoGC58*ufoGC104*
         ufoGC4*ufoGC93
          - 1/2*g_(1,6_,nu10)*FT2(g6)*Den(p4,xiw,M3)^2*Den(q2 + q3,xiw,M3)^3*
         Den( - p4 + q2 + q3,0,0)^2*p4.p4*d^-1*xiw^2*ufoGC58*ufoGC104*ufoGC4*
         ufoGC93
          )

       + Vec(nu10,q3)*Vec(nu9,q3)^2*Vec(nu15,q3)^2 * (
          + 1/4*g_(1,6_,nu10)*FT2(g6)*Den(p4,xiw,M3)^2*Den(q2 + q3,xiw,M3)^3*
         Den( - p4 + q2 + q3,0,0)^2*p4.p4*d^-1*xia*xiw^2*ufoGC58*ufoGC104*
         ufoGC4*ufoGC93
          - 1/4*g_(1,6_,nu10)*FT2(g6)*Den(p4,xiw,M3)^2*Den(q2 + q3,xiw,M3)^3*
         Den( - p4 + q2 + q3,0,0)^2*p4.p4*d^-1*xiw^2*ufoGC58*ufoGC104*ufoGC4*
         ufoGC93
          )

       + Vec(nu10,q3)*Vec(nu9,q3)^2 * (
          - 1/4*g_(1,6_,nu10)*FT2(g6)*Den(p4,xiw,M3)^2*Den(q2 + q3,xiw,M3)^3*
         Den( - p4 + q2 + q3,0,0)*p4.p4*xiw^2*ufoGC58*ufoGC104*ufoGC4*ufoGC93
          )

       + Vec(nu10,q3)*Vec(nu14,q2)^2*Vec(nu15,q2)^2 * (
          - 1/4*g_(1,6_,nu10)*FT2(g6)*Den(p4,xiw,M3)^2*Den(q2 + q3,xiw,M3)^3*
         Den( - p4 + q2 + q3,0,0)^2*p4.p4*d^-1*xia*xiw^2*ufoGC58*ufoGC104*
         ufoGC4*ufoGC93
          + 1/4*g_(1,6_,nu10)*FT2(g6)*Den(p4,xiw,M3)^2*Den(q2 + q3,xiw,M3)^3*
         Den( - p4 + q2 + q3,0,0)^2*p4.p4*d^-1*xiw^2*ufoGC58*ufoGC104*ufoGC4*
         ufoGC93
          )

       + Vec(nu10,q3)*Vec(nu14,q2)^2*Vec(nu15,q2)*Vec(nu15,q3) * (
          - 1/2*g_(1,6_,nu10)*FT2(g6)*Den(p4,xiw,M3)^2*Den(q2 + q3,xiw,M3)^3*
         Den( - p4 + q2 + q3,0,0)^2*p4.p4*d^-1*xia*xiw^2*ufoGC58*ufoGC104*
         ufoGC4*ufoGC93
          + 1/2*g_(1,6_,nu10)*FT2(g6)*Den(p4,xiw,M3)^2*Den(q2 + q3,xiw,M3)^3*
         Den( - p4 + q2 + q3,0,0)^2*p4.p4*d^-1*xiw^2*ufoGC58*ufoGC104*ufoGC4*
         ufoGC93
          )

       + Vec(nu10,q3)*Vec(nu14,q2)^2*Vec(nu15,q3)^2 * (
          - 1/4*g_(1,6_,nu10)*FT2(g6)*Den(p4,xiw,M3)^2*Den(q2 + q3,xiw,M3)^3*
         Den( - p4 + q2 + q3,0,0)^2*p4.p4*d^-1*xia*xiw^2*ufoGC58*ufoGC104*
         ufoGC4*ufoGC93
          + 1/4*g_(1,6_,nu10)*FT2(g6)*Den(p4,xiw,M3)^2*Den(q2 + q3,xiw,M3)^3*
         Den( - p4 + q2 + q3,0,0)^2*p4.p4*d^-1*xiw^2*ufoGC58*ufoGC104*ufoGC4*
         ufoGC93
          )

       + Vec(nu10,q3)*Vec(nu14,q2)*Vec(nu14,q3)*Vec(nu15,q2)^2 * (
          - 1/2*g_(1,6_,nu10)*FT2(g6)*Den(p4,xiw,M3)^2*Den(q2 + q3,xiw,M3)^3*
         Den( - p4 + q2 + q3,0,0)^2*p4.p4*d^-1*xia*xiw^2*ufoGC58*ufoGC104*
         ufoGC4*ufoGC93
          + 1/2*g_(1,6_,nu10)*FT2(g6)*Den(p4,xiw,M3)^2*Den(q2 + q3,xiw,M3)^3*
         Den( - p4 + q2 + q3,0,0)^2*p4.p4*d^-1*xiw^2*ufoGC58*ufoGC104*ufoGC4*
         ufoGC93
          )

       + Vec(nu10,q3)*Vec(nu14,q2)*Vec(nu14,q3)*Vec(nu15,q2)*Vec(nu15,q3) * (
          - g_(1,6_,nu10)*FT2(g6)*Den(p4,xiw,M3)^2*Den(q2 + q3,xiw,M3)^3*Den(
          - p4 + q2 + q3,0,0)^2*p4.p4*d^-1*xia*xiw^2*ufoGC58*ufoGC104*ufoGC4*
         ufoGC93
          + g_(1,6_,nu10)*FT2(g6)*Den(p4,xiw,M3)^2*Den(q2 + q3,xiw,M3)^3*Den(
          - p4 + q2 + q3,0,0)^2*p4.p4*d^-1*xiw^2*ufoGC58*ufoGC104*ufoGC4*
         ufoGC93
          )

       + Vec(nu10,q3)*Vec(nu14,q2)*Vec(nu14,q3)*Vec(nu15,q3)^2 * (
          - 1/2*g_(1,6_,nu10)*FT2(g6)*Den(p4,xiw,M3)^2*Den(q2 + q3,xiw,M3)^3*
         Den( - p4 + q2 + q3,0,0)^2*p4.p4*d^-1*xia*xiw^2*ufoGC58*ufoGC104*
         ufoGC4*ufoGC93
          + 1/2*g_(1,6_,nu10)*FT2(g6)*Den(p4,xiw,M3)^2*Den(q2 + q3,xiw,M3)^3*
         Den( - p4 + q2 + q3,0,0)^2*p4.p4*d^-1*xiw^2*ufoGC58*ufoGC104*ufoGC4*
         ufoGC93
          )

       + Vec(nu10,q3)*Vec(nu14,q3)^2*Vec(nu15,q2)^2 * (
          - 1/4*g_(1,6_,nu10)*FT2(g6)*Den(p4,xiw,M3)^2*Den(q2 + q3,xiw,M3)^3*
         Den( - p4 + q2 + q3,0,0)^2*p4.p4*d^-1*xia*xiw^2*ufoGC58*ufoGC104*
         ufoGC4*ufoGC93
          + 1/4*g_(1,6_,nu10)*FT2(g6)*Den(p4,xiw,M3)^2*Den(q2 + q3,xiw,M3)^3*
         Den( - p4 + q2 + q3,0,0)^2*p4.p4*d^-1*xiw^2*ufoGC58*ufoGC104*ufoGC4*
         ufoGC93
          )

       + Vec(nu10,q3)*Vec(nu14,q3)^2*Vec(nu15,q2)*Vec(nu15,q3) * (
          - 1/2*g_(1,6_,nu10)*FT2(g6)*Den(p4,xiw,M3)^2*Den(q2 + q3,xiw,M3)^3*
         Den( - p4 + q2 + q3,0,0)^2*p4.p4*d^-1*xia*xiw^2*ufoGC58*ufoGC104*
         ufoGC4*ufoGC93
          + 1/2*g_(1,6_,nu10)*FT2(g6)*Den(p4,xiw,M3)^2*Den(q2 + q3,xiw,M3)^3*
         Den( - p4 + q2 + q3,0,0)^2*p4.p4*d^-1*xiw^2*ufoGC58*ufoGC104*ufoGC4*
         ufoGC93
          )

       + Vec(nu10,q3)*Vec(nu14,q3)^2*Vec(nu15,q3)^2 * (
          - 1/4*g_(1,6_,nu10)*FT2(g6)*Den(p4,xiw,M3)^2*Den(q2 + q3,xiw,M3)^3*
         Den( - p4 + q2 + q3,0,0)^2*p4.p4*d^-1*xia*xiw^2*ufoGC58*ufoGC104*
         ufoGC4*ufoGC93
          + 1/4*g_(1,6_,nu10)*FT2(g6)*Den(p4,xiw,M3)^2*Den(q2 + q3,xiw,M3)^3*
         Den( - p4 + q2 + q3,0,0)^2*p4.p4*d^-1*xiw^2*ufoGC58*ufoGC104*ufoGC4*
         ufoGC93
          )

       + Vec(nu10,q3)*Vec(nu15,q2)^2 * (
          + 1/4*g_(1,6_,nu10)*FT2(g6)*Den(p4,xiw,M3)^2*Den(q2 + q3,xiw,M3)^3*
         Den( - p4 + q2 + q3,0,0)*p4.p4*d^-1*xiw^2*ufoGC58*ufoGC104*ufoGC4*
         ufoGC93
          )

       + Vec(nu10,q3)*Vec(nu15,q2)*Vec(nu15,q3) * (
          + 1/2*g_(1,6_,nu10)*FT2(g6)*Den(p4,xiw,M3)^2*Den(q2 + q3,xiw,M3)^3*
         Den( - p4 + q2 + q3,0,0)*p4.p4*d^-1*xiw^2*ufoGC58*ufoGC104*ufoGC4*
         ufoGC93
          )

       + Vec(nu10,q3)*Vec(nu15,q3)^2 * (
          + 1/4*g_(1,6_,nu10)*FT2(g6)*Den(p4,xiw,M3)^2*Den(q2 + q3,xiw,M3)^3*
         Den( - p4 + q2 + q3,0,0)*p4.p4*d^-1*xiw^2*ufoGC58*ufoGC104*ufoGC4*
         ufoGC93
          );

  0.03 sec out of 0.04 sec
