FORM 5.0.0-beta.1 (Jan 15 2026, v5.0.0-beta.1-292-g4341c63)  Run: Fri Mar  6 11:51:33 2026
    #-

   d1l99amp =

       + Vec(nu10,q2)*Vec(nu13,q2)^2*Vec(nu14,q2)^2 * (
          + 1/4*g_(1,6_,nu10)*FT2(g6)*Den(p4,xiw,M3)*Den(q2 + q3,xiw,M3)^3*
         Den( - p4 + q2 + q3,xiz,M4)^2*xiw*ufoGC58*ufoGC104*ufoGC85*ufoGC80
          )

       + Vec(nu10,q2)*Vec(nu13,q2)^2*Vec(nu14,q2)*Vec(nu14,q3) * (
          + 1/2*g_(1,6_,nu10)*FT2(g6)*Den(p4,xiw,M3)*Den(q2 + q3,xiw,M3)^3*
         Den( - p4 + q2 + q3,xiz,M4)^2*xiw*ufoGC58*ufoGC104*ufoGC85*ufoGC80
          )

       + Vec(nu10,q2)*Vec(nu13,q2)^2*Vec(nu14,q3)^2 * (
          + 1/4*g_(1,6_,nu10)*FT2(g6)*Den(p4,xiw,M3)*Den(q2 + q3,xiw,M3)^3*
         Den( - p4 + q2 + q3,xiz,M4)^2*xiw*ufoGC58*ufoGC104*ufoGC85*ufoGC80
          )

       + Vec(nu10,q2)*Vec(nu13,q2)*Vec(nu13,q3)*Vec(nu14,q2)^2 * (
          + 1/2*g_(1,6_,nu10)*FT2(g6)*Den(p4,xiw,M3)*Den(q2 + q3,xiw,M3)^3*
         Den( - p4 + q2 + q3,xiz,M4)^2*xiw*ufoGC58*ufoGC104*ufoGC85*ufoGC80
          )

       + Vec(nu10,q2)*Vec(nu13,q2)*Vec(nu13,q3)*Vec(nu14,q2)*Vec(nu14,q3) * (
          + g_(1,6_,nu10)*FT2(g6)*Den(p4,xiw,M3)*Den(q2 + q3,xiw,M3)^3*Den( - 
         p4 + q2 + q3,xiz,M4)^2*xiw*ufoGC58*ufoGC104*ufoGC85*ufoGC80
          )

       + Vec(nu10,q2)*Vec(nu13,q2)*Vec(nu13,q3)*Vec(nu14,q3)^2 * (
          + 1/2*g_(1,6_,nu10)*FT2(g6)*Den(p4,xiw,M3)*Den(q2 + q3,xiw,M3)^3*
         Den( - p4 + q2 + q3,xiz,M4)^2*xiw*ufoGC58*ufoGC104*ufoGC85*ufoGC80
          )

       + Vec(nu10,q2)*Vec(nu13,q3)^2*Vec(nu14,q2)^2 * (
          + 1/4*g_(1,6_,nu10)*FT2(g6)*Den(p4,xiw,M3)*Den(q2 + q3,xiw,M3)^3*
         Den( - p4 + q2 + q3,xiz,M4)^2*xiw*ufoGC58*ufoGC104*ufoGC85*ufoGC80
          )

       + Vec(nu10,q2)*Vec(nu13,q3)^2*Vec(nu14,q2)*Vec(nu14,q3) * (
          + 1/2*g_(1,6_,nu10)*FT2(g6)*Den(p4,xiw,M3)*Den(q2 + q3,xiw,M3)^3*
         Den( - p4 + q2 + q3,xiz,M4)^2*xiw*ufoGC58*ufoGC104*ufoGC85*ufoGC80
          )

       + Vec(nu10,q2)*Vec(nu13,q3)^2*Vec(nu14,q3)^2 * (
          + 1/4*g_(1,6_,nu10)*FT2(g6)*Den(p4,xiw,M3)*Den(q2 + q3,xiw,M3)^3*
         Den( - p4 + q2 + q3,xiz,M4)^2*xiw*ufoGC58*ufoGC104*ufoGC85*ufoGC80
          )

       + Vec(nu10,q2)*Vec(nu14,q2)^2 * (
          - 1/4*g_(1,6_,nu10)*FT2(g6)*Den(p4,xiw,M3)*Den(q2 + q3,xiw,M3)^3*
         Den( - p4 + q2 + q3,xiz,M4)*xiw*ufoGC58*ufoGC104*ufoGC85*ufoGC80
          - 1/4*g_(1,6_,nu10)*FT2(g6)*Den(p4,xiw,M3)*Den(q2 + q3,xiw,M3)^3*
         Den( - p4 + q2 + q3,xiz,M4)^2*p4.p4*xiw*ufoGC58*ufoGC104*ufoGC85*
         ufoGC80
          )

       + Vec(nu10,q2)*Vec(nu14,q2)*Vec(nu14,q3) * (
          - 1/2*g_(1,6_,nu10)*FT2(g6)*Den(p4,xiw,M3)*Den(q2 + q3,xiw,M3)^3*
         Den( - p4 + q2 + q3,xiz,M4)*xiw*ufoGC58*ufoGC104*ufoGC85*ufoGC80
          - 1/2*g_(1,6_,nu10)*FT2(g6)*Den(p4,xiw,M3)*Den(q2 + q3,xiw,M3)^3*
         Den( - p4 + q2 + q3,xiz,M4)^2*p4.p4*xiw*ufoGC58*ufoGC104*ufoGC85*
         ufoGC80
          )

       + Vec(nu10,q2)*Vec(nu14,q3)^2 * (
          - 1/4*g_(1,6_,nu10)*FT2(g6)*Den(p4,xiw,M3)*Den(q2 + q3,xiw,M3)^3*
         Den( - p4 + q2 + q3,xiz,M4)*xiw*ufoGC58*ufoGC104*ufoGC85*ufoGC80
          - 1/4*g_(1,6_,nu10)*FT2(g6)*Den(p4,xiw,M3)*Den(q2 + q3,xiw,M3)^3*
         Den( - p4 + q2 + q3,xiz,M4)^2*p4.p4*xiw*ufoGC58*ufoGC104*ufoGC85*
         ufoGC80
          )

       + Vec(nu10,q3)*Vec(nu13,q2)^2*Vec(nu14,q2)^2 * (
          + 1/4*g_(1,6_,nu10)*FT2(g6)*Den(p4,xiw,M3)*Den(q2 + q3,xiw,M3)^3*
         Den( - p4 + q2 + q3,xiz,M4)^2*xiw*ufoGC58*ufoGC104*ufoGC85*ufoGC80
          )

       + Vec(nu10,q3)*Vec(nu13,q2)^2*Vec(nu14,q2)*Vec(nu14,q3) * (
          + 1/2*g_(1,6_,nu10)*FT2(g6)*Den(p4,xiw,M3)*Den(q2 + q3,xiw,M3)^3*
         Den( - p4 + q2 + q3,xiz,M4)^2*xiw*ufoGC58*ufoGC104*ufoGC85*ufoGC80
          )

       + Vec(nu10,q3)*Vec(nu13,q2)^2*Vec(nu14,q3)^2 * (
          + 1/4*g_(1,6_,nu10)*FT2(g6)*Den(p4,xiw,M3)*Den(q2 + q3,xiw,M3)^3*
         Den( - p4 + q2 + q3,xiz,M4)^2*xiw*ufoGC58*ufoGC104*ufoGC85*ufoGC80
          )

       + Vec(nu10,q3)*Vec(nu13,q2)*Vec(nu13,q3)*Vec(nu14,q2)^2 * (
          + 1/2*g_(1,6_,nu10)*FT2(g6)*Den(p4,xiw,M3)*Den(q2 + q3,xiw,M3)^3*
         Den( - p4 + q2 + q3,xiz,M4)^2*xiw*ufoGC58*ufoGC104*ufoGC85*ufoGC80
          )

       + Vec(nu10,q3)*Vec(nu13,q2)*Vec(nu13,q3)*Vec(nu14,q2)*Vec(nu14,q3) * (
          + g_(1,6_,nu10)*FT2(g6)*Den(p4,xiw,M3)*Den(q2 + q3,xiw,M3)^3*Den( - 
         p4 + q2 + q3,xiz,M4)^2*xiw*ufoGC58*ufoGC104*ufoGC85*ufoGC80
          )

       + Vec(nu10,q3)*Vec(nu13,q2)*Vec(nu13,q3)*Vec(nu14,q3)^2 * (
          + 1/2*g_(1,6_,nu10)*FT2(g6)*Den(p4,xiw,M3)*Den(q2 + q3,xiw,M3)^3*
         Den( - p4 + q2 + q3,xiz,M4)^2*xiw*ufoGC58*ufoGC104*ufoGC85*ufoGC80
          )

       + Vec(nu10,q3)*Vec(nu13,q3)^2*Vec(nu14,q2)^2 * (
          + 1/4*g_(1,6_,nu10)*FT2(g6)*Den(p4,xiw,M3)*Den(q2 + q3,xiw,M3)^3*
         Den( - p4 + q2 + q3,xiz,M4)^2*xiw*ufoGC58*ufoGC104*ufoGC85*ufoGC80
          )

       + Vec(nu10,q3)*Vec(nu13,q3)^2*Vec(nu14,q2)*Vec(nu14,q3) * (
          + 1/2*g_(1,6_,nu10)*FT2(g6)*Den(p4,xiw,M3)*Den(q2 + q3,xiw,M3)^3*
         Den( - p4 + q2 + q3,xiz,M4)^2*xiw*ufoGC58*ufoGC104*ufoGC85*ufoGC80
          )

       + Vec(nu10,q3)*Vec(nu13,q3)^2*Vec(nu14,q3)^2 * (
          + 1/4*g_(1,6_,nu10)*FT2(g6)*Den(p4,xiw,M3)*Den(q2 + q3,xiw,M3)^3*
         Den( - p4 + q2 + q3,xiz,M4)^2*xiw*ufoGC58*ufoGC104*ufoGC85*ufoGC80
          )

       + Vec(nu10,q3)*Vec(nu14,q2)^2 * (
          - 1/4*g_(1,6_,nu10)*FT2(g6)*Den(p4,xiw,M3)*Den(q2 + q3,xiw,M3)^3*
         Den( - p4 + q2 + q3,xiz,M4)*xiw*ufoGC58*ufoGC104*ufoGC85*ufoGC80
          - 1/4*g_(1,6_,nu10)*FT2(g6)*Den(p4,xiw,M3)*Den(q2 + q3,xiw,M3)^3*
         Den( - p4 + q2 + q3,xiz,M4)^2*p4.p4*xiw*ufoGC58*ufoGC104*ufoGC85*
         ufoGC80
          )

       + Vec(nu10,q3)*Vec(nu14,q2)*Vec(nu14,q3) * (
          - 1/2*g_(1,6_,nu10)*FT2(g6)*Den(p4,xiw,M3)*Den(q2 + q3,xiw,M3)^3*
         Den( - p4 + q2 + q3,xiz,M4)*xiw*ufoGC58*ufoGC104*ufoGC85*ufoGC80
          - 1/2*g_(1,6_,nu10)*FT2(g6)*Den(p4,xiw,M3)*Den(q2 + q3,xiw,M3)^3*
         Den( - p4 + q2 + q3,xiz,M4)^2*p4.p4*xiw*ufoGC58*ufoGC104*ufoGC85*
         ufoGC80
          )

       + Vec(nu10,q3)*Vec(nu14,q3)^2 * (
          - 1/4*g_(1,6_,nu10)*FT2(g6)*Den(p4,xiw,M3)*Den(q2 + q3,xiw,M3)^3*
         Den( - p4 + q2 + q3,xiz,M4)*xiw*ufoGC58*ufoGC104*ufoGC85*ufoGC80
          - 1/4*g_(1,6_,nu10)*FT2(g6)*Den(p4,xiw,M3)*Den(q2 + q3,xiw,M3)^3*
         Den( - p4 + q2 + q3,xiz,M4)^2*p4.p4*xiw*ufoGC58*ufoGC104*ufoGC85*
         ufoGC80
          );

  0.00 sec out of 0.00 sec
