FORM 5.0.0-beta.1 (Jan 15 2026, v5.0.0-beta.1-292-g4341c63)  Run: Thu Mar  5 11:46:56 2026
    #-

   d1l93amp =

       + Den(p4,0,0)*Den(p4,xiw,M3)*Den(xiw,M3)^3 * (
          - 1/4*g_(1,6_,nu10)*FT2(g6)*Vec(nu10,q2)*Vec(nu13,q2)^2*xiw*ufoGC58*
         ufoGC107*ufoGC93*ufoGC3
          - 1/2*g_(1,6_,nu10)*FT2(g6)*Vec(nu10,q2)*Vec(nu13,q2)*Vec(nu13,q3)*
         xiw*ufoGC58*ufoGC107*ufoGC93*ufoGC3
          - 1/4*g_(1,6_,nu10)*FT2(g6)*Vec(nu10,q2)*Vec(nu13,q3)^2*xiw*ufoGC58*
         ufoGC107*ufoGC93*ufoGC3
          - 1/4*g_(1,6_,nu10)*FT2(g6)*Vec(nu10,q3)*Vec(nu13,q2)^2*xiw*ufoGC58*
         ufoGC107*ufoGC93*ufoGC3
          - 1/2*g_(1,6_,nu10)*FT2(g6)*Vec(nu10,q3)*Vec(nu13,q2)*Vec(nu13,q3)*
         xiw*ufoGC58*ufoGC107*ufoGC93*ufoGC3
          - 1/4*g_(1,6_,nu10)*FT2(g6)*Vec(nu10,q3)*Vec(nu13,q3)^2*xiw*ufoGC58*
         ufoGC107*ufoGC93*ufoGC3
          )

       + Den(p4,0,0)^2*Den(p4,xiw,M3)*Den(xiw,M3)^3 * (
          + 1/4*g_(1,6_,nu10)*FT2(g6)*Vec(nu10,q2)*Vec(nu9,q2)^2*p4.p4*xia*xiw
         *ufoGC58*ufoGC107*ufoGC93*ufoGC3
          - 1/4*g_(1,6_,nu10)*FT2(g6)*Vec(nu10,q2)*Vec(nu9,q2)^2*p4.p4*xiw*
         ufoGC58*ufoGC107*ufoGC93*ufoGC3
          - 1/4*g_(1,6_,nu10)*FT2(g6)*Vec(nu10,q2)*Vec(nu9,q2)^2*Vec(nu13,q2)^
         2*xia*xiw*ufoGC58*ufoGC107*ufoGC93*ufoGC3
          + 1/4*g_(1,6_,nu10)*FT2(g6)*Vec(nu10,q2)*Vec(nu9,q2)^2*Vec(nu13,q2)^
         2*xiw*ufoGC58*ufoGC107*ufoGC93*ufoGC3
          - 1/2*g_(1,6_,nu10)*FT2(g6)*Vec(nu10,q2)*Vec(nu9,q2)^2*Vec(nu13,q2)*
         Vec(nu13,q3)*xia*xiw*ufoGC58*ufoGC107*ufoGC93*ufoGC3
          + 1/2*g_(1,6_,nu10)*FT2(g6)*Vec(nu10,q2)*Vec(nu9,q2)^2*Vec(nu13,q2)*
         Vec(nu13,q3)*xiw*ufoGC58*ufoGC107*ufoGC93*ufoGC3
          - 1/4*g_(1,6_,nu10)*FT2(g6)*Vec(nu10,q2)*Vec(nu9,q2)^2*Vec(nu13,q3)^
         2*xia*xiw*ufoGC58*ufoGC107*ufoGC93*ufoGC3
          + 1/4*g_(1,6_,nu10)*FT2(g6)*Vec(nu10,q2)*Vec(nu9,q2)^2*Vec(nu13,q3)^
         2*xiw*ufoGC58*ufoGC107*ufoGC93*ufoGC3
          + 1/2*g_(1,6_,nu10)*FT2(g6)*Vec(nu10,q2)*Vec(nu9,q2)*Vec(nu9,q3)*
         p4.p4*xia*xiw*ufoGC58*ufoGC107*ufoGC93*ufoGC3
          - 1/2*g_(1,6_,nu10)*FT2(g6)*Vec(nu10,q2)*Vec(nu9,q2)*Vec(nu9,q3)*
         p4.p4*xiw*ufoGC58*ufoGC107*ufoGC93*ufoGC3
          - 1/2*g_(1,6_,nu10)*FT2(g6)*Vec(nu10,q2)*Vec(nu9,q2)*Vec(nu9,q3)*
         Vec(nu13,q2)^2*xia*xiw*ufoGC58*ufoGC107*ufoGC93*ufoGC3
          + 1/2*g_(1,6_,nu10)*FT2(g6)*Vec(nu10,q2)*Vec(nu9,q2)*Vec(nu9,q3)*
         Vec(nu13,q2)^2*xiw*ufoGC58*ufoGC107*ufoGC93*ufoGC3
          - g_(1,6_,nu10)*FT2(g6)*Vec(nu10,q2)*Vec(nu9,q2)*Vec(nu9,q3)*Vec(
         nu13,q2)*Vec(nu13,q3)*xia*xiw*ufoGC58*ufoGC107*ufoGC93*ufoGC3
          + g_(1,6_,nu10)*FT2(g6)*Vec(nu10,q2)*Vec(nu9,q2)*Vec(nu9,q3)*Vec(
         nu13,q2)*Vec(nu13,q3)*xiw*ufoGC58*ufoGC107*ufoGC93*ufoGC3
          - 1/2*g_(1,6_,nu10)*FT2(g6)*Vec(nu10,q2)*Vec(nu9,q2)*Vec(nu9,q3)*
         Vec(nu13,q3)^2*xia*xiw*ufoGC58*ufoGC107*ufoGC93*ufoGC3
          + 1/2*g_(1,6_,nu10)*FT2(g6)*Vec(nu10,q2)*Vec(nu9,q2)*Vec(nu9,q3)*
         Vec(nu13,q3)^2*xiw*ufoGC58*ufoGC107*ufoGC93*ufoGC3
          + 1/4*g_(1,6_,nu10)*FT2(g6)*Vec(nu10,q2)*Vec(nu9,q3)^2*p4.p4*xia*xiw
         *ufoGC58*ufoGC107*ufoGC93*ufoGC3
          - 1/4*g_(1,6_,nu10)*FT2(g6)*Vec(nu10,q2)*Vec(nu9,q3)^2*p4.p4*xiw*
         ufoGC58*ufoGC107*ufoGC93*ufoGC3
          - 1/4*g_(1,6_,nu10)*FT2(g6)*Vec(nu10,q2)*Vec(nu9,q3)^2*Vec(nu13,q2)^
         2*xia*xiw*ufoGC58*ufoGC107*ufoGC93*ufoGC3
          + 1/4*g_(1,6_,nu10)*FT2(g6)*Vec(nu10,q2)*Vec(nu9,q3)^2*Vec(nu13,q2)^
         2*xiw*ufoGC58*ufoGC107*ufoGC93*ufoGC3
          - 1/2*g_(1,6_,nu10)*FT2(g6)*Vec(nu10,q2)*Vec(nu9,q3)^2*Vec(nu13,q2)*
         Vec(nu13,q3)*xia*xiw*ufoGC58*ufoGC107*ufoGC93*ufoGC3
          + 1/2*g_(1,6_,nu10)*FT2(g6)*Vec(nu10,q2)*Vec(nu9,q3)^2*Vec(nu13,q2)*
         Vec(nu13,q3)*xiw*ufoGC58*ufoGC107*ufoGC93*ufoGC3
          - 1/4*g_(1,6_,nu10)*FT2(g6)*Vec(nu10,q2)*Vec(nu9,q3)^2*Vec(nu13,q3)^
         2*xia*xiw*ufoGC58*ufoGC107*ufoGC93*ufoGC3
          + 1/4*g_(1,6_,nu10)*FT2(g6)*Vec(nu10,q2)*Vec(nu9,q3)^2*Vec(nu13,q3)^
         2*xiw*ufoGC58*ufoGC107*ufoGC93*ufoGC3
          + 1/4*g_(1,6_,nu10)*FT2(g6)*Vec(nu10,q3)*Vec(nu9,q2)^2*p4.p4*xia*xiw
         *ufoGC58*ufoGC107*ufoGC93*ufoGC3
          - 1/4*g_(1,6_,nu10)*FT2(g6)*Vec(nu10,q3)*Vec(nu9,q2)^2*p4.p4*xiw*
         ufoGC58*ufoGC107*ufoGC93*ufoGC3
          - 1/4*g_(1,6_,nu10)*FT2(g6)*Vec(nu10,q3)*Vec(nu9,q2)^2*Vec(nu13,q2)^
         2*xia*xiw*ufoGC58*ufoGC107*ufoGC93*ufoGC3
          + 1/4*g_(1,6_,nu10)*FT2(g6)*Vec(nu10,q3)*Vec(nu9,q2)^2*Vec(nu13,q2)^
         2*xiw*ufoGC58*ufoGC107*ufoGC93*ufoGC3
          - 1/2*g_(1,6_,nu10)*FT2(g6)*Vec(nu10,q3)*Vec(nu9,q2)^2*Vec(nu13,q2)*
         Vec(nu13,q3)*xia*xiw*ufoGC58*ufoGC107*ufoGC93*ufoGC3
          + 1/2*g_(1,6_,nu10)*FT2(g6)*Vec(nu10,q3)*Vec(nu9,q2)^2*Vec(nu13,q2)*
         Vec(nu13,q3)*xiw*ufoGC58*ufoGC107*ufoGC93*ufoGC3
          - 1/4*g_(1,6_,nu10)*FT2(g6)*Vec(nu10,q3)*Vec(nu9,q2)^2*Vec(nu13,q3)^
         2*xia*xiw*ufoGC58*ufoGC107*ufoGC93*ufoGC3
          + 1/4*g_(1,6_,nu10)*FT2(g6)*Vec(nu10,q3)*Vec(nu9,q2)^2*Vec(nu13,q3)^
         2*xiw*ufoGC58*ufoGC107*ufoGC93*ufoGC3
          + 1/2*g_(1,6_,nu10)*FT2(g6)*Vec(nu10,q3)*Vec(nu9,q2)*Vec(nu9,q3)*
         p4.p4*xia*xiw*ufoGC58*ufoGC107*ufoGC93*ufoGC3
          - 1/2*g_(1,6_,nu10)*FT2(g6)*Vec(nu10,q3)*Vec(nu9,q2)*Vec(nu9,q3)*
         p4.p4*xiw*ufoGC58*ufoGC107*ufoGC93*ufoGC3
          - 1/2*g_(1,6_,nu10)*FT2(g6)*Vec(nu10,q3)*Vec(nu9,q2)*Vec(nu9,q3)*
         Vec(nu13,q2)^2*xia*xiw*ufoGC58*ufoGC107*ufoGC93*ufoGC3
          + 1/2*g_(1,6_,nu10)*FT2(g6)*Vec(nu10,q3)*Vec(nu9,q2)*Vec(nu9,q3)*
         Vec(nu13,q2)^2*xiw*ufoGC58*ufoGC107*ufoGC93*ufoGC3
          - g_(1,6_,nu10)*FT2(g6)*Vec(nu10,q3)*Vec(nu9,q2)*Vec(nu9,q3)*Vec(
         nu13,q2)*Vec(nu13,q3)*xia*xiw*ufoGC58*ufoGC107*ufoGC93*ufoGC3
          + g_(1,6_,nu10)*FT2(g6)*Vec(nu10,q3)*Vec(nu9,q2)*Vec(nu9,q3)*Vec(
         nu13,q2)*Vec(nu13,q3)*xiw*ufoGC58*ufoGC107*ufoGC93*ufoGC3
          - 1/2*g_(1,6_,nu10)*FT2(g6)*Vec(nu10,q3)*Vec(nu9,q2)*Vec(nu9,q3)*
         Vec(nu13,q3)^2*xia*xiw*ufoGC58*ufoGC107*ufoGC93*ufoGC3
          + 1/2*g_(1,6_,nu10)*FT2(g6)*Vec(nu10,q3)*Vec(nu9,q2)*Vec(nu9,q3)*
         Vec(nu13,q3)^2*xiw*ufoGC58*ufoGC107*ufoGC93*ufoGC3
          + 1/4*g_(1,6_,nu10)*FT2(g6)*Vec(nu10,q3)*Vec(nu9,q3)^2*p4.p4*xia*xiw
         *ufoGC58*ufoGC107*ufoGC93*ufoGC3
          - 1/4*g_(1,6_,nu10)*FT2(g6)*Vec(nu10,q3)*Vec(nu9,q3)^2*p4.p4*xiw*
         ufoGC58*ufoGC107*ufoGC93*ufoGC3
          - 1/4*g_(1,6_,nu10)*FT2(g6)*Vec(nu10,q3)*Vec(nu9,q3)^2*Vec(nu13,q2)^
         2*xia*xiw*ufoGC58*ufoGC107*ufoGC93*ufoGC3
          + 1/4*g_(1,6_,nu10)*FT2(g6)*Vec(nu10,q3)*Vec(nu9,q3)^2*Vec(nu13,q2)^
         2*xiw*ufoGC58*ufoGC107*ufoGC93*ufoGC3
          - 1/2*g_(1,6_,nu10)*FT2(g6)*Vec(nu10,q3)*Vec(nu9,q3)^2*Vec(nu13,q2)*
         Vec(nu13,q3)*xia*xiw*ufoGC58*ufoGC107*ufoGC93*ufoGC3
          + 1/2*g_(1,6_,nu10)*FT2(g6)*Vec(nu10,q3)*Vec(nu9,q3)^2*Vec(nu13,q2)*
         Vec(nu13,q3)*xiw*ufoGC58*ufoGC107*ufoGC93*ufoGC3
          - 1/4*g_(1,6_,nu10)*FT2(g6)*Vec(nu10,q3)*Vec(nu9,q3)^2*Vec(nu13,q3)^
         2*xia*xiw*ufoGC58*ufoGC107*ufoGC93*ufoGC3
          + 1/4*g_(1,6_,nu10)*FT2(g6)*Vec(nu10,q3)*Vec(nu9,q3)^2*Vec(nu13,q3)^
         2*xiw*ufoGC58*ufoGC107*ufoGC93*ufoGC3
          );

  0.00 sec out of 0.00 sec
